
> easycart-frontend@1.0.0 test
> jest --verbose --no-coverage

  console.warn
    ⚠️ React Router Future Flag Warning: React Router will begin wrapping state updates in `React.startTransition` in v7. You can use the `v7_startTransition` future flag to opt-in early. For more information, see https://reactrouter.com/v6/upgrading/future#v7_starttransition.

    [0m [90m 66 |[39m     defaultOptions[33m:[39m { queries[33m:[39m { retry[33m:[39m [36mfalse[39m } }
     [90m 67 |[39m   })[33m;[39m
    [31m[1m>[22m[39m[90m 68 |[39m   [36mreturn[39m render(
     [90m    |[39m                [31m[1m^[22m[39m
     [90m 69 |[39m     [33m<[39m[33mQueryClientProvider[39m client[33m=[39m{queryClient}[33m>[39m
     [90m 70 |[39m       [33m<[39m[33mBrowserRouter[39m[33m>[39m
     [90m 71 |[39m         [33m<[39m[33mAuthProvider[39m[33m>[39m[0m

      at warn (node_modules/react-router/lib/deprecations.ts:9:13)
      at warnOnce (node_modules/react-router/lib/deprecations.ts:14:3)
      at Object.logDeprecation [as UNSAFE_logV6DeprecationWarnings] (node_modules/react-router/lib/deprecations.ts:26:5)
      at logV6DeprecationWarnings (node_modules/react-router-dom/index.tsx:816:25)
      at commitHookEffectListMount (node_modules/react-dom/cjs/react-dom.development.js:23189:26)
      at commitPassiveMountOnFiber (node_modules/react-dom/cjs/react-dom.development.js:24970:11)
      at commitPassiveMountEffects_complete (node_modules/react-dom/cjs/react-dom.development.js:24930:9)
      at commitPassiveMountEffects_begin (node_modules/react-dom/cjs/react-dom.development.js:24917:7)
      at commitPassiveMountEffects (node_modules/react-dom/cjs/react-dom.development.js:24905:3)
      at flushPassiveEffectsImpl (node_modules/react-dom/cjs/react-dom.development.js:27078:3)
      at flushPassiveEffects (node_modules/react-dom/cjs/react-dom.development.js:27023:14)
      at node_modules/react-dom/cjs/react-dom.development.js:26808:9
      at flushActQueue (node_modules/react/cjs/react.development.js:2667:24)
      at act (node_modules/react/cjs/react.development.js:2582:11)
      at node_modules/@testing-library/react/dist/act-compat.js:47:25
      at renderRoot (node_modules/@testing-library/react/dist/pure.js:190:26)
      at render (node_modules/@testing-library/react/dist/pure.js:292:10)
      at renderWithProviders (src/__tests__/Products.test.js:68:16)
      at renderWithProviders (src/__tests__/Products.test.js:101:5)
      at Generator.call (src/__tests__/Products.test.js:2:1)
      at Generator._invoke [as next] (src/__tests__/Products.test.js:2:1)
      at asyncGeneratorStep (src/__tests__/Products.test.js:2:1)
      at asyncGeneratorStep (src/__tests__/Products.test.js:2:1)
      at _next (src/__tests__/Products.test.js:2:1)
      at Object.<anonymous> (src/__tests__/Products.test.js:2:1)

  console.warn
    ⚠️ React Router Future Flag Warning: Relative route resolution within Splat routes is changing in v7. You can use the `v7_relativeSplatPath` future flag to opt-in early. For more information, see https://reactrouter.com/v6/upgrading/future#v7_relativesplatpath.

    [0m [90m 66 |[39m     defaultOptions[33m:[39m { queries[33m:[39m { retry[33m:[39m [36mfalse[39m } }
     [90m 67 |[39m   })[33m;[39m
    [31m[1m>[22m[39m[90m 68 |[39m   [36mreturn[39m render(
     [90m    |[39m                [31m[1m^[22m[39m
     [90m 69 |[39m     [33m<[39m[33mQueryClientProvider[39m client[33m=[39m{queryClient}[33m>[39m
     [90m 70 |[39m       [33m<[39m[33mBrowserRouter[39m[33m>[39m
     [90m 71 |[39m         [33m<[39m[33mAuthProvider[39m[33m>[39m[0m

      at warn (node_modules/react-router/lib/deprecations.ts:9:13)
      at warnOnce (node_modules/react-router/lib/deprecations.ts:14:3)
      at Object.logDeprecation [as UNSAFE_logV6DeprecationWarnings] (node_modules/react-router/lib/deprecations.ts:37:5)
      at logV6DeprecationWarnings (node_modules/react-router-dom/index.tsx:816:25)
      at commitHookEffectListMount (node_modules/react-dom/cjs/react-dom.development.js:23189:26)
      at commitPassiveMountOnFiber (node_modules/react-dom/cjs/react-dom.development.js:24970:11)
      at commitPassiveMountEffects_complete (node_modules/react-dom/cjs/react-dom.development.js:24930:9)
      at commitPassiveMountEffects_begin (node_modules/react-dom/cjs/react-dom.development.js:24917:7)
      at commitPassiveMountEffects (node_modules/react-dom/cjs/react-dom.development.js:24905:3)
      at flushPassiveEffectsImpl (node_modules/react-dom/cjs/react-dom.development.js:27078:3)
      at flushPassiveEffects (node_modules/react-dom/cjs/react-dom.development.js:27023:14)
      at node_modules/react-dom/cjs/react-dom.development.js:26808:9
      at flushActQueue (node_modules/react/cjs/react.development.js:2667:24)
      at act (node_modules/react/cjs/react.development.js:2582:11)
      at node_modules/@testing-library/react/dist/act-compat.js:47:25
      at renderRoot (node_modules/@testing-library/react/dist/pure.js:190:26)
      at render (node_modules/@testing-library/react/dist/pure.js:292:10)
      at renderWithProviders (src/__tests__/Products.test.js:68:16)
      at renderWithProviders (src/__tests__/Products.test.js:101:5)
      at Generator.call (src/__tests__/Products.test.js:2:1)
      at Generator._invoke [as next] (src/__tests__/Products.test.js:2:1)
      at asyncGeneratorStep (src/__tests__/Products.test.js:2:1)
      at asyncGeneratorStep (src/__tests__/Products.test.js:2:1)
      at _next (src/__tests__/Products.test.js:2:1)
      at Object.<anonymous> (src/__tests__/Products.test.js:2:1)

  console.error
    Error: Uncaught [TypeError: Cannot destructure property 'basename' of 'React__namespace.useContext(...)' as it is null.]
        at reportException (C:\EasyCart\frontend\node_modules\jest-environment-jsdom\node_modules\jsdom\lib\jsdom\living\helpers\runtime-script-errors.js:66:24)
        at innerInvokeEventListeners (C:\EasyCart\frontend\node_modules\jest-environment-jsdom\node_modules\jsdom\lib\jsdom\living\events\EventTarget-impl.js:353:9)
        at invokeEventListeners (C:\EasyCart\frontend\node_modules\jest-environment-jsdom\node_modules\jsdom\lib\jsdom\living\events\EventTarget-impl.js:286:3)
        at HTMLUnknownElementImpl._dispatch (C:\EasyCart\frontend\node_modules\jest-environment-jsdom\node_modules\jsdom\lib\jsdom\living\events\EventTarget-impl.js:233:9)
        at HTMLUnknownElementImpl.dispatchEvent (C:\EasyCart\frontend\node_modules\jest-environment-jsdom\node_modules\jsdom\lib\jsdom\living\events\EventTarget-impl.js:104:17)
        at HTMLUnknownElement.dispatchEvent (C:\EasyCart\frontend\node_modules\jest-environment-jsdom\node_modules\jsdom\lib\jsdom\living\generated\EventTarget.js:241:34)
        at Object.invokeGuardedCallbackDev (C:\EasyCart\frontend\node_modules\react-dom\cjs\react-dom.development.js:4213:16)
        at invokeGuardedCallback (C:\EasyCart\frontend\node_modules\react-dom\cjs\react-dom.development.js:4277:31)
        at beginWork$1 (C:\EasyCart\frontend\node_modules\react-dom\cjs\react-dom.development.js:27490:7)
        at performUnitOfWork (C:\EasyCart\frontend\node_modules\react-dom\cjs\react-dom.development.js:26599:12)
        at workLoopSync (C:\EasyCart\frontend\node_modules\react-dom\cjs\react-dom.development.js:26505:5)
        at renderRootSync (C:\EasyCart\frontend\node_modules\react-dom\cjs\react-dom.development.js:26473:7)
        at performSyncWorkOnRoot (C:\EasyCart\frontend\node_modules\react-dom\cjs\react-dom.development.js:26124:20)
        at flushSyncCallbacks (C:\EasyCart\frontend\node_modules\react-dom\cjs\react-dom.development.js:12042:22)
        at C:\EasyCart\frontend\node_modules\react-dom\cjs\react-dom.development.js:25690:13
        at invokeTheCallbackFunction (C:\EasyCart\frontend\node_modules\jest-environment-jsdom\node_modules\jsdom\lib\jsdom\living\generated\Function.js:19:26)
        at C:\EasyCart\frontend\node_modules\jest-environment-jsdom\node_modules\jsdom\lib\jsdom\browser\Window.js:613:9
        at node:internal/process/task_queues:151:7
        at AsyncResource.runInAsyncScope (node:async_hooks:214:14)
        at AsyncResource.runMicrotask (node:internal/process/task_queues:148:8) {
      detail: TypeError: Cannot destructure property 'basename' of 'React__namespace.useContext(...)' as it is null.
          at basename (C:\EasyCart\frontend\node_modules\react-router-dom\index.tsx:975:11)
          at renderWithHooks (C:\EasyCart\frontend\node_modules\react-dom\cjs\react-dom.development.js:15486:18)
          at updateForwardRef (C:\EasyCart\frontend\node_modules\react-dom\cjs\react-dom.development.js:19245:20)
          at beginWork (C:\EasyCart\frontend\node_modules\react-dom\cjs\react-dom.development.js:21675:16)
          at HTMLUnknownElement.callCallback (C:\EasyCart\frontend\node_modules\react-dom\cjs\react-dom.development.js:4164:14)
          at HTMLUnknownElement.callTheUserObjectsOperation (C:\EasyCart\frontend\node_modules\jest-environment-jsdom\node_modules\jsdom\lib\jsdom\living\generated\EventListener.js:26:30)
          at innerInvokeEventListeners (C:\EasyCart\frontend\node_modules\jest-environment-jsdom\node_modules\jsdom\lib\jsdom\living\events\EventTarget-impl.js:350:25)
          at invokeEventListeners (C:\EasyCart\frontend\node_modules\jest-environment-jsdom\node_modules\jsdom\lib\jsdom\living\events\EventTarget-impl.js:286:3)
          at HTMLUnknownElementImpl._dispatch (C:\EasyCart\frontend\node_modules\jest-environment-jsdom\node_modules\jsdom\lib\jsdom\living\events\EventTarget-impl.js:233:9)
          at HTMLUnknownElementImpl.dispatchEvent (C:\EasyCart\frontend\node_modules\jest-environment-jsdom\node_modules\jsdom\lib\jsdom\living\events\EventTarget-impl.js:104:17)
          at HTMLUnknownElement.dispatchEvent (C:\EasyCart\frontend\node_modules\jest-environment-jsdom\node_modules\jsdom\lib\jsdom\living\generated\EventTarget.js:241:34)
          at Object.invokeGuardedCallbackDev (C:\EasyCart\frontend\node_modules\react-dom\cjs\react-dom.development.js:4213:16)
          at invokeGuardedCallback (C:\EasyCart\frontend\node_modules\react-dom\cjs\react-dom.development.js:4277:31)
          at beginWork$1 (C:\EasyCart\frontend\node_modules\react-dom\cjs\react-dom.development.js:27490:7)
          at performUnitOfWork (C:\EasyCart\frontend\node_modules\react-dom\cjs\react-dom.development.js:26599:12)
          at workLoopSync (C:\EasyCart\frontend\node_modules\react-dom\cjs\react-dom.development.js:26505:5)
          at renderRootSync (C:\EasyCart\frontend\node_modules\react-dom\cjs\react-dom.development.js:26473:7)
          at performSyncWorkOnRoot (C:\EasyCart\frontend\node_modules\react-dom\cjs\react-dom.development.js:26124:20)
          at flushSyncCallbacks (C:\EasyCart\frontend\node_modules\react-dom\cjs\react-dom.development.js:12042:22)
          at C:\EasyCart\frontend\node_modules\react-dom\cjs\react-dom.development.js:25690:13
          at invokeTheCallbackFunction (C:\EasyCart\frontend\node_modules\jest-environment-jsdom\node_modules\jsdom\lib\jsdom\living\generated\Function.js:19:26)
          at C:\EasyCart\frontend\node_modules\jest-environment-jsdom\node_modules\jsdom\lib\jsdom\browser\Window.js:613:9
          at node:internal/process/task_queues:151:7
          at AsyncResource.runInAsyncScope (node:async_hooks:214:14)
          at AsyncResource.runMicrotask (node:internal/process/task_queues:148:8),
      type: 'unhandled exception'
    }

      at VirtualConsole.<anonymous> (node_modules/@jest/environment-jsdom-abstract/build/index.js:87:23)
      at Object.invokeGuardedCallbackDev (node_modules/react-dom/cjs/react-dom.development.js:4213:16)
      at invokeGuardedCallback (node_modules/react-dom/cjs/react-dom.development.js:4277:31)
      at beginWork$1 (node_modules/react-dom/cjs/react-dom.development.js:27490:7)
      at performUnitOfWork (node_modules/react-dom/cjs/react-dom.development.js:26599:12)
      at workLoopSync (node_modules/react-dom/cjs/react-dom.development.js:26505:5)
      at renderRootSync (node_modules/react-dom/cjs/react-dom.development.js:26473:7)
      at performSyncWorkOnRoot (node_modules/react-dom/cjs/react-dom.development.js:26124:20)
      at flushSyncCallbacks (node_modules/react-dom/cjs/react-dom.development.js:12042:22)
      at node_modules/react-dom/cjs/react-dom.development.js:25690:13

  console.error
    Error: Uncaught [TypeError: Cannot destructure property 'basename' of 'React__namespace.useContext(...)' as it is null.]
        at reportException (C:\EasyCart\frontend\node_modules\jest-environment-jsdom\node_modules\jsdom\lib\jsdom\living\helpers\runtime-script-errors.js:66:24)
        at innerInvokeEventListeners (C:\EasyCart\frontend\node_modules\jest-environment-jsdom\node_modules\jsdom\lib\jsdom\living\events\EventTarget-impl.js:353:9)
        at invokeEventListeners (C:\EasyCart\frontend\node_modules\jest-environment-jsdom\node_modules\jsdom\lib\jsdom\living\events\EventTarget-impl.js:286:3)
        at HTMLUnknownElementImpl._dispatch (C:\EasyCart\frontend\node_modules\jest-environment-jsdom\node_modules\jsdom\lib\jsdom\living\events\EventTarget-impl.js:233:9)
        at HTMLUnknownElementImpl.dispatchEvent (C:\EasyCart\frontend\node_modules\jest-environment-jsdom\node_modules\jsdom\lib\jsdom\living\events\EventTarget-impl.js:104:17)
        at HTMLUnknownElement.dispatchEvent (C:\EasyCart\frontend\node_modules\jest-environment-jsdom\node_modules\jsdom\lib\jsdom\living\generated\EventTarget.js:241:34)
        at Object.invokeGuardedCallbackDev (C:\EasyCart\frontend\node_modules\react-dom\cjs\react-dom.development.js:4213:16)
        at invokeGuardedCallback (C:\EasyCart\frontend\node_modules\react-dom\cjs\react-dom.development.js:4277:31)
        at beginWork$1 (C:\EasyCart\frontend\node_modules\react-dom\cjs\react-dom.development.js:27490:7)
        at performUnitOfWork (C:\EasyCart\frontend\node_modules\react-dom\cjs\react-dom.development.js:26599:12)
        at workLoopSync (C:\EasyCart\frontend\node_modules\react-dom\cjs\react-dom.development.js:26505:5)
        at renderRootSync (C:\EasyCart\frontend\node_modules\react-dom\cjs\react-dom.development.js:26473:7)
        at performSyncWorkOnRoot (C:\EasyCart\frontend\node_modules\react-dom\cjs\react-dom.development.js:26124:20)
        at flushSyncCallbacks (C:\EasyCart\frontend\node_modules\react-dom\cjs\react-dom.development.js:12042:22)
        at C:\EasyCart\frontend\node_modules\react-dom\cjs\react-dom.development.js:25690:13
        at invokeTheCallbackFunction (C:\EasyCart\frontend\node_modules\jest-environment-jsdom\node_modules\jsdom\lib\jsdom\living\generated\Function.js:19:26)
        at C:\EasyCart\frontend\node_modules\jest-environment-jsdom\node_modules\jsdom\lib\jsdom\browser\Window.js:613:9
        at node:internal/process/task_queues:151:7
        at AsyncResource.runInAsyncScope (node:async_hooks:214:14)
        at AsyncResource.runMicrotask (node:internal/process/task_queues:148:8) {
      detail: TypeError: Cannot destructure property 'basename' of 'React__namespace.useContext(...)' as it is null.
          at basename (C:\EasyCart\frontend\node_modules\react-router-dom\index.tsx:975:11)
          at renderWithHooks (C:\EasyCart\frontend\node_modules\react-dom\cjs\react-dom.development.js:15486:18)
          at updateForwardRef (C:\EasyCart\frontend\node_modules\react-dom\cjs\react-dom.development.js:19245:20)
          at beginWork (C:\EasyCart\frontend\node_modules\react-dom\cjs\react-dom.development.js:21675:16)
          at HTMLUnknownElement.callCallback (C:\EasyCart\frontend\node_modules\react-dom\cjs\react-dom.development.js:4164:14)
          at HTMLUnknownElement.callTheUserObjectsOperation (C:\EasyCart\frontend\node_modules\jest-environment-jsdom\node_modules\jsdom\lib\jsdom\living\generated\EventListener.js:26:30)
          at innerInvokeEventListeners (C:\EasyCart\frontend\node_modules\jest-environment-jsdom\node_modules\jsdom\lib\jsdom\living\events\EventTarget-impl.js:350:25)
          at invokeEventListeners (C:\EasyCart\frontend\node_modules\jest-environment-jsdom\node_modules\jsdom\lib\jsdom\living\events\EventTarget-impl.js:286:3)
          at HTMLUnknownElementImpl._dispatch (C:\EasyCart\frontend\node_modules\jest-environment-jsdom\node_modules\jsdom\lib\jsdom\living\events\EventTarget-impl.js:233:9)
          at HTMLUnknownElementImpl.dispatchEvent (C:\EasyCart\frontend\node_modules\jest-environment-jsdom\node_modules\jsdom\lib\jsdom\living\events\EventTarget-impl.js:104:17)
          at HTMLUnknownElement.dispatchEvent (C:\EasyCart\frontend\node_modules\jest-environment-jsdom\node_modules\jsdom\lib\jsdom\living\generated\EventTarget.js:241:34)
          at Object.invokeGuardedCallbackDev (C:\EasyCart\frontend\node_modules\react-dom\cjs\react-dom.development.js:4213:16)
          at invokeGuardedCallback (C:\EasyCart\frontend\node_modules\react-dom\cjs\react-dom.development.js:4277:31)
          at beginWork$1 (C:\EasyCart\frontend\node_modules\react-dom\cjs\react-dom.development.js:27490:7)
          at performUnitOfWork (C:\EasyCart\frontend\node_modules\react-dom\cjs\react-dom.development.js:26599:12)
          at workLoopSync (C:\EasyCart\frontend\node_modules\react-dom\cjs\react-dom.development.js:26505:5)
          at renderRootSync (C:\EasyCart\frontend\node_modules\react-dom\cjs\react-dom.development.js:26473:7)
          at performSyncWorkOnRoot (C:\EasyCart\frontend\node_modules\react-dom\cjs\react-dom.development.js:26124:20)
          at flushSyncCallbacks (C:\EasyCart\frontend\node_modules\react-dom\cjs\react-dom.development.js:12042:22)
          at C:\EasyCart\frontend\node_modules\react-dom\cjs\react-dom.development.js:25690:13
          at invokeTheCallbackFunction (C:\EasyCart\frontend\node_modules\jest-environment-jsdom\node_modules\jsdom\lib\jsdom\living\generated\Function.js:19:26)
          at C:\EasyCart\frontend\node_modules\jest-environment-jsdom\node_modules\jsdom\lib\jsdom\browser\Window.js:613:9
          at node:internal/process/task_queues:151:7
          at AsyncResource.runInAsyncScope (node:async_hooks:214:14)
          at AsyncResource.runMicrotask (node:internal/process/task_queues:148:8),
      type: 'unhandled exception'
    }

      at VirtualConsole.<anonymous> (node_modules/@jest/environment-jsdom-abstract/build/index.js:87:23)
      at Object.invokeGuardedCallbackDev (node_modules/react-dom/cjs/react-dom.development.js:4213:16)
      at invokeGuardedCallback (node_modules/react-dom/cjs/react-dom.development.js:4277:31)
      at beginWork$1 (node_modules/react-dom/cjs/react-dom.development.js:27490:7)
      at performUnitOfWork (node_modules/react-dom/cjs/react-dom.development.js:26599:12)
      at workLoopSync (node_modules/react-dom/cjs/react-dom.development.js:26505:5)
      at renderRootSync (node_modules/react-dom/cjs/react-dom.development.js:26473:7)
      at performSyncWorkOnRoot (node_modules/react-dom/cjs/react-dom.development.js:26124:20)
      at flushSyncCallbacks (node_modules/react-dom/cjs/react-dom.development.js:12042:22)
      at node_modules/react-dom/cjs/react-dom.development.js:25690:13

  console.error
    Error: Uncaught [TypeError: Cannot destructure property 'basename' of 'React__namespace.useContext(...)' as it is null.]
        at reportException (C:\EasyCart\frontend\node_modules\jest-environment-jsdom\node_modules\jsdom\lib\jsdom\living\helpers\runtime-script-errors.js:66:24)
        at innerInvokeEventListeners (C:\EasyCart\frontend\node_modules\jest-environment-jsdom\node_modules\jsdom\lib\jsdom\living\events\EventTarget-impl.js:353:9)
        at invokeEventListeners (C:\EasyCart\frontend\node_modules\jest-environment-jsdom\node_modules\jsdom\lib\jsdom\living\events\EventTarget-impl.js:286:3)
        at HTMLUnknownElementImpl._dispatch (C:\EasyCart\frontend\node_modules\jest-environment-jsdom\node_modules\jsdom\lib\jsdom\living\events\EventTarget-impl.js:233:9)
        at HTMLUnknownElementImpl.dispatchEvent (C:\EasyCart\frontend\node_modules\jest-environment-jsdom\node_modules\jsdom\lib\jsdom\living\events\EventTarget-impl.js:104:17)
        at HTMLUnknownElement.dispatchEvent (C:\EasyCart\frontend\node_modules\jest-environment-jsdom\node_modules\jsdom\lib\jsdom\living\generated\EventTarget.js:241:34)
        at Object.invokeGuardedCallbackDev (C:\EasyCart\frontend\node_modules\react-dom\cjs\react-dom.development.js:4213:16)
        at invokeGuardedCallback (C:\EasyCart\frontend\node_modules\react-dom\cjs\react-dom.development.js:4277:31)
        at beginWork$1 (C:\EasyCart\frontend\node_modules\react-dom\cjs\react-dom.development.js:27490:7)
        at performUnitOfWork (C:\EasyCart\frontend\node_modules\react-dom\cjs\react-dom.development.js:26599:12)
        at workLoopSync (C:\EasyCart\frontend\node_modules\react-dom\cjs\react-dom.development.js:26505:5)
        at renderRootSync (C:\EasyCart\frontend\node_modules\react-dom\cjs\react-dom.development.js:26473:7)
        at performSyncWorkOnRoot (C:\EasyCart\frontend\node_modules\react-dom\cjs\react-dom.development.js:26124:20)
        at flushSyncCallbacks (C:\EasyCart\frontend\node_modules\react-dom\cjs\react-dom.development.js:12042:22)
        at C:\EasyCart\frontend\node_modules\react-dom\cjs\react-dom.development.js:25690:13
        at invokeTheCallbackFunction (C:\EasyCart\frontend\node_modules\jest-environment-jsdom\node_modules\jsdom\lib\jsdom\living\generated\Function.js:19:26)
        at C:\EasyCart\frontend\node_modules\jest-environment-jsdom\node_modules\jsdom\lib\jsdom\browser\Window.js:613:9
        at node:internal/process/task_queues:151:7
        at AsyncResource.runInAsyncScope (node:async_hooks:214:14)
        at AsyncResource.runMicrotask (node:internal/process/task_queues:148:8) {
      detail: TypeError: Cannot destructure property 'basename' of 'React__namespace.useContext(...)' as it is null.
          at basename (C:\EasyCart\frontend\node_modules\react-router-dom\index.tsx:975:11)
          at renderWithHooks (C:\EasyCart\frontend\node_modules\react-dom\cjs\react-dom.development.js:15486:18)
          at updateForwardRef (C:\EasyCart\frontend\node_modules\react-dom\cjs\react-dom.development.js:19245:20)
          at beginWork (C:\EasyCart\frontend\node_modules\react-dom\cjs\react-dom.development.js:21675:16)
          at HTMLUnknownElement.callCallback (C:\EasyCart\frontend\node_modules\react-dom\cjs\react-dom.development.js:4164:14)
          at HTMLUnknownElement.callTheUserObjectsOperation (C:\EasyCart\frontend\node_modules\jest-environment-jsdom\node_modules\jsdom\lib\jsdom\living\generated\EventListener.js:26:30)
          at innerInvokeEventListeners (C:\EasyCart\frontend\node_modules\jest-environment-jsdom\node_modules\jsdom\lib\jsdom\living\events\EventTarget-impl.js:350:25)
          at invokeEventListeners (C:\EasyCart\frontend\node_modules\jest-environment-jsdom\node_modules\jsdom\lib\jsdom\living\events\EventTarget-impl.js:286:3)
          at HTMLUnknownElementImpl._dispatch (C:\EasyCart\frontend\node_modules\jest-environment-jsdom\node_modules\jsdom\lib\jsdom\living\events\EventTarget-impl.js:233:9)
          at HTMLUnknownElementImpl.dispatchEvent (C:\EasyCart\frontend\node_modules\jest-environment-jsdom\node_modules\jsdom\lib\jsdom\living\events\EventTarget-impl.js:104:17)
          at HTMLUnknownElement.dispatchEvent (C:\EasyCart\frontend\node_modules\jest-environment-jsdom\node_modules\jsdom\lib\jsdom\living\generated\EventTarget.js:241:34)
          at Object.invokeGuardedCallbackDev (C:\EasyCart\frontend\node_modules\react-dom\cjs\react-dom.development.js:4213:16)
          at invokeGuardedCallback (C:\EasyCart\frontend\node_modules\react-dom\cjs\react-dom.development.js:4277:31)
          at beginWork$1 (C:\EasyCart\frontend\node_modules\react-dom\cjs\react-dom.development.js:27490:7)
          at performUnitOfWork (C:\EasyCart\frontend\node_modules\react-dom\cjs\react-dom.development.js:26599:12)
          at workLoopSync (C:\EasyCart\frontend\node_modules\react-dom\cjs\react-dom.development.js:26505:5)
          at renderRootSync (C:\EasyCart\frontend\node_modules\react-dom\cjs\react-dom.development.js:26473:7)
          at performSyncWorkOnRoot (C:\EasyCart\frontend\node_modules\react-dom\cjs\react-dom.development.js:26124:20)
          at flushSyncCallbacks (C:\EasyCart\frontend\node_modules\react-dom\cjs\react-dom.development.js:12042:22)
          at C:\EasyCart\frontend\node_modules\react-dom\cjs\react-dom.development.js:25690:13
          at invokeTheCallbackFunction (C:\EasyCart\frontend\node_modules\jest-environment-jsdom\node_modules\jsdom\lib\jsdom\living\generated\Function.js:19:26)
          at C:\EasyCart\frontend\node_modules\jest-environment-jsdom\node_modules\jsdom\lib\jsdom\browser\Window.js:613:9
          at node:internal/process/task_queues:151:7
          at AsyncResource.runInAsyncScope (node:async_hooks:214:14)
          at AsyncResource.runMicrotask (node:internal/process/task_queues:148:8),
      type: 'unhandled exception'
    }

      at VirtualConsole.<anonymous> (node_modules/@jest/environment-jsdom-abstract/build/index.js:87:23)
      at Object.invokeGuardedCallbackDev (node_modules/react-dom/cjs/react-dom.development.js:4213:16)
      at invokeGuardedCallback (node_modules/react-dom/cjs/react-dom.development.js:4277:31)
      at beginWork$1 (node_modules/react-dom/cjs/react-dom.development.js:27490:7)
      at performUnitOfWork (node_modules/react-dom/cjs/react-dom.development.js:26599:12)
      at workLoopSync (node_modules/react-dom/cjs/react-dom.development.js:26505:5)
      at renderRootSync (node_modules/react-dom/cjs/react-dom.development.js:26473:7)
      at performSyncWorkOnRoot (node_modules/react-dom/cjs/react-dom.development.js:26124:20)
      at flushSyncCallbacks (node_modules/react-dom/cjs/react-dom.development.js:12042:22)
      at node_modules/react-dom/cjs/react-dom.development.js:25690:13

  console.error
    Error: Uncaught [TypeError: Cannot destructure property 'basename' of 'React__namespace.useContext(...)' as it is null.]
        at reportException (C:\EasyCart\frontend\node_modules\jest-environment-jsdom\node_modules\jsdom\lib\jsdom\living\helpers\runtime-script-errors.js:66:24)
        at innerInvokeEventListeners (C:\EasyCart\frontend\node_modules\jest-environment-jsdom\node_modules\jsdom\lib\jsdom\living\events\EventTarget-impl.js:353:9)
        at invokeEventListeners (C:\EasyCart\frontend\node_modules\jest-environment-jsdom\node_modules\jsdom\lib\jsdom\living\events\EventTarget-impl.js:286:3)
        at HTMLUnknownElementImpl._dispatch (C:\EasyCart\frontend\node_modules\jest-environment-jsdom\node_modules\jsdom\lib\jsdom\living\events\EventTarget-impl.js:233:9)
        at HTMLUnknownElementImpl.dispatchEvent (C:\EasyCart\frontend\node_modules\jest-environment-jsdom\node_modules\jsdom\lib\jsdom\living\events\EventTarget-impl.js:104:17)
        at HTMLUnknownElement.dispatchEvent (C:\EasyCart\frontend\node_modules\jest-environment-jsdom\node_modules\jsdom\lib\jsdom\living\generated\EventTarget.js:241:34)
        at Object.invokeGuardedCallbackDev (C:\EasyCart\frontend\node_modules\react-dom\cjs\react-dom.development.js:4213:16)
        at invokeGuardedCallback (C:\EasyCart\frontend\node_modules\react-dom\cjs\react-dom.development.js:4277:31)
        at beginWork$1 (C:\EasyCart\frontend\node_modules\react-dom\cjs\react-dom.development.js:27490:7)
        at performUnitOfWork (C:\EasyCart\frontend\node_modules\react-dom\cjs\react-dom.development.js:26599:12)
        at workLoopSync (C:\EasyCart\frontend\node_modules\react-dom\cjs\react-dom.development.js:26505:5)
        at renderRootSync (C:\EasyCart\frontend\node_modules\react-dom\cjs\react-dom.development.js:26473:7)
        at performSyncWorkOnRoot (C:\EasyCart\frontend\node_modules\react-dom\cjs\react-dom.development.js:26124:20)
        at flushSyncCallbacks (C:\EasyCart\frontend\node_modules\react-dom\cjs\react-dom.development.js:12042:22)
        at C:\EasyCart\frontend\node_modules\react-dom\cjs\react-dom.development.js:25690:13
        at invokeTheCallbackFunction (C:\EasyCart\frontend\node_modules\jest-environment-jsdom\node_modules\jsdom\lib\jsdom\living\generated\Function.js:19:26)
        at C:\EasyCart\frontend\node_modules\jest-environment-jsdom\node_modules\jsdom\lib\jsdom\browser\Window.js:613:9
        at node:internal/process/task_queues:151:7
        at AsyncResource.runInAsyncScope (node:async_hooks:214:14)
        at AsyncResource.runMicrotask (node:internal/process/task_queues:148:8) {
      detail: TypeError: Cannot destructure property 'basename' of 'React__namespace.useContext(...)' as it is null.
          at basename (C:\EasyCart\frontend\node_modules\react-router-dom\index.tsx:975:11)
          at renderWithHooks (C:\EasyCart\frontend\node_modules\react-dom\cjs\react-dom.development.js:15486:18)
          at updateForwardRef (C:\EasyCart\frontend\node_modules\react-dom\cjs\react-dom.development.js:19245:20)
          at beginWork (C:\EasyCart\frontend\node_modules\react-dom\cjs\react-dom.development.js:21675:16)
          at HTMLUnknownElement.callCallback (C:\EasyCart\frontend\node_modules\react-dom\cjs\react-dom.development.js:4164:14)
          at HTMLUnknownElement.callTheUserObjectsOperation (C:\EasyCart\frontend\node_modules\jest-environment-jsdom\node_modules\jsdom\lib\jsdom\living\generated\EventListener.js:26:30)
          at innerInvokeEventListeners (C:\EasyCart\frontend\node_modules\jest-environment-jsdom\node_modules\jsdom\lib\jsdom\living\events\EventTarget-impl.js:350:25)
          at invokeEventListeners (C:\EasyCart\frontend\node_modules\jest-environment-jsdom\node_modules\jsdom\lib\jsdom\living\events\EventTarget-impl.js:286:3)
          at HTMLUnknownElementImpl._dispatch (C:\EasyCart\frontend\node_modules\jest-environment-jsdom\node_modules\jsdom\lib\jsdom\living\events\EventTarget-impl.js:233:9)
          at HTMLUnknownElementImpl.dispatchEvent (C:\EasyCart\frontend\node_modules\jest-environment-jsdom\node_modules\jsdom\lib\jsdom\living\events\EventTarget-impl.js:104:17)
          at HTMLUnknownElement.dispatchEvent (C:\EasyCart\frontend\node_modules\jest-environment-jsdom\node_modules\jsdom\lib\jsdom\living\generated\EventTarget.js:241:34)
          at Object.invokeGuardedCallbackDev (C:\EasyCart\frontend\node_modules\react-dom\cjs\react-dom.development.js:4213:16)
          at invokeGuardedCallback (C:\EasyCart\frontend\node_modules\react-dom\cjs\react-dom.development.js:4277:31)
          at beginWork$1 (C:\EasyCart\frontend\node_modules\react-dom\cjs\react-dom.development.js:27490:7)
          at performUnitOfWork (C:\EasyCart\frontend\node_modules\react-dom\cjs\react-dom.development.js:26599:12)
          at workLoopSync (C:\EasyCart\frontend\node_modules\react-dom\cjs\react-dom.development.js:26505:5)
          at renderRootSync (C:\EasyCart\frontend\node_modules\react-dom\cjs\react-dom.development.js:26473:7)
          at performSyncWorkOnRoot (C:\EasyCart\frontend\node_modules\react-dom\cjs\react-dom.development.js:26124:20)
          at flushSyncCallbacks (C:\EasyCart\frontend\node_modules\react-dom\cjs\react-dom.development.js:12042:22)
          at C:\EasyCart\frontend\node_modules\react-dom\cjs\react-dom.development.js:25690:13
          at invokeTheCallbackFunction (C:\EasyCart\frontend\node_modules\jest-environment-jsdom\node_modules\jsdom\lib\jsdom\living\generated\Function.js:19:26)
          at C:\EasyCart\frontend\node_modules\jest-environment-jsdom\node_modules\jsdom\lib\jsdom\browser\Window.js:613:9
          at node:internal/process/task_queues:151:7
          at AsyncResource.runInAsyncScope (node:async_hooks:214:14)
          at AsyncResource.runMicrotask (node:internal/process/task_queues:148:8),
      type: 'unhandled exception'
    }

      at VirtualConsole.<anonymous> (node_modules/@jest/environment-jsdom-abstract/build/index.js:87:23)
      at Object.invokeGuardedCallbackDev (node_modules/react-dom/cjs/react-dom.development.js:4213:16)
      at invokeGuardedCallback (node_modules/react-dom/cjs/react-dom.development.js:4277:31)
      at beginWork$1 (node_modules/react-dom/cjs/react-dom.development.js:27490:7)
      at performUnitOfWork (node_modules/react-dom/cjs/react-dom.development.js:26599:12)
      at workLoopSync (node_modules/react-dom/cjs/react-dom.development.js:26505:5)
      at renderRootSync (node_modules/react-dom/cjs/react-dom.development.js:26473:7)
      at performSyncWorkOnRoot (node_modules/react-dom/cjs/react-dom.development.js:26124:20)
      at flushSyncCallbacks (node_modules/react-dom/cjs/react-dom.development.js:12042:22)
      at node_modules/react-dom/cjs/react-dom.development.js:25690:13

  console.error
    Error: Uncaught [TypeError: Cannot destructure property 'basename' of 'React__namespace.useContext(...)' as it is null.]
        at reportException (C:\EasyCart\frontend\node_modules\jest-environment-jsdom\node_modules\jsdom\lib\jsdom\living\helpers\runtime-script-errors.js:66:24)
        at innerInvokeEventListeners (C:\EasyCart\frontend\node_modules\jest-environment-jsdom\node_modules\jsdom\lib\jsdom\living\events\EventTarget-impl.js:353:9)
        at invokeEventListeners (C:\EasyCart\frontend\node_modules\jest-environment-jsdom\node_modules\jsdom\lib\jsdom\living\events\EventTarget-impl.js:286:3)
        at HTMLUnknownElementImpl._dispatch (C:\EasyCart\frontend\node_modules\jest-environment-jsdom\node_modules\jsdom\lib\jsdom\living\events\EventTarget-impl.js:233:9)
        at HTMLUnknownElementImpl.dispatchEvent (C:\EasyCart\frontend\node_modules\jest-environment-jsdom\node_modules\jsdom\lib\jsdom\living\events\EventTarget-impl.js:104:17)
        at HTMLUnknownElement.dispatchEvent (C:\EasyCart\frontend\node_modules\jest-environment-jsdom\node_modules\jsdom\lib\jsdom\living\generated\EventTarget.js:241:34)
        at Object.invokeGuardedCallbackDev (C:\EasyCart\frontend\node_modules\react-dom\cjs\react-dom.development.js:4213:16)
        at invokeGuardedCallback (C:\EasyCart\frontend\node_modules\react-dom\cjs\react-dom.development.js:4277:31)
        at beginWork$1 (C:\EasyCart\frontend\node_modules\react-dom\cjs\react-dom.development.js:27490:7)
        at performUnitOfWork (C:\EasyCart\frontend\node_modules\react-dom\cjs\react-dom.development.js:26599:12)
        at workLoopSync (C:\EasyCart\frontend\node_modules\react-dom\cjs\react-dom.development.js:26505:5)
        at renderRootSync (C:\EasyCart\frontend\node_modules\react-dom\cjs\react-dom.development.js:26473:7)
        at recoverFromConcurrentError (C:\EasyCart\frontend\node_modules\react-dom\cjs\react-dom.development.js:25889:20)
        at performSyncWorkOnRoot (C:\EasyCart\frontend\node_modules\react-dom\cjs\react-dom.development.js:26135:20)
        at flushSyncCallbacks (C:\EasyCart\frontend\node_modules\react-dom\cjs\react-dom.development.js:12042:22)
        at C:\EasyCart\frontend\node_modules\react-dom\cjs\react-dom.development.js:25690:13
        at invokeTheCallbackFunction (C:\EasyCart\frontend\node_modules\jest-environment-jsdom\node_modules\jsdom\lib\jsdom\living\generated\Function.js:19:26)
        at C:\EasyCart\frontend\node_modules\jest-environment-jsdom\node_modules\jsdom\lib\jsdom\browser\Window.js:613:9
        at node:internal/process/task_queues:151:7
        at AsyncResource.runInAsyncScope (node:async_hooks:214:14)
        at AsyncResource.runMicrotask (node:internal/process/task_queues:148:8) {
      detail: TypeError: Cannot destructure property 'basename' of 'React__namespace.useContext(...)' as it is null.
          at basename (C:\EasyCart\frontend\node_modules\react-router-dom\index.tsx:975:11)
          at renderWithHooks (C:\EasyCart\frontend\node_modules\react-dom\cjs\react-dom.development.js:15486:18)
          at updateForwardRef (C:\EasyCart\frontend\node_modules\react-dom\cjs\react-dom.development.js:19245:20)
          at beginWork (C:\EasyCart\frontend\node_modules\react-dom\cjs\react-dom.development.js:21675:16)
          at HTMLUnknownElement.callCallback (C:\EasyCart\frontend\node_modules\react-dom\cjs\react-dom.development.js:4164:14)
          at HTMLUnknownElement.callTheUserObjectsOperation (C:\EasyCart\frontend\node_modules\jest-environment-jsdom\node_modules\jsdom\lib\jsdom\living\generated\EventListener.js:26:30)
          at innerInvokeEventListeners (C:\EasyCart\frontend\node_modules\jest-environment-jsdom\node_modules\jsdom\lib\jsdom\living\events\EventTarget-impl.js:350:25)
          at invokeEventListeners (C:\EasyCart\frontend\node_modules\jest-environment-jsdom\node_modules\jsdom\lib\jsdom\living\events\EventTarget-impl.js:286:3)
          at HTMLUnknownElementImpl._dispatch (C:\EasyCart\frontend\node_modules\jest-environment-jsdom\node_modules\jsdom\lib\jsdom\living\events\EventTarget-impl.js:233:9)
          at HTMLUnknownElementImpl.dispatchEvent (C:\EasyCart\frontend\node_modules\jest-environment-jsdom\node_modules\jsdom\lib\jsdom\living\events\EventTarget-impl.js:104:17)
          at HTMLUnknownElement.dispatchEvent (C:\EasyCart\frontend\node_modules\jest-environment-jsdom\node_modules\jsdom\lib\jsdom\living\generated\EventTarget.js:241:34)
          at Object.invokeGuardedCallbackDev (C:\EasyCart\frontend\node_modules\react-dom\cjs\react-dom.development.js:4213:16)
          at invokeGuardedCallback (C:\EasyCart\frontend\node_modules\react-dom\cjs\react-dom.development.js:4277:31)
          at beginWork$1 (C:\EasyCart\frontend\node_modules\react-dom\cjs\react-dom.development.js:27490:7)
          at performUnitOfWork (C:\EasyCart\frontend\node_modules\react-dom\cjs\react-dom.development.js:26599:12)
          at workLoopSync (C:\EasyCart\frontend\node_modules\react-dom\cjs\react-dom.development.js:26505:5)
          at renderRootSync (C:\EasyCart\frontend\node_modules\react-dom\cjs\react-dom.development.js:26473:7)
          at recoverFromConcurrentError (C:\EasyCart\frontend\node_modules\react-dom\cjs\react-dom.development.js:25889:20)
          at performSyncWorkOnRoot (C:\EasyCart\frontend\node_modules\react-dom\cjs\react-dom.development.js:26135:20)
          at flushSyncCallbacks (C:\EasyCart\frontend\node_modules\react-dom\cjs\react-dom.development.js:12042:22)
          at C:\EasyCart\frontend\node_modules\react-dom\cjs\react-dom.development.js:25690:13
          at invokeTheCallbackFunction (C:\EasyCart\frontend\node_modules\jest-environment-jsdom\node_modules\jsdom\lib\jsdom\living\generated\Function.js:19:26)
          at C:\EasyCart\frontend\node_modules\jest-environment-jsdom\node_modules\jsdom\lib\jsdom\browser\Window.js:613:9
          at node:internal/process/task_queues:151:7
          at AsyncResource.runInAsyncScope (node:async_hooks:214:14)
          at AsyncResource.runMicrotask (node:internal/process/task_queues:148:8),
      type: 'unhandled exception'
    }

      at VirtualConsole.<anonymous> (node_modules/@jest/environment-jsdom-abstract/build/index.js:87:23)
      at Object.invokeGuardedCallbackDev (node_modules/react-dom/cjs/react-dom.development.js:4213:16)
      at invokeGuardedCallback (node_modules/react-dom/cjs/react-dom.development.js:4277:31)
      at beginWork$1 (node_modules/react-dom/cjs/react-dom.development.js:27490:7)
      at performUnitOfWork (node_modules/react-dom/cjs/react-dom.development.js:26599:12)
      at workLoopSync (node_modules/react-dom/cjs/react-dom.development.js:26505:5)
      at renderRootSync (node_modules/react-dom/cjs/react-dom.development.js:26473:7)
      at recoverFromConcurrentError (node_modules/react-dom/cjs/react-dom.development.js:25889:20)
      at performSyncWorkOnRoot (node_modules/react-dom/cjs/react-dom.development.js:26135:20)
      at flushSyncCallbacks (node_modules/react-dom/cjs/react-dom.development.js:12042:22)
      at node_modules/react-dom/cjs/react-dom.development.js:25690:13

  console.error
    Error: Uncaught [TypeError: Cannot destructure property 'basename' of 'React__namespace.useContext(...)' as it is null.]
        at reportException (C:\EasyCart\frontend\node_modules\jest-environment-jsdom\node_modules\jsdom\lib\jsdom\living\helpers\runtime-script-errors.js:66:24)
        at innerInvokeEventListeners (C:\EasyCart\frontend\node_modules\jest-environment-jsdom\node_modules\jsdom\lib\jsdom\living\events\EventTarget-impl.js:353:9)
        at invokeEventListeners (C:\EasyCart\frontend\node_modules\jest-environment-jsdom\node_modules\jsdom\lib\jsdom\living\events\EventTarget-impl.js:286:3)
        at HTMLUnknownElementImpl._dispatch (C:\EasyCart\frontend\node_modules\jest-environment-jsdom\node_modules\jsdom\lib\jsdom\living\events\EventTarget-impl.js:233:9)
        at HTMLUnknownElementImpl.dispatchEvent (C:\EasyCart\frontend\node_modules\jest-environment-jsdom\node_modules\jsdom\lib\jsdom\living\events\EventTarget-impl.js:104:17)
        at HTMLUnknownElement.dispatchEvent (C:\EasyCart\frontend\node_modules\jest-environment-jsdom\node_modules\jsdom\lib\jsdom\living\generated\EventTarget.js:241:34)
        at Object.invokeGuardedCallbackDev (C:\EasyCart\frontend\node_modules\react-dom\cjs\react-dom.development.js:4213:16)
        at invokeGuardedCallback (C:\EasyCart\frontend\node_modules\react-dom\cjs\react-dom.development.js:4277:31)
        at beginWork$1 (C:\EasyCart\frontend\node_modules\react-dom\cjs\react-dom.development.js:27490:7)
        at performUnitOfWork (C:\EasyCart\frontend\node_modules\react-dom\cjs\react-dom.development.js:26599:12)
        at workLoopSync (C:\EasyCart\frontend\node_modules\react-dom\cjs\react-dom.development.js:26505:5)
        at renderRootSync (C:\EasyCart\frontend\node_modules\react-dom\cjs\react-dom.development.js:26473:7)
        at recoverFromConcurrentError (C:\EasyCart\frontend\node_modules\react-dom\cjs\react-dom.development.js:25889:20)
        at performSyncWorkOnRoot (C:\EasyCart\frontend\node_modules\react-dom\cjs\react-dom.development.js:26135:20)
        at flushSyncCallbacks (C:\EasyCart\frontend\node_modules\react-dom\cjs\react-dom.development.js:12042:22)
        at C:\EasyCart\frontend\node_modules\react-dom\cjs\react-dom.development.js:25690:13
        at invokeTheCallbackFunction (C:\EasyCart\frontend\node_modules\jest-environment-jsdom\node_modules\jsdom\lib\jsdom\living\generated\Function.js:19:26)
        at C:\EasyCart\frontend\node_modules\jest-environment-jsdom\node_modules\jsdom\lib\jsdom\browser\Window.js:613:9
        at node:internal/process/task_queues:151:7
        at AsyncResource.runInAsyncScope (node:async_hooks:214:14)
        at AsyncResource.runMicrotask (node:internal/process/task_queues:148:8) {
      detail: TypeError: Cannot destructure property 'basename' of 'React__namespace.useContext(...)' as it is null.
          at basename (C:\EasyCart\frontend\node_modules\react-router-dom\index.tsx:975:11)
          at renderWithHooks (C:\EasyCart\frontend\node_modules\react-dom\cjs\react-dom.development.js:15486:18)
          at updateForwardRef (C:\EasyCart\frontend\node_modules\react-dom\cjs\react-dom.development.js:19245:20)
          at beginWork (C:\EasyCart\frontend\node_modules\react-dom\cjs\react-dom.development.js:21675:16)
          at HTMLUnknownElement.callCallback (C:\EasyCart\frontend\node_modules\react-dom\cjs\react-dom.development.js:4164:14)
          at HTMLUnknownElement.callTheUserObjectsOperation (C:\EasyCart\frontend\node_modules\jest-environment-jsdom\node_modules\jsdom\lib\jsdom\living\generated\EventListener.js:26:30)
          at innerInvokeEventListeners (C:\EasyCart\frontend\node_modules\jest-environment-jsdom\node_modules\jsdom\lib\jsdom\living\events\EventTarget-impl.js:350:25)
          at invokeEventListeners (C:\EasyCart\frontend\node_modules\jest-environment-jsdom\node_modules\jsdom\lib\jsdom\living\events\EventTarget-impl.js:286:3)
          at HTMLUnknownElementImpl._dispatch (C:\EasyCart\frontend\node_modules\jest-environment-jsdom\node_modules\jsdom\lib\jsdom\living\events\EventTarget-impl.js:233:9)
          at HTMLUnknownElementImpl.dispatchEvent (C:\EasyCart\frontend\node_modules\jest-environment-jsdom\node_modules\jsdom\lib\jsdom\living\events\EventTarget-impl.js:104:17)
          at HTMLUnknownElement.dispatchEvent (C:\EasyCart\frontend\node_modules\jest-environment-jsdom\node_modules\jsdom\lib\jsdom\living\generated\EventTarget.js:241:34)
          at Object.invokeGuardedCallbackDev (C:\EasyCart\frontend\node_modules\react-dom\cjs\react-dom.development.js:4213:16)
          at invokeGuardedCallback (C:\EasyCart\frontend\node_modules\react-dom\cjs\react-dom.development.js:4277:31)
          at beginWork$1 (C:\EasyCart\frontend\node_modules\react-dom\cjs\react-dom.development.js:27490:7)
          at performUnitOfWork (C:\EasyCart\frontend\node_modules\react-dom\cjs\react-dom.development.js:26599:12)
          at workLoopSync (C:\EasyCart\frontend\node_modules\react-dom\cjs\react-dom.development.js:26505:5)
          at renderRootSync (C:\EasyCart\frontend\node_modules\react-dom\cjs\react-dom.development.js:26473:7)
          at recoverFromConcurrentError (C:\EasyCart\frontend\node_modules\react-dom\cjs\react-dom.development.js:25889:20)
          at performSyncWorkOnRoot (C:\EasyCart\frontend\node_modules\react-dom\cjs\react-dom.development.js:26135:20)
          at flushSyncCallbacks (C:\EasyCart\frontend\node_modules\react-dom\cjs\react-dom.development.js:12042:22)
          at C:\EasyCart\frontend\node_modules\react-dom\cjs\react-dom.development.js:25690:13
          at invokeTheCallbackFunction (C:\EasyCart\frontend\node_modules\jest-environment-jsdom\node_modules\jsdom\lib\jsdom\living\generated\Function.js:19:26)
          at C:\EasyCart\frontend\node_modules\jest-environment-jsdom\node_modules\jsdom\lib\jsdom\browser\Window.js:613:9
          at node:internal/process/task_queues:151:7
          at AsyncResource.runInAsyncScope (node:async_hooks:214:14)
          at AsyncResource.runMicrotask (node:internal/process/task_queues:148:8),
      type: 'unhandled exception'
    }

      at VirtualConsole.<anonymous> (node_modules/@jest/environment-jsdom-abstract/build/index.js:87:23)
      at Object.invokeGuardedCallbackDev (node_modules/react-dom/cjs/react-dom.development.js:4213:16)
      at invokeGuardedCallback (node_modules/react-dom/cjs/react-dom.development.js:4277:31)
      at beginWork$1 (node_modules/react-dom/cjs/react-dom.development.js:27490:7)
      at performUnitOfWork (node_modules/react-dom/cjs/react-dom.development.js:26599:12)
      at workLoopSync (node_modules/react-dom/cjs/react-dom.development.js:26505:5)
      at renderRootSync (node_modules/react-dom/cjs/react-dom.development.js:26473:7)
      at recoverFromConcurrentError (node_modules/react-dom/cjs/react-dom.development.js:25889:20)
      at performSyncWorkOnRoot (node_modules/react-dom/cjs/react-dom.development.js:26135:20)
      at flushSyncCallbacks (node_modules/react-dom/cjs/react-dom.development.js:12042:22)
      at node_modules/react-dom/cjs/react-dom.development.js:25690:13

  console.error
    Error: Uncaught [TypeError: Cannot destructure property 'basename' of 'React__namespace.useContext(...)' as it is null.]
        at reportException (C:\EasyCart\frontend\node_modules\jest-environment-jsdom\node_modules\jsdom\lib\jsdom\living\helpers\runtime-script-errors.js:66:24)
        at innerInvokeEventListeners (C:\EasyCart\frontend\node_modules\jest-environment-jsdom\node_modules\jsdom\lib\jsdom\living\events\EventTarget-impl.js:353:9)
        at invokeEventListeners (C:\EasyCart\frontend\node_modules\jest-environment-jsdom\node_modules\jsdom\lib\jsdom\living\events\EventTarget-impl.js:286:3)
        at HTMLUnknownElementImpl._dispatch (C:\EasyCart\frontend\node_modules\jest-environment-jsdom\node_modules\jsdom\lib\jsdom\living\events\EventTarget-impl.js:233:9)
        at HTMLUnknownElementImpl.dispatchEvent (C:\EasyCart\frontend\node_modules\jest-environment-jsdom\node_modules\jsdom\lib\jsdom\living\events\EventTarget-impl.js:104:17)
        at HTMLUnknownElement.dispatchEvent (C:\EasyCart\frontend\node_modules\jest-environment-jsdom\node_modules\jsdom\lib\jsdom\living\generated\EventTarget.js:241:34)
        at Object.invokeGuardedCallbackDev (C:\EasyCart\frontend\node_modules\react-dom\cjs\react-dom.development.js:4213:16)
        at invokeGuardedCallback (C:\EasyCart\frontend\node_modules\react-dom\cjs\react-dom.development.js:4277:31)
        at beginWork$1 (C:\EasyCart\frontend\node_modules\react-dom\cjs\react-dom.development.js:27490:7)
        at performUnitOfWork (C:\EasyCart\frontend\node_modules\react-dom\cjs\react-dom.development.js:26599:12)
        at workLoopSync (C:\EasyCart\frontend\node_modules\react-dom\cjs\react-dom.development.js:26505:5)
        at renderRootSync (C:\EasyCart\frontend\node_modules\react-dom\cjs\react-dom.development.js:26473:7)
        at recoverFromConcurrentError (C:\EasyCart\frontend\node_modules\react-dom\cjs\react-dom.development.js:25889:20)
        at performSyncWorkOnRoot (C:\EasyCart\frontend\node_modules\react-dom\cjs\react-dom.development.js:26135:20)
        at flushSyncCallbacks (C:\EasyCart\frontend\node_modules\react-dom\cjs\react-dom.development.js:12042:22)
        at C:\EasyCart\frontend\node_modules\react-dom\cjs\react-dom.development.js:25690:13
        at invokeTheCallbackFunction (C:\EasyCart\frontend\node_modules\jest-environment-jsdom\node_modules\jsdom\lib\jsdom\living\generated\Function.js:19:26)
        at C:\EasyCart\frontend\node_modules\jest-environment-jsdom\node_modules\jsdom\lib\jsdom\browser\Window.js:613:9
        at node:internal/process/task_queues:151:7
        at AsyncResource.runInAsyncScope (node:async_hooks:214:14)
        at AsyncResource.runMicrotask (node:internal/process/task_queues:148:8) {
      detail: TypeError: Cannot destructure property 'basename' of 'React__namespace.useContext(...)' as it is null.
          at basename (C:\EasyCart\frontend\node_modules\react-router-dom\index.tsx:975:11)
          at renderWithHooks (C:\EasyCart\frontend\node_modules\react-dom\cjs\react-dom.development.js:15486:18)
          at updateForwardRef (C:\EasyCart\frontend\node_modules\react-dom\cjs\react-dom.development.js:19245:20)
          at beginWork (C:\EasyCart\frontend\node_modules\react-dom\cjs\react-dom.development.js:21675:16)
          at HTMLUnknownElement.callCallback (C:\EasyCart\frontend\node_modules\react-dom\cjs\react-dom.development.js:4164:14)
          at HTMLUnknownElement.callTheUserObjectsOperation (C:\EasyCart\frontend\node_modules\jest-environment-jsdom\node_modules\jsdom\lib\jsdom\living\generated\EventListener.js:26:30)
          at innerInvokeEventListeners (C:\EasyCart\frontend\node_modules\jest-environment-jsdom\node_modules\jsdom\lib\jsdom\living\events\EventTarget-impl.js:350:25)
          at invokeEventListeners (C:\EasyCart\frontend\node_modules\jest-environment-jsdom\node_modules\jsdom\lib\jsdom\living\events\EventTarget-impl.js:286:3)
          at HTMLUnknownElementImpl._dispatch (C:\EasyCart\frontend\node_modules\jest-environment-jsdom\node_modules\jsdom\lib\jsdom\living\events\EventTarget-impl.js:233:9)
          at HTMLUnknownElementImpl.dispatchEvent (C:\EasyCart\frontend\node_modules\jest-environment-jsdom\node_modules\jsdom\lib\jsdom\living\events\EventTarget-impl.js:104:17)
          at HTMLUnknownElement.dispatchEvent (C:\EasyCart\frontend\node_modules\jest-environment-jsdom\node_modules\jsdom\lib\jsdom\living\generated\EventTarget.js:241:34)
          at Object.invokeGuardedCallbackDev (C:\EasyCart\frontend\node_modules\react-dom\cjs\react-dom.development.js:4213:16)
          at invokeGuardedCallback (C:\EasyCart\frontend\node_modules\react-dom\cjs\react-dom.development.js:4277:31)
          at beginWork$1 (C:\EasyCart\frontend\node_modules\react-dom\cjs\react-dom.development.js:27490:7)
          at performUnitOfWork (C:\EasyCart\frontend\node_modules\react-dom\cjs\react-dom.development.js:26599:12)
          at workLoopSync (C:\EasyCart\frontend\node_modules\react-dom\cjs\react-dom.development.js:26505:5)
          at renderRootSync (C:\EasyCart\frontend\node_modules\react-dom\cjs\react-dom.development.js:26473:7)
          at recoverFromConcurrentError (C:\EasyCart\frontend\node_modules\react-dom\cjs\react-dom.development.js:25889:20)
          at performSyncWorkOnRoot (C:\EasyCart\frontend\node_modules\react-dom\cjs\react-dom.development.js:26135:20)
          at flushSyncCallbacks (C:\EasyCart\frontend\node_modules\react-dom\cjs\react-dom.development.js:12042:22)
          at C:\EasyCart\frontend\node_modules\react-dom\cjs\react-dom.development.js:25690:13
          at invokeTheCallbackFunction (C:\EasyCart\frontend\node_modules\jest-environment-jsdom\node_modules\jsdom\lib\jsdom\living\generated\Function.js:19:26)
          at C:\EasyCart\frontend\node_modules\jest-environment-jsdom\node_modules\jsdom\lib\jsdom\browser\Window.js:613:9
          at node:internal/process/task_queues:151:7
          at AsyncResource.runInAsyncScope (node:async_hooks:214:14)
          at AsyncResource.runMicrotask (node:internal/process/task_queues:148:8),
      type: 'unhandled exception'
    }

      at VirtualConsole.<anonymous> (node_modules/@jest/environment-jsdom-abstract/build/index.js:87:23)
      at Object.invokeGuardedCallbackDev (node_modules/react-dom/cjs/react-dom.development.js:4213:16)
      at invokeGuardedCallback (node_modules/react-dom/cjs/react-dom.development.js:4277:31)
      at beginWork$1 (node_modules/react-dom/cjs/react-dom.development.js:27490:7)
      at performUnitOfWork (node_modules/react-dom/cjs/react-dom.development.js:26599:12)
      at workLoopSync (node_modules/react-dom/cjs/react-dom.development.js:26505:5)
      at renderRootSync (node_modules/react-dom/cjs/react-dom.development.js:26473:7)
      at recoverFromConcurrentError (node_modules/react-dom/cjs/react-dom.development.js:25889:20)
      at performSyncWorkOnRoot (node_modules/react-dom/cjs/react-dom.development.js:26135:20)
      at flushSyncCallbacks (node_modules/react-dom/cjs/react-dom.development.js:12042:22)
      at node_modules/react-dom/cjs/react-dom.development.js:25690:13

  console.error
    Error: Uncaught [TypeError: Cannot destructure property 'basename' of 'React__namespace.useContext(...)' as it is null.]
        at reportException (C:\EasyCart\frontend\node_modules\jest-environment-jsdom\node_modules\jsdom\lib\jsdom\living\helpers\runtime-script-errors.js:66:24)
        at innerInvokeEventListeners (C:\EasyCart\frontend\node_modules\jest-environment-jsdom\node_modules\jsdom\lib\jsdom\living\events\EventTarget-impl.js:353:9)
        at invokeEventListeners (C:\EasyCart\frontend\node_modules\jest-environment-jsdom\node_modules\jsdom\lib\jsdom\living\events\EventTarget-impl.js:286:3)
        at HTMLUnknownElementImpl._dispatch (C:\EasyCart\frontend\node_modules\jest-environment-jsdom\node_modules\jsdom\lib\jsdom\living\events\EventTarget-impl.js:233:9)
        at HTMLUnknownElementImpl.dispatchEvent (C:\EasyCart\frontend\node_modules\jest-environment-jsdom\node_modules\jsdom\lib\jsdom\living\events\EventTarget-impl.js:104:17)
        at HTMLUnknownElement.dispatchEvent (C:\EasyCart\frontend\node_modules\jest-environment-jsdom\node_modules\jsdom\lib\jsdom\living\generated\EventTarget.js:241:34)
        at Object.invokeGuardedCallbackDev (C:\EasyCart\frontend\node_modules\react-dom\cjs\react-dom.development.js:4213:16)
        at invokeGuardedCallback (C:\EasyCart\frontend\node_modules\react-dom\cjs\react-dom.development.js:4277:31)
        at beginWork$1 (C:\EasyCart\frontend\node_modules\react-dom\cjs\react-dom.development.js:27490:7)
        at performUnitOfWork (C:\EasyCart\frontend\node_modules\react-dom\cjs\react-dom.development.js:26599:12)
        at workLoopSync (C:\EasyCart\frontend\node_modules\react-dom\cjs\react-dom.development.js:26505:5)
        at renderRootSync (C:\EasyCart\frontend\node_modules\react-dom\cjs\react-dom.development.js:26473:7)
        at recoverFromConcurrentError (C:\EasyCart\frontend\node_modules\react-dom\cjs\react-dom.development.js:25889:20)
        at performSyncWorkOnRoot (C:\EasyCart\frontend\node_modules\react-dom\cjs\react-dom.development.js:26135:20)
        at flushSyncCallbacks (C:\EasyCart\frontend\node_modules\react-dom\cjs\react-dom.development.js:12042:22)
        at C:\EasyCart\frontend\node_modules\react-dom\cjs\react-dom.development.js:25690:13
        at invokeTheCallbackFunction (C:\EasyCart\frontend\node_modules\jest-environment-jsdom\node_modules\jsdom\lib\jsdom\living\generated\Function.js:19:26)
        at C:\EasyCart\frontend\node_modules\jest-environment-jsdom\node_modules\jsdom\lib\jsdom\browser\Window.js:613:9
        at node:internal/process/task_queues:151:7
        at AsyncResource.runInAsyncScope (node:async_hooks:214:14)
        at AsyncResource.runMicrotask (node:internal/process/task_queues:148:8) {
      detail: TypeError: Cannot destructure property 'basename' of 'React__namespace.useContext(...)' as it is null.
          at basename (C:\EasyCart\frontend\node_modules\react-router-dom\index.tsx:975:11)
          at renderWithHooks (C:\EasyCart\frontend\node_modules\react-dom\cjs\react-dom.development.js:15486:18)
          at updateForwardRef (C:\EasyCart\frontend\node_modules\react-dom\cjs\react-dom.development.js:19245:20)
          at beginWork (C:\EasyCart\frontend\node_modules\react-dom\cjs\react-dom.development.js:21675:16)
          at HTMLUnknownElement.callCallback (C:\EasyCart\frontend\node_modules\react-dom\cjs\react-dom.development.js:4164:14)
          at HTMLUnknownElement.callTheUserObjectsOperation (C:\EasyCart\frontend\node_modules\jest-environment-jsdom\node_modules\jsdom\lib\jsdom\living\generated\EventListener.js:26:30)
          at innerInvokeEventListeners (C:\EasyCart\frontend\node_modules\jest-environment-jsdom\node_modules\jsdom\lib\jsdom\living\events\EventTarget-impl.js:350:25)
          at invokeEventListeners (C:\EasyCart\frontend\node_modules\jest-environment-jsdom\node_modules\jsdom\lib\jsdom\living\events\EventTarget-impl.js:286:3)
          at HTMLUnknownElementImpl._dispatch (C:\EasyCart\frontend\node_modules\jest-environment-jsdom\node_modules\jsdom\lib\jsdom\living\events\EventTarget-impl.js:233:9)
          at HTMLUnknownElementImpl.dispatchEvent (C:\EasyCart\frontend\node_modules\jest-environment-jsdom\node_modules\jsdom\lib\jsdom\living\events\EventTarget-impl.js:104:17)
          at HTMLUnknownElement.dispatchEvent (C:\EasyCart\frontend\node_modules\jest-environment-jsdom\node_modules\jsdom\lib\jsdom\living\generated\EventTarget.js:241:34)
          at Object.invokeGuardedCallbackDev (C:\EasyCart\frontend\node_modules\react-dom\cjs\react-dom.development.js:4213:16)
          at invokeGuardedCallback (C:\EasyCart\frontend\node_modules\react-dom\cjs\react-dom.development.js:4277:31)
          at beginWork$1 (C:\EasyCart\frontend\node_modules\react-dom\cjs\react-dom.development.js:27490:7)
          at performUnitOfWork (C:\EasyCart\frontend\node_modules\react-dom\cjs\react-dom.development.js:26599:12)
          at workLoopSync (C:\EasyCart\frontend\node_modules\react-dom\cjs\react-dom.development.js:26505:5)
          at renderRootSync (C:\EasyCart\frontend\node_modules\react-dom\cjs\react-dom.development.js:26473:7)
          at recoverFromConcurrentError (C:\EasyCart\frontend\node_modules\react-dom\cjs\react-dom.development.js:25889:20)
          at performSyncWorkOnRoot (C:\EasyCart\frontend\node_modules\react-dom\cjs\react-dom.development.js:26135:20)
          at flushSyncCallbacks (C:\EasyCart\frontend\node_modules\react-dom\cjs\react-dom.development.js:12042:22)
          at C:\EasyCart\frontend\node_modules\react-dom\cjs\react-dom.development.js:25690:13
          at invokeTheCallbackFunction (C:\EasyCart\frontend\node_modules\jest-environment-jsdom\node_modules\jsdom\lib\jsdom\living\generated\Function.js:19:26)
          at C:\EasyCart\frontend\node_modules\jest-environment-jsdom\node_modules\jsdom\lib\jsdom\browser\Window.js:613:9
          at node:internal/process/task_queues:151:7
          at AsyncResource.runInAsyncScope (node:async_hooks:214:14)
          at AsyncResource.runMicrotask (node:internal/process/task_queues:148:8),
      type: 'unhandled exception'
    }

      at VirtualConsole.<anonymous> (node_modules/@jest/environment-jsdom-abstract/build/index.js:87:23)
      at Object.invokeGuardedCallbackDev (node_modules/react-dom/cjs/react-dom.development.js:4213:16)
      at invokeGuardedCallback (node_modules/react-dom/cjs/react-dom.development.js:4277:31)
      at beginWork$1 (node_modules/react-dom/cjs/react-dom.development.js:27490:7)
      at performUnitOfWork (node_modules/react-dom/cjs/react-dom.development.js:26599:12)
      at workLoopSync (node_modules/react-dom/cjs/react-dom.development.js:26505:5)
      at renderRootSync (node_modules/react-dom/cjs/react-dom.development.js:26473:7)
      at recoverFromConcurrentError (node_modules/react-dom/cjs/react-dom.development.js:25889:20)
      at performSyncWorkOnRoot (node_modules/react-dom/cjs/react-dom.development.js:26135:20)
      at flushSyncCallbacks (node_modules/react-dom/cjs/react-dom.development.js:12042:22)
      at node_modules/react-dom/cjs/react-dom.development.js:25690:13

  console.error
    The above error occurred in the <Link> component:
    
        at onClick (C:\EasyCart\frontend\node_modules\react-router-dom\index.tsx:962:7)
        at div
        at div
        at children (C:\EasyCart\frontend\src\components\ui\Card.js:4:17)
        at product (C:\EasyCart\frontend\src\components\ProductCard.js:8:24)
        at div
        at ProductList (C:\EasyCart\frontend\src\components\ProductList.jsx:33:51)
        at QueryClientProvider (C:\EasyCart\frontend\node_modules\@tanstack\react-query\src\QueryClientProvider.tsx:30:3)
        at children (C:\EasyCart\frontend\src\__tests__\ProductList.test.js:15:13)
    
    Consider adding an error boundary to your tree to customize error handling behavior.
    Visit https://reactjs.org/link/error-boundaries to learn more about error boundaries.

      at logCapturedError (node_modules/react-dom/cjs/react-dom.development.js:18704:23)
      at update.callback (node_modules/react-dom/cjs/react-dom.development.js:18737:5)
      at callCallback (node_modules/react-dom/cjs/react-dom.development.js:15036:12)
      at commitUpdateQueue (node_modules/react-dom/cjs/react-dom.development.js:15057:9)
      at commitLayoutEffectOnFiber (node_modules/react-dom/cjs/react-dom.development.js:23430:13)
      at commitLayoutMountEffects_complete (node_modules/react-dom/cjs/react-dom.development.js:24727:9)
      at commitLayoutEffects_begin (node_modules/react-dom/cjs/react-dom.development.js:24713:7)
      at commitLayoutEffects (node_modules/react-dom/cjs/react-dom.development.js:24651:3)
      at commitRootImpl (node_modules/react-dom/cjs/react-dom.development.js:26862:5)
      at commitRoot (node_modules/react-dom/cjs/react-dom.development.js:26721:5)
      at performSyncWorkOnRoot (node_modules/react-dom/cjs/react-dom.development.js:26156:3)
      at flushSyncCallbacks (node_modules/react-dom/cjs/react-dom.development.js:12042:22)
      at node_modules/react-dom/cjs/react-dom.development.js:25690:13

  console.error
    The above error occurred in the <Link> component:
    
        at onClick (C:\EasyCart\frontend\node_modules\react-router-dom\index.tsx:962:7)
        at div
        at div
        at children (C:\EasyCart\frontend\src\components\ui\Card.js:4:17)
        at product (C:\EasyCart\frontend\src\components\ProductCard.js:8:24)
        at div
        at ProductList (C:\EasyCart\frontend\src\components\ProductList.jsx:33:51)
        at QueryClientProvider (C:\EasyCart\frontend\node_modules\@tanstack\react-query\src\QueryClientProvider.tsx:30:3)
        at children (C:\EasyCart\frontend\src\__tests__\ProductList.test.js:15:13)
    
    Consider adding an error boundary to your tree to customize error handling behavior.
    Visit https://reactjs.org/link/error-boundaries to learn more about error boundaries.

      at logCapturedError (node_modules/react-dom/cjs/react-dom.development.js:18704:23)
      at update.callback (node_modules/react-dom/cjs/react-dom.development.js:18737:5)
      at callCallback (node_modules/react-dom/cjs/react-dom.development.js:15036:12)
      at commitUpdateQueue (node_modules/react-dom/cjs/react-dom.development.js:15057:9)
      at commitLayoutEffectOnFiber (node_modules/react-dom/cjs/react-dom.development.js:23430:13)
      at commitLayoutMountEffects_complete (node_modules/react-dom/cjs/react-dom.development.js:24727:9)
      at commitLayoutEffects_begin (node_modules/react-dom/cjs/react-dom.development.js:24713:7)
      at commitLayoutEffects (node_modules/react-dom/cjs/react-dom.development.js:24651:3)
      at commitRootImpl (node_modules/react-dom/cjs/react-dom.development.js:26862:5)
      at commitRoot (node_modules/react-dom/cjs/react-dom.development.js:26721:5)
      at performSyncWorkOnRoot (node_modules/react-dom/cjs/react-dom.development.js:26156:3)
      at flushSyncCallbacks (node_modules/react-dom/cjs/react-dom.development.js:12042:22)
      at node_modules/react-dom/cjs/react-dom.development.js:25690:13

  console.error
    The above error occurred in the <Link> component:
    
        at onClick (C:\EasyCart\frontend\node_modules\react-router-dom\index.tsx:962:7)
        at div
        at div
        at children (C:\EasyCart\frontend\src\components\ui\Card.js:4:17)
        at product (C:\EasyCart\frontend\src\components\ProductCard.js:8:24)
        at div
        at ProductList (C:\EasyCart\frontend\src\components\ProductList.jsx:33:51)
        at QueryClientProvider (C:\EasyCart\frontend\node_modules\@tanstack\react-query\src\QueryClientProvider.tsx:30:3)
        at children (C:\EasyCart\frontend\src\__tests__\ProductList.test.js:15:13)
    
    Consider adding an error boundary to your tree to customize error handling behavior.
    Visit https://reactjs.org/link/error-boundaries to learn more about error boundaries.

      at logCapturedError (node_modules/react-dom/cjs/react-dom.development.js:18704:23)
      at update.callback (node_modules/react-dom/cjs/react-dom.development.js:18737:5)
      at callCallback (node_modules/react-dom/cjs/react-dom.development.js:15036:12)
      at commitUpdateQueue (node_modules/react-dom/cjs/react-dom.development.js:15057:9)
      at commitLayoutEffectOnFiber (node_modules/react-dom/cjs/react-dom.development.js:23430:13)
      at commitLayoutMountEffects_complete (node_modules/react-dom/cjs/react-dom.development.js:24727:9)
      at commitLayoutEffects_begin (node_modules/react-dom/cjs/react-dom.development.js:24713:7)
      at commitLayoutEffects (node_modules/react-dom/cjs/react-dom.development.js:24651:3)
      at commitRootImpl (node_modules/react-dom/cjs/react-dom.development.js:26862:5)
      at commitRoot (node_modules/react-dom/cjs/react-dom.development.js:26721:5)
      at performSyncWorkOnRoot (node_modules/react-dom/cjs/react-dom.development.js:26156:3)
      at flushSyncCallbacks (node_modules/react-dom/cjs/react-dom.development.js:12042:22)
      at node_modules/react-dom/cjs/react-dom.development.js:25690:13

  console.error
    The above error occurred in the <Link> component:
    
        at onClick (C:\EasyCart\frontend\node_modules\react-router-dom\index.tsx:962:7)
        at div
        at div
        at children (C:\EasyCart\frontend\src\components\ui\Card.js:4:17)
        at product (C:\EasyCart\frontend\src\components\ProductCard.js:8:24)
        at div
        at ProductList (C:\EasyCart\frontend\src\components\ProductList.jsx:33:51)
        at QueryClientProvider (C:\EasyCart\frontend\node_modules\@tanstack\react-query\src\QueryClientProvider.tsx:30:3)
        at children (C:\EasyCart\frontend\src\__tests__\ProductList.test.js:15:13)
    
    Consider adding an error boundary to your tree to customize error handling behavior.
    Visit https://reactjs.org/link/error-boundaries to learn more about error boundaries.

      at logCapturedError (node_modules/react-dom/cjs/react-dom.development.js:18704:23)
      at update.callback (node_modules/react-dom/cjs/react-dom.development.js:18737:5)
      at callCallback (node_modules/react-dom/cjs/react-dom.development.js:15036:12)
      at commitUpdateQueue (node_modules/react-dom/cjs/react-dom.development.js:15057:9)
      at commitLayoutEffectOnFiber (node_modules/react-dom/cjs/react-dom.development.js:23430:13)
      at commitLayoutMountEffects_complete (node_modules/react-dom/cjs/react-dom.development.js:24727:9)
      at commitLayoutEffects_begin (node_modules/react-dom/cjs/react-dom.development.js:24713:7)
      at commitLayoutEffects (node_modules/react-dom/cjs/react-dom.development.js:24651:3)
      at commitRootImpl (node_modules/react-dom/cjs/react-dom.development.js:26862:5)
      at commitRoot (node_modules/react-dom/cjs/react-dom.development.js:26721:5)
      at performSyncWorkOnRoot (node_modules/react-dom/cjs/react-dom.development.js:26156:3)
      at flushSyncCallbacks (node_modules/react-dom/cjs/react-dom.development.js:12042:22)
      at node_modules/react-dom/cjs/react-dom.development.js:25690:13

  console.error
    Error: Uncaught [TypeError: Cannot destructure property 'basename' of 'React__namespace.useContext(...)' as it is null.]
        at reportException (C:\EasyCart\frontend\node_modules\jest-environment-jsdom\node_modules\jsdom\lib\jsdom\living\helpers\runtime-script-errors.js:66:24)
        at C:\EasyCart\frontend\node_modules\jest-environment-jsdom\node_modules\jsdom\lib\jsdom\browser\Window.js:615:9
        at node:internal/process/task_queues:151:7
        at AsyncResource.runInAsyncScope (node:async_hooks:214:14)
        at AsyncResource.runMicrotask (node:internal/process/task_queues:148:8) {
      detail: TypeError: Cannot destructure property 'basename' of 'React__namespace.useContext(...)' as it is null.
          at basename (C:\EasyCart\frontend\node_modules\react-router-dom\index.tsx:975:11)
          at renderWithHooks (C:\EasyCart\frontend\node_modules\react-dom\cjs\react-dom.development.js:15486:18)
          at updateForwardRef (C:\EasyCart\frontend\node_modules\react-dom\cjs\react-dom.development.js:19245:20)
          at beginWork (C:\EasyCart\frontend\node_modules\react-dom\cjs\react-dom.development.js:21675:16)
          at beginWork$1 (C:\EasyCart\frontend\node_modules\react-dom\cjs\react-dom.development.js:27465:14)
          at performUnitOfWork (C:\EasyCart\frontend\node_modules\react-dom\cjs\react-dom.development.js:26599:12)
          at workLoopSync (C:\EasyCart\frontend\node_modules\react-dom\cjs\react-dom.development.js:26505:5)
          at renderRootSync (C:\EasyCart\frontend\node_modules\react-dom\cjs\react-dom.development.js:26473:7)
          at recoverFromConcurrentError (C:\EasyCart\frontend\node_modules\react-dom\cjs\react-dom.development.js:25889:20)
          at performSyncWorkOnRoot (C:\EasyCart\frontend\node_modules\react-dom\cjs\react-dom.development.js:26135:20)
          at flushSyncCallbacks (C:\EasyCart\frontend\node_modules\react-dom\cjs\react-dom.development.js:12042:22)
          at C:\EasyCart\frontend\node_modules\react-dom\cjs\react-dom.development.js:25690:13
          at invokeTheCallbackFunction (C:\EasyCart\frontend\node_modules\jest-environment-jsdom\node_modules\jsdom\lib\jsdom\living\generated\Function.js:19:26)
          at C:\EasyCart\frontend\node_modules\jest-environment-jsdom\node_modules\jsdom\lib\jsdom\browser\Window.js:613:9
          at node:internal/process/task_queues:151:7
          at AsyncResource.runInAsyncScope (node:async_hooks:214:14)
          at AsyncResource.runMicrotask (node:internal/process/task_queues:148:8),
      type: 'unhandled exception'
    }

      at VirtualConsole.<anonymous> (node_modules/@jest/environment-jsdom-abstract/build/index.js:87:23)

  console.error
    Error fetching products: Error: API Error
        at C:\EasyCart\frontend\src\__tests__\Products.test.js:136:51
        at Generator.call (C:\EasyCart\frontend\src\__tests__\Products.test.js:2:1)
        at Generator._invoke [as next] (C:\EasyCart\frontend\src\__tests__\Products.test.js:2:1)
        at asyncGeneratorStep (C:\EasyCart\frontend\src\__tests__\Products.test.js:2:1)
        at asyncGeneratorStep (C:\EasyCart\frontend\src\__tests__\Products.test.js:2:1)
        at _next (C:\EasyCart\frontend\src\__tests__\Products.test.js:2:1)
        at new Promise (<anonymous>)
        at Object.<anonymous> (C:\EasyCart\frontend\src\__tests__\Products.test.js:2:1)
        at Promise.finally.completed (c:\EasyCart\frontend\node_modules\jest-circus\build\jestAdapterInit.js:1557:28)
        at new Promise (<anonymous>)
        at callAsyncCircusFn (c:\EasyCart\frontend\node_modules\jest-circus\build\jestAdapterInit.js:1497:10)
        at _callCircusTest (c:\EasyCart\frontend\node_modules\jest-circus\build\jestAdapterInit.js:1007:40)
        at _runTest (c:\EasyCart\frontend\node_modules\jest-circus\build\jestAdapterInit.js:947:3)
        at c:\EasyCart\frontend\node_modules\jest-circus\build\jestAdapterInit.js:849:7
        at _runTestsForDescribeBlock (c:\EasyCart\frontend\node_modules\jest-circus\build\jestAdapterInit.js:862:11)
        at _runTestsForDescribeBlock (c:\EasyCart\frontend\node_modules\jest-circus\build\jestAdapterInit.js:857:11)
        at run (c:\EasyCart\frontend\node_modules\jest-circus\build\jestAdapterInit.js:761:3)
        at runAndTransformResultsToJestFormat (c:\EasyCart\frontend\node_modules\jest-circus\build\jestAdapterInit.js:1918:21)
        at jestAdapter (c:\EasyCart\frontend\node_modules\jest-circus\build\runner.js:101:19)
        at runTestInternal (c:\EasyCart\frontend\node_modules\jest-runner\build\testWorker.js:275:16)
        at runTest (c:\EasyCart\frontend\node_modules\jest-runner\build\testWorker.js:343:7)
        at Object.worker (c:\EasyCart\frontend\node_modules\jest-runner\build\testWorker.js:497:12)

    [0m [90m 83 |[39m
     [90m 84 |[39m     } [36mcatch[39m (err) {
    [31m[1m>[22m[39m[90m 85 |[39m       console[33m.[39merror([32m'Error fetching products:'[39m[33m,[39m err)[33m;[39m
     [90m    |[39m               [31m[1m^[22m[39m
     [90m 86 |[39m       setError(err)[33m;[39m
     [90m 87 |[39m       setProducts([])[33m;[39m
     [90m 88 |[39m       setPagination({[0m

      at error (src/hooks/useProducts.js:85:15)
      at Generator.call (src/hooks/useProducts.js:2:1)
      at Generator._invoke [as throw] (src/hooks/useProducts.js:2:1)
      at asyncGeneratorStep (src/hooks/useProducts.js:2:1)
      at asyncGeneratorStep (src/hooks/useProducts.js:2:1)

  console.error
    Error fetching categories: Error: API Error
        at C:\EasyCart\frontend\src\__tests__\Products.test.js:137:53
        at Generator.call (C:\EasyCart\frontend\src\__tests__\Products.test.js:2:1)
        at Generator._invoke [as next] (C:\EasyCart\frontend\src\__tests__\Products.test.js:2:1)
        at asyncGeneratorStep (C:\EasyCart\frontend\src\__tests__\Products.test.js:2:1)
        at asyncGeneratorStep (C:\EasyCart\frontend\src\__tests__\Products.test.js:2:1)
        at _next (C:\EasyCart\frontend\src\__tests__\Products.test.js:2:1)
        at new Promise (<anonymous>)
        at Object.<anonymous> (C:\EasyCart\frontend\src\__tests__\Products.test.js:2:1)
        at Promise.finally.completed (c:\EasyCart\frontend\node_modules\jest-circus\build\jestAdapterInit.js:1557:28)
        at new Promise (<anonymous>)
        at callAsyncCircusFn (c:\EasyCart\frontend\node_modules\jest-circus\build\jestAdapterInit.js:1497:10)
        at _callCircusTest (c:\EasyCart\frontend\node_modules\jest-circus\build\jestAdapterInit.js:1007:40)
        at _runTest (c:\EasyCart\frontend\node_modules\jest-circus\build\jestAdapterInit.js:947:3)
        at c:\EasyCart\frontend\node_modules\jest-circus\build\jestAdapterInit.js:849:7
        at _runTestsForDescribeBlock (c:\EasyCart\frontend\node_modules\jest-circus\build\jestAdapterInit.js:862:11)
        at _runTestsForDescribeBlock (c:\EasyCart\frontend\node_modules\jest-circus\build\jestAdapterInit.js:857:11)
        at run (c:\EasyCart\frontend\node_modules\jest-circus\build\jestAdapterInit.js:761:3)
        at runAndTransformResultsToJestFormat (c:\EasyCart\frontend\node_modules\jest-circus\build\jestAdapterInit.js:1918:21)
        at jestAdapter (c:\EasyCart\frontend\node_modules\jest-circus\build\runner.js:101:19)
        at runTestInternal (c:\EasyCart\frontend\node_modules\jest-runner\build\testWorker.js:275:16)
        at runTest (c:\EasyCart\frontend\node_modules\jest-runner\build\testWorker.js:343:7)
        at Object.worker (c:\EasyCart\frontend\node_modules\jest-runner\build\testWorker.js:497:12)

    [0m [90m 67 |[39m       setCategories([33mArray[39m[33m.[39misArray(categoriesData) [33m?[39m categoriesData [33m:[39m [])[33m;[39m
     [90m 68 |[39m     } [36mcatch[39m (error) {
    [31m[1m>[22m[39m[90m 69 |[39m       console[33m.[39merror([32m'Error fetching categories:'[39m[33m,[39m error)[33m;[39m
     [90m    |[39m               [31m[1m^[22m[39m
     [90m 70 |[39m       setCategories([])[33m;[39m
     [90m 71 |[39m     }
     [90m 72 |[39m   }[33m;[39m[0m

      at error (src/pages/Products.js:69:15)
      at Generator.call (src/pages/Products.js:2:1)
      at Generator._invoke [as throw] (src/pages/Products.js:2:1)
      at asyncGeneratorStep (src/pages/Products.js:2:1)
      at asyncGeneratorStep (src/pages/Products.js:2:1)

  console.error
    Add to cart failed Error: fail
        at C:\EasyCart\frontend\src\components\ui\__tests__\ProductCard.test.js:33:42
        at Generator.call (C:\EasyCart\frontend\src\components\ui\__tests__\ProductCard.test.js:2:1)
        at Generator._invoke [as next] (C:\EasyCart\frontend\src\components\ui\__tests__\ProductCard.test.js:2:1)
        at asyncGeneratorStep (C:\EasyCart\frontend\src\components\ui\__tests__\ProductCard.test.js:2:1)
        at asyncGeneratorStep (C:\EasyCart\frontend\src\components\ui\__tests__\ProductCard.test.js:2:1)
        at _next (C:\EasyCart\frontend\src\components\ui\__tests__\ProductCard.test.js:2:1)
        at new Promise (<anonymous>)
        at C:\EasyCart\frontend\src\components\ui\__tests__\ProductCard.test.js:2:1
        at onAddToCart (C:\EasyCart\frontend\src\components\ui\ProductCard.js:73:23)
        at Generator.call (C:\EasyCart\frontend\src\components\ui\ProductCard.js:2:1)
        at Generator._invoke [as next] (C:\EasyCart\frontend\src\components\ui\ProductCard.js:2:1)
        at asyncGeneratorStep (C:\EasyCart\frontend\src\components\ui\ProductCard.js:2:1)
        at asyncGeneratorStep (C:\EasyCart\frontend\src\components\ui\ProductCard.js:2:1)
        at _next (C:\EasyCart\frontend\src\components\ui\ProductCard.js:2:1)
        at new Promise (<anonymous>)
        at C:\EasyCart\frontend\src\components\ui\ProductCard.js:2:1
        at apply (C:\EasyCart\frontend\src\components\ui\ProductCard.js:84:14)
        at HTMLUnknownElement.callCallback (C:\EasyCart\frontend\node_modules\react-dom\cjs\react-dom.development.js:4164:14)
        at HTMLUnknownElement.callTheUserObjectsOperation (C:\EasyCart\frontend\node_modules\jest-environment-jsdom\node_modules\jsdom\lib\jsdom\living\generated\EventListener.js:26:30)
        at innerInvokeEventListeners (C:\EasyCart\frontend\node_modules\jest-environment-jsdom\node_modules\jsdom\lib\jsdom\living\events\EventTarget-impl.js:350:25)
        at invokeEventListeners (C:\EasyCart\frontend\node_modules\jest-environment-jsdom\node_modules\jsdom\lib\jsdom\living\events\EventTarget-impl.js:286:3)
        at HTMLUnknownElementImpl._dispatch (C:\EasyCart\frontend\node_modules\jest-environment-jsdom\node_modules\jsdom\lib\jsdom\living\events\EventTarget-impl.js:233:9)
        at HTMLUnknownElementImpl.dispatchEvent (C:\EasyCart\frontend\node_modules\jest-environment-jsdom\node_modules\jsdom\lib\jsdom\living\events\EventTarget-impl.js:104:17)
        at HTMLUnknownElement.dispatchEvent (C:\EasyCart\frontend\node_modules\jest-environment-jsdom\node_modules\jsdom\lib\jsdom\living\generated\EventTarget.js:241:34)
        at Object.invokeGuardedCallbackDev (C:\EasyCart\frontend\node_modules\react-dom\cjs\react-dom.development.js:4213:16)
        at invokeGuardedCallback (C:\EasyCart\frontend\node_modules\react-dom\cjs\react-dom.development.js:4277:31)
        at invokeGuardedCallbackAndCatchFirstError (C:\EasyCart\frontend\node_modules\react-dom\cjs\react-dom.development.js:4291:25)
        at executeDispatch (C:\EasyCart\frontend\node_modules\react-dom\cjs\react-dom.development.js:9041:3)
        at processDispatchQueueItemsInOrder (C:\EasyCart\frontend\node_modules\react-dom\cjs\react-dom.development.js:9073:7)
        at processDispatchQueue (C:\EasyCart\frontend\node_modules\react-dom\cjs\react-dom.development.js:9086:5)
        at dispatchEventsForPlugins (C:\EasyCart\frontend\node_modules\react-dom\cjs\react-dom.development.js:9097:3)
        at C:\EasyCart\frontend\node_modules\react-dom\cjs\react-dom.development.js:9288:12
        at batchedUpdates$1 (C:\EasyCart\frontend\node_modules\react-dom\cjs\react-dom.development.js:26179:12)
        at batchedUpdates (C:\EasyCart\frontend\node_modules\react-dom\cjs\react-dom.development.js:3991:12)
        at dispatchEventForPluginEventSystem (C:\EasyCart\frontend\node_modules\react-dom\cjs\react-dom.development.js:9287:3)
        at dispatchEventWithEnableCapturePhaseSelectiveHydrationWithoutDiscreteEventReplay (C:\EasyCart\frontend\node_modules\react-dom\cjs\react-dom.development.js:6465:5)
        at dispatchEvent (C:\EasyCart\frontend\node_modules\react-dom\cjs\react-dom.development.js:6457:5)
        at dispatchDiscreteEvent (C:\EasyCart\frontend\node_modules\react-dom\cjs\react-dom.development.js:6430:5)
        at HTMLDivElement.callTheUserObjectsOperation (C:\EasyCart\frontend\node_modules\jest-environment-jsdom\node_modules\jsdom\lib\jsdom\living\generated\EventListener.js:26:30)
        at innerInvokeEventListeners (C:\EasyCart\frontend\node_modules\jest-environment-jsdom\node_modules\jsdom\lib\jsdom\living\events\EventTarget-impl.js:350:25)
        at invokeEventListeners (C:\EasyCart\frontend\node_modules\jest-environment-jsdom\node_modules\jsdom\lib\jsdom\living\events\EventTarget-impl.js:286:3)
        at HTMLButtonElementImpl._dispatch (C:\EasyCart\frontend\node_modules\jest-environment-jsdom\node_modules\jsdom\lib\jsdom\living\events\EventTarget-impl.js:233:9)
        at HTMLButtonElementImpl.dispatchEvent (C:\EasyCart\frontend\node_modules\jest-environment-jsdom\node_modules\jsdom\lib\jsdom\living\events\EventTarget-impl.js:104:17)
        at HTMLButtonElement.dispatchEvent (C:\EasyCart\frontend\node_modules\jest-environment-jsdom\node_modules\jsdom\lib\jsdom\living\generated\EventTarget.js:241:34)
        at C:\EasyCart\frontend\node_modules\@testing-library\dom\dist\events.js:19:20
        at C:\EasyCart\frontend\node_modules\@testing-library\react\dist\pure.js:108:16
        at C:\EasyCart\frontend\node_modules\@testing-library\react\dist\act-compat.js:48:24
        at act (C:\EasyCart\frontend\node_modules\react\cjs\react.development.js:2512:16)
        at C:\EasyCart\frontend\node_modules\@testing-library\react\dist\act-compat.js:47:25
        at Object.eventWrapper (C:\EasyCart\frontend\node_modules\@testing-library\react\dist\pure.js:107:28)
        at fireEvent (C:\EasyCart\frontend\node_modules\@testing-library\dom\dist\events.js:12:35)
        at Function.fireEvent.<computed> [as click] (C:\EasyCart\frontend\node_modules\@testing-library\dom\dist\events.js:110:36)
        at Function.fireEvent.<computed> [as click] (C:\EasyCart\frontend\node_modules\@testing-library\react\dist\fire-event.js:15:52)
        at click (C:\EasyCart\frontend\src\components\ui\__tests__\ProductCard.test.js:37:15)
        at Generator.call (C:\EasyCart\frontend\src\components\ui\__tests__\ProductCard.test.js:2:1)
        at Generator._invoke [as next] (C:\EasyCart\frontend\src\components\ui\__tests__\ProductCard.test.js:2:1)
        at asyncGeneratorStep (C:\EasyCart\frontend\src\components\ui\__tests__\ProductCard.test.js:2:1)
        at asyncGeneratorStep (C:\EasyCart\frontend\src\components\ui\__tests__\ProductCard.test.js:2:1)
        at _next (C:\EasyCart\frontend\src\components\ui\__tests__\ProductCard.test.js:2:1)
        at new Promise (<anonymous>)
        at Object.<anonymous> (C:\EasyCart\frontend\src\components\ui\__tests__\ProductCard.test.js:2:1)
        at Promise.finally.completed (c:\EasyCart\frontend\node_modules\jest-circus\build\jestAdapterInit.js:1557:28)
        at new Promise (<anonymous>)
        at callAsyncCircusFn (c:\EasyCart\frontend\node_modules\jest-circus\build\jestAdapterInit.js:1497:10)
        at _callCircusTest (c:\EasyCart\frontend\node_modules\jest-circus\build\jestAdapterInit.js:1007:40)
        at _runTest (c:\EasyCart\frontend\node_modules\jest-circus\build\jestAdapterInit.js:947:3)
        at c:\EasyCart\frontend\node_modules\jest-circus\build\jestAdapterInit.js:849:7
        at _runTestsForDescribeBlock (c:\EasyCart\frontend\node_modules\jest-circus\build\jestAdapterInit.js:862:11)
        at _runTestsForDescribeBlock (c:\EasyCart\frontend\node_modules\jest-circus\build\jestAdapterInit.js:857:11)
        at run (c:\EasyCart\frontend\node_modules\jest-circus\build\jestAdapterInit.js:761:3)
        at runAndTransformResultsToJestFormat (c:\EasyCart\frontend\node_modules\jest-circus\build\jestAdapterInit.js:1918:21)
        at jestAdapter (c:\EasyCart\frontend\node_modules\jest-circus\build\runner.js:101:19)
        at runTestInternal (c:\EasyCart\frontend\node_modules\jest-runner\build\testWorker.js:275:16)
        at runTest (c:\EasyCart\frontend\node_modules\jest-runner\build\testWorker.js:343:7)
        at Object.worker (c:\EasyCart\frontend\node_modules\jest-runner\build\testWorker.js:497:12)

    [0m [90m 80 |[39m               } [36mcatch[39m (err) {
     [90m 81 |[39m                 [90m// Don't hide the button on failure; parent should handle UI feedback[39m
    [31m[1m>[22m[39m[90m 82 |[39m                 console[33m.[39merror([32m'Add to cart failed'[39m[33m,[39m err)[33m;[39m
     [90m    |[39m                         [31m[1m^[22m[39m
     [90m 83 |[39m               }
     [90m 84 |[39m             }}
     [90m 85 |[39m             aria[33m-[39mlabel[33m=[39m{[32m`Add ${product.name} to cart`[39m}[0m

      at error (src/components/ui/ProductCard.js:82:25)
      at Generator.call (src/components/ui/ProductCard.js:2:1)
      at Generator._invoke [as throw] (src/components/ui/ProductCard.js:2:1)
      at asyncGeneratorStep (src/components/ui/ProductCard.js:2:1)
      at asyncGeneratorStep (src/components/ui/ProductCard.js:2:1)

FAIL src/components/ui/__tests__/ProductCard.test.js (5.509 s)
  ProductCard fade-out/auto-hide
    × fades out and hides Add to Cart button, shows success message on success (1264 ms)
    √ does not hide Add to Cart button on error (129 ms)

  ● ProductCard fade-out/auto-hide › fades out and hides Add to Cart button, shows success message on success

    expect(element).not.toBeInTheDocument()

    expected document not to contain element, found <button aria-label="Add Test Product to cart" class="bg-primary hover:bg-primary-dark text-white font-semibold py-2 px-4 rounded transition w-full opacity-100 group-hover:scale-105 group-hover:shadow-lg focus:opacity-100" style="transition: opacity 0.4s; opacity: 0; display: none;">Add to Cart</button> instead

    Ignored nodes: comments, script, style
    [36m<html>[39m
      [36m<head />[39m
      [36m<body>[39m
        [36m<div>[39m
          [36m<article[39m
            [33maria-label[39m=[32m"Test Product"[39m
            [33mclass[39m=[32m"bg-white rounded-xl shadow-md border border-gray-100 overflow-hidden group flex flex-col min-h-[340px] sm:min-h-[360px] md:min-h-[380px] cursor-pointer transition-all duration-200"[39m
            [33mstyle[39m=[32m"opacity: 1; transform: none;"[39m
            [33mtabindex[39m=[32m"0"[39m
          [36m>[39m
            [36m<div[39m
              [33mclass[39m=[32m"relative w-full aspect-[1/1] overflow-hidden rounded-t-lg min-h-[160px] sm:min-h-[180px] md:min-h-[200px]"[39m
            [36m>[39m
              [36m<img[39m
                [33malt[39m=[32m"Test Product"[39m
                [33mclass[39m=[32m"object-cover w-full h-full group-hover:scale-110 transition-transform duration-200"[39m
                [33mcrossorigin[39m=[32m"anonymous"[39m
                [33mloading[39m=[32m"lazy"[39m
                [33msrc[39m=[32m"/placeholder.png"[39m
              [36m/>[39m
            [36m</div>[39m
            [36m<div[39m
              [33mclass[39m=[32m"flex-1 flex flex-col p-3"[39m
            [36m>[39m
              [36m<div[39m
                [33mclass[39m=[32m"text-sm text-gray-500 mb-1"[39m
              [36m>[39m
                [0mCategory[0m
              [36m</div>[39m
              [36m<h3[39m
                [33mclass[39m=[32m"font-semibold text-base mb-1 truncate"[39m
                [33mtitle[39m=[32m"Test Product"[39m
              [36m>[39m
                [0mTest Product[0m
              [36m</h3>[39m
              [36m<div[39m
                [33mclass[39m=[32m"text-xs text-gray-400 mb-1"[39m
              [36m>[39m
                [0mBrand[0m
              [36m</div>[39m
              [36m<div[39m
                [33mclass[39m=[32m"flex items-center gap-2 mb-2"[39m
              [36m>[39m
                [36m<span[39m
                  [33mclass[39m=[32m"text-lg font-bold text-primary"[39m
                [36m>[39m
                  [0mKSh [0m
                  [0m100[0m
                [36m</span>[39m
              [36m</div>[39m
              [36m<div[39m
                [33mclass[39m=[32m"flex gap-2 mt-auto"[39m
              [36m>[39m
                [36m<button[39m
                  [33maria-label[39m=[32m"Add Test Product to cart"[39m
                  [33mclass[39m=[32m"bg-primary hover:bg-primary-dark text-white font-semibold py-2 px-4 rounded transition w-full opacity-100 group-hover:scale-105 group-hover:shadow-lg focus:opacity-100"[39m
                  [33mstyle[39m=[32m"transition: opacity 0.4s; opacity: 0; display: none;"[39m
                [36m>[39m
                  [0mAdd to Cart[0m
                [36m</button>[39m
                [36m<div[39m
                  [33maria-live[39m=[32m"polite"[39m
                  [33mstyle[39m=[32m"margin-top: 0.5rem; background: var(--success, #22c55e); color: white; padding: var(--space-2); border-radius: var(--radius-md); font-weight: 600; outline: none;"[39m
                  [33mtabindex[39m=[32m"-1"[39m
                [36m>[39m
                  [0mAdded to cart![0m
                [36m</div>[39m
                [36m<button[39m
                  [33maria-label[39m=[32m"Quick view Test Product"[39m
                  [33mclass[39m=[32m"bg-gray-100 hover:bg-gray-200 text-gray-700 font-semibold py-2 px-4 rounded transition w-full opacity-100 group-hover:scale-105 group-hover:shadow focus:opacity-100"[39m
                [36m>[39m
                  [0mQuick View[0m
                [36m</button>[39m
              [36m</div>[39m
            [36m</div>[39m
          [36m</article>[39m
        [36m</div>[39m
      [36m</body>[39m
    [36m</html>[39m

    [0m [90m 21 |[39m     [36mconst[39m addButton [33m=[39m screen[33m.[39mgetByLabelText([32m'Add Test Product to cart'[39m)[33m;[39m
     [90m 22 |[39m     fireEvent[33m.[39mclick(addButton)[33m;[39m
    [31m[1m>[22m[39m[90m 23 |[39m     [36mawait[39m waitFor(() [33m=>[39m expect(screen[33m.[39mqueryByLabelText([32m'Add Test Product to cart'[39m))[33m.[39mnot[33m.[39mtoBeInTheDocument()[33m,[39m { timeout[33m:[39m [35m1000[39m })[33m;[39m
     [90m    |[39m                                                                                         [31m[1m^[22m[39m
     [90m 24 |[39m     [36mconst[39m msg [33m=[39m [36mawait[39m screen[33m.[39mfindByText([35m/added to cart/i[39m)[33m;[39m
     [90m 25 |[39m     expect(msg)[33m.[39mtoBeInTheDocument()[33m;[39m
     [90m 26 |[39m     expect(document[33m.[39mactiveElement)[33m.[39mtoBe(msg)[33m;[39m[0m

      at toBeInTheDocument (src/components/ui/__tests__/ProductCard.test.js:23:89)
      at runWithExpensiveErrorDiagnosticsDisabled (node_modules/@testing-library/dom/dist/config.js:47:12)
      at checkCallback (node_modules/@testing-library/dom/dist/wait-for.js:124:77)
      at checkRealTimersCallback (node_modules/@testing-library/dom/dist/wait-for.js:118:16)

  console.error
    Error: Uncaught [TypeError: Cannot destructure property 'basename' of 'React__namespace.useContext(...)' as it is null.]
        at reportException (C:\EasyCart\frontend\node_modules\jest-environment-jsdom\node_modules\jsdom\lib\jsdom\living\helpers\runtime-script-errors.js:66:24)
        at innerInvokeEventListeners (C:\EasyCart\frontend\node_modules\jest-environment-jsdom\node_modules\jsdom\lib\jsdom\living\events\EventTarget-impl.js:353:9)
        at invokeEventListeners (C:\EasyCart\frontend\node_modules\jest-environment-jsdom\node_modules\jsdom\lib\jsdom\living\events\EventTarget-impl.js:286:3)
        at HTMLUnknownElementImpl._dispatch (C:\EasyCart\frontend\node_modules\jest-environment-jsdom\node_modules\jsdom\lib\jsdom\living\events\EventTarget-impl.js:233:9)
        at HTMLUnknownElementImpl.dispatchEvent (C:\EasyCart\frontend\node_modules\jest-environment-jsdom\node_modules\jsdom\lib\jsdom\living\events\EventTarget-impl.js:104:17)
        at HTMLUnknownElement.dispatchEvent (C:\EasyCart\frontend\node_modules\jest-environment-jsdom\node_modules\jsdom\lib\jsdom\living\generated\EventTarget.js:241:34)
        at Object.invokeGuardedCallbackDev (C:\EasyCart\frontend\node_modules\react-dom\cjs\react-dom.development.js:4213:16)
        at invokeGuardedCallback (C:\EasyCart\frontend\node_modules\react-dom\cjs\react-dom.development.js:4277:31)
        at beginWork$1 (C:\EasyCart\frontend\node_modules\react-dom\cjs\react-dom.development.js:27490:7)
        at performUnitOfWork (C:\EasyCart\frontend\node_modules\react-dom\cjs\react-dom.development.js:26599:12)
        at workLoopSync (C:\EasyCart\frontend\node_modules\react-dom\cjs\react-dom.development.js:26505:5)
        at renderRootSync (C:\EasyCart\frontend\node_modules\react-dom\cjs\react-dom.development.js:26473:7)
        at performSyncWorkOnRoot (C:\EasyCart\frontend\node_modules\react-dom\cjs\react-dom.development.js:26124:20)
        at flushSyncCallbacks (C:\EasyCart\frontend\node_modules\react-dom\cjs\react-dom.development.js:12042:22)
        at C:\EasyCart\frontend\node_modules\react-dom\cjs\react-dom.development.js:25690:13
        at invokeTheCallbackFunction (C:\EasyCart\frontend\node_modules\jest-environment-jsdom\node_modules\jsdom\lib\jsdom\living\generated\Function.js:19:26)
        at C:\EasyCart\frontend\node_modules\jest-environment-jsdom\node_modules\jsdom\lib\jsdom\browser\Window.js:613:9
        at node:internal/process/task_queues:151:7
        at AsyncResource.runInAsyncScope (node:async_hooks:214:14)
        at AsyncResource.runMicrotask (node:internal/process/task_queues:148:8) {
      detail: TypeError: Cannot destructure property 'basename' of 'React__namespace.useContext(...)' as it is null.
          at basename (C:\EasyCart\frontend\node_modules\react-router-dom\index.tsx:975:11)
          at renderWithHooks (C:\EasyCart\frontend\node_modules\react-dom\cjs\react-dom.development.js:15486:18)
          at updateForwardRef (C:\EasyCart\frontend\node_modules\react-dom\cjs\react-dom.development.js:19245:20)
          at beginWork (C:\EasyCart\frontend\node_modules\react-dom\cjs\react-dom.development.js:21675:16)
          at HTMLUnknownElement.callCallback (C:\EasyCart\frontend\node_modules\react-dom\cjs\react-dom.development.js:4164:14)
          at HTMLUnknownElement.callTheUserObjectsOperation (C:\EasyCart\frontend\node_modules\jest-environment-jsdom\node_modules\jsdom\lib\jsdom\living\generated\EventListener.js:26:30)
          at innerInvokeEventListeners (C:\EasyCart\frontend\node_modules\jest-environment-jsdom\node_modules\jsdom\lib\jsdom\living\events\EventTarget-impl.js:350:25)
          at invokeEventListeners (C:\EasyCart\frontend\node_modules\jest-environment-jsdom\node_modules\jsdom\lib\jsdom\living\events\EventTarget-impl.js:286:3)
          at HTMLUnknownElementImpl._dispatch (C:\EasyCart\frontend\node_modules\jest-environment-jsdom\node_modules\jsdom\lib\jsdom\living\events\EventTarget-impl.js:233:9)
          at HTMLUnknownElementImpl.dispatchEvent (C:\EasyCart\frontend\node_modules\jest-environment-jsdom\node_modules\jsdom\lib\jsdom\living\events\EventTarget-impl.js:104:17)
          at HTMLUnknownElement.dispatchEvent (C:\EasyCart\frontend\node_modules\jest-environment-jsdom\node_modules\jsdom\lib\jsdom\living\generated\EventTarget.js:241:34)
          at Object.invokeGuardedCallbackDev (C:\EasyCart\frontend\node_modules\react-dom\cjs\react-dom.development.js:4213:16)
          at invokeGuardedCallback (C:\EasyCart\frontend\node_modules\react-dom\cjs\react-dom.development.js:4277:31)
          at beginWork$1 (C:\EasyCart\frontend\node_modules\react-dom\cjs\react-dom.development.js:27490:7)
          at performUnitOfWork (C:\EasyCart\frontend\node_modules\react-dom\cjs\react-dom.development.js:26599:12)
          at workLoopSync (C:\EasyCart\frontend\node_modules\react-dom\cjs\react-dom.development.js:26505:5)
          at renderRootSync (C:\EasyCart\frontend\node_modules\react-dom\cjs\react-dom.development.js:26473:7)
          at performSyncWorkOnRoot (C:\EasyCart\frontend\node_modules\react-dom\cjs\react-dom.development.js:26124:20)
          at flushSyncCallbacks (C:\EasyCart\frontend\node_modules\react-dom\cjs\react-dom.development.js:12042:22)
          at C:\EasyCart\frontend\node_modules\react-dom\cjs\react-dom.development.js:25690:13
          at invokeTheCallbackFunction (C:\EasyCart\frontend\node_modules\jest-environment-jsdom\node_modules\jsdom\lib\jsdom\living\generated\Function.js:19:26)
          at C:\EasyCart\frontend\node_modules\jest-environment-jsdom\node_modules\jsdom\lib\jsdom\browser\Window.js:613:9
          at node:internal/process/task_queues:151:7
          at AsyncResource.runInAsyncScope (node:async_hooks:214:14)
          at AsyncResource.runMicrotask (node:internal/process/task_queues:148:8),
      type: 'unhandled exception'
    }

      at VirtualConsole.<anonymous> (node_modules/@jest/environment-jsdom-abstract/build/index.js:87:23)
      at Object.invokeGuardedCallbackDev (node_modules/react-dom/cjs/react-dom.development.js:4213:16)
      at invokeGuardedCallback (node_modules/react-dom/cjs/react-dom.development.js:4277:31)
      at beginWork$1 (node_modules/react-dom/cjs/react-dom.development.js:27490:7)
      at performUnitOfWork (node_modules/react-dom/cjs/react-dom.development.js:26599:12)
      at workLoopSync (node_modules/react-dom/cjs/react-dom.development.js:26505:5)
      at renderRootSync (node_modules/react-dom/cjs/react-dom.development.js:26473:7)
      at performSyncWorkOnRoot (node_modules/react-dom/cjs/react-dom.development.js:26124:20)
      at flushSyncCallbacks (node_modules/react-dom/cjs/react-dom.development.js:12042:22)
      at node_modules/react-dom/cjs/react-dom.development.js:25690:13

  console.error
    Error: Uncaught [TypeError: Cannot destructure property 'basename' of 'React__namespace.useContext(...)' as it is null.]
        at reportException (C:\EasyCart\frontend\node_modules\jest-environment-jsdom\node_modules\jsdom\lib\jsdom\living\helpers\runtime-script-errors.js:66:24)
        at innerInvokeEventListeners (C:\EasyCart\frontend\node_modules\jest-environment-jsdom\node_modules\jsdom\lib\jsdom\living\events\EventTarget-impl.js:353:9)
        at invokeEventListeners (C:\EasyCart\frontend\node_modules\jest-environment-jsdom\node_modules\jsdom\lib\jsdom\living\events\EventTarget-impl.js:286:3)
        at HTMLUnknownElementImpl._dispatch (C:\EasyCart\frontend\node_modules\jest-environment-jsdom\node_modules\jsdom\lib\jsdom\living\events\EventTarget-impl.js:233:9)
        at HTMLUnknownElementImpl.dispatchEvent (C:\EasyCart\frontend\node_modules\jest-environment-jsdom\node_modules\jsdom\lib\jsdom\living\events\EventTarget-impl.js:104:17)
        at HTMLUnknownElement.dispatchEvent (C:\EasyCart\frontend\node_modules\jest-environment-jsdom\node_modules\jsdom\lib\jsdom\living\generated\EventTarget.js:241:34)
        at Object.invokeGuardedCallbackDev (C:\EasyCart\frontend\node_modules\react-dom\cjs\react-dom.development.js:4213:16)
        at invokeGuardedCallback (C:\EasyCart\frontend\node_modules\react-dom\cjs\react-dom.development.js:4277:31)
        at beginWork$1 (C:\EasyCart\frontend\node_modules\react-dom\cjs\react-dom.development.js:27490:7)
        at performUnitOfWork (C:\EasyCart\frontend\node_modules\react-dom\cjs\react-dom.development.js:26599:12)
        at workLoopSync (C:\EasyCart\frontend\node_modules\react-dom\cjs\react-dom.development.js:26505:5)
        at renderRootSync (C:\EasyCart\frontend\node_modules\react-dom\cjs\react-dom.development.js:26473:7)
        at performSyncWorkOnRoot (C:\EasyCart\frontend\node_modules\react-dom\cjs\react-dom.development.js:26124:20)
        at flushSyncCallbacks (C:\EasyCart\frontend\node_modules\react-dom\cjs\react-dom.development.js:12042:22)
        at C:\EasyCart\frontend\node_modules\react-dom\cjs\react-dom.development.js:25690:13
        at invokeTheCallbackFunction (C:\EasyCart\frontend\node_modules\jest-environment-jsdom\node_modules\jsdom\lib\jsdom\living\generated\Function.js:19:26)
        at C:\EasyCart\frontend\node_modules\jest-environment-jsdom\node_modules\jsdom\lib\jsdom\browser\Window.js:613:9
        at node:internal/process/task_queues:151:7
        at AsyncResource.runInAsyncScope (node:async_hooks:214:14)
        at AsyncResource.runMicrotask (node:internal/process/task_queues:148:8) {
      detail: TypeError: Cannot destructure property 'basename' of 'React__namespace.useContext(...)' as it is null.
          at basename (C:\EasyCart\frontend\node_modules\react-router-dom\index.tsx:975:11)
          at renderWithHooks (C:\EasyCart\frontend\node_modules\react-dom\cjs\react-dom.development.js:15486:18)
          at updateForwardRef (C:\EasyCart\frontend\node_modules\react-dom\cjs\react-dom.development.js:19245:20)
          at beginWork (C:\EasyCart\frontend\node_modules\react-dom\cjs\react-dom.development.js:21675:16)
          at HTMLUnknownElement.callCallback (C:\EasyCart\frontend\node_modules\react-dom\cjs\react-dom.development.js:4164:14)
          at HTMLUnknownElement.callTheUserObjectsOperation (C:\EasyCart\frontend\node_modules\jest-environment-jsdom\node_modules\jsdom\lib\jsdom\living\generated\EventListener.js:26:30)
          at innerInvokeEventListeners (C:\EasyCart\frontend\node_modules\jest-environment-jsdom\node_modules\jsdom\lib\jsdom\living\events\EventTarget-impl.js:350:25)
          at invokeEventListeners (C:\EasyCart\frontend\node_modules\jest-environment-jsdom\node_modules\jsdom\lib\jsdom\living\events\EventTarget-impl.js:286:3)
          at HTMLUnknownElementImpl._dispatch (C:\EasyCart\frontend\node_modules\jest-environment-jsdom\node_modules\jsdom\lib\jsdom\living\events\EventTarget-impl.js:233:9)
          at HTMLUnknownElementImpl.dispatchEvent (C:\EasyCart\frontend\node_modules\jest-environment-jsdom\node_modules\jsdom\lib\jsdom\living\events\EventTarget-impl.js:104:17)
          at HTMLUnknownElement.dispatchEvent (C:\EasyCart\frontend\node_modules\jest-environment-jsdom\node_modules\jsdom\lib\jsdom\living\generated\EventTarget.js:241:34)
          at Object.invokeGuardedCallbackDev (C:\EasyCart\frontend\node_modules\react-dom\cjs\react-dom.development.js:4213:16)
          at invokeGuardedCallback (C:\EasyCart\frontend\node_modules\react-dom\cjs\react-dom.development.js:4277:31)
          at beginWork$1 (C:\EasyCart\frontend\node_modules\react-dom\cjs\react-dom.development.js:27490:7)
          at performUnitOfWork (C:\EasyCart\frontend\node_modules\react-dom\cjs\react-dom.development.js:26599:12)
          at workLoopSync (C:\EasyCart\frontend\node_modules\react-dom\cjs\react-dom.development.js:26505:5)
          at renderRootSync (C:\EasyCart\frontend\node_modules\react-dom\cjs\react-dom.development.js:26473:7)
          at performSyncWorkOnRoot (C:\EasyCart\frontend\node_modules\react-dom\cjs\react-dom.development.js:26124:20)
          at flushSyncCallbacks (C:\EasyCart\frontend\node_modules\react-dom\cjs\react-dom.development.js:12042:22)
          at C:\EasyCart\frontend\node_modules\react-dom\cjs\react-dom.development.js:25690:13
          at invokeTheCallbackFunction (C:\EasyCart\frontend\node_modules\jest-environment-jsdom\node_modules\jsdom\lib\jsdom\living\generated\Function.js:19:26)
          at C:\EasyCart\frontend\node_modules\jest-environment-jsdom\node_modules\jsdom\lib\jsdom\browser\Window.js:613:9
          at node:internal/process/task_queues:151:7
          at AsyncResource.runInAsyncScope (node:async_hooks:214:14)
          at AsyncResource.runMicrotask (node:internal/process/task_queues:148:8),
      type: 'unhandled exception'
    }

      at VirtualConsole.<anonymous> (node_modules/@jest/environment-jsdom-abstract/build/index.js:87:23)
      at Object.invokeGuardedCallbackDev (node_modules/react-dom/cjs/react-dom.development.js:4213:16)
      at invokeGuardedCallback (node_modules/react-dom/cjs/react-dom.development.js:4277:31)
      at beginWork$1 (node_modules/react-dom/cjs/react-dom.development.js:27490:7)
      at performUnitOfWork (node_modules/react-dom/cjs/react-dom.development.js:26599:12)
      at workLoopSync (node_modules/react-dom/cjs/react-dom.development.js:26505:5)
      at renderRootSync (node_modules/react-dom/cjs/react-dom.development.js:26473:7)
      at performSyncWorkOnRoot (node_modules/react-dom/cjs/react-dom.development.js:26124:20)
      at flushSyncCallbacks (node_modules/react-dom/cjs/react-dom.development.js:12042:22)
      at node_modules/react-dom/cjs/react-dom.development.js:25690:13

  console.error
    Error: Uncaught [TypeError: Cannot destructure property 'basename' of 'React__namespace.useContext(...)' as it is null.]
        at reportException (C:\EasyCart\frontend\node_modules\jest-environment-jsdom\node_modules\jsdom\lib\jsdom\living\helpers\runtime-script-errors.js:66:24)
        at innerInvokeEventListeners (C:\EasyCart\frontend\node_modules\jest-environment-jsdom\node_modules\jsdom\lib\jsdom\living\events\EventTarget-impl.js:353:9)
        at invokeEventListeners (C:\EasyCart\frontend\node_modules\jest-environment-jsdom\node_modules\jsdom\lib\jsdom\living\events\EventTarget-impl.js:286:3)
        at HTMLUnknownElementImpl._dispatch (C:\EasyCart\frontend\node_modules\jest-environment-jsdom\node_modules\jsdom\lib\jsdom\living\events\EventTarget-impl.js:233:9)
        at HTMLUnknownElementImpl.dispatchEvent (C:\EasyCart\frontend\node_modules\jest-environment-jsdom\node_modules\jsdom\lib\jsdom\living\events\EventTarget-impl.js:104:17)
        at HTMLUnknownElement.dispatchEvent (C:\EasyCart\frontend\node_modules\jest-environment-jsdom\node_modules\jsdom\lib\jsdom\living\generated\EventTarget.js:241:34)
        at Object.invokeGuardedCallbackDev (C:\EasyCart\frontend\node_modules\react-dom\cjs\react-dom.development.js:4213:16)
        at invokeGuardedCallback (C:\EasyCart\frontend\node_modules\react-dom\cjs\react-dom.development.js:4277:31)
        at beginWork$1 (C:\EasyCart\frontend\node_modules\react-dom\cjs\react-dom.development.js:27490:7)
        at performUnitOfWork (C:\EasyCart\frontend\node_modules\react-dom\cjs\react-dom.development.js:26599:12)
        at workLoopSync (C:\EasyCart\frontend\node_modules\react-dom\cjs\react-dom.development.js:26505:5)
        at renderRootSync (C:\EasyCart\frontend\node_modules\react-dom\cjs\react-dom.development.js:26473:7)
        at performSyncWorkOnRoot (C:\EasyCart\frontend\node_modules\react-dom\cjs\react-dom.development.js:26124:20)
        at flushSyncCallbacks (C:\EasyCart\frontend\node_modules\react-dom\cjs\react-dom.development.js:12042:22)
        at C:\EasyCart\frontend\node_modules\react-dom\cjs\react-dom.development.js:25690:13
        at invokeTheCallbackFunction (C:\EasyCart\frontend\node_modules\jest-environment-jsdom\node_modules\jsdom\lib\jsdom\living\generated\Function.js:19:26)
        at C:\EasyCart\frontend\node_modules\jest-environment-jsdom\node_modules\jsdom\lib\jsdom\browser\Window.js:613:9
        at node:internal/process/task_queues:151:7
        at AsyncResource.runInAsyncScope (node:async_hooks:214:14)
        at AsyncResource.runMicrotask (node:internal/process/task_queues:148:8) {
      detail: TypeError: Cannot destructure property 'basename' of 'React__namespace.useContext(...)' as it is null.
          at basename (C:\EasyCart\frontend\node_modules\react-router-dom\index.tsx:975:11)
          at renderWithHooks (C:\EasyCart\frontend\node_modules\react-dom\cjs\react-dom.development.js:15486:18)
          at updateForwardRef (C:\EasyCart\frontend\node_modules\react-dom\cjs\react-dom.development.js:19245:20)
          at beginWork (C:\EasyCart\frontend\node_modules\react-dom\cjs\react-dom.development.js:21675:16)
          at HTMLUnknownElement.callCallback (C:\EasyCart\frontend\node_modules\react-dom\cjs\react-dom.development.js:4164:14)
          at HTMLUnknownElement.callTheUserObjectsOperation (C:\EasyCart\frontend\node_modules\jest-environment-jsdom\node_modules\jsdom\lib\jsdom\living\generated\EventListener.js:26:30)
          at innerInvokeEventListeners (C:\EasyCart\frontend\node_modules\jest-environment-jsdom\node_modules\jsdom\lib\jsdom\living\events\EventTarget-impl.js:350:25)
          at invokeEventListeners (C:\EasyCart\frontend\node_modules\jest-environment-jsdom\node_modules\jsdom\lib\jsdom\living\events\EventTarget-impl.js:286:3)
          at HTMLUnknownElementImpl._dispatch (C:\EasyCart\frontend\node_modules\jest-environment-jsdom\node_modules\jsdom\lib\jsdom\living\events\EventTarget-impl.js:233:9)
          at HTMLUnknownElementImpl.dispatchEvent (C:\EasyCart\frontend\node_modules\jest-environment-jsdom\node_modules\jsdom\lib\jsdom\living\events\EventTarget-impl.js:104:17)
          at HTMLUnknownElement.dispatchEvent (C:\EasyCart\frontend\node_modules\jest-environment-jsdom\node_modules\jsdom\lib\jsdom\living\generated\EventTarget.js:241:34)
          at Object.invokeGuardedCallbackDev (C:\EasyCart\frontend\node_modules\react-dom\cjs\react-dom.development.js:4213:16)
          at invokeGuardedCallback (C:\EasyCart\frontend\node_modules\react-dom\cjs\react-dom.development.js:4277:31)
          at beginWork$1 (C:\EasyCart\frontend\node_modules\react-dom\cjs\react-dom.development.js:27490:7)
          at performUnitOfWork (C:\EasyCart\frontend\node_modules\react-dom\cjs\react-dom.development.js:26599:12)
          at workLoopSync (C:\EasyCart\frontend\node_modules\react-dom\cjs\react-dom.development.js:26505:5)
          at renderRootSync (C:\EasyCart\frontend\node_modules\react-dom\cjs\react-dom.development.js:26473:7)
          at performSyncWorkOnRoot (C:\EasyCart\frontend\node_modules\react-dom\cjs\react-dom.development.js:26124:20)
          at flushSyncCallbacks (C:\EasyCart\frontend\node_modules\react-dom\cjs\react-dom.development.js:12042:22)
          at C:\EasyCart\frontend\node_modules\react-dom\cjs\react-dom.development.js:25690:13
          at invokeTheCallbackFunction (C:\EasyCart\frontend\node_modules\jest-environment-jsdom\node_modules\jsdom\lib\jsdom\living\generated\Function.js:19:26)
          at C:\EasyCart\frontend\node_modules\jest-environment-jsdom\node_modules\jsdom\lib\jsdom\browser\Window.js:613:9
          at node:internal/process/task_queues:151:7
          at AsyncResource.runInAsyncScope (node:async_hooks:214:14)
          at AsyncResource.runMicrotask (node:internal/process/task_queues:148:8),
      type: 'unhandled exception'
    }

      at VirtualConsole.<anonymous> (node_modules/@jest/environment-jsdom-abstract/build/index.js:87:23)
      at Object.invokeGuardedCallbackDev (node_modules/react-dom/cjs/react-dom.development.js:4213:16)
      at invokeGuardedCallback (node_modules/react-dom/cjs/react-dom.development.js:4277:31)
      at beginWork$1 (node_modules/react-dom/cjs/react-dom.development.js:27490:7)
      at performUnitOfWork (node_modules/react-dom/cjs/react-dom.development.js:26599:12)
      at workLoopSync (node_modules/react-dom/cjs/react-dom.development.js:26505:5)
      at renderRootSync (node_modules/react-dom/cjs/react-dom.development.js:26473:7)
      at performSyncWorkOnRoot (node_modules/react-dom/cjs/react-dom.development.js:26124:20)
      at flushSyncCallbacks (node_modules/react-dom/cjs/react-dom.development.js:12042:22)
      at node_modules/react-dom/cjs/react-dom.development.js:25690:13

  console.error
    Error: Uncaught [TypeError: Cannot destructure property 'basename' of 'React__namespace.useContext(...)' as it is null.]
        at reportException (C:\EasyCart\frontend\node_modules\jest-environment-jsdom\node_modules\jsdom\lib\jsdom\living\helpers\runtime-script-errors.js:66:24)
        at innerInvokeEventListeners (C:\EasyCart\frontend\node_modules\jest-environment-jsdom\node_modules\jsdom\lib\jsdom\living\events\EventTarget-impl.js:353:9)
        at invokeEventListeners (C:\EasyCart\frontend\node_modules\jest-environment-jsdom\node_modules\jsdom\lib\jsdom\living\events\EventTarget-impl.js:286:3)
        at HTMLUnknownElementImpl._dispatch (C:\EasyCart\frontend\node_modules\jest-environment-jsdom\node_modules\jsdom\lib\jsdom\living\events\EventTarget-impl.js:233:9)
        at HTMLUnknownElementImpl.dispatchEvent (C:\EasyCart\frontend\node_modules\jest-environment-jsdom\node_modules\jsdom\lib\jsdom\living\events\EventTarget-impl.js:104:17)
        at HTMLUnknownElement.dispatchEvent (C:\EasyCart\frontend\node_modules\jest-environment-jsdom\node_modules\jsdom\lib\jsdom\living\generated\EventTarget.js:241:34)
        at Object.invokeGuardedCallbackDev (C:\EasyCart\frontend\node_modules\react-dom\cjs\react-dom.development.js:4213:16)
        at invokeGuardedCallback (C:\EasyCart\frontend\node_modules\react-dom\cjs\react-dom.development.js:4277:31)
        at beginWork$1 (C:\EasyCart\frontend\node_modules\react-dom\cjs\react-dom.development.js:27490:7)
        at performUnitOfWork (C:\EasyCart\frontend\node_modules\react-dom\cjs\react-dom.development.js:26599:12)
        at workLoopSync (C:\EasyCart\frontend\node_modules\react-dom\cjs\react-dom.development.js:26505:5)
        at renderRootSync (C:\EasyCart\frontend\node_modules\react-dom\cjs\react-dom.development.js:26473:7)
        at performSyncWorkOnRoot (C:\EasyCart\frontend\node_modules\react-dom\cjs\react-dom.development.js:26124:20)
        at flushSyncCallbacks (C:\EasyCart\frontend\node_modules\react-dom\cjs\react-dom.development.js:12042:22)
        at C:\EasyCart\frontend\node_modules\react-dom\cjs\react-dom.development.js:25690:13
        at invokeTheCallbackFunction (C:\EasyCart\frontend\node_modules\jest-environment-jsdom\node_modules\jsdom\lib\jsdom\living\generated\Function.js:19:26)
        at C:\EasyCart\frontend\node_modules\jest-environment-jsdom\node_modules\jsdom\lib\jsdom\browser\Window.js:613:9
        at node:internal/process/task_queues:151:7
        at AsyncResource.runInAsyncScope (node:async_hooks:214:14)
        at AsyncResource.runMicrotask (node:internal/process/task_queues:148:8) {
      detail: TypeError: Cannot destructure property 'basename' of 'React__namespace.useContext(...)' as it is null.
          at basename (C:\EasyCart\frontend\node_modules\react-router-dom\index.tsx:975:11)
          at renderWithHooks (C:\EasyCart\frontend\node_modules\react-dom\cjs\react-dom.development.js:15486:18)
          at updateForwardRef (C:\EasyCart\frontend\node_modules\react-dom\cjs\react-dom.development.js:19245:20)
          at beginWork (C:\EasyCart\frontend\node_modules\react-dom\cjs\react-dom.development.js:21675:16)
          at HTMLUnknownElement.callCallback (C:\EasyCart\frontend\node_modules\react-dom\cjs\react-dom.development.js:4164:14)
          at HTMLUnknownElement.callTheUserObjectsOperation (C:\EasyCart\frontend\node_modules\jest-environment-jsdom\node_modules\jsdom\lib\jsdom\living\generated\EventListener.js:26:30)
          at innerInvokeEventListeners (C:\EasyCart\frontend\node_modules\jest-environment-jsdom\node_modules\jsdom\lib\jsdom\living\events\EventTarget-impl.js:350:25)
          at invokeEventListeners (C:\EasyCart\frontend\node_modules\jest-environment-jsdom\node_modules\jsdom\lib\jsdom\living\events\EventTarget-impl.js:286:3)
          at HTMLUnknownElementImpl._dispatch (C:\EasyCart\frontend\node_modules\jest-environment-jsdom\node_modules\jsdom\lib\jsdom\living\events\EventTarget-impl.js:233:9)
          at HTMLUnknownElementImpl.dispatchEvent (C:\EasyCart\frontend\node_modules\jest-environment-jsdom\node_modules\jsdom\lib\jsdom\living\events\EventTarget-impl.js:104:17)
          at HTMLUnknownElement.dispatchEvent (C:\EasyCart\frontend\node_modules\jest-environment-jsdom\node_modules\jsdom\lib\jsdom\living\generated\EventTarget.js:241:34)
          at Object.invokeGuardedCallbackDev (C:\EasyCart\frontend\node_modules\react-dom\cjs\react-dom.development.js:4213:16)
          at invokeGuardedCallback (C:\EasyCart\frontend\node_modules\react-dom\cjs\react-dom.development.js:4277:31)
          at beginWork$1 (C:\EasyCart\frontend\node_modules\react-dom\cjs\react-dom.development.js:27490:7)
          at performUnitOfWork (C:\EasyCart\frontend\node_modules\react-dom\cjs\react-dom.development.js:26599:12)
          at workLoopSync (C:\EasyCart\frontend\node_modules\react-dom\cjs\react-dom.development.js:26505:5)
          at renderRootSync (C:\EasyCart\frontend\node_modules\react-dom\cjs\react-dom.development.js:26473:7)
          at performSyncWorkOnRoot (C:\EasyCart\frontend\node_modules\react-dom\cjs\react-dom.development.js:26124:20)
          at flushSyncCallbacks (C:\EasyCart\frontend\node_modules\react-dom\cjs\react-dom.development.js:12042:22)
          at C:\EasyCart\frontend\node_modules\react-dom\cjs\react-dom.development.js:25690:13
          at invokeTheCallbackFunction (C:\EasyCart\frontend\node_modules\jest-environment-jsdom\node_modules\jsdom\lib\jsdom\living\generated\Function.js:19:26)
          at C:\EasyCart\frontend\node_modules\jest-environment-jsdom\node_modules\jsdom\lib\jsdom\browser\Window.js:613:9
          at node:internal/process/task_queues:151:7
          at AsyncResource.runInAsyncScope (node:async_hooks:214:14)
          at AsyncResource.runMicrotask (node:internal/process/task_queues:148:8),
      type: 'unhandled exception'
    }

      at VirtualConsole.<anonymous> (node_modules/@jest/environment-jsdom-abstract/build/index.js:87:23)
      at Object.invokeGuardedCallbackDev (node_modules/react-dom/cjs/react-dom.development.js:4213:16)
      at invokeGuardedCallback (node_modules/react-dom/cjs/react-dom.development.js:4277:31)
      at beginWork$1 (node_modules/react-dom/cjs/react-dom.development.js:27490:7)
      at performUnitOfWork (node_modules/react-dom/cjs/react-dom.development.js:26599:12)
      at workLoopSync (node_modules/react-dom/cjs/react-dom.development.js:26505:5)
      at renderRootSync (node_modules/react-dom/cjs/react-dom.development.js:26473:7)
      at performSyncWorkOnRoot (node_modules/react-dom/cjs/react-dom.development.js:26124:20)
      at flushSyncCallbacks (node_modules/react-dom/cjs/react-dom.development.js:12042:22)
      at node_modules/react-dom/cjs/react-dom.development.js:25690:13

  console.error
    Error: Uncaught [TypeError: Cannot destructure property 'basename' of 'React__namespace.useContext(...)' as it is null.]
        at reportException (C:\EasyCart\frontend\node_modules\jest-environment-jsdom\node_modules\jsdom\lib\jsdom\living\helpers\runtime-script-errors.js:66:24)
        at innerInvokeEventListeners (C:\EasyCart\frontend\node_modules\jest-environment-jsdom\node_modules\jsdom\lib\jsdom\living\events\EventTarget-impl.js:353:9)
        at invokeEventListeners (C:\EasyCart\frontend\node_modules\jest-environment-jsdom\node_modules\jsdom\lib\jsdom\living\events\EventTarget-impl.js:286:3)
        at HTMLUnknownElementImpl._dispatch (C:\EasyCart\frontend\node_modules\jest-environment-jsdom\node_modules\jsdom\lib\jsdom\living\events\EventTarget-impl.js:233:9)
        at HTMLUnknownElementImpl.dispatchEvent (C:\EasyCart\frontend\node_modules\jest-environment-jsdom\node_modules\jsdom\lib\jsdom\living\events\EventTarget-impl.js:104:17)
        at HTMLUnknownElement.dispatchEvent (C:\EasyCart\frontend\node_modules\jest-environment-jsdom\node_modules\jsdom\lib\jsdom\living\generated\EventTarget.js:241:34)
        at Object.invokeGuardedCallbackDev (C:\EasyCart\frontend\node_modules\react-dom\cjs\react-dom.development.js:4213:16)
        at invokeGuardedCallback (C:\EasyCart\frontend\node_modules\react-dom\cjs\react-dom.development.js:4277:31)
        at beginWork$1 (C:\EasyCart\frontend\node_modules\react-dom\cjs\react-dom.development.js:27490:7)
        at performUnitOfWork (C:\EasyCart\frontend\node_modules\react-dom\cjs\react-dom.development.js:26599:12)
        at workLoopSync (C:\EasyCart\frontend\node_modules\react-dom\cjs\react-dom.development.js:26505:5)
        at renderRootSync (C:\EasyCart\frontend\node_modules\react-dom\cjs\react-dom.development.js:26473:7)
        at recoverFromConcurrentError (C:\EasyCart\frontend\node_modules\react-dom\cjs\react-dom.development.js:25889:20)
        at performSyncWorkOnRoot (C:\EasyCart\frontend\node_modules\react-dom\cjs\react-dom.development.js:26135:20)
        at flushSyncCallbacks (C:\EasyCart\frontend\node_modules\react-dom\cjs\react-dom.development.js:12042:22)
        at C:\EasyCart\frontend\node_modules\react-dom\cjs\react-dom.development.js:25690:13
        at invokeTheCallbackFunction (C:\EasyCart\frontend\node_modules\jest-environment-jsdom\node_modules\jsdom\lib\jsdom\living\generated\Function.js:19:26)
        at C:\EasyCart\frontend\node_modules\jest-environment-jsdom\node_modules\jsdom\lib\jsdom\browser\Window.js:613:9
        at node:internal/process/task_queues:151:7
        at AsyncResource.runInAsyncScope (node:async_hooks:214:14)
        at AsyncResource.runMicrotask (node:internal/process/task_queues:148:8) {
      detail: TypeError: Cannot destructure property 'basename' of 'React__namespace.useContext(...)' as it is null.
          at basename (C:\EasyCart\frontend\node_modules\react-router-dom\index.tsx:975:11)
          at renderWithHooks (C:\EasyCart\frontend\node_modules\react-dom\cjs\react-dom.development.js:15486:18)
          at updateForwardRef (C:\EasyCart\frontend\node_modules\react-dom\cjs\react-dom.development.js:19245:20)
          at beginWork (C:\EasyCart\frontend\node_modules\react-dom\cjs\react-dom.development.js:21675:16)
          at HTMLUnknownElement.callCallback (C:\EasyCart\frontend\node_modules\react-dom\cjs\react-dom.development.js:4164:14)
          at HTMLUnknownElement.callTheUserObjectsOperation (C:\EasyCart\frontend\node_modules\jest-environment-jsdom\node_modules\jsdom\lib\jsdom\living\generated\EventListener.js:26:30)
          at innerInvokeEventListeners (C:\EasyCart\frontend\node_modules\jest-environment-jsdom\node_modules\jsdom\lib\jsdom\living\events\EventTarget-impl.js:350:25)
          at invokeEventListeners (C:\EasyCart\frontend\node_modules\jest-environment-jsdom\node_modules\jsdom\lib\jsdom\living\events\EventTarget-impl.js:286:3)
          at HTMLUnknownElementImpl._dispatch (C:\EasyCart\frontend\node_modules\jest-environment-jsdom\node_modules\jsdom\lib\jsdom\living\events\EventTarget-impl.js:233:9)
          at HTMLUnknownElementImpl.dispatchEvent (C:\EasyCart\frontend\node_modules\jest-environment-jsdom\node_modules\jsdom\lib\jsdom\living\events\EventTarget-impl.js:104:17)
          at HTMLUnknownElement.dispatchEvent (C:\EasyCart\frontend\node_modules\jest-environment-jsdom\node_modules\jsdom\lib\jsdom\living\generated\EventTarget.js:241:34)
          at Object.invokeGuardedCallbackDev (C:\EasyCart\frontend\node_modules\react-dom\cjs\react-dom.development.js:4213:16)
          at invokeGuardedCallback (C:\EasyCart\frontend\node_modules\react-dom\cjs\react-dom.development.js:4277:31)
          at beginWork$1 (C:\EasyCart\frontend\node_modules\react-dom\cjs\react-dom.development.js:27490:7)
          at performUnitOfWork (C:\EasyCart\frontend\node_modules\react-dom\cjs\react-dom.development.js:26599:12)
          at workLoopSync (C:\EasyCart\frontend\node_modules\react-dom\cjs\react-dom.development.js:26505:5)
          at renderRootSync (C:\EasyCart\frontend\node_modules\react-dom\cjs\react-dom.development.js:26473:7)
          at recoverFromConcurrentError (C:\EasyCart\frontend\node_modules\react-dom\cjs\react-dom.development.js:25889:20)
          at performSyncWorkOnRoot (C:\EasyCart\frontend\node_modules\react-dom\cjs\react-dom.development.js:26135:20)
          at flushSyncCallbacks (C:\EasyCart\frontend\node_modules\react-dom\cjs\react-dom.development.js:12042:22)
          at C:\EasyCart\frontend\node_modules\react-dom\cjs\react-dom.development.js:25690:13
          at invokeTheCallbackFunction (C:\EasyCart\frontend\node_modules\jest-environment-jsdom\node_modules\jsdom\lib\jsdom\living\generated\Function.js:19:26)
          at C:\EasyCart\frontend\node_modules\jest-environment-jsdom\node_modules\jsdom\lib\jsdom\browser\Window.js:613:9
          at node:internal/process/task_queues:151:7
          at AsyncResource.runInAsyncScope (node:async_hooks:214:14)
          at AsyncResource.runMicrotask (node:internal/process/task_queues:148:8),
      type: 'unhandled exception'
    }

      at VirtualConsole.<anonymous> (node_modules/@jest/environment-jsdom-abstract/build/index.js:87:23)
      at Object.invokeGuardedCallbackDev (node_modules/react-dom/cjs/react-dom.development.js:4213:16)
      at invokeGuardedCallback (node_modules/react-dom/cjs/react-dom.development.js:4277:31)
      at beginWork$1 (node_modules/react-dom/cjs/react-dom.development.js:27490:7)
      at performUnitOfWork (node_modules/react-dom/cjs/react-dom.development.js:26599:12)
      at workLoopSync (node_modules/react-dom/cjs/react-dom.development.js:26505:5)
      at renderRootSync (node_modules/react-dom/cjs/react-dom.development.js:26473:7)
      at recoverFromConcurrentError (node_modules/react-dom/cjs/react-dom.development.js:25889:20)
      at performSyncWorkOnRoot (node_modules/react-dom/cjs/react-dom.development.js:26135:20)
      at flushSyncCallbacks (node_modules/react-dom/cjs/react-dom.development.js:12042:22)
      at node_modules/react-dom/cjs/react-dom.development.js:25690:13

  console.error
    Error: Uncaught [TypeError: Cannot destructure property 'basename' of 'React__namespace.useContext(...)' as it is null.]
        at reportException (C:\EasyCart\frontend\node_modules\jest-environment-jsdom\node_modules\jsdom\lib\jsdom\living\helpers\runtime-script-errors.js:66:24)
        at innerInvokeEventListeners (C:\EasyCart\frontend\node_modules\jest-environment-jsdom\node_modules\jsdom\lib\jsdom\living\events\EventTarget-impl.js:353:9)
        at invokeEventListeners (C:\EasyCart\frontend\node_modules\jest-environment-jsdom\node_modules\jsdom\lib\jsdom\living\events\EventTarget-impl.js:286:3)
        at HTMLUnknownElementImpl._dispatch (C:\EasyCart\frontend\node_modules\jest-environment-jsdom\node_modules\jsdom\lib\jsdom\living\events\EventTarget-impl.js:233:9)
        at HTMLUnknownElementImpl.dispatchEvent (C:\EasyCart\frontend\node_modules\jest-environment-jsdom\node_modules\jsdom\lib\jsdom\living\events\EventTarget-impl.js:104:17)
        at HTMLUnknownElement.dispatchEvent (C:\EasyCart\frontend\node_modules\jest-environment-jsdom\node_modules\jsdom\lib\jsdom\living\generated\EventTarget.js:241:34)
        at Object.invokeGuardedCallbackDev (C:\EasyCart\frontend\node_modules\react-dom\cjs\react-dom.development.js:4213:16)
        at invokeGuardedCallback (C:\EasyCart\frontend\node_modules\react-dom\cjs\react-dom.development.js:4277:31)
        at beginWork$1 (C:\EasyCart\frontend\node_modules\react-dom\cjs\react-dom.development.js:27490:7)
        at performUnitOfWork (C:\EasyCart\frontend\node_modules\react-dom\cjs\react-dom.development.js:26599:12)
        at workLoopSync (C:\EasyCart\frontend\node_modules\react-dom\cjs\react-dom.development.js:26505:5)
        at renderRootSync (C:\EasyCart\frontend\node_modules\react-dom\cjs\react-dom.development.js:26473:7)
        at recoverFromConcurrentError (C:\EasyCart\frontend\node_modules\react-dom\cjs\react-dom.development.js:25889:20)
        at performSyncWorkOnRoot (C:\EasyCart\frontend\node_modules\react-dom\cjs\react-dom.development.js:26135:20)
        at flushSyncCallbacks (C:\EasyCart\frontend\node_modules\react-dom\cjs\react-dom.development.js:12042:22)
        at C:\EasyCart\frontend\node_modules\react-dom\cjs\react-dom.development.js:25690:13
        at invokeTheCallbackFunction (C:\EasyCart\frontend\node_modules\jest-environment-jsdom\node_modules\jsdom\lib\jsdom\living\generated\Function.js:19:26)
        at C:\EasyCart\frontend\node_modules\jest-environment-jsdom\node_modules\jsdom\lib\jsdom\browser\Window.js:613:9
        at node:internal/process/task_queues:151:7
        at AsyncResource.runInAsyncScope (node:async_hooks:214:14)
        at AsyncResource.runMicrotask (node:internal/process/task_queues:148:8) {
      detail: TypeError: Cannot destructure property 'basename' of 'React__namespace.useContext(...)' as it is null.
          at basename (C:\EasyCart\frontend\node_modules\react-router-dom\index.tsx:975:11)
          at renderWithHooks (C:\EasyCart\frontend\node_modules\react-dom\cjs\react-dom.development.js:15486:18)
          at updateForwardRef (C:\EasyCart\frontend\node_modules\react-dom\cjs\react-dom.development.js:19245:20)
          at beginWork (C:\EasyCart\frontend\node_modules\react-dom\cjs\react-dom.development.js:21675:16)
          at HTMLUnknownElement.callCallback (C:\EasyCart\frontend\node_modules\react-dom\cjs\react-dom.development.js:4164:14)
          at HTMLUnknownElement.callTheUserObjectsOperation (C:\EasyCart\frontend\node_modules\jest-environment-jsdom\node_modules\jsdom\lib\jsdom\living\generated\EventListener.js:26:30)
          at innerInvokeEventListeners (C:\EasyCart\frontend\node_modules\jest-environment-jsdom\node_modules\jsdom\lib\jsdom\living\events\EventTarget-impl.js:350:25)
          at invokeEventListeners (C:\EasyCart\frontend\node_modules\jest-environment-jsdom\node_modules\jsdom\lib\jsdom\living\events\EventTarget-impl.js:286:3)
          at HTMLUnknownElementImpl._dispatch (C:\EasyCart\frontend\node_modules\jest-environment-jsdom\node_modules\jsdom\lib\jsdom\living\events\EventTarget-impl.js:233:9)
          at HTMLUnknownElementImpl.dispatchEvent (C:\EasyCart\frontend\node_modules\jest-environment-jsdom\node_modules\jsdom\lib\jsdom\living\events\EventTarget-impl.js:104:17)
          at HTMLUnknownElement.dispatchEvent (C:\EasyCart\frontend\node_modules\jest-environment-jsdom\node_modules\jsdom\lib\jsdom\living\generated\EventTarget.js:241:34)
          at Object.invokeGuardedCallbackDev (C:\EasyCart\frontend\node_modules\react-dom\cjs\react-dom.development.js:4213:16)
          at invokeGuardedCallback (C:\EasyCart\frontend\node_modules\react-dom\cjs\react-dom.development.js:4277:31)
          at beginWork$1 (C:\EasyCart\frontend\node_modules\react-dom\cjs\react-dom.development.js:27490:7)
          at performUnitOfWork (C:\EasyCart\frontend\node_modules\react-dom\cjs\react-dom.development.js:26599:12)
          at workLoopSync (C:\EasyCart\frontend\node_modules\react-dom\cjs\react-dom.development.js:26505:5)
          at renderRootSync (C:\EasyCart\frontend\node_modules\react-dom\cjs\react-dom.development.js:26473:7)
          at recoverFromConcurrentError (C:\EasyCart\frontend\node_modules\react-dom\cjs\react-dom.development.js:25889:20)
          at performSyncWorkOnRoot (C:\EasyCart\frontend\node_modules\react-dom\cjs\react-dom.development.js:26135:20)
          at flushSyncCallbacks (C:\EasyCart\frontend\node_modules\react-dom\cjs\react-dom.development.js:12042:22)
          at C:\EasyCart\frontend\node_modules\react-dom\cjs\react-dom.development.js:25690:13
          at invokeTheCallbackFunction (C:\EasyCart\frontend\node_modules\jest-environment-jsdom\node_modules\jsdom\lib\jsdom\living\generated\Function.js:19:26)
          at C:\EasyCart\frontend\node_modules\jest-environment-jsdom\node_modules\jsdom\lib\jsdom\browser\Window.js:613:9
          at node:internal/process/task_queues:151:7
          at AsyncResource.runInAsyncScope (node:async_hooks:214:14)
          at AsyncResource.runMicrotask (node:internal/process/task_queues:148:8),
      type: 'unhandled exception'
    }

      at VirtualConsole.<anonymous> (node_modules/@jest/environment-jsdom-abstract/build/index.js:87:23)
      at Object.invokeGuardedCallbackDev (node_modules/react-dom/cjs/react-dom.development.js:4213:16)
      at invokeGuardedCallback (node_modules/react-dom/cjs/react-dom.development.js:4277:31)
      at beginWork$1 (node_modules/react-dom/cjs/react-dom.development.js:27490:7)
      at performUnitOfWork (node_modules/react-dom/cjs/react-dom.development.js:26599:12)
      at workLoopSync (node_modules/react-dom/cjs/react-dom.development.js:26505:5)
      at renderRootSync (node_modules/react-dom/cjs/react-dom.development.js:26473:7)
      at recoverFromConcurrentError (node_modules/react-dom/cjs/react-dom.development.js:25889:20)
      at performSyncWorkOnRoot (node_modules/react-dom/cjs/react-dom.development.js:26135:20)
      at flushSyncCallbacks (node_modules/react-dom/cjs/react-dom.development.js:12042:22)
      at node_modules/react-dom/cjs/react-dom.development.js:25690:13

  console.error
    Error: Uncaught [TypeError: Cannot destructure property 'basename' of 'React__namespace.useContext(...)' as it is null.]
        at reportException (C:\EasyCart\frontend\node_modules\jest-environment-jsdom\node_modules\jsdom\lib\jsdom\living\helpers\runtime-script-errors.js:66:24)
        at innerInvokeEventListeners (C:\EasyCart\frontend\node_modules\jest-environment-jsdom\node_modules\jsdom\lib\jsdom\living\events\EventTarget-impl.js:353:9)
        at invokeEventListeners (C:\EasyCart\frontend\node_modules\jest-environment-jsdom\node_modules\jsdom\lib\jsdom\living\events\EventTarget-impl.js:286:3)
        at HTMLUnknownElementImpl._dispatch (C:\EasyCart\frontend\node_modules\jest-environment-jsdom\node_modules\jsdom\lib\jsdom\living\events\EventTarget-impl.js:233:9)
        at HTMLUnknownElementImpl.dispatchEvent (C:\EasyCart\frontend\node_modules\jest-environment-jsdom\node_modules\jsdom\lib\jsdom\living\events\EventTarget-impl.js:104:17)
        at HTMLUnknownElement.dispatchEvent (C:\EasyCart\frontend\node_modules\jest-environment-jsdom\node_modules\jsdom\lib\jsdom\living\generated\EventTarget.js:241:34)
        at Object.invokeGuardedCallbackDev (C:\EasyCart\frontend\node_modules\react-dom\cjs\react-dom.development.js:4213:16)
        at invokeGuardedCallback (C:\EasyCart\frontend\node_modules\react-dom\cjs\react-dom.development.js:4277:31)
        at beginWork$1 (C:\EasyCart\frontend\node_modules\react-dom\cjs\react-dom.development.js:27490:7)
        at performUnitOfWork (C:\EasyCart\frontend\node_modules\react-dom\cjs\react-dom.development.js:26599:12)
        at workLoopSync (C:\EasyCart\frontend\node_modules\react-dom\cjs\react-dom.development.js:26505:5)
        at renderRootSync (C:\EasyCart\frontend\node_modules\react-dom\cjs\react-dom.development.js:26473:7)
        at recoverFromConcurrentError (C:\EasyCart\frontend\node_modules\react-dom\cjs\react-dom.development.js:25889:20)
        at performSyncWorkOnRoot (C:\EasyCart\frontend\node_modules\react-dom\cjs\react-dom.development.js:26135:20)
        at flushSyncCallbacks (C:\EasyCart\frontend\node_modules\react-dom\cjs\react-dom.development.js:12042:22)
        at C:\EasyCart\frontend\node_modules\react-dom\cjs\react-dom.development.js:25690:13
        at invokeTheCallbackFunction (C:\EasyCart\frontend\node_modules\jest-environment-jsdom\node_modules\jsdom\lib\jsdom\living\generated\Function.js:19:26)
        at C:\EasyCart\frontend\node_modules\jest-environment-jsdom\node_modules\jsdom\lib\jsdom\browser\Window.js:613:9
        at node:internal/process/task_queues:151:7
        at AsyncResource.runInAsyncScope (node:async_hooks:214:14)
        at AsyncResource.runMicrotask (node:internal/process/task_queues:148:8) {
      detail: TypeError: Cannot destructure property 'basename' of 'React__namespace.useContext(...)' as it is null.
          at basename (C:\EasyCart\frontend\node_modules\react-router-dom\index.tsx:975:11)
          at renderWithHooks (C:\EasyCart\frontend\node_modules\react-dom\cjs\react-dom.development.js:15486:18)
          at updateForwardRef (C:\EasyCart\frontend\node_modules\react-dom\cjs\react-dom.development.js:19245:20)
          at beginWork (C:\EasyCart\frontend\node_modules\react-dom\cjs\react-dom.development.js:21675:16)
          at HTMLUnknownElement.callCallback (C:\EasyCart\frontend\node_modules\react-dom\cjs\react-dom.development.js:4164:14)
          at HTMLUnknownElement.callTheUserObjectsOperation (C:\EasyCart\frontend\node_modules\jest-environment-jsdom\node_modules\jsdom\lib\jsdom\living\generated\EventListener.js:26:30)
          at innerInvokeEventListeners (C:\EasyCart\frontend\node_modules\jest-environment-jsdom\node_modules\jsdom\lib\jsdom\living\events\EventTarget-impl.js:350:25)
          at invokeEventListeners (C:\EasyCart\frontend\node_modules\jest-environment-jsdom\node_modules\jsdom\lib\jsdom\living\events\EventTarget-impl.js:286:3)
          at HTMLUnknownElementImpl._dispatch (C:\EasyCart\frontend\node_modules\jest-environment-jsdom\node_modules\jsdom\lib\jsdom\living\events\EventTarget-impl.js:233:9)
          at HTMLUnknownElementImpl.dispatchEvent (C:\EasyCart\frontend\node_modules\jest-environment-jsdom\node_modules\jsdom\lib\jsdom\living\events\EventTarget-impl.js:104:17)
          at HTMLUnknownElement.dispatchEvent (C:\EasyCart\frontend\node_modules\jest-environment-jsdom\node_modules\jsdom\lib\jsdom\living\generated\EventTarget.js:241:34)
          at Object.invokeGuardedCallbackDev (C:\EasyCart\frontend\node_modules\react-dom\cjs\react-dom.development.js:4213:16)
          at invokeGuardedCallback (C:\EasyCart\frontend\node_modules\react-dom\cjs\react-dom.development.js:4277:31)
          at beginWork$1 (C:\EasyCart\frontend\node_modules\react-dom\cjs\react-dom.development.js:27490:7)
          at performUnitOfWork (C:\EasyCart\frontend\node_modules\react-dom\cjs\react-dom.development.js:26599:12)
          at workLoopSync (C:\EasyCart\frontend\node_modules\react-dom\cjs\react-dom.development.js:26505:5)
          at renderRootSync (C:\EasyCart\frontend\node_modules\react-dom\cjs\react-dom.development.js:26473:7)
          at recoverFromConcurrentError (C:\EasyCart\frontend\node_modules\react-dom\cjs\react-dom.development.js:25889:20)
          at performSyncWorkOnRoot (C:\EasyCart\frontend\node_modules\react-dom\cjs\react-dom.development.js:26135:20)
          at flushSyncCallbacks (C:\EasyCart\frontend\node_modules\react-dom\cjs\react-dom.development.js:12042:22)
          at C:\EasyCart\frontend\node_modules\react-dom\cjs\react-dom.development.js:25690:13
          at invokeTheCallbackFunction (C:\EasyCart\frontend\node_modules\jest-environment-jsdom\node_modules\jsdom\lib\jsdom\living\generated\Function.js:19:26)
          at C:\EasyCart\frontend\node_modules\jest-environment-jsdom\node_modules\jsdom\lib\jsdom\browser\Window.js:613:9
          at node:internal/process/task_queues:151:7
          at AsyncResource.runInAsyncScope (node:async_hooks:214:14)
          at AsyncResource.runMicrotask (node:internal/process/task_queues:148:8),
      type: 'unhandled exception'
    }

      at VirtualConsole.<anonymous> (node_modules/@jest/environment-jsdom-abstract/build/index.js:87:23)
      at Object.invokeGuardedCallbackDev (node_modules/react-dom/cjs/react-dom.development.js:4213:16)
      at invokeGuardedCallback (node_modules/react-dom/cjs/react-dom.development.js:4277:31)
      at beginWork$1 (node_modules/react-dom/cjs/react-dom.development.js:27490:7)
      at performUnitOfWork (node_modules/react-dom/cjs/react-dom.development.js:26599:12)
      at workLoopSync (node_modules/react-dom/cjs/react-dom.development.js:26505:5)
      at renderRootSync (node_modules/react-dom/cjs/react-dom.development.js:26473:7)
      at recoverFromConcurrentError (node_modules/react-dom/cjs/react-dom.development.js:25889:20)
      at performSyncWorkOnRoot (node_modules/react-dom/cjs/react-dom.development.js:26135:20)
      at flushSyncCallbacks (node_modules/react-dom/cjs/react-dom.development.js:12042:22)
      at node_modules/react-dom/cjs/react-dom.development.js:25690:13

  console.error
    Error: Uncaught [TypeError: Cannot destructure property 'basename' of 'React__namespace.useContext(...)' as it is null.]
        at reportException (C:\EasyCart\frontend\node_modules\jest-environment-jsdom\node_modules\jsdom\lib\jsdom\living\helpers\runtime-script-errors.js:66:24)
        at innerInvokeEventListeners (C:\EasyCart\frontend\node_modules\jest-environment-jsdom\node_modules\jsdom\lib\jsdom\living\events\EventTarget-impl.js:353:9)
        at invokeEventListeners (C:\EasyCart\frontend\node_modules\jest-environment-jsdom\node_modules\jsdom\lib\jsdom\living\events\EventTarget-impl.js:286:3)
        at HTMLUnknownElementImpl._dispatch (C:\EasyCart\frontend\node_modules\jest-environment-jsdom\node_modules\jsdom\lib\jsdom\living\events\EventTarget-impl.js:233:9)
        at HTMLUnknownElementImpl.dispatchEvent (C:\EasyCart\frontend\node_modules\jest-environment-jsdom\node_modules\jsdom\lib\jsdom\living\events\EventTarget-impl.js:104:17)
        at HTMLUnknownElement.dispatchEvent (C:\EasyCart\frontend\node_modules\jest-environment-jsdom\node_modules\jsdom\lib\jsdom\living\generated\EventTarget.js:241:34)
        at Object.invokeGuardedCallbackDev (C:\EasyCart\frontend\node_modules\react-dom\cjs\react-dom.development.js:4213:16)
        at invokeGuardedCallback (C:\EasyCart\frontend\node_modules\react-dom\cjs\react-dom.development.js:4277:31)
        at beginWork$1 (C:\EasyCart\frontend\node_modules\react-dom\cjs\react-dom.development.js:27490:7)
        at performUnitOfWork (C:\EasyCart\frontend\node_modules\react-dom\cjs\react-dom.development.js:26599:12)
        at workLoopSync (C:\EasyCart\frontend\node_modules\react-dom\cjs\react-dom.development.js:26505:5)
        at renderRootSync (C:\EasyCart\frontend\node_modules\react-dom\cjs\react-dom.development.js:26473:7)
        at recoverFromConcurrentError (C:\EasyCart\frontend\node_modules\react-dom\cjs\react-dom.development.js:25889:20)
        at performSyncWorkOnRoot (C:\EasyCart\frontend\node_modules\react-dom\cjs\react-dom.development.js:26135:20)
        at flushSyncCallbacks (C:\EasyCart\frontend\node_modules\react-dom\cjs\react-dom.development.js:12042:22)
        at C:\EasyCart\frontend\node_modules\react-dom\cjs\react-dom.development.js:25690:13
        at invokeTheCallbackFunction (C:\EasyCart\frontend\node_modules\jest-environment-jsdom\node_modules\jsdom\lib\jsdom\living\generated\Function.js:19:26)
        at C:\EasyCart\frontend\node_modules\jest-environment-jsdom\node_modules\jsdom\lib\jsdom\browser\Window.js:613:9
        at node:internal/process/task_queues:151:7
        at AsyncResource.runInAsyncScope (node:async_hooks:214:14)
        at AsyncResource.runMicrotask (node:internal/process/task_queues:148:8) {
      detail: TypeError: Cannot destructure property 'basename' of 'React__namespace.useContext(...)' as it is null.
          at basename (C:\EasyCart\frontend\node_modules\react-router-dom\index.tsx:975:11)
          at renderWithHooks (C:\EasyCart\frontend\node_modules\react-dom\cjs\react-dom.development.js:15486:18)
          at updateForwardRef (C:\EasyCart\frontend\node_modules\react-dom\cjs\react-dom.development.js:19245:20)
          at beginWork (C:\EasyCart\frontend\node_modules\react-dom\cjs\react-dom.development.js:21675:16)
          at HTMLUnknownElement.callCallback (C:\EasyCart\frontend\node_modules\react-dom\cjs\react-dom.development.js:4164:14)
          at HTMLUnknownElement.callTheUserObjectsOperation (C:\EasyCart\frontend\node_modules\jest-environment-jsdom\node_modules\jsdom\lib\jsdom\living\generated\EventListener.js:26:30)
          at innerInvokeEventListeners (C:\EasyCart\frontend\node_modules\jest-environment-jsdom\node_modules\jsdom\lib\jsdom\living\events\EventTarget-impl.js:350:25)
          at invokeEventListeners (C:\EasyCart\frontend\node_modules\jest-environment-jsdom\node_modules\jsdom\lib\jsdom\living\events\EventTarget-impl.js:286:3)
          at HTMLUnknownElementImpl._dispatch (C:\EasyCart\frontend\node_modules\jest-environment-jsdom\node_modules\jsdom\lib\jsdom\living\events\EventTarget-impl.js:233:9)
          at HTMLUnknownElementImpl.dispatchEvent (C:\EasyCart\frontend\node_modules\jest-environment-jsdom\node_modules\jsdom\lib\jsdom\living\events\EventTarget-impl.js:104:17)
          at HTMLUnknownElement.dispatchEvent (C:\EasyCart\frontend\node_modules\jest-environment-jsdom\node_modules\jsdom\lib\jsdom\living\generated\EventTarget.js:241:34)
          at Object.invokeGuardedCallbackDev (C:\EasyCart\frontend\node_modules\react-dom\cjs\react-dom.development.js:4213:16)
          at invokeGuardedCallback (C:\EasyCart\frontend\node_modules\react-dom\cjs\react-dom.development.js:4277:31)
          at beginWork$1 (C:\EasyCart\frontend\node_modules\react-dom\cjs\react-dom.development.js:27490:7)
          at performUnitOfWork (C:\EasyCart\frontend\node_modules\react-dom\cjs\react-dom.development.js:26599:12)
          at workLoopSync (C:\EasyCart\frontend\node_modules\react-dom\cjs\react-dom.development.js:26505:5)
          at renderRootSync (C:\EasyCart\frontend\node_modules\react-dom\cjs\react-dom.development.js:26473:7)
          at recoverFromConcurrentError (C:\EasyCart\frontend\node_modules\react-dom\cjs\react-dom.development.js:25889:20)
          at performSyncWorkOnRoot (C:\EasyCart\frontend\node_modules\react-dom\cjs\react-dom.development.js:26135:20)
          at flushSyncCallbacks (C:\EasyCart\frontend\node_modules\react-dom\cjs\react-dom.development.js:12042:22)
          at C:\EasyCart\frontend\node_modules\react-dom\cjs\react-dom.development.js:25690:13
          at invokeTheCallbackFunction (C:\EasyCart\frontend\node_modules\jest-environment-jsdom\node_modules\jsdom\lib\jsdom\living\generated\Function.js:19:26)
          at C:\EasyCart\frontend\node_modules\jest-environment-jsdom\node_modules\jsdom\lib\jsdom\browser\Window.js:613:9
          at node:internal/process/task_queues:151:7
          at AsyncResource.runInAsyncScope (node:async_hooks:214:14)
          at AsyncResource.runMicrotask (node:internal/process/task_queues:148:8),
      type: 'unhandled exception'
    }

      at VirtualConsole.<anonymous> (node_modules/@jest/environment-jsdom-abstract/build/index.js:87:23)
      at Object.invokeGuardedCallbackDev (node_modules/react-dom/cjs/react-dom.development.js:4213:16)
      at invokeGuardedCallback (node_modules/react-dom/cjs/react-dom.development.js:4277:31)
      at beginWork$1 (node_modules/react-dom/cjs/react-dom.development.js:27490:7)
      at performUnitOfWork (node_modules/react-dom/cjs/react-dom.development.js:26599:12)
      at workLoopSync (node_modules/react-dom/cjs/react-dom.development.js:26505:5)
      at renderRootSync (node_modules/react-dom/cjs/react-dom.development.js:26473:7)
      at recoverFromConcurrentError (node_modules/react-dom/cjs/react-dom.development.js:25889:20)
      at performSyncWorkOnRoot (node_modules/react-dom/cjs/react-dom.development.js:26135:20)
      at flushSyncCallbacks (node_modules/react-dom/cjs/react-dom.development.js:12042:22)
      at node_modules/react-dom/cjs/react-dom.development.js:25690:13

  console.error
    The above error occurred in the <Link> component:
    
        at onClick (C:\EasyCart\frontend\node_modules\react-router-dom\index.tsx:962:7)
        at div
        at div
        at children (C:\EasyCart\frontend\src\components\ui\Card.js:4:17)
        at product (C:\EasyCart\frontend\src\components\ProductCard.js:8:24)
        at div
        at ProductList (C:\EasyCart\frontend\src\components\ProductList.jsx:33:51)
        at QueryClientProvider (C:\EasyCart\frontend\node_modules\@tanstack\react-query\src\QueryClientProvider.tsx:30:3)
        at children (C:\EasyCart\frontend\src\__tests__\ProductList.test.js:15:13)
    
    Consider adding an error boundary to your tree to customize error handling behavior.
    Visit https://reactjs.org/link/error-boundaries to learn more about error boundaries.

      at logCapturedError (node_modules/react-dom/cjs/react-dom.development.js:18704:23)
      at update.callback (node_modules/react-dom/cjs/react-dom.development.js:18737:5)
      at callCallback (node_modules/react-dom/cjs/react-dom.development.js:15036:12)
      at commitUpdateQueue (node_modules/react-dom/cjs/react-dom.development.js:15057:9)
      at commitLayoutEffectOnFiber (node_modules/react-dom/cjs/react-dom.development.js:23430:13)
      at commitLayoutMountEffects_complete (node_modules/react-dom/cjs/react-dom.development.js:24727:9)
      at commitLayoutEffects_begin (node_modules/react-dom/cjs/react-dom.development.js:24713:7)
      at commitLayoutEffects (node_modules/react-dom/cjs/react-dom.development.js:24651:3)
      at commitRootImpl (node_modules/react-dom/cjs/react-dom.development.js:26862:5)
      at commitRoot (node_modules/react-dom/cjs/react-dom.development.js:26721:5)
      at performSyncWorkOnRoot (node_modules/react-dom/cjs/react-dom.development.js:26156:3)
      at flushSyncCallbacks (node_modules/react-dom/cjs/react-dom.development.js:12042:22)
      at node_modules/react-dom/cjs/react-dom.development.js:25690:13

  console.error
    The above error occurred in the <Link> component:
    
        at onClick (C:\EasyCart\frontend\node_modules\react-router-dom\index.tsx:962:7)
        at div
        at div
        at children (C:\EasyCart\frontend\src\components\ui\Card.js:4:17)
        at product (C:\EasyCart\frontend\src\components\ProductCard.js:8:24)
        at div
        at ProductList (C:\EasyCart\frontend\src\components\ProductList.jsx:33:51)
        at QueryClientProvider (C:\EasyCart\frontend\node_modules\@tanstack\react-query\src\QueryClientProvider.tsx:30:3)
        at children (C:\EasyCart\frontend\src\__tests__\ProductList.test.js:15:13)
    
    Consider adding an error boundary to your tree to customize error handling behavior.
    Visit https://reactjs.org/link/error-boundaries to learn more about error boundaries.

      at logCapturedError (node_modules/react-dom/cjs/react-dom.development.js:18704:23)
      at update.callback (node_modules/react-dom/cjs/react-dom.development.js:18737:5)
      at callCallback (node_modules/react-dom/cjs/react-dom.development.js:15036:12)
      at commitUpdateQueue (node_modules/react-dom/cjs/react-dom.development.js:15057:9)
      at commitLayoutEffectOnFiber (node_modules/react-dom/cjs/react-dom.development.js:23430:13)
      at commitLayoutMountEffects_complete (node_modules/react-dom/cjs/react-dom.development.js:24727:9)
      at commitLayoutEffects_begin (node_modules/react-dom/cjs/react-dom.development.js:24713:7)
      at commitLayoutEffects (node_modules/react-dom/cjs/react-dom.development.js:24651:3)
      at commitRootImpl (node_modules/react-dom/cjs/react-dom.development.js:26862:5)
      at commitRoot (node_modules/react-dom/cjs/react-dom.development.js:26721:5)
      at performSyncWorkOnRoot (node_modules/react-dom/cjs/react-dom.development.js:26156:3)
      at flushSyncCallbacks (node_modules/react-dom/cjs/react-dom.development.js:12042:22)
      at node_modules/react-dom/cjs/react-dom.development.js:25690:13

  console.error
    The above error occurred in the <Link> component:
    
        at onClick (C:\EasyCart\frontend\node_modules\react-router-dom\index.tsx:962:7)
        at div
        at div
        at children (C:\EasyCart\frontend\src\components\ui\Card.js:4:17)
        at product (C:\EasyCart\frontend\src\components\ProductCard.js:8:24)
        at div
        at ProductList (C:\EasyCart\frontend\src\components\ProductList.jsx:33:51)
        at QueryClientProvider (C:\EasyCart\frontend\node_modules\@tanstack\react-query\src\QueryClientProvider.tsx:30:3)
        at children (C:\EasyCart\frontend\src\__tests__\ProductList.test.js:15:13)
    
    Consider adding an error boundary to your tree to customize error handling behavior.
    Visit https://reactjs.org/link/error-boundaries to learn more about error boundaries.

      at logCapturedError (node_modules/react-dom/cjs/react-dom.development.js:18704:23)
      at update.callback (node_modules/react-dom/cjs/react-dom.development.js:18737:5)
      at callCallback (node_modules/react-dom/cjs/react-dom.development.js:15036:12)
      at commitUpdateQueue (node_modules/react-dom/cjs/react-dom.development.js:15057:9)
      at commitLayoutEffectOnFiber (node_modules/react-dom/cjs/react-dom.development.js:23430:13)
      at commitLayoutMountEffects_complete (node_modules/react-dom/cjs/react-dom.development.js:24727:9)
      at commitLayoutEffects_begin (node_modules/react-dom/cjs/react-dom.development.js:24713:7)
      at commitLayoutEffects (node_modules/react-dom/cjs/react-dom.development.js:24651:3)
      at commitRootImpl (node_modules/react-dom/cjs/react-dom.development.js:26862:5)
      at commitRoot (node_modules/react-dom/cjs/react-dom.development.js:26721:5)
      at performSyncWorkOnRoot (node_modules/react-dom/cjs/react-dom.development.js:26156:3)
      at flushSyncCallbacks (node_modules/react-dom/cjs/react-dom.development.js:12042:22)
      at node_modules/react-dom/cjs/react-dom.development.js:25690:13

  console.error
    The above error occurred in the <Link> component:
    
        at onClick (C:\EasyCart\frontend\node_modules\react-router-dom\index.tsx:962:7)
        at div
        at div
        at children (C:\EasyCart\frontend\src\components\ui\Card.js:4:17)
        at product (C:\EasyCart\frontend\src\components\ProductCard.js:8:24)
        at div
        at ProductList (C:\EasyCart\frontend\src\components\ProductList.jsx:33:51)
        at QueryClientProvider (C:\EasyCart\frontend\node_modules\@tanstack\react-query\src\QueryClientProvider.tsx:30:3)
        at children (C:\EasyCart\frontend\src\__tests__\ProductList.test.js:15:13)
    
    Consider adding an error boundary to your tree to customize error handling behavior.
    Visit https://reactjs.org/link/error-boundaries to learn more about error boundaries.

      at logCapturedError (node_modules/react-dom/cjs/react-dom.development.js:18704:23)
      at update.callback (node_modules/react-dom/cjs/react-dom.development.js:18737:5)
      at callCallback (node_modules/react-dom/cjs/react-dom.development.js:15036:12)
      at commitUpdateQueue (node_modules/react-dom/cjs/react-dom.development.js:15057:9)
      at commitLayoutEffectOnFiber (node_modules/react-dom/cjs/react-dom.development.js:23430:13)
      at commitLayoutMountEffects_complete (node_modules/react-dom/cjs/react-dom.development.js:24727:9)
      at commitLayoutEffects_begin (node_modules/react-dom/cjs/react-dom.development.js:24713:7)
      at commitLayoutEffects (node_modules/react-dom/cjs/react-dom.development.js:24651:3)
      at commitRootImpl (node_modules/react-dom/cjs/react-dom.development.js:26862:5)
      at commitRoot (node_modules/react-dom/cjs/react-dom.development.js:26721:5)
      at performSyncWorkOnRoot (node_modules/react-dom/cjs/react-dom.development.js:26156:3)
      at flushSyncCallbacks (node_modules/react-dom/cjs/react-dom.development.js:12042:22)
      at node_modules/react-dom/cjs/react-dom.development.js:25690:13

  console.error
    Error: Uncaught [TypeError: Cannot destructure property 'basename' of 'React__namespace.useContext(...)' as it is null.]
        at reportException (C:\EasyCart\frontend\node_modules\jest-environment-jsdom\node_modules\jsdom\lib\jsdom\living\helpers\runtime-script-errors.js:66:24)
        at C:\EasyCart\frontend\node_modules\jest-environment-jsdom\node_modules\jsdom\lib\jsdom\browser\Window.js:615:9
        at node:internal/process/task_queues:151:7
        at AsyncResource.runInAsyncScope (node:async_hooks:214:14)
        at AsyncResource.runMicrotask (node:internal/process/task_queues:148:8) {
      detail: TypeError: Cannot destructure property 'basename' of 'React__namespace.useContext(...)' as it is null.
          at basename (C:\EasyCart\frontend\node_modules\react-router-dom\index.tsx:975:11)
          at renderWithHooks (C:\EasyCart\frontend\node_modules\react-dom\cjs\react-dom.development.js:15486:18)
          at updateForwardRef (C:\EasyCart\frontend\node_modules\react-dom\cjs\react-dom.development.js:19245:20)
          at beginWork (C:\EasyCart\frontend\node_modules\react-dom\cjs\react-dom.development.js:21675:16)
          at beginWork$1 (C:\EasyCart\frontend\node_modules\react-dom\cjs\react-dom.development.js:27465:14)
          at performUnitOfWork (C:\EasyCart\frontend\node_modules\react-dom\cjs\react-dom.development.js:26599:12)
          at workLoopSync (C:\EasyCart\frontend\node_modules\react-dom\cjs\react-dom.development.js:26505:5)
          at renderRootSync (C:\EasyCart\frontend\node_modules\react-dom\cjs\react-dom.development.js:26473:7)
          at recoverFromConcurrentError (C:\EasyCart\frontend\node_modules\react-dom\cjs\react-dom.development.js:25889:20)
          at performSyncWorkOnRoot (C:\EasyCart\frontend\node_modules\react-dom\cjs\react-dom.development.js:26135:20)
          at flushSyncCallbacks (C:\EasyCart\frontend\node_modules\react-dom\cjs\react-dom.development.js:12042:22)
          at C:\EasyCart\frontend\node_modules\react-dom\cjs\react-dom.development.js:25690:13
          at invokeTheCallbackFunction (C:\EasyCart\frontend\node_modules\jest-environment-jsdom\node_modules\jsdom\lib\jsdom\living\generated\Function.js:19:26)
          at C:\EasyCart\frontend\node_modules\jest-environment-jsdom\node_modules\jsdom\lib\jsdom\browser\Window.js:613:9
          at node:internal/process/task_queues:151:7
          at AsyncResource.runInAsyncScope (node:async_hooks:214:14)
          at AsyncResource.runMicrotask (node:internal/process/task_queues:148:8),
      type: 'unhandled exception'
    }

      at VirtualConsole.<anonymous> (node_modules/@jest/environment-jsdom-abstract/build/index.js:87:23)

  console.error
    Error: Uncaught [TypeError: Cannot destructure property 'basename' of 'React__namespace.useContext(...)' as it is null.]
        at reportException (C:\EasyCart\frontend\node_modules\jest-environment-jsdom\node_modules\jsdom\lib\jsdom\living\helpers\runtime-script-errors.js:66:24)
        at innerInvokeEventListeners (C:\EasyCart\frontend\node_modules\jest-environment-jsdom\node_modules\jsdom\lib\jsdom\living\events\EventTarget-impl.js:353:9)
        at invokeEventListeners (C:\EasyCart\frontend\node_modules\jest-environment-jsdom\node_modules\jsdom\lib\jsdom\living\events\EventTarget-impl.js:286:3)
        at HTMLUnknownElementImpl._dispatch (C:\EasyCart\frontend\node_modules\jest-environment-jsdom\node_modules\jsdom\lib\jsdom\living\events\EventTarget-impl.js:233:9)
        at HTMLUnknownElementImpl.dispatchEvent (C:\EasyCart\frontend\node_modules\jest-environment-jsdom\node_modules\jsdom\lib\jsdom\living\events\EventTarget-impl.js:104:17)
        at HTMLUnknownElement.dispatchEvent (C:\EasyCart\frontend\node_modules\jest-environment-jsdom\node_modules\jsdom\lib\jsdom\living\generated\EventTarget.js:241:34)
        at Object.invokeGuardedCallbackDev (C:\EasyCart\frontend\node_modules\react-dom\cjs\react-dom.development.js:4213:16)
        at invokeGuardedCallback (C:\EasyCart\frontend\node_modules\react-dom\cjs\react-dom.development.js:4277:31)
        at beginWork$1 (C:\EasyCart\frontend\node_modules\react-dom\cjs\react-dom.development.js:27490:7)
        at performUnitOfWork (C:\EasyCart\frontend\node_modules\react-dom\cjs\react-dom.development.js:26599:12)
        at workLoopSync (C:\EasyCart\frontend\node_modules\react-dom\cjs\react-dom.development.js:26505:5)
        at renderRootSync (C:\EasyCart\frontend\node_modules\react-dom\cjs\react-dom.development.js:26473:7)
        at performSyncWorkOnRoot (C:\EasyCart\frontend\node_modules\react-dom\cjs\react-dom.development.js:26124:20)
        at flushSyncCallbacks (C:\EasyCart\frontend\node_modules\react-dom\cjs\react-dom.development.js:12042:22)
        at C:\EasyCart\frontend\node_modules\react-dom\cjs\react-dom.development.js:25690:13
        at invokeTheCallbackFunction (C:\EasyCart\frontend\node_modules\jest-environment-jsdom\node_modules\jsdom\lib\jsdom\living\generated\Function.js:19:26)
        at C:\EasyCart\frontend\node_modules\jest-environment-jsdom\node_modules\jsdom\lib\jsdom\browser\Window.js:613:9
        at node:internal/process/task_queues:151:7
        at AsyncResource.runInAsyncScope (node:async_hooks:214:14)
        at AsyncResource.runMicrotask (node:internal/process/task_queues:148:8) {
      detail: TypeError: Cannot destructure property 'basename' of 'React__namespace.useContext(...)' as it is null.
          at basename (C:\EasyCart\frontend\node_modules\react-router-dom\index.tsx:975:11)
          at renderWithHooks (C:\EasyCart\frontend\node_modules\react-dom\cjs\react-dom.development.js:15486:18)
          at updateForwardRef (C:\EasyCart\frontend\node_modules\react-dom\cjs\react-dom.development.js:19245:20)
          at beginWork (C:\EasyCart\frontend\node_modules\react-dom\cjs\react-dom.development.js:21675:16)
          at HTMLUnknownElement.callCallback (C:\EasyCart\frontend\node_modules\react-dom\cjs\react-dom.development.js:4164:14)
          at HTMLUnknownElement.callTheUserObjectsOperation (C:\EasyCart\frontend\node_modules\jest-environment-jsdom\node_modules\jsdom\lib\jsdom\living\generated\EventListener.js:26:30)
          at innerInvokeEventListeners (C:\EasyCart\frontend\node_modules\jest-environment-jsdom\node_modules\jsdom\lib\jsdom\living\events\EventTarget-impl.js:350:25)
          at invokeEventListeners (C:\EasyCart\frontend\node_modules\jest-environment-jsdom\node_modules\jsdom\lib\jsdom\living\events\EventTarget-impl.js:286:3)
          at HTMLUnknownElementImpl._dispatch (C:\EasyCart\frontend\node_modules\jest-environment-jsdom\node_modules\jsdom\lib\jsdom\living\events\EventTarget-impl.js:233:9)
          at HTMLUnknownElementImpl.dispatchEvent (C:\EasyCart\frontend\node_modules\jest-environment-jsdom\node_modules\jsdom\lib\jsdom\living\events\EventTarget-impl.js:104:17)
          at HTMLUnknownElement.dispatchEvent (C:\EasyCart\frontend\node_modules\jest-environment-jsdom\node_modules\jsdom\lib\jsdom\living\generated\EventTarget.js:241:34)
          at Object.invokeGuardedCallbackDev (C:\EasyCart\frontend\node_modules\react-dom\cjs\react-dom.development.js:4213:16)
          at invokeGuardedCallback (C:\EasyCart\frontend\node_modules\react-dom\cjs\react-dom.development.js:4277:31)
          at beginWork$1 (C:\EasyCart\frontend\node_modules\react-dom\cjs\react-dom.development.js:27490:7)
          at performUnitOfWork (C:\EasyCart\frontend\node_modules\react-dom\cjs\react-dom.development.js:26599:12)
          at workLoopSync (C:\EasyCart\frontend\node_modules\react-dom\cjs\react-dom.development.js:26505:5)
          at renderRootSync (C:\EasyCart\frontend\node_modules\react-dom\cjs\react-dom.development.js:26473:7)
          at performSyncWorkOnRoot (C:\EasyCart\frontend\node_modules\react-dom\cjs\react-dom.development.js:26124:20)
          at flushSyncCallbacks (C:\EasyCart\frontend\node_modules\react-dom\cjs\react-dom.development.js:12042:22)
          at C:\EasyCart\frontend\node_modules\react-dom\cjs\react-dom.development.js:25690:13
          at invokeTheCallbackFunction (C:\EasyCart\frontend\node_modules\jest-environment-jsdom\node_modules\jsdom\lib\jsdom\living\generated\Function.js:19:26)
          at C:\EasyCart\frontend\node_modules\jest-environment-jsdom\node_modules\jsdom\lib\jsdom\browser\Window.js:613:9
          at node:internal/process/task_queues:151:7
          at AsyncResource.runInAsyncScope (node:async_hooks:214:14)
          at AsyncResource.runMicrotask (node:internal/process/task_queues:148:8),
      type: 'unhandled exception'
    }

      at VirtualConsole.<anonymous> (node_modules/@jest/environment-jsdom-abstract/build/index.js:87:23)
      at Object.invokeGuardedCallbackDev (node_modules/react-dom/cjs/react-dom.development.js:4213:16)
      at invokeGuardedCallback (node_modules/react-dom/cjs/react-dom.development.js:4277:31)
      at beginWork$1 (node_modules/react-dom/cjs/react-dom.development.js:27490:7)
      at performUnitOfWork (node_modules/react-dom/cjs/react-dom.development.js:26599:12)
      at workLoopSync (node_modules/react-dom/cjs/react-dom.development.js:26505:5)
      at renderRootSync (node_modules/react-dom/cjs/react-dom.development.js:26473:7)
      at performSyncWorkOnRoot (node_modules/react-dom/cjs/react-dom.development.js:26124:20)
      at flushSyncCallbacks (node_modules/react-dom/cjs/react-dom.development.js:12042:22)
      at node_modules/react-dom/cjs/react-dom.development.js:25690:13

  console.error
    Error: Uncaught [TypeError: Cannot destructure property 'basename' of 'React__namespace.useContext(...)' as it is null.]
        at reportException (C:\EasyCart\frontend\node_modules\jest-environment-jsdom\node_modules\jsdom\lib\jsdom\living\helpers\runtime-script-errors.js:66:24)
        at innerInvokeEventListeners (C:\EasyCart\frontend\node_modules\jest-environment-jsdom\node_modules\jsdom\lib\jsdom\living\events\EventTarget-impl.js:353:9)
        at invokeEventListeners (C:\EasyCart\frontend\node_modules\jest-environment-jsdom\node_modules\jsdom\lib\jsdom\living\events\EventTarget-impl.js:286:3)
        at HTMLUnknownElementImpl._dispatch (C:\EasyCart\frontend\node_modules\jest-environment-jsdom\node_modules\jsdom\lib\jsdom\living\events\EventTarget-impl.js:233:9)
        at HTMLUnknownElementImpl.dispatchEvent (C:\EasyCart\frontend\node_modules\jest-environment-jsdom\node_modules\jsdom\lib\jsdom\living\events\EventTarget-impl.js:104:17)
        at HTMLUnknownElement.dispatchEvent (C:\EasyCart\frontend\node_modules\jest-environment-jsdom\node_modules\jsdom\lib\jsdom\living\generated\EventTarget.js:241:34)
        at Object.invokeGuardedCallbackDev (C:\EasyCart\frontend\node_modules\react-dom\cjs\react-dom.development.js:4213:16)
        at invokeGuardedCallback (C:\EasyCart\frontend\node_modules\react-dom\cjs\react-dom.development.js:4277:31)
        at beginWork$1 (C:\EasyCart\frontend\node_modules\react-dom\cjs\react-dom.development.js:27490:7)
        at performUnitOfWork (C:\EasyCart\frontend\node_modules\react-dom\cjs\react-dom.development.js:26599:12)
        at workLoopSync (C:\EasyCart\frontend\node_modules\react-dom\cjs\react-dom.development.js:26505:5)
        at renderRootSync (C:\EasyCart\frontend\node_modules\react-dom\cjs\react-dom.development.js:26473:7)
        at performSyncWorkOnRoot (C:\EasyCart\frontend\node_modules\react-dom\cjs\react-dom.development.js:26124:20)
        at flushSyncCallbacks (C:\EasyCart\frontend\node_modules\react-dom\cjs\react-dom.development.js:12042:22)
        at C:\EasyCart\frontend\node_modules\react-dom\cjs\react-dom.development.js:25690:13
        at invokeTheCallbackFunction (C:\EasyCart\frontend\node_modules\jest-environment-jsdom\node_modules\jsdom\lib\jsdom\living\generated\Function.js:19:26)
        at C:\EasyCart\frontend\node_modules\jest-environment-jsdom\node_modules\jsdom\lib\jsdom\browser\Window.js:613:9
        at node:internal/process/task_queues:151:7
        at AsyncResource.runInAsyncScope (node:async_hooks:214:14)
        at AsyncResource.runMicrotask (node:internal/process/task_queues:148:8) {
      detail: TypeError: Cannot destructure property 'basename' of 'React__namespace.useContext(...)' as it is null.
          at basename (C:\EasyCart\frontend\node_modules\react-router-dom\index.tsx:975:11)
          at renderWithHooks (C:\EasyCart\frontend\node_modules\react-dom\cjs\react-dom.development.js:15486:18)
          at updateForwardRef (C:\EasyCart\frontend\node_modules\react-dom\cjs\react-dom.development.js:19245:20)
          at beginWork (C:\EasyCart\frontend\node_modules\react-dom\cjs\react-dom.development.js:21675:16)
          at HTMLUnknownElement.callCallback (C:\EasyCart\frontend\node_modules\react-dom\cjs\react-dom.development.js:4164:14)
          at HTMLUnknownElement.callTheUserObjectsOperation (C:\EasyCart\frontend\node_modules\jest-environment-jsdom\node_modules\jsdom\lib\jsdom\living\generated\EventListener.js:26:30)
          at innerInvokeEventListeners (C:\EasyCart\frontend\node_modules\jest-environment-jsdom\node_modules\jsdom\lib\jsdom\living\events\EventTarget-impl.js:350:25)
          at invokeEventListeners (C:\EasyCart\frontend\node_modules\jest-environment-jsdom\node_modules\jsdom\lib\jsdom\living\events\EventTarget-impl.js:286:3)
          at HTMLUnknownElementImpl._dispatch (C:\EasyCart\frontend\node_modules\jest-environment-jsdom\node_modules\jsdom\lib\jsdom\living\events\EventTarget-impl.js:233:9)
          at HTMLUnknownElementImpl.dispatchEvent (C:\EasyCart\frontend\node_modules\jest-environment-jsdom\node_modules\jsdom\lib\jsdom\living\events\EventTarget-impl.js:104:17)
          at HTMLUnknownElement.dispatchEvent (C:\EasyCart\frontend\node_modules\jest-environment-jsdom\node_modules\jsdom\lib\jsdom\living\generated\EventTarget.js:241:34)
          at Object.invokeGuardedCallbackDev (C:\EasyCart\frontend\node_modules\react-dom\cjs\react-dom.development.js:4213:16)
          at invokeGuardedCallback (C:\EasyCart\frontend\node_modules\react-dom\cjs\react-dom.development.js:4277:31)
          at beginWork$1 (C:\EasyCart\frontend\node_modules\react-dom\cjs\react-dom.development.js:27490:7)
          at performUnitOfWork (C:\EasyCart\frontend\node_modules\react-dom\cjs\react-dom.development.js:26599:12)
          at workLoopSync (C:\EasyCart\frontend\node_modules\react-dom\cjs\react-dom.development.js:26505:5)
          at renderRootSync (C:\EasyCart\frontend\node_modules\react-dom\cjs\react-dom.development.js:26473:7)
          at performSyncWorkOnRoot (C:\EasyCart\frontend\node_modules\react-dom\cjs\react-dom.development.js:26124:20)
          at flushSyncCallbacks (C:\EasyCart\frontend\node_modules\react-dom\cjs\react-dom.development.js:12042:22)
          at C:\EasyCart\frontend\node_modules\react-dom\cjs\react-dom.development.js:25690:13
          at invokeTheCallbackFunction (C:\EasyCart\frontend\node_modules\jest-environment-jsdom\node_modules\jsdom\lib\jsdom\living\generated\Function.js:19:26)
          at C:\EasyCart\frontend\node_modules\jest-environment-jsdom\node_modules\jsdom\lib\jsdom\browser\Window.js:613:9
          at node:internal/process/task_queues:151:7
          at AsyncResource.runInAsyncScope (node:async_hooks:214:14)
          at AsyncResource.runMicrotask (node:internal/process/task_queues:148:8),
      type: 'unhandled exception'
    }

      at VirtualConsole.<anonymous> (node_modules/@jest/environment-jsdom-abstract/build/index.js:87:23)
      at Object.invokeGuardedCallbackDev (node_modules/react-dom/cjs/react-dom.development.js:4213:16)
      at invokeGuardedCallback (node_modules/react-dom/cjs/react-dom.development.js:4277:31)
      at beginWork$1 (node_modules/react-dom/cjs/react-dom.development.js:27490:7)
      at performUnitOfWork (node_modules/react-dom/cjs/react-dom.development.js:26599:12)
      at workLoopSync (node_modules/react-dom/cjs/react-dom.development.js:26505:5)
      at renderRootSync (node_modules/react-dom/cjs/react-dom.development.js:26473:7)
      at performSyncWorkOnRoot (node_modules/react-dom/cjs/react-dom.development.js:26124:20)
      at flushSyncCallbacks (node_modules/react-dom/cjs/react-dom.development.js:12042:22)
      at node_modules/react-dom/cjs/react-dom.development.js:25690:13

  console.error
    Error: Uncaught [TypeError: Cannot destructure property 'basename' of 'React__namespace.useContext(...)' as it is null.]
        at reportException (C:\EasyCart\frontend\node_modules\jest-environment-jsdom\node_modules\jsdom\lib\jsdom\living\helpers\runtime-script-errors.js:66:24)
        at innerInvokeEventListeners (C:\EasyCart\frontend\node_modules\jest-environment-jsdom\node_modules\jsdom\lib\jsdom\living\events\EventTarget-impl.js:353:9)
        at invokeEventListeners (C:\EasyCart\frontend\node_modules\jest-environment-jsdom\node_modules\jsdom\lib\jsdom\living\events\EventTarget-impl.js:286:3)
        at HTMLUnknownElementImpl._dispatch (C:\EasyCart\frontend\node_modules\jest-environment-jsdom\node_modules\jsdom\lib\jsdom\living\events\EventTarget-impl.js:233:9)
        at HTMLUnknownElementImpl.dispatchEvent (C:\EasyCart\frontend\node_modules\jest-environment-jsdom\node_modules\jsdom\lib\jsdom\living\events\EventTarget-impl.js:104:17)
        at HTMLUnknownElement.dispatchEvent (C:\EasyCart\frontend\node_modules\jest-environment-jsdom\node_modules\jsdom\lib\jsdom\living\generated\EventTarget.js:241:34)
        at Object.invokeGuardedCallbackDev (C:\EasyCart\frontend\node_modules\react-dom\cjs\react-dom.development.js:4213:16)
        at invokeGuardedCallback (C:\EasyCart\frontend\node_modules\react-dom\cjs\react-dom.development.js:4277:31)
        at beginWork$1 (C:\EasyCart\frontend\node_modules\react-dom\cjs\react-dom.development.js:27490:7)
        at performUnitOfWork (C:\EasyCart\frontend\node_modules\react-dom\cjs\react-dom.development.js:26599:12)
        at workLoopSync (C:\EasyCart\frontend\node_modules\react-dom\cjs\react-dom.development.js:26505:5)
        at renderRootSync (C:\EasyCart\frontend\node_modules\react-dom\cjs\react-dom.development.js:26473:7)
        at performSyncWorkOnRoot (C:\EasyCart\frontend\node_modules\react-dom\cjs\react-dom.development.js:26124:20)
        at flushSyncCallbacks (C:\EasyCart\frontend\node_modules\react-dom\cjs\react-dom.development.js:12042:22)
        at C:\EasyCart\frontend\node_modules\react-dom\cjs\react-dom.development.js:25690:13
        at invokeTheCallbackFunction (C:\EasyCart\frontend\node_modules\jest-environment-jsdom\node_modules\jsdom\lib\jsdom\living\generated\Function.js:19:26)
        at C:\EasyCart\frontend\node_modules\jest-environment-jsdom\node_modules\jsdom\lib\jsdom\browser\Window.js:613:9
        at node:internal/process/task_queues:151:7
        at AsyncResource.runInAsyncScope (node:async_hooks:214:14)
        at AsyncResource.runMicrotask (node:internal/process/task_queues:148:8) {
      detail: TypeError: Cannot destructure property 'basename' of 'React__namespace.useContext(...)' as it is null.
          at basename (C:\EasyCart\frontend\node_modules\react-router-dom\index.tsx:975:11)
          at renderWithHooks (C:\EasyCart\frontend\node_modules\react-dom\cjs\react-dom.development.js:15486:18)
          at updateForwardRef (C:\EasyCart\frontend\node_modules\react-dom\cjs\react-dom.development.js:19245:20)
          at beginWork (C:\EasyCart\frontend\node_modules\react-dom\cjs\react-dom.development.js:21675:16)
          at HTMLUnknownElement.callCallback (C:\EasyCart\frontend\node_modules\react-dom\cjs\react-dom.development.js:4164:14)
          at HTMLUnknownElement.callTheUserObjectsOperation (C:\EasyCart\frontend\node_modules\jest-environment-jsdom\node_modules\jsdom\lib\jsdom\living\generated\EventListener.js:26:30)
          at innerInvokeEventListeners (C:\EasyCart\frontend\node_modules\jest-environment-jsdom\node_modules\jsdom\lib\jsdom\living\events\EventTarget-impl.js:350:25)
          at invokeEventListeners (C:\EasyCart\frontend\node_modules\jest-environment-jsdom\node_modules\jsdom\lib\jsdom\living\events\EventTarget-impl.js:286:3)
          at HTMLUnknownElementImpl._dispatch (C:\EasyCart\frontend\node_modules\jest-environment-jsdom\node_modules\jsdom\lib\jsdom\living\events\EventTarget-impl.js:233:9)
          at HTMLUnknownElementImpl.dispatchEvent (C:\EasyCart\frontend\node_modules\jest-environment-jsdom\node_modules\jsdom\lib\jsdom\living\events\EventTarget-impl.js:104:17)
          at HTMLUnknownElement.dispatchEvent (C:\EasyCart\frontend\node_modules\jest-environment-jsdom\node_modules\jsdom\lib\jsdom\living\generated\EventTarget.js:241:34)
          at Object.invokeGuardedCallbackDev (C:\EasyCart\frontend\node_modules\react-dom\cjs\react-dom.development.js:4213:16)
          at invokeGuardedCallback (C:\EasyCart\frontend\node_modules\react-dom\cjs\react-dom.development.js:4277:31)
          at beginWork$1 (C:\EasyCart\frontend\node_modules\react-dom\cjs\react-dom.development.js:27490:7)
          at performUnitOfWork (C:\EasyCart\frontend\node_modules\react-dom\cjs\react-dom.development.js:26599:12)
          at workLoopSync (C:\EasyCart\frontend\node_modules\react-dom\cjs\react-dom.development.js:26505:5)
          at renderRootSync (C:\EasyCart\frontend\node_modules\react-dom\cjs\react-dom.development.js:26473:7)
          at performSyncWorkOnRoot (C:\EasyCart\frontend\node_modules\react-dom\cjs\react-dom.development.js:26124:20)
          at flushSyncCallbacks (C:\EasyCart\frontend\node_modules\react-dom\cjs\react-dom.development.js:12042:22)
          at C:\EasyCart\frontend\node_modules\react-dom\cjs\react-dom.development.js:25690:13
          at invokeTheCallbackFunction (C:\EasyCart\frontend\node_modules\jest-environment-jsdom\node_modules\jsdom\lib\jsdom\living\generated\Function.js:19:26)
          at C:\EasyCart\frontend\node_modules\jest-environment-jsdom\node_modules\jsdom\lib\jsdom\browser\Window.js:613:9
          at node:internal/process/task_queues:151:7
          at AsyncResource.runInAsyncScope (node:async_hooks:214:14)
          at AsyncResource.runMicrotask (node:internal/process/task_queues:148:8),
      type: 'unhandled exception'
    }

      at VirtualConsole.<anonymous> (node_modules/@jest/environment-jsdom-abstract/build/index.js:87:23)
      at Object.invokeGuardedCallbackDev (node_modules/react-dom/cjs/react-dom.development.js:4213:16)
      at invokeGuardedCallback (node_modules/react-dom/cjs/react-dom.development.js:4277:31)
      at beginWork$1 (node_modules/react-dom/cjs/react-dom.development.js:27490:7)
      at performUnitOfWork (node_modules/react-dom/cjs/react-dom.development.js:26599:12)
      at workLoopSync (node_modules/react-dom/cjs/react-dom.development.js:26505:5)
      at renderRootSync (node_modules/react-dom/cjs/react-dom.development.js:26473:7)
      at performSyncWorkOnRoot (node_modules/react-dom/cjs/react-dom.development.js:26124:20)
      at flushSyncCallbacks (node_modules/react-dom/cjs/react-dom.development.js:12042:22)
      at node_modules/react-dom/cjs/react-dom.development.js:25690:13

  console.error
    Error: Uncaught [TypeError: Cannot destructure property 'basename' of 'React__namespace.useContext(...)' as it is null.]
        at reportException (C:\EasyCart\frontend\node_modules\jest-environment-jsdom\node_modules\jsdom\lib\jsdom\living\helpers\runtime-script-errors.js:66:24)
        at innerInvokeEventListeners (C:\EasyCart\frontend\node_modules\jest-environment-jsdom\node_modules\jsdom\lib\jsdom\living\events\EventTarget-impl.js:353:9)
        at invokeEventListeners (C:\EasyCart\frontend\node_modules\jest-environment-jsdom\node_modules\jsdom\lib\jsdom\living\events\EventTarget-impl.js:286:3)
        at HTMLUnknownElementImpl._dispatch (C:\EasyCart\frontend\node_modules\jest-environment-jsdom\node_modules\jsdom\lib\jsdom\living\events\EventTarget-impl.js:233:9)
        at HTMLUnknownElementImpl.dispatchEvent (C:\EasyCart\frontend\node_modules\jest-environment-jsdom\node_modules\jsdom\lib\jsdom\living\events\EventTarget-impl.js:104:17)
        at HTMLUnknownElement.dispatchEvent (C:\EasyCart\frontend\node_modules\jest-environment-jsdom\node_modules\jsdom\lib\jsdom\living\generated\EventTarget.js:241:34)
        at Object.invokeGuardedCallbackDev (C:\EasyCart\frontend\node_modules\react-dom\cjs\react-dom.development.js:4213:16)
        at invokeGuardedCallback (C:\EasyCart\frontend\node_modules\react-dom\cjs\react-dom.development.js:4277:31)
        at beginWork$1 (C:\EasyCart\frontend\node_modules\react-dom\cjs\react-dom.development.js:27490:7)
        at performUnitOfWork (C:\EasyCart\frontend\node_modules\react-dom\cjs\react-dom.development.js:26599:12)
        at workLoopSync (C:\EasyCart\frontend\node_modules\react-dom\cjs\react-dom.development.js:26505:5)
        at renderRootSync (C:\EasyCart\frontend\node_modules\react-dom\cjs\react-dom.development.js:26473:7)
        at performSyncWorkOnRoot (C:\EasyCart\frontend\node_modules\react-dom\cjs\react-dom.development.js:26124:20)
        at flushSyncCallbacks (C:\EasyCart\frontend\node_modules\react-dom\cjs\react-dom.development.js:12042:22)
        at C:\EasyCart\frontend\node_modules\react-dom\cjs\react-dom.development.js:25690:13
        at invokeTheCallbackFunction (C:\EasyCart\frontend\node_modules\jest-environment-jsdom\node_modules\jsdom\lib\jsdom\living\generated\Function.js:19:26)
        at C:\EasyCart\frontend\node_modules\jest-environment-jsdom\node_modules\jsdom\lib\jsdom\browser\Window.js:613:9
        at node:internal/process/task_queues:151:7
        at AsyncResource.runInAsyncScope (node:async_hooks:214:14)
        at AsyncResource.runMicrotask (node:internal/process/task_queues:148:8) {
      detail: TypeError: Cannot destructure property 'basename' of 'React__namespace.useContext(...)' as it is null.
          at basename (C:\EasyCart\frontend\node_modules\react-router-dom\index.tsx:975:11)
          at renderWithHooks (C:\EasyCart\frontend\node_modules\react-dom\cjs\react-dom.development.js:15486:18)
          at updateForwardRef (C:\EasyCart\frontend\node_modules\react-dom\cjs\react-dom.development.js:19245:20)
          at beginWork (C:\EasyCart\frontend\node_modules\react-dom\cjs\react-dom.development.js:21675:16)
          at HTMLUnknownElement.callCallback (C:\EasyCart\frontend\node_modules\react-dom\cjs\react-dom.development.js:4164:14)
          at HTMLUnknownElement.callTheUserObjectsOperation (C:\EasyCart\frontend\node_modules\jest-environment-jsdom\node_modules\jsdom\lib\jsdom\living\generated\EventListener.js:26:30)
          at innerInvokeEventListeners (C:\EasyCart\frontend\node_modules\jest-environment-jsdom\node_modules\jsdom\lib\jsdom\living\events\EventTarget-impl.js:350:25)
          at invokeEventListeners (C:\EasyCart\frontend\node_modules\jest-environment-jsdom\node_modules\jsdom\lib\jsdom\living\events\EventTarget-impl.js:286:3)
          at HTMLUnknownElementImpl._dispatch (C:\EasyCart\frontend\node_modules\jest-environment-jsdom\node_modules\jsdom\lib\jsdom\living\events\EventTarget-impl.js:233:9)
          at HTMLUnknownElementImpl.dispatchEvent (C:\EasyCart\frontend\node_modules\jest-environment-jsdom\node_modules\jsdom\lib\jsdom\living\events\EventTarget-impl.js:104:17)
          at HTMLUnknownElement.dispatchEvent (C:\EasyCart\frontend\node_modules\jest-environment-jsdom\node_modules\jsdom\lib\jsdom\living\generated\EventTarget.js:241:34)
          at Object.invokeGuardedCallbackDev (C:\EasyCart\frontend\node_modules\react-dom\cjs\react-dom.development.js:4213:16)
          at invokeGuardedCallback (C:\EasyCart\frontend\node_modules\react-dom\cjs\react-dom.development.js:4277:31)
          at beginWork$1 (C:\EasyCart\frontend\node_modules\react-dom\cjs\react-dom.development.js:27490:7)
          at performUnitOfWork (C:\EasyCart\frontend\node_modules\react-dom\cjs\react-dom.development.js:26599:12)
          at workLoopSync (C:\EasyCart\frontend\node_modules\react-dom\cjs\react-dom.development.js:26505:5)
          at renderRootSync (C:\EasyCart\frontend\node_modules\react-dom\cjs\react-dom.development.js:26473:7)
          at performSyncWorkOnRoot (C:\EasyCart\frontend\node_modules\react-dom\cjs\react-dom.development.js:26124:20)
          at flushSyncCallbacks (C:\EasyCart\frontend\node_modules\react-dom\cjs\react-dom.development.js:12042:22)
          at C:\EasyCart\frontend\node_modules\react-dom\cjs\react-dom.development.js:25690:13
          at invokeTheCallbackFunction (C:\EasyCart\frontend\node_modules\jest-environment-jsdom\node_modules\jsdom\lib\jsdom\living\generated\Function.js:19:26)
          at C:\EasyCart\frontend\node_modules\jest-environment-jsdom\node_modules\jsdom\lib\jsdom\browser\Window.js:613:9
          at node:internal/process/task_queues:151:7
          at AsyncResource.runInAsyncScope (node:async_hooks:214:14)
          at AsyncResource.runMicrotask (node:internal/process/task_queues:148:8),
      type: 'unhandled exception'
    }

      at VirtualConsole.<anonymous> (node_modules/@jest/environment-jsdom-abstract/build/index.js:87:23)
      at Object.invokeGuardedCallbackDev (node_modules/react-dom/cjs/react-dom.development.js:4213:16)
      at invokeGuardedCallback (node_modules/react-dom/cjs/react-dom.development.js:4277:31)
      at beginWork$1 (node_modules/react-dom/cjs/react-dom.development.js:27490:7)
      at performUnitOfWork (node_modules/react-dom/cjs/react-dom.development.js:26599:12)
      at workLoopSync (node_modules/react-dom/cjs/react-dom.development.js:26505:5)
      at renderRootSync (node_modules/react-dom/cjs/react-dom.development.js:26473:7)
      at performSyncWorkOnRoot (node_modules/react-dom/cjs/react-dom.development.js:26124:20)
      at flushSyncCallbacks (node_modules/react-dom/cjs/react-dom.development.js:12042:22)
      at node_modules/react-dom/cjs/react-dom.development.js:25690:13

  console.error
    Error: Uncaught [TypeError: Cannot destructure property 'basename' of 'React__namespace.useContext(...)' as it is null.]
        at reportException (C:\EasyCart\frontend\node_modules\jest-environment-jsdom\node_modules\jsdom\lib\jsdom\living\helpers\runtime-script-errors.js:66:24)
        at innerInvokeEventListeners (C:\EasyCart\frontend\node_modules\jest-environment-jsdom\node_modules\jsdom\lib\jsdom\living\events\EventTarget-impl.js:353:9)
        at invokeEventListeners (C:\EasyCart\frontend\node_modules\jest-environment-jsdom\node_modules\jsdom\lib\jsdom\living\events\EventTarget-impl.js:286:3)
        at HTMLUnknownElementImpl._dispatch (C:\EasyCart\frontend\node_modules\jest-environment-jsdom\node_modules\jsdom\lib\jsdom\living\events\EventTarget-impl.js:233:9)
        at HTMLUnknownElementImpl.dispatchEvent (C:\EasyCart\frontend\node_modules\jest-environment-jsdom\node_modules\jsdom\lib\jsdom\living\events\EventTarget-impl.js:104:17)
        at HTMLUnknownElement.dispatchEvent (C:\EasyCart\frontend\node_modules\jest-environment-jsdom\node_modules\jsdom\lib\jsdom\living\generated\EventTarget.js:241:34)
        at Object.invokeGuardedCallbackDev (C:\EasyCart\frontend\node_modules\react-dom\cjs\react-dom.development.js:4213:16)
        at invokeGuardedCallback (C:\EasyCart\frontend\node_modules\react-dom\cjs\react-dom.development.js:4277:31)
        at beginWork$1 (C:\EasyCart\frontend\node_modules\react-dom\cjs\react-dom.development.js:27490:7)
        at performUnitOfWork (C:\EasyCart\frontend\node_modules\react-dom\cjs\react-dom.development.js:26599:12)
        at workLoopSync (C:\EasyCart\frontend\node_modules\react-dom\cjs\react-dom.development.js:26505:5)
        at renderRootSync (C:\EasyCart\frontend\node_modules\react-dom\cjs\react-dom.development.js:26473:7)
        at recoverFromConcurrentError (C:\EasyCart\frontend\node_modules\react-dom\cjs\react-dom.development.js:25889:20)
        at performSyncWorkOnRoot (C:\EasyCart\frontend\node_modules\react-dom\cjs\react-dom.development.js:26135:20)
        at flushSyncCallbacks (C:\EasyCart\frontend\node_modules\react-dom\cjs\react-dom.development.js:12042:22)
        at C:\EasyCart\frontend\node_modules\react-dom\cjs\react-dom.development.js:25690:13
        at invokeTheCallbackFunction (C:\EasyCart\frontend\node_modules\jest-environment-jsdom\node_modules\jsdom\lib\jsdom\living\generated\Function.js:19:26)
        at C:\EasyCart\frontend\node_modules\jest-environment-jsdom\node_modules\jsdom\lib\jsdom\browser\Window.js:613:9
        at node:internal/process/task_queues:151:7
        at AsyncResource.runInAsyncScope (node:async_hooks:214:14)
        at AsyncResource.runMicrotask (node:internal/process/task_queues:148:8) {
      detail: TypeError: Cannot destructure property 'basename' of 'React__namespace.useContext(...)' as it is null.
          at basename (C:\EasyCart\frontend\node_modules\react-router-dom\index.tsx:975:11)
          at renderWithHooks (C:\EasyCart\frontend\node_modules\react-dom\cjs\react-dom.development.js:15486:18)
          at updateForwardRef (C:\EasyCart\frontend\node_modules\react-dom\cjs\react-dom.development.js:19245:20)
          at beginWork (C:\EasyCart\frontend\node_modules\react-dom\cjs\react-dom.development.js:21675:16)
          at HTMLUnknownElement.callCallback (C:\EasyCart\frontend\node_modules\react-dom\cjs\react-dom.development.js:4164:14)
          at HTMLUnknownElement.callTheUserObjectsOperation (C:\EasyCart\frontend\node_modules\jest-environment-jsdom\node_modules\jsdom\lib\jsdom\living\generated\EventListener.js:26:30)
          at innerInvokeEventListeners (C:\EasyCart\frontend\node_modules\jest-environment-jsdom\node_modules\jsdom\lib\jsdom\living\events\EventTarget-impl.js:350:25)
          at invokeEventListeners (C:\EasyCart\frontend\node_modules\jest-environment-jsdom\node_modules\jsdom\lib\jsdom\living\events\EventTarget-impl.js:286:3)
          at HTMLUnknownElementImpl._dispatch (C:\EasyCart\frontend\node_modules\jest-environment-jsdom\node_modules\jsdom\lib\jsdom\living\events\EventTarget-impl.js:233:9)
          at HTMLUnknownElementImpl.dispatchEvent (C:\EasyCart\frontend\node_modules\jest-environment-jsdom\node_modules\jsdom\lib\jsdom\living\events\EventTarget-impl.js:104:17)
          at HTMLUnknownElement.dispatchEvent (C:\EasyCart\frontend\node_modules\jest-environment-jsdom\node_modules\jsdom\lib\jsdom\living\generated\EventTarget.js:241:34)
          at Object.invokeGuardedCallbackDev (C:\EasyCart\frontend\node_modules\react-dom\cjs\react-dom.development.js:4213:16)
          at invokeGuardedCallback (C:\EasyCart\frontend\node_modules\react-dom\cjs\react-dom.development.js:4277:31)
          at beginWork$1 (C:\EasyCart\frontend\node_modules\react-dom\cjs\react-dom.development.js:27490:7)
          at performUnitOfWork (C:\EasyCart\frontend\node_modules\react-dom\cjs\react-dom.development.js:26599:12)
          at workLoopSync (C:\EasyCart\frontend\node_modules\react-dom\cjs\react-dom.development.js:26505:5)
          at renderRootSync (C:\EasyCart\frontend\node_modules\react-dom\cjs\react-dom.development.js:26473:7)
          at recoverFromConcurrentError (C:\EasyCart\frontend\node_modules\react-dom\cjs\react-dom.development.js:25889:20)
          at performSyncWorkOnRoot (C:\EasyCart\frontend\node_modules\react-dom\cjs\react-dom.development.js:26135:20)
          at flushSyncCallbacks (C:\EasyCart\frontend\node_modules\react-dom\cjs\react-dom.development.js:12042:22)
          at C:\EasyCart\frontend\node_modules\react-dom\cjs\react-dom.development.js:25690:13
          at invokeTheCallbackFunction (C:\EasyCart\frontend\node_modules\jest-environment-jsdom\node_modules\jsdom\lib\jsdom\living\generated\Function.js:19:26)
          at C:\EasyCart\frontend\node_modules\jest-environment-jsdom\node_modules\jsdom\lib\jsdom\browser\Window.js:613:9
          at node:internal/process/task_queues:151:7
          at AsyncResource.runInAsyncScope (node:async_hooks:214:14)
          at AsyncResource.runMicrotask (node:internal/process/task_queues:148:8),
      type: 'unhandled exception'
    }

      at VirtualConsole.<anonymous> (node_modules/@jest/environment-jsdom-abstract/build/index.js:87:23)
      at Object.invokeGuardedCallbackDev (node_modules/react-dom/cjs/react-dom.development.js:4213:16)
      at invokeGuardedCallback (node_modules/react-dom/cjs/react-dom.development.js:4277:31)
      at beginWork$1 (node_modules/react-dom/cjs/react-dom.development.js:27490:7)
      at performUnitOfWork (node_modules/react-dom/cjs/react-dom.development.js:26599:12)
      at workLoopSync (node_modules/react-dom/cjs/react-dom.development.js:26505:5)
      at renderRootSync (node_modules/react-dom/cjs/react-dom.development.js:26473:7)
      at recoverFromConcurrentError (node_modules/react-dom/cjs/react-dom.development.js:25889:20)
      at performSyncWorkOnRoot (node_modules/react-dom/cjs/react-dom.development.js:26135:20)
      at flushSyncCallbacks (node_modules/react-dom/cjs/react-dom.development.js:12042:22)
      at node_modules/react-dom/cjs/react-dom.development.js:25690:13

  console.error
    Error: Uncaught [TypeError: Cannot destructure property 'basename' of 'React__namespace.useContext(...)' as it is null.]
        at reportException (C:\EasyCart\frontend\node_modules\jest-environment-jsdom\node_modules\jsdom\lib\jsdom\living\helpers\runtime-script-errors.js:66:24)
        at innerInvokeEventListeners (C:\EasyCart\frontend\node_modules\jest-environment-jsdom\node_modules\jsdom\lib\jsdom\living\events\EventTarget-impl.js:353:9)
        at invokeEventListeners (C:\EasyCart\frontend\node_modules\jest-environment-jsdom\node_modules\jsdom\lib\jsdom\living\events\EventTarget-impl.js:286:3)
        at HTMLUnknownElementImpl._dispatch (C:\EasyCart\frontend\node_modules\jest-environment-jsdom\node_modules\jsdom\lib\jsdom\living\events\EventTarget-impl.js:233:9)
        at HTMLUnknownElementImpl.dispatchEvent (C:\EasyCart\frontend\node_modules\jest-environment-jsdom\node_modules\jsdom\lib\jsdom\living\events\EventTarget-impl.js:104:17)
        at HTMLUnknownElement.dispatchEvent (C:\EasyCart\frontend\node_modules\jest-environment-jsdom\node_modules\jsdom\lib\jsdom\living\generated\EventTarget.js:241:34)
        at Object.invokeGuardedCallbackDev (C:\EasyCart\frontend\node_modules\react-dom\cjs\react-dom.development.js:4213:16)
        at invokeGuardedCallback (C:\EasyCart\frontend\node_modules\react-dom\cjs\react-dom.development.js:4277:31)
        at beginWork$1 (C:\EasyCart\frontend\node_modules\react-dom\cjs\react-dom.development.js:27490:7)
        at performUnitOfWork (C:\EasyCart\frontend\node_modules\react-dom\cjs\react-dom.development.js:26599:12)
        at workLoopSync (C:\EasyCart\frontend\node_modules\react-dom\cjs\react-dom.development.js:26505:5)
        at renderRootSync (C:\EasyCart\frontend\node_modules\react-dom\cjs\react-dom.development.js:26473:7)
        at recoverFromConcurrentError (C:\EasyCart\frontend\node_modules\react-dom\cjs\react-dom.development.js:25889:20)
        at performSyncWorkOnRoot (C:\EasyCart\frontend\node_modules\react-dom\cjs\react-dom.development.js:26135:20)
        at flushSyncCallbacks (C:\EasyCart\frontend\node_modules\react-dom\cjs\react-dom.development.js:12042:22)
        at C:\EasyCart\frontend\node_modules\react-dom\cjs\react-dom.development.js:25690:13
        at invokeTheCallbackFunction (C:\EasyCart\frontend\node_modules\jest-environment-jsdom\node_modules\jsdom\lib\jsdom\living\generated\Function.js:19:26)
        at C:\EasyCart\frontend\node_modules\jest-environment-jsdom\node_modules\jsdom\lib\jsdom\browser\Window.js:613:9
        at node:internal/process/task_queues:151:7
        at AsyncResource.runInAsyncScope (node:async_hooks:214:14)
        at AsyncResource.runMicrotask (node:internal/process/task_queues:148:8) {
      detail: TypeError: Cannot destructure property 'basename' of 'React__namespace.useContext(...)' as it is null.
          at basename (C:\EasyCart\frontend\node_modules\react-router-dom\index.tsx:975:11)
          at renderWithHooks (C:\EasyCart\frontend\node_modules\react-dom\cjs\react-dom.development.js:15486:18)
          at updateForwardRef (C:\EasyCart\frontend\node_modules\react-dom\cjs\react-dom.development.js:19245:20)
          at beginWork (C:\EasyCart\frontend\node_modules\react-dom\cjs\react-dom.development.js:21675:16)
          at HTMLUnknownElement.callCallback (C:\EasyCart\frontend\node_modules\react-dom\cjs\react-dom.development.js:4164:14)
          at HTMLUnknownElement.callTheUserObjectsOperation (C:\EasyCart\frontend\node_modules\jest-environment-jsdom\node_modules\jsdom\lib\jsdom\living\generated\EventListener.js:26:30)
          at innerInvokeEventListeners (C:\EasyCart\frontend\node_modules\jest-environment-jsdom\node_modules\jsdom\lib\jsdom\living\events\EventTarget-impl.js:350:25)
          at invokeEventListeners (C:\EasyCart\frontend\node_modules\jest-environment-jsdom\node_modules\jsdom\lib\jsdom\living\events\EventTarget-impl.js:286:3)
          at HTMLUnknownElementImpl._dispatch (C:\EasyCart\frontend\node_modules\jest-environment-jsdom\node_modules\jsdom\lib\jsdom\living\events\EventTarget-impl.js:233:9)
          at HTMLUnknownElementImpl.dispatchEvent (C:\EasyCart\frontend\node_modules\jest-environment-jsdom\node_modules\jsdom\lib\jsdom\living\events\EventTarget-impl.js:104:17)
          at HTMLUnknownElement.dispatchEvent (C:\EasyCart\frontend\node_modules\jest-environment-jsdom\node_modules\jsdom\lib\jsdom\living\generated\EventTarget.js:241:34)
          at Object.invokeGuardedCallbackDev (C:\EasyCart\frontend\node_modules\react-dom\cjs\react-dom.development.js:4213:16)
          at invokeGuardedCallback (C:\EasyCart\frontend\node_modules\react-dom\cjs\react-dom.development.js:4277:31)
          at beginWork$1 (C:\EasyCart\frontend\node_modules\react-dom\cjs\react-dom.development.js:27490:7)
          at performUnitOfWork (C:\EasyCart\frontend\node_modules\react-dom\cjs\react-dom.development.js:26599:12)
          at workLoopSync (C:\EasyCart\frontend\node_modules\react-dom\cjs\react-dom.development.js:26505:5)
          at renderRootSync (C:\EasyCart\frontend\node_modules\react-dom\cjs\react-dom.development.js:26473:7)
          at recoverFromConcurrentError (C:\EasyCart\frontend\node_modules\react-dom\cjs\react-dom.development.js:25889:20)
          at performSyncWorkOnRoot (C:\EasyCart\frontend\node_modules\react-dom\cjs\react-dom.development.js:26135:20)
          at flushSyncCallbacks (C:\EasyCart\frontend\node_modules\react-dom\cjs\react-dom.development.js:12042:22)
          at C:\EasyCart\frontend\node_modules\react-dom\cjs\react-dom.development.js:25690:13
          at invokeTheCallbackFunction (C:\EasyCart\frontend\node_modules\jest-environment-jsdom\node_modules\jsdom\lib\jsdom\living\generated\Function.js:19:26)
          at C:\EasyCart\frontend\node_modules\jest-environment-jsdom\node_modules\jsdom\lib\jsdom\browser\Window.js:613:9
          at node:internal/process/task_queues:151:7
          at AsyncResource.runInAsyncScope (node:async_hooks:214:14)
          at AsyncResource.runMicrotask (node:internal/process/task_queues:148:8),
      type: 'unhandled exception'
    }

      at VirtualConsole.<anonymous> (node_modules/@jest/environment-jsdom-abstract/build/index.js:87:23)
      at Object.invokeGuardedCallbackDev (node_modules/react-dom/cjs/react-dom.development.js:4213:16)
      at invokeGuardedCallback (node_modules/react-dom/cjs/react-dom.development.js:4277:31)
      at beginWork$1 (node_modules/react-dom/cjs/react-dom.development.js:27490:7)
      at performUnitOfWork (node_modules/react-dom/cjs/react-dom.development.js:26599:12)
      at workLoopSync (node_modules/react-dom/cjs/react-dom.development.js:26505:5)
      at renderRootSync (node_modules/react-dom/cjs/react-dom.development.js:26473:7)
      at recoverFromConcurrentError (node_modules/react-dom/cjs/react-dom.development.js:25889:20)
      at performSyncWorkOnRoot (node_modules/react-dom/cjs/react-dom.development.js:26135:20)
      at flushSyncCallbacks (node_modules/react-dom/cjs/react-dom.development.js:12042:22)
      at node_modules/react-dom/cjs/react-dom.development.js:25690:13

  console.error
    Error: Uncaught [TypeError: Cannot destructure property 'basename' of 'React__namespace.useContext(...)' as it is null.]
        at reportException (C:\EasyCart\frontend\node_modules\jest-environment-jsdom\node_modules\jsdom\lib\jsdom\living\helpers\runtime-script-errors.js:66:24)
        at innerInvokeEventListeners (C:\EasyCart\frontend\node_modules\jest-environment-jsdom\node_modules\jsdom\lib\jsdom\living\events\EventTarget-impl.js:353:9)
        at invokeEventListeners (C:\EasyCart\frontend\node_modules\jest-environment-jsdom\node_modules\jsdom\lib\jsdom\living\events\EventTarget-impl.js:286:3)
        at HTMLUnknownElementImpl._dispatch (C:\EasyCart\frontend\node_modules\jest-environment-jsdom\node_modules\jsdom\lib\jsdom\living\events\EventTarget-impl.js:233:9)
        at HTMLUnknownElementImpl.dispatchEvent (C:\EasyCart\frontend\node_modules\jest-environment-jsdom\node_modules\jsdom\lib\jsdom\living\events\EventTarget-impl.js:104:17)
        at HTMLUnknownElement.dispatchEvent (C:\EasyCart\frontend\node_modules\jest-environment-jsdom\node_modules\jsdom\lib\jsdom\living\generated\EventTarget.js:241:34)
        at Object.invokeGuardedCallbackDev (C:\EasyCart\frontend\node_modules\react-dom\cjs\react-dom.development.js:4213:16)
        at invokeGuardedCallback (C:\EasyCart\frontend\node_modules\react-dom\cjs\react-dom.development.js:4277:31)
        at beginWork$1 (C:\EasyCart\frontend\node_modules\react-dom\cjs\react-dom.development.js:27490:7)
        at performUnitOfWork (C:\EasyCart\frontend\node_modules\react-dom\cjs\react-dom.development.js:26599:12)
        at workLoopSync (C:\EasyCart\frontend\node_modules\react-dom\cjs\react-dom.development.js:26505:5)
        at renderRootSync (C:\EasyCart\frontend\node_modules\react-dom\cjs\react-dom.development.js:26473:7)
        at recoverFromConcurrentError (C:\EasyCart\frontend\node_modules\react-dom\cjs\react-dom.development.js:25889:20)
        at performSyncWorkOnRoot (C:\EasyCart\frontend\node_modules\react-dom\cjs\react-dom.development.js:26135:20)
        at flushSyncCallbacks (C:\EasyCart\frontend\node_modules\react-dom\cjs\react-dom.development.js:12042:22)
        at C:\EasyCart\frontend\node_modules\react-dom\cjs\react-dom.development.js:25690:13
        at invokeTheCallbackFunction (C:\EasyCart\frontend\node_modules\jest-environment-jsdom\node_modules\jsdom\lib\jsdom\living\generated\Function.js:19:26)
        at C:\EasyCart\frontend\node_modules\jest-environment-jsdom\node_modules\jsdom\lib\jsdom\browser\Window.js:613:9
        at node:internal/process/task_queues:151:7
        at AsyncResource.runInAsyncScope (node:async_hooks:214:14)
        at AsyncResource.runMicrotask (node:internal/process/task_queues:148:8) {
      detail: TypeError: Cannot destructure property 'basename' of 'React__namespace.useContext(...)' as it is null.
          at basename (C:\EasyCart\frontend\node_modules\react-router-dom\index.tsx:975:11)
          at renderWithHooks (C:\EasyCart\frontend\node_modules\react-dom\cjs\react-dom.development.js:15486:18)
          at updateForwardRef (C:\EasyCart\frontend\node_modules\react-dom\cjs\react-dom.development.js:19245:20)
          at beginWork (C:\EasyCart\frontend\node_modules\react-dom\cjs\react-dom.development.js:21675:16)
          at HTMLUnknownElement.callCallback (C:\EasyCart\frontend\node_modules\react-dom\cjs\react-dom.development.js:4164:14)
          at HTMLUnknownElement.callTheUserObjectsOperation (C:\EasyCart\frontend\node_modules\jest-environment-jsdom\node_modules\jsdom\lib\jsdom\living\generated\EventListener.js:26:30)
          at innerInvokeEventListeners (C:\EasyCart\frontend\node_modules\jest-environment-jsdom\node_modules\jsdom\lib\jsdom\living\events\EventTarget-impl.js:350:25)
          at invokeEventListeners (C:\EasyCart\frontend\node_modules\jest-environment-jsdom\node_modules\jsdom\lib\jsdom\living\events\EventTarget-impl.js:286:3)
          at HTMLUnknownElementImpl._dispatch (C:\EasyCart\frontend\node_modules\jest-environment-jsdom\node_modules\jsdom\lib\jsdom\living\events\EventTarget-impl.js:233:9)
          at HTMLUnknownElementImpl.dispatchEvent (C:\EasyCart\frontend\node_modules\jest-environment-jsdom\node_modules\jsdom\lib\jsdom\living\events\EventTarget-impl.js:104:17)
          at HTMLUnknownElement.dispatchEvent (C:\EasyCart\frontend\node_modules\jest-environment-jsdom\node_modules\jsdom\lib\jsdom\living\generated\EventTarget.js:241:34)
          at Object.invokeGuardedCallbackDev (C:\EasyCart\frontend\node_modules\react-dom\cjs\react-dom.development.js:4213:16)
          at invokeGuardedCallback (C:\EasyCart\frontend\node_modules\react-dom\cjs\react-dom.development.js:4277:31)
          at beginWork$1 (C:\EasyCart\frontend\node_modules\react-dom\cjs\react-dom.development.js:27490:7)
          at performUnitOfWork (C:\EasyCart\frontend\node_modules\react-dom\cjs\react-dom.development.js:26599:12)
          at workLoopSync (C:\EasyCart\frontend\node_modules\react-dom\cjs\react-dom.development.js:26505:5)
          at renderRootSync (C:\EasyCart\frontend\node_modules\react-dom\cjs\react-dom.development.js:26473:7)
          at recoverFromConcurrentError (C:\EasyCart\frontend\node_modules\react-dom\cjs\react-dom.development.js:25889:20)
          at performSyncWorkOnRoot (C:\EasyCart\frontend\node_modules\react-dom\cjs\react-dom.development.js:26135:20)
          at flushSyncCallbacks (C:\EasyCart\frontend\node_modules\react-dom\cjs\react-dom.development.js:12042:22)
          at C:\EasyCart\frontend\node_modules\react-dom\cjs\react-dom.development.js:25690:13
          at invokeTheCallbackFunction (C:\EasyCart\frontend\node_modules\jest-environment-jsdom\node_modules\jsdom\lib\jsdom\living\generated\Function.js:19:26)
          at C:\EasyCart\frontend\node_modules\jest-environment-jsdom\node_modules\jsdom\lib\jsdom\browser\Window.js:613:9
          at node:internal/process/task_queues:151:7
          at AsyncResource.runInAsyncScope (node:async_hooks:214:14)
          at AsyncResource.runMicrotask (node:internal/process/task_queues:148:8),
      type: 'unhandled exception'
    }

      at VirtualConsole.<anonymous> (node_modules/@jest/environment-jsdom-abstract/build/index.js:87:23)
      at Object.invokeGuardedCallbackDev (node_modules/react-dom/cjs/react-dom.development.js:4213:16)
      at invokeGuardedCallback (node_modules/react-dom/cjs/react-dom.development.js:4277:31)
      at beginWork$1 (node_modules/react-dom/cjs/react-dom.development.js:27490:7)
      at performUnitOfWork (node_modules/react-dom/cjs/react-dom.development.js:26599:12)
      at workLoopSync (node_modules/react-dom/cjs/react-dom.development.js:26505:5)
      at renderRootSync (node_modules/react-dom/cjs/react-dom.development.js:26473:7)
      at recoverFromConcurrentError (node_modules/react-dom/cjs/react-dom.development.js:25889:20)
      at performSyncWorkOnRoot (node_modules/react-dom/cjs/react-dom.development.js:26135:20)
      at flushSyncCallbacks (node_modules/react-dom/cjs/react-dom.development.js:12042:22)
      at node_modules/react-dom/cjs/react-dom.development.js:25690:13

  console.error
    Error: Uncaught [TypeError: Cannot destructure property 'basename' of 'React__namespace.useContext(...)' as it is null.]
        at reportException (C:\EasyCart\frontend\node_modules\jest-environment-jsdom\node_modules\jsdom\lib\jsdom\living\helpers\runtime-script-errors.js:66:24)
        at innerInvokeEventListeners (C:\EasyCart\frontend\node_modules\jest-environment-jsdom\node_modules\jsdom\lib\jsdom\living\events\EventTarget-impl.js:353:9)
        at invokeEventListeners (C:\EasyCart\frontend\node_modules\jest-environment-jsdom\node_modules\jsdom\lib\jsdom\living\events\EventTarget-impl.js:286:3)
        at HTMLUnknownElementImpl._dispatch (C:\EasyCart\frontend\node_modules\jest-environment-jsdom\node_modules\jsdom\lib\jsdom\living\events\EventTarget-impl.js:233:9)
        at HTMLUnknownElementImpl.dispatchEvent (C:\EasyCart\frontend\node_modules\jest-environment-jsdom\node_modules\jsdom\lib\jsdom\living\events\EventTarget-impl.js:104:17)
        at HTMLUnknownElement.dispatchEvent (C:\EasyCart\frontend\node_modules\jest-environment-jsdom\node_modules\jsdom\lib\jsdom\living\generated\EventTarget.js:241:34)
        at Object.invokeGuardedCallbackDev (C:\EasyCart\frontend\node_modules\react-dom\cjs\react-dom.development.js:4213:16)
        at invokeGuardedCallback (C:\EasyCart\frontend\node_modules\react-dom\cjs\react-dom.development.js:4277:31)
        at beginWork$1 (C:\EasyCart\frontend\node_modules\react-dom\cjs\react-dom.development.js:27490:7)
        at performUnitOfWork (C:\EasyCart\frontend\node_modules\react-dom\cjs\react-dom.development.js:26599:12)
        at workLoopSync (C:\EasyCart\frontend\node_modules\react-dom\cjs\react-dom.development.js:26505:5)
        at renderRootSync (C:\EasyCart\frontend\node_modules\react-dom\cjs\react-dom.development.js:26473:7)
        at recoverFromConcurrentError (C:\EasyCart\frontend\node_modules\react-dom\cjs\react-dom.development.js:25889:20)
        at performSyncWorkOnRoot (C:\EasyCart\frontend\node_modules\react-dom\cjs\react-dom.development.js:26135:20)
        at flushSyncCallbacks (C:\EasyCart\frontend\node_modules\react-dom\cjs\react-dom.development.js:12042:22)
        at C:\EasyCart\frontend\node_modules\react-dom\cjs\react-dom.development.js:25690:13
        at invokeTheCallbackFunction (C:\EasyCart\frontend\node_modules\jest-environment-jsdom\node_modules\jsdom\lib\jsdom\living\generated\Function.js:19:26)
        at C:\EasyCart\frontend\node_modules\jest-environment-jsdom\node_modules\jsdom\lib\jsdom\browser\Window.js:613:9
        at node:internal/process/task_queues:151:7
        at AsyncResource.runInAsyncScope (node:async_hooks:214:14)
        at AsyncResource.runMicrotask (node:internal/process/task_queues:148:8) {
      detail: TypeError: Cannot destructure property 'basename' of 'React__namespace.useContext(...)' as it is null.
          at basename (C:\EasyCart\frontend\node_modules\react-router-dom\index.tsx:975:11)
          at renderWithHooks (C:\EasyCart\frontend\node_modules\react-dom\cjs\react-dom.development.js:15486:18)
          at updateForwardRef (C:\EasyCart\frontend\node_modules\react-dom\cjs\react-dom.development.js:19245:20)
          at beginWork (C:\EasyCart\frontend\node_modules\react-dom\cjs\react-dom.development.js:21675:16)
          at HTMLUnknownElement.callCallback (C:\EasyCart\frontend\node_modules\react-dom\cjs\react-dom.development.js:4164:14)
          at HTMLUnknownElement.callTheUserObjectsOperation (C:\EasyCart\frontend\node_modules\jest-environment-jsdom\node_modules\jsdom\lib\jsdom\living\generated\EventListener.js:26:30)
          at innerInvokeEventListeners (C:\EasyCart\frontend\node_modules\jest-environment-jsdom\node_modules\jsdom\lib\jsdom\living\events\EventTarget-impl.js:350:25)
          at invokeEventListeners (C:\EasyCart\frontend\node_modules\jest-environment-jsdom\node_modules\jsdom\lib\jsdom\living\events\EventTarget-impl.js:286:3)
          at HTMLUnknownElementImpl._dispatch (C:\EasyCart\frontend\node_modules\jest-environment-jsdom\node_modules\jsdom\lib\jsdom\living\events\EventTarget-impl.js:233:9)
          at HTMLUnknownElementImpl.dispatchEvent (C:\EasyCart\frontend\node_modules\jest-environment-jsdom\node_modules\jsdom\lib\jsdom\living\events\EventTarget-impl.js:104:17)
          at HTMLUnknownElement.dispatchEvent (C:\EasyCart\frontend\node_modules\jest-environment-jsdom\node_modules\jsdom\lib\jsdom\living\generated\EventTarget.js:241:34)
          at Object.invokeGuardedCallbackDev (C:\EasyCart\frontend\node_modules\react-dom\cjs\react-dom.development.js:4213:16)
          at invokeGuardedCallback (C:\EasyCart\frontend\node_modules\react-dom\cjs\react-dom.development.js:4277:31)
          at beginWork$1 (C:\EasyCart\frontend\node_modules\react-dom\cjs\react-dom.development.js:27490:7)
          at performUnitOfWork (C:\EasyCart\frontend\node_modules\react-dom\cjs\react-dom.development.js:26599:12)
          at workLoopSync (C:\EasyCart\frontend\node_modules\react-dom\cjs\react-dom.development.js:26505:5)
          at renderRootSync (C:\EasyCart\frontend\node_modules\react-dom\cjs\react-dom.development.js:26473:7)
          at recoverFromConcurrentError (C:\EasyCart\frontend\node_modules\react-dom\cjs\react-dom.development.js:25889:20)
          at performSyncWorkOnRoot (C:\EasyCart\frontend\node_modules\react-dom\cjs\react-dom.development.js:26135:20)
          at flushSyncCallbacks (C:\EasyCart\frontend\node_modules\react-dom\cjs\react-dom.development.js:12042:22)
          at C:\EasyCart\frontend\node_modules\react-dom\cjs\react-dom.development.js:25690:13
          at invokeTheCallbackFunction (C:\EasyCart\frontend\node_modules\jest-environment-jsdom\node_modules\jsdom\lib\jsdom\living\generated\Function.js:19:26)
          at C:\EasyCart\frontend\node_modules\jest-environment-jsdom\node_modules\jsdom\lib\jsdom\browser\Window.js:613:9
          at node:internal/process/task_queues:151:7
          at AsyncResource.runInAsyncScope (node:async_hooks:214:14)
          at AsyncResource.runMicrotask (node:internal/process/task_queues:148:8),
      type: 'unhandled exception'
    }

      at VirtualConsole.<anonymous> (node_modules/@jest/environment-jsdom-abstract/build/index.js:87:23)
      at Object.invokeGuardedCallbackDev (node_modules/react-dom/cjs/react-dom.development.js:4213:16)
      at invokeGuardedCallback (node_modules/react-dom/cjs/react-dom.development.js:4277:31)
      at beginWork$1 (node_modules/react-dom/cjs/react-dom.development.js:27490:7)
      at performUnitOfWork (node_modules/react-dom/cjs/react-dom.development.js:26599:12)
      at workLoopSync (node_modules/react-dom/cjs/react-dom.development.js:26505:5)
      at renderRootSync (node_modules/react-dom/cjs/react-dom.development.js:26473:7)
      at recoverFromConcurrentError (node_modules/react-dom/cjs/react-dom.development.js:25889:20)
      at performSyncWorkOnRoot (node_modules/react-dom/cjs/react-dom.development.js:26135:20)
      at flushSyncCallbacks (node_modules/react-dom/cjs/react-dom.development.js:12042:22)
      at node_modules/react-dom/cjs/react-dom.development.js:25690:13

  console.error
    The above error occurred in the <Link> component:
    
        at onClick (C:\EasyCart\frontend\node_modules\react-router-dom\index.tsx:962:7)
        at div
        at div
        at children (C:\EasyCart\frontend\src\components\ui\Card.js:4:17)
        at product (C:\EasyCart\frontend\src\components\ProductCard.js:8:24)
        at div
        at ProductList (C:\EasyCart\frontend\src\components\ProductList.jsx:33:51)
        at QueryClientProvider (C:\EasyCart\frontend\node_modules\@tanstack\react-query\src\QueryClientProvider.tsx:30:3)
        at children (C:\EasyCart\frontend\src\__tests__\ProductList.test.js:15:13)
    
    Consider adding an error boundary to your tree to customize error handling behavior.
    Visit https://reactjs.org/link/error-boundaries to learn more about error boundaries.

      at logCapturedError (node_modules/react-dom/cjs/react-dom.development.js:18704:23)
      at update.callback (node_modules/react-dom/cjs/react-dom.development.js:18737:5)
      at callCallback (node_modules/react-dom/cjs/react-dom.development.js:15036:12)
      at commitUpdateQueue (node_modules/react-dom/cjs/react-dom.development.js:15057:9)
      at commitLayoutEffectOnFiber (node_modules/react-dom/cjs/react-dom.development.js:23430:13)
      at commitLayoutMountEffects_complete (node_modules/react-dom/cjs/react-dom.development.js:24727:9)
      at commitLayoutEffects_begin (node_modules/react-dom/cjs/react-dom.development.js:24713:7)
      at commitLayoutEffects (node_modules/react-dom/cjs/react-dom.development.js:24651:3)
      at commitRootImpl (node_modules/react-dom/cjs/react-dom.development.js:26862:5)
      at commitRoot (node_modules/react-dom/cjs/react-dom.development.js:26721:5)
      at performSyncWorkOnRoot (node_modules/react-dom/cjs/react-dom.development.js:26156:3)
      at flushSyncCallbacks (node_modules/react-dom/cjs/react-dom.development.js:12042:22)
      at node_modules/react-dom/cjs/react-dom.development.js:25690:13

  console.error
    The above error occurred in the <Link> component:
    
        at onClick (C:\EasyCart\frontend\node_modules\react-router-dom\index.tsx:962:7)
        at div
        at div
        at children (C:\EasyCart\frontend\src\components\ui\Card.js:4:17)
        at product (C:\EasyCart\frontend\src\components\ProductCard.js:8:24)
        at div
        at ProductList (C:\EasyCart\frontend\src\components\ProductList.jsx:33:51)
        at QueryClientProvider (C:\EasyCart\frontend\node_modules\@tanstack\react-query\src\QueryClientProvider.tsx:30:3)
        at children (C:\EasyCart\frontend\src\__tests__\ProductList.test.js:15:13)
    
    Consider adding an error boundary to your tree to customize error handling behavior.
    Visit https://reactjs.org/link/error-boundaries to learn more about error boundaries.

      at logCapturedError (node_modules/react-dom/cjs/react-dom.development.js:18704:23)
      at update.callback (node_modules/react-dom/cjs/react-dom.development.js:18737:5)
      at callCallback (node_modules/react-dom/cjs/react-dom.development.js:15036:12)
      at commitUpdateQueue (node_modules/react-dom/cjs/react-dom.development.js:15057:9)
      at commitLayoutEffectOnFiber (node_modules/react-dom/cjs/react-dom.development.js:23430:13)
      at commitLayoutMountEffects_complete (node_modules/react-dom/cjs/react-dom.development.js:24727:9)
      at commitLayoutEffects_begin (node_modules/react-dom/cjs/react-dom.development.js:24713:7)
      at commitLayoutEffects (node_modules/react-dom/cjs/react-dom.development.js:24651:3)
      at commitRootImpl (node_modules/react-dom/cjs/react-dom.development.js:26862:5)
      at commitRoot (node_modules/react-dom/cjs/react-dom.development.js:26721:5)
      at performSyncWorkOnRoot (node_modules/react-dom/cjs/react-dom.development.js:26156:3)
      at flushSyncCallbacks (node_modules/react-dom/cjs/react-dom.development.js:12042:22)
      at node_modules/react-dom/cjs/react-dom.development.js:25690:13

  console.error
    The above error occurred in the <Link> component:
    
        at onClick (C:\EasyCart\frontend\node_modules\react-router-dom\index.tsx:962:7)
        at div
        at div
        at children (C:\EasyCart\frontend\src\components\ui\Card.js:4:17)
        at product (C:\EasyCart\frontend\src\components\ProductCard.js:8:24)
        at div
        at ProductList (C:\EasyCart\frontend\src\components\ProductList.jsx:33:51)
        at QueryClientProvider (C:\EasyCart\frontend\node_modules\@tanstack\react-query\src\QueryClientProvider.tsx:30:3)
        at children (C:\EasyCart\frontend\src\__tests__\ProductList.test.js:15:13)
    
    Consider adding an error boundary to your tree to customize error handling behavior.
    Visit https://reactjs.org/link/error-boundaries to learn more about error boundaries.

      at logCapturedError (node_modules/react-dom/cjs/react-dom.development.js:18704:23)
      at update.callback (node_modules/react-dom/cjs/react-dom.development.js:18737:5)
      at callCallback (node_modules/react-dom/cjs/react-dom.development.js:15036:12)
      at commitUpdateQueue (node_modules/react-dom/cjs/react-dom.development.js:15057:9)
      at commitLayoutEffectOnFiber (node_modules/react-dom/cjs/react-dom.development.js:23430:13)
      at commitLayoutMountEffects_complete (node_modules/react-dom/cjs/react-dom.development.js:24727:9)
      at commitLayoutEffects_begin (node_modules/react-dom/cjs/react-dom.development.js:24713:7)
      at commitLayoutEffects (node_modules/react-dom/cjs/react-dom.development.js:24651:3)
      at commitRootImpl (node_modules/react-dom/cjs/react-dom.development.js:26862:5)
      at commitRoot (node_modules/react-dom/cjs/react-dom.development.js:26721:5)
      at performSyncWorkOnRoot (node_modules/react-dom/cjs/react-dom.development.js:26156:3)
      at flushSyncCallbacks (node_modules/react-dom/cjs/react-dom.development.js:12042:22)
      at node_modules/react-dom/cjs/react-dom.development.js:25690:13

  console.error
    The above error occurred in the <Link> component:
    
        at onClick (C:\EasyCart\frontend\node_modules\react-router-dom\index.tsx:962:7)
        at div
        at div
        at children (C:\EasyCart\frontend\src\components\ui\Card.js:4:17)
        at product (C:\EasyCart\frontend\src\components\ProductCard.js:8:24)
        at div
        at ProductList (C:\EasyCart\frontend\src\components\ProductList.jsx:33:51)
        at QueryClientProvider (C:\EasyCart\frontend\node_modules\@tanstack\react-query\src\QueryClientProvider.tsx:30:3)
        at children (C:\EasyCart\frontend\src\__tests__\ProductList.test.js:15:13)
    
    Consider adding an error boundary to your tree to customize error handling behavior.
    Visit https://reactjs.org/link/error-boundaries to learn more about error boundaries.

      at logCapturedError (node_modules/react-dom/cjs/react-dom.development.js:18704:23)
      at update.callback (node_modules/react-dom/cjs/react-dom.development.js:18737:5)
      at callCallback (node_modules/react-dom/cjs/react-dom.development.js:15036:12)
      at commitUpdateQueue (node_modules/react-dom/cjs/react-dom.development.js:15057:9)
      at commitLayoutEffectOnFiber (node_modules/react-dom/cjs/react-dom.development.js:23430:13)
      at commitLayoutMountEffects_complete (node_modules/react-dom/cjs/react-dom.development.js:24727:9)
      at commitLayoutEffects_begin (node_modules/react-dom/cjs/react-dom.development.js:24713:7)
      at commitLayoutEffects (node_modules/react-dom/cjs/react-dom.development.js:24651:3)
      at commitRootImpl (node_modules/react-dom/cjs/react-dom.development.js:26862:5)
      at commitRoot (node_modules/react-dom/cjs/react-dom.development.js:26721:5)
      at performSyncWorkOnRoot (node_modules/react-dom/cjs/react-dom.development.js:26156:3)
      at flushSyncCallbacks (node_modules/react-dom/cjs/react-dom.development.js:12042:22)
      at node_modules/react-dom/cjs/react-dom.development.js:25690:13

  console.error
    Error: Uncaught [TypeError: Cannot destructure property 'basename' of 'React__namespace.useContext(...)' as it is null.]
        at reportException (C:\EasyCart\frontend\node_modules\jest-environment-jsdom\node_modules\jsdom\lib\jsdom\living\helpers\runtime-script-errors.js:66:24)
        at C:\EasyCart\frontend\node_modules\jest-environment-jsdom\node_modules\jsdom\lib\jsdom\browser\Window.js:615:9
        at node:internal/process/task_queues:151:7
        at AsyncResource.runInAsyncScope (node:async_hooks:214:14)
        at AsyncResource.runMicrotask (node:internal/process/task_queues:148:8) {
      detail: TypeError: Cannot destructure property 'basename' of 'React__namespace.useContext(...)' as it is null.
          at basename (C:\EasyCart\frontend\node_modules\react-router-dom\index.tsx:975:11)
          at renderWithHooks (C:\EasyCart\frontend\node_modules\react-dom\cjs\react-dom.development.js:15486:18)
          at updateForwardRef (C:\EasyCart\frontend\node_modules\react-dom\cjs\react-dom.development.js:19245:20)
          at beginWork (C:\EasyCart\frontend\node_modules\react-dom\cjs\react-dom.development.js:21675:16)
          at beginWork$1 (C:\EasyCart\frontend\node_modules\react-dom\cjs\react-dom.development.js:27465:14)
          at performUnitOfWork (C:\EasyCart\frontend\node_modules\react-dom\cjs\react-dom.development.js:26599:12)
          at workLoopSync (C:\EasyCart\frontend\node_modules\react-dom\cjs\react-dom.development.js:26505:5)
          at renderRootSync (C:\EasyCart\frontend\node_modules\react-dom\cjs\react-dom.development.js:26473:7)
          at recoverFromConcurrentError (C:\EasyCart\frontend\node_modules\react-dom\cjs\react-dom.development.js:25889:20)
          at performSyncWorkOnRoot (C:\EasyCart\frontend\node_modules\react-dom\cjs\react-dom.development.js:26135:20)
          at flushSyncCallbacks (C:\EasyCart\frontend\node_modules\react-dom\cjs\react-dom.development.js:12042:22)
          at C:\EasyCart\frontend\node_modules\react-dom\cjs\react-dom.development.js:25690:13
          at invokeTheCallbackFunction (C:\EasyCart\frontend\node_modules\jest-environment-jsdom\node_modules\jsdom\lib\jsdom\living\generated\Function.js:19:26)
          at C:\EasyCart\frontend\node_modules\jest-environment-jsdom\node_modules\jsdom\lib\jsdom\browser\Window.js:613:9
          at node:internal/process/task_queues:151:7
          at AsyncResource.runInAsyncScope (node:async_hooks:214:14)
          at AsyncResource.runMicrotask (node:internal/process/task_queues:148:8),
      type: 'unhandled exception'
    }

      at VirtualConsole.<anonymous> (node_modules/@jest/environment-jsdom-abstract/build/index.js:87:23)

  console.error
    Error: Uncaught [TypeError: Cannot destructure property 'basename' of 'React__namespace.useContext(...)' as it is null.]
        at reportException (C:\EasyCart\frontend\node_modules\jest-environment-jsdom\node_modules\jsdom\lib\jsdom\living\helpers\runtime-script-errors.js:66:24)
        at innerInvokeEventListeners (C:\EasyCart\frontend\node_modules\jest-environment-jsdom\node_modules\jsdom\lib\jsdom\living\events\EventTarget-impl.js:353:9)
        at invokeEventListeners (C:\EasyCart\frontend\node_modules\jest-environment-jsdom\node_modules\jsdom\lib\jsdom\living\events\EventTarget-impl.js:286:3)
        at HTMLUnknownElementImpl._dispatch (C:\EasyCart\frontend\node_modules\jest-environment-jsdom\node_modules\jsdom\lib\jsdom\living\events\EventTarget-impl.js:233:9)
        at HTMLUnknownElementImpl.dispatchEvent (C:\EasyCart\frontend\node_modules\jest-environment-jsdom\node_modules\jsdom\lib\jsdom\living\events\EventTarget-impl.js:104:17)
        at HTMLUnknownElement.dispatchEvent (C:\EasyCart\frontend\node_modules\jest-environment-jsdom\node_modules\jsdom\lib\jsdom\living\generated\EventTarget.js:241:34)
        at Object.invokeGuardedCallbackDev (C:\EasyCart\frontend\node_modules\react-dom\cjs\react-dom.development.js:4213:16)
        at invokeGuardedCallback (C:\EasyCart\frontend\node_modules\react-dom\cjs\react-dom.development.js:4277:31)
        at beginWork$1 (C:\EasyCart\frontend\node_modules\react-dom\cjs\react-dom.development.js:27490:7)
        at performUnitOfWork (C:\EasyCart\frontend\node_modules\react-dom\cjs\react-dom.development.js:26599:12)
        at workLoopSync (C:\EasyCart\frontend\node_modules\react-dom\cjs\react-dom.development.js:26505:5)
        at renderRootSync (C:\EasyCart\frontend\node_modules\react-dom\cjs\react-dom.development.js:26473:7)
        at performSyncWorkOnRoot (C:\EasyCart\frontend\node_modules\react-dom\cjs\react-dom.development.js:26124:20)
        at flushSyncCallbacks (C:\EasyCart\frontend\node_modules\react-dom\cjs\react-dom.development.js:12042:22)
        at C:\EasyCart\frontend\node_modules\react-dom\cjs\react-dom.development.js:25690:13
        at invokeTheCallbackFunction (C:\EasyCart\frontend\node_modules\jest-environment-jsdom\node_modules\jsdom\lib\jsdom\living\generated\Function.js:19:26)
        at C:\EasyCart\frontend\node_modules\jest-environment-jsdom\node_modules\jsdom\lib\jsdom\browser\Window.js:613:9
        at node:internal/process/task_queues:151:7
        at AsyncResource.runInAsyncScope (node:async_hooks:214:14)
        at AsyncResource.runMicrotask (node:internal/process/task_queues:148:8)
        at runNextTicks (node:internal/process/task_queues:65:5)
        at processTimers (node:internal/timers:520:9) {
      detail: TypeError: Cannot destructure property 'basename' of 'React__namespace.useContext(...)' as it is null.
          at basename (C:\EasyCart\frontend\node_modules\react-router-dom\index.tsx:975:11)
          at renderWithHooks (C:\EasyCart\frontend\node_modules\react-dom\cjs\react-dom.development.js:15486:18)
          at updateForwardRef (C:\EasyCart\frontend\node_modules\react-dom\cjs\react-dom.development.js:19245:20)
          at beginWork (C:\EasyCart\frontend\node_modules\react-dom\cjs\react-dom.development.js:21675:16)
          at HTMLUnknownElement.callCallback (C:\EasyCart\frontend\node_modules\react-dom\cjs\react-dom.development.js:4164:14)
          at HTMLUnknownElement.callTheUserObjectsOperation (C:\EasyCart\frontend\node_modules\jest-environment-jsdom\node_modules\jsdom\lib\jsdom\living\generated\EventListener.js:26:30)
          at innerInvokeEventListeners (C:\EasyCart\frontend\node_modules\jest-environment-jsdom\node_modules\jsdom\lib\jsdom\living\events\EventTarget-impl.js:350:25)
          at invokeEventListeners (C:\EasyCart\frontend\node_modules\jest-environment-jsdom\node_modules\jsdom\lib\jsdom\living\events\EventTarget-impl.js:286:3)
          at HTMLUnknownElementImpl._dispatch (C:\EasyCart\frontend\node_modules\jest-environment-jsdom\node_modules\jsdom\lib\jsdom\living\events\EventTarget-impl.js:233:9)
          at HTMLUnknownElementImpl.dispatchEvent (C:\EasyCart\frontend\node_modules\jest-environment-jsdom\node_modules\jsdom\lib\jsdom\living\events\EventTarget-impl.js:104:17)
          at HTMLUnknownElement.dispatchEvent (C:\EasyCart\frontend\node_modules\jest-environment-jsdom\node_modules\jsdom\lib\jsdom\living\generated\EventTarget.js:241:34)
          at Object.invokeGuardedCallbackDev (C:\EasyCart\frontend\node_modules\react-dom\cjs\react-dom.development.js:4213:16)
          at invokeGuardedCallback (C:\EasyCart\frontend\node_modules\react-dom\cjs\react-dom.development.js:4277:31)
          at beginWork$1 (C:\EasyCart\frontend\node_modules\react-dom\cjs\react-dom.development.js:27490:7)
          at performUnitOfWork (C:\EasyCart\frontend\node_modules\react-dom\cjs\react-dom.development.js:26599:12)
          at workLoopSync (C:\EasyCart\frontend\node_modules\react-dom\cjs\react-dom.development.js:26505:5)
          at renderRootSync (C:\EasyCart\frontend\node_modules\react-dom\cjs\react-dom.development.js:26473:7)
          at performSyncWorkOnRoot (C:\EasyCart\frontend\node_modules\react-dom\cjs\react-dom.development.js:26124:20)
          at flushSyncCallbacks (C:\EasyCart\frontend\node_modules\react-dom\cjs\react-dom.development.js:12042:22)
          at C:\EasyCart\frontend\node_modules\react-dom\cjs\react-dom.development.js:25690:13
          at invokeTheCallbackFunction (C:\EasyCart\frontend\node_modules\jest-environment-jsdom\node_modules\jsdom\lib\jsdom\living\generated\Function.js:19:26)
          at C:\EasyCart\frontend\node_modules\jest-environment-jsdom\node_modules\jsdom\lib\jsdom\browser\Window.js:613:9
          at node:internal/process/task_queues:151:7
          at AsyncResource.runInAsyncScope (node:async_hooks:214:14)
          at AsyncResource.runMicrotask (node:internal/process/task_queues:148:8)
          at runNextTicks (node:internal/process/task_queues:65:5)
          at processTimers (node:internal/timers:520:9),
      type: 'unhandled exception'
    }

      at VirtualConsole.<anonymous> (node_modules/@jest/environment-jsdom-abstract/build/index.js:87:23)
      at Object.invokeGuardedCallbackDev (node_modules/react-dom/cjs/react-dom.development.js:4213:16)
      at invokeGuardedCallback (node_modules/react-dom/cjs/react-dom.development.js:4277:31)
      at beginWork$1 (node_modules/react-dom/cjs/react-dom.development.js:27490:7)
      at performUnitOfWork (node_modules/react-dom/cjs/react-dom.development.js:26599:12)
      at workLoopSync (node_modules/react-dom/cjs/react-dom.development.js:26505:5)
      at renderRootSync (node_modules/react-dom/cjs/react-dom.development.js:26473:7)
      at performSyncWorkOnRoot (node_modules/react-dom/cjs/react-dom.development.js:26124:20)
      at flushSyncCallbacks (node_modules/react-dom/cjs/react-dom.development.js:12042:22)
      at node_modules/react-dom/cjs/react-dom.development.js:25690:13

  console.error
    Error: Uncaught [TypeError: Cannot destructure property 'basename' of 'React__namespace.useContext(...)' as it is null.]
        at reportException (C:\EasyCart\frontend\node_modules\jest-environment-jsdom\node_modules\jsdom\lib\jsdom\living\helpers\runtime-script-errors.js:66:24)
        at innerInvokeEventListeners (C:\EasyCart\frontend\node_modules\jest-environment-jsdom\node_modules\jsdom\lib\jsdom\living\events\EventTarget-impl.js:353:9)
        at invokeEventListeners (C:\EasyCart\frontend\node_modules\jest-environment-jsdom\node_modules\jsdom\lib\jsdom\living\events\EventTarget-impl.js:286:3)
        at HTMLUnknownElementImpl._dispatch (C:\EasyCart\frontend\node_modules\jest-environment-jsdom\node_modules\jsdom\lib\jsdom\living\events\EventTarget-impl.js:233:9)
        at HTMLUnknownElementImpl.dispatchEvent (C:\EasyCart\frontend\node_modules\jest-environment-jsdom\node_modules\jsdom\lib\jsdom\living\events\EventTarget-impl.js:104:17)
        at HTMLUnknownElement.dispatchEvent (C:\EasyCart\frontend\node_modules\jest-environment-jsdom\node_modules\jsdom\lib\jsdom\living\generated\EventTarget.js:241:34)
        at Object.invokeGuardedCallbackDev (C:\EasyCart\frontend\node_modules\react-dom\cjs\react-dom.development.js:4213:16)
        at invokeGuardedCallback (C:\EasyCart\frontend\node_modules\react-dom\cjs\react-dom.development.js:4277:31)
        at beginWork$1 (C:\EasyCart\frontend\node_modules\react-dom\cjs\react-dom.development.js:27490:7)
        at performUnitOfWork (C:\EasyCart\frontend\node_modules\react-dom\cjs\react-dom.development.js:26599:12)
        at workLoopSync (C:\EasyCart\frontend\node_modules\react-dom\cjs\react-dom.development.js:26505:5)
        at renderRootSync (C:\EasyCart\frontend\node_modules\react-dom\cjs\react-dom.development.js:26473:7)
        at performSyncWorkOnRoot (C:\EasyCart\frontend\node_modules\react-dom\cjs\react-dom.development.js:26124:20)
        at flushSyncCallbacks (C:\EasyCart\frontend\node_modules\react-dom\cjs\react-dom.development.js:12042:22)
        at C:\EasyCart\frontend\node_modules\react-dom\cjs\react-dom.development.js:25690:13
        at invokeTheCallbackFunction (C:\EasyCart\frontend\node_modules\jest-environment-jsdom\node_modules\jsdom\lib\jsdom\living\generated\Function.js:19:26)
        at C:\EasyCart\frontend\node_modules\jest-environment-jsdom\node_modules\jsdom\lib\jsdom\browser\Window.js:613:9
        at node:internal/process/task_queues:151:7
        at AsyncResource.runInAsyncScope (node:async_hooks:214:14)
        at AsyncResource.runMicrotask (node:internal/process/task_queues:148:8)
        at runNextTicks (node:internal/process/task_queues:65:5)
        at processTimers (node:internal/timers:520:9) {
      detail: TypeError: Cannot destructure property 'basename' of 'React__namespace.useContext(...)' as it is null.
          at basename (C:\EasyCart\frontend\node_modules\react-router-dom\index.tsx:975:11)
          at renderWithHooks (C:\EasyCart\frontend\node_modules\react-dom\cjs\react-dom.development.js:15486:18)
          at updateForwardRef (C:\EasyCart\frontend\node_modules\react-dom\cjs\react-dom.development.js:19245:20)
          at beginWork (C:\EasyCart\frontend\node_modules\react-dom\cjs\react-dom.development.js:21675:16)
          at HTMLUnknownElement.callCallback (C:\EasyCart\frontend\node_modules\react-dom\cjs\react-dom.development.js:4164:14)
          at HTMLUnknownElement.callTheUserObjectsOperation (C:\EasyCart\frontend\node_modules\jest-environment-jsdom\node_modules\jsdom\lib\jsdom\living\generated\EventListener.js:26:30)
          at innerInvokeEventListeners (C:\EasyCart\frontend\node_modules\jest-environment-jsdom\node_modules\jsdom\lib\jsdom\living\events\EventTarget-impl.js:350:25)
          at invokeEventListeners (C:\EasyCart\frontend\node_modules\jest-environment-jsdom\node_modules\jsdom\lib\jsdom\living\events\EventTarget-impl.js:286:3)
          at HTMLUnknownElementImpl._dispatch (C:\EasyCart\frontend\node_modules\jest-environment-jsdom\node_modules\jsdom\lib\jsdom\living\events\EventTarget-impl.js:233:9)
          at HTMLUnknownElementImpl.dispatchEvent (C:\EasyCart\frontend\node_modules\jest-environment-jsdom\node_modules\jsdom\lib\jsdom\living\events\EventTarget-impl.js:104:17)
          at HTMLUnknownElement.dispatchEvent (C:\EasyCart\frontend\node_modules\jest-environment-jsdom\node_modules\jsdom\lib\jsdom\living\generated\EventTarget.js:241:34)
          at Object.invokeGuardedCallbackDev (C:\EasyCart\frontend\node_modules\react-dom\cjs\react-dom.development.js:4213:16)
          at invokeGuardedCallback (C:\EasyCart\frontend\node_modules\react-dom\cjs\react-dom.development.js:4277:31)
          at beginWork$1 (C:\EasyCart\frontend\node_modules\react-dom\cjs\react-dom.development.js:27490:7)
          at performUnitOfWork (C:\EasyCart\frontend\node_modules\react-dom\cjs\react-dom.development.js:26599:12)
          at workLoopSync (C:\EasyCart\frontend\node_modules\react-dom\cjs\react-dom.development.js:26505:5)
          at renderRootSync (C:\EasyCart\frontend\node_modules\react-dom\cjs\react-dom.development.js:26473:7)
          at performSyncWorkOnRoot (C:\EasyCart\frontend\node_modules\react-dom\cjs\react-dom.development.js:26124:20)
          at flushSyncCallbacks (C:\EasyCart\frontend\node_modules\react-dom\cjs\react-dom.development.js:12042:22)
          at C:\EasyCart\frontend\node_modules\react-dom\cjs\react-dom.development.js:25690:13
          at invokeTheCallbackFunction (C:\EasyCart\frontend\node_modules\jest-environment-jsdom\node_modules\jsdom\lib\jsdom\living\generated\Function.js:19:26)
          at C:\EasyCart\frontend\node_modules\jest-environment-jsdom\node_modules\jsdom\lib\jsdom\browser\Window.js:613:9
          at node:internal/process/task_queues:151:7
          at AsyncResource.runInAsyncScope (node:async_hooks:214:14)
          at AsyncResource.runMicrotask (node:internal/process/task_queues:148:8)
          at runNextTicks (node:internal/process/task_queues:65:5)
          at processTimers (node:internal/timers:520:9),
      type: 'unhandled exception'
    }

      at VirtualConsole.<anonymous> (node_modules/@jest/environment-jsdom-abstract/build/index.js:87:23)
      at Object.invokeGuardedCallbackDev (node_modules/react-dom/cjs/react-dom.development.js:4213:16)
      at invokeGuardedCallback (node_modules/react-dom/cjs/react-dom.development.js:4277:31)
      at beginWork$1 (node_modules/react-dom/cjs/react-dom.development.js:27490:7)
      at performUnitOfWork (node_modules/react-dom/cjs/react-dom.development.js:26599:12)
      at workLoopSync (node_modules/react-dom/cjs/react-dom.development.js:26505:5)
      at renderRootSync (node_modules/react-dom/cjs/react-dom.development.js:26473:7)
      at performSyncWorkOnRoot (node_modules/react-dom/cjs/react-dom.development.js:26124:20)
      at flushSyncCallbacks (node_modules/react-dom/cjs/react-dom.development.js:12042:22)
      at node_modules/react-dom/cjs/react-dom.development.js:25690:13

  console.error
    Error: Uncaught [TypeError: Cannot destructure property 'basename' of 'React__namespace.useContext(...)' as it is null.]
        at reportException (C:\EasyCart\frontend\node_modules\jest-environment-jsdom\node_modules\jsdom\lib\jsdom\living\helpers\runtime-script-errors.js:66:24)
        at innerInvokeEventListeners (C:\EasyCart\frontend\node_modules\jest-environment-jsdom\node_modules\jsdom\lib\jsdom\living\events\EventTarget-impl.js:353:9)
        at invokeEventListeners (C:\EasyCart\frontend\node_modules\jest-environment-jsdom\node_modules\jsdom\lib\jsdom\living\events\EventTarget-impl.js:286:3)
        at HTMLUnknownElementImpl._dispatch (C:\EasyCart\frontend\node_modules\jest-environment-jsdom\node_modules\jsdom\lib\jsdom\living\events\EventTarget-impl.js:233:9)
        at HTMLUnknownElementImpl.dispatchEvent (C:\EasyCart\frontend\node_modules\jest-environment-jsdom\node_modules\jsdom\lib\jsdom\living\events\EventTarget-impl.js:104:17)
        at HTMLUnknownElement.dispatchEvent (C:\EasyCart\frontend\node_modules\jest-environment-jsdom\node_modules\jsdom\lib\jsdom\living\generated\EventTarget.js:241:34)
        at Object.invokeGuardedCallbackDev (C:\EasyCart\frontend\node_modules\react-dom\cjs\react-dom.development.js:4213:16)
        at invokeGuardedCallback (C:\EasyCart\frontend\node_modules\react-dom\cjs\react-dom.development.js:4277:31)
        at beginWork$1 (C:\EasyCart\frontend\node_modules\react-dom\cjs\react-dom.development.js:27490:7)
        at performUnitOfWork (C:\EasyCart\frontend\node_modules\react-dom\cjs\react-dom.development.js:26599:12)
        at workLoopSync (C:\EasyCart\frontend\node_modules\react-dom\cjs\react-dom.development.js:26505:5)
        at renderRootSync (C:\EasyCart\frontend\node_modules\react-dom\cjs\react-dom.development.js:26473:7)
        at performSyncWorkOnRoot (C:\EasyCart\frontend\node_modules\react-dom\cjs\react-dom.development.js:26124:20)
        at flushSyncCallbacks (C:\EasyCart\frontend\node_modules\react-dom\cjs\react-dom.development.js:12042:22)
        at C:\EasyCart\frontend\node_modules\react-dom\cjs\react-dom.development.js:25690:13
        at invokeTheCallbackFunction (C:\EasyCart\frontend\node_modules\jest-environment-jsdom\node_modules\jsdom\lib\jsdom\living\generated\Function.js:19:26)
        at C:\EasyCart\frontend\node_modules\jest-environment-jsdom\node_modules\jsdom\lib\jsdom\browser\Window.js:613:9
        at node:internal/process/task_queues:151:7
        at AsyncResource.runInAsyncScope (node:async_hooks:214:14)
        at AsyncResource.runMicrotask (node:internal/process/task_queues:148:8)
        at runNextTicks (node:internal/process/task_queues:65:5)
        at processTimers (node:internal/timers:520:9) {
      detail: TypeError: Cannot destructure property 'basename' of 'React__namespace.useContext(...)' as it is null.
          at basename (C:\EasyCart\frontend\node_modules\react-router-dom\index.tsx:975:11)
          at renderWithHooks (C:\EasyCart\frontend\node_modules\react-dom\cjs\react-dom.development.js:15486:18)
          at updateForwardRef (C:\EasyCart\frontend\node_modules\react-dom\cjs\react-dom.development.js:19245:20)
          at beginWork (C:\EasyCart\frontend\node_modules\react-dom\cjs\react-dom.development.js:21675:16)
          at HTMLUnknownElement.callCallback (C:\EasyCart\frontend\node_modules\react-dom\cjs\react-dom.development.js:4164:14)
          at HTMLUnknownElement.callTheUserObjectsOperation (C:\EasyCart\frontend\node_modules\jest-environment-jsdom\node_modules\jsdom\lib\jsdom\living\generated\EventListener.js:26:30)
          at innerInvokeEventListeners (C:\EasyCart\frontend\node_modules\jest-environment-jsdom\node_modules\jsdom\lib\jsdom\living\events\EventTarget-impl.js:350:25)
          at invokeEventListeners (C:\EasyCart\frontend\node_modules\jest-environment-jsdom\node_modules\jsdom\lib\jsdom\living\events\EventTarget-impl.js:286:3)
          at HTMLUnknownElementImpl._dispatch (C:\EasyCart\frontend\node_modules\jest-environment-jsdom\node_modules\jsdom\lib\jsdom\living\events\EventTarget-impl.js:233:9)
          at HTMLUnknownElementImpl.dispatchEvent (C:\EasyCart\frontend\node_modules\jest-environment-jsdom\node_modules\jsdom\lib\jsdom\living\events\EventTarget-impl.js:104:17)
          at HTMLUnknownElement.dispatchEvent (C:\EasyCart\frontend\node_modules\jest-environment-jsdom\node_modules\jsdom\lib\jsdom\living\generated\EventTarget.js:241:34)
          at Object.invokeGuardedCallbackDev (C:\EasyCart\frontend\node_modules\react-dom\cjs\react-dom.development.js:4213:16)
          at invokeGuardedCallback (C:\EasyCart\frontend\node_modules\react-dom\cjs\react-dom.development.js:4277:31)
          at beginWork$1 (C:\EasyCart\frontend\node_modules\react-dom\cjs\react-dom.development.js:27490:7)
          at performUnitOfWork (C:\EasyCart\frontend\node_modules\react-dom\cjs\react-dom.development.js:26599:12)
          at workLoopSync (C:\EasyCart\frontend\node_modules\react-dom\cjs\react-dom.development.js:26505:5)
          at renderRootSync (C:\EasyCart\frontend\node_modules\react-dom\cjs\react-dom.development.js:26473:7)
          at performSyncWorkOnRoot (C:\EasyCart\frontend\node_modules\react-dom\cjs\react-dom.development.js:26124:20)
          at flushSyncCallbacks (C:\EasyCart\frontend\node_modules\react-dom\cjs\react-dom.development.js:12042:22)
          at C:\EasyCart\frontend\node_modules\react-dom\cjs\react-dom.development.js:25690:13
          at invokeTheCallbackFunction (C:\EasyCart\frontend\node_modules\jest-environment-jsdom\node_modules\jsdom\lib\jsdom\living\generated\Function.js:19:26)
          at C:\EasyCart\frontend\node_modules\jest-environment-jsdom\node_modules\jsdom\lib\jsdom\browser\Window.js:613:9
          at node:internal/process/task_queues:151:7
          at AsyncResource.runInAsyncScope (node:async_hooks:214:14)
          at AsyncResource.runMicrotask (node:internal/process/task_queues:148:8)
          at runNextTicks (node:internal/process/task_queues:65:5)
          at processTimers (node:internal/timers:520:9),
      type: 'unhandled exception'
    }

      at VirtualConsole.<anonymous> (node_modules/@jest/environment-jsdom-abstract/build/index.js:87:23)
      at Object.invokeGuardedCallbackDev (node_modules/react-dom/cjs/react-dom.development.js:4213:16)
      at invokeGuardedCallback (node_modules/react-dom/cjs/react-dom.development.js:4277:31)
      at beginWork$1 (node_modules/react-dom/cjs/react-dom.development.js:27490:7)
      at performUnitOfWork (node_modules/react-dom/cjs/react-dom.development.js:26599:12)
      at workLoopSync (node_modules/react-dom/cjs/react-dom.development.js:26505:5)
      at renderRootSync (node_modules/react-dom/cjs/react-dom.development.js:26473:7)
      at performSyncWorkOnRoot (node_modules/react-dom/cjs/react-dom.development.js:26124:20)
      at flushSyncCallbacks (node_modules/react-dom/cjs/react-dom.development.js:12042:22)
      at node_modules/react-dom/cjs/react-dom.development.js:25690:13

  console.error
    Error: Uncaught [TypeError: Cannot destructure property 'basename' of 'React__namespace.useContext(...)' as it is null.]
        at reportException (C:\EasyCart\frontend\node_modules\jest-environment-jsdom\node_modules\jsdom\lib\jsdom\living\helpers\runtime-script-errors.js:66:24)
        at innerInvokeEventListeners (C:\EasyCart\frontend\node_modules\jest-environment-jsdom\node_modules\jsdom\lib\jsdom\living\events\EventTarget-impl.js:353:9)
        at invokeEventListeners (C:\EasyCart\frontend\node_modules\jest-environment-jsdom\node_modules\jsdom\lib\jsdom\living\events\EventTarget-impl.js:286:3)
        at HTMLUnknownElementImpl._dispatch (C:\EasyCart\frontend\node_modules\jest-environment-jsdom\node_modules\jsdom\lib\jsdom\living\events\EventTarget-impl.js:233:9)
        at HTMLUnknownElementImpl.dispatchEvent (C:\EasyCart\frontend\node_modules\jest-environment-jsdom\node_modules\jsdom\lib\jsdom\living\events\EventTarget-impl.js:104:17)
        at HTMLUnknownElement.dispatchEvent (C:\EasyCart\frontend\node_modules\jest-environment-jsdom\node_modules\jsdom\lib\jsdom\living\generated\EventTarget.js:241:34)
        at Object.invokeGuardedCallbackDev (C:\EasyCart\frontend\node_modules\react-dom\cjs\react-dom.development.js:4213:16)
        at invokeGuardedCallback (C:\EasyCart\frontend\node_modules\react-dom\cjs\react-dom.development.js:4277:31)
        at beginWork$1 (C:\EasyCart\frontend\node_modules\react-dom\cjs\react-dom.development.js:27490:7)
        at performUnitOfWork (C:\EasyCart\frontend\node_modules\react-dom\cjs\react-dom.development.js:26599:12)
        at workLoopSync (C:\EasyCart\frontend\node_modules\react-dom\cjs\react-dom.development.js:26505:5)
        at renderRootSync (C:\EasyCart\frontend\node_modules\react-dom\cjs\react-dom.development.js:26473:7)
        at performSyncWorkOnRoot (C:\EasyCart\frontend\node_modules\react-dom\cjs\react-dom.development.js:26124:20)
        at flushSyncCallbacks (C:\EasyCart\frontend\node_modules\react-dom\cjs\react-dom.development.js:12042:22)
        at C:\EasyCart\frontend\node_modules\react-dom\cjs\react-dom.development.js:25690:13
        at invokeTheCallbackFunction (C:\EasyCart\frontend\node_modules\jest-environment-jsdom\node_modules\jsdom\lib\jsdom\living\generated\Function.js:19:26)
        at C:\EasyCart\frontend\node_modules\jest-environment-jsdom\node_modules\jsdom\lib\jsdom\browser\Window.js:613:9
        at node:internal/process/task_queues:151:7
        at AsyncResource.runInAsyncScope (node:async_hooks:214:14)
        at AsyncResource.runMicrotask (node:internal/process/task_queues:148:8)
        at runNextTicks (node:internal/process/task_queues:65:5)
        at processTimers (node:internal/timers:520:9) {
      detail: TypeError: Cannot destructure property 'basename' of 'React__namespace.useContext(...)' as it is null.
          at basename (C:\EasyCart\frontend\node_modules\react-router-dom\index.tsx:975:11)
          at renderWithHooks (C:\EasyCart\frontend\node_modules\react-dom\cjs\react-dom.development.js:15486:18)
          at updateForwardRef (C:\EasyCart\frontend\node_modules\react-dom\cjs\react-dom.development.js:19245:20)
          at beginWork (C:\EasyCart\frontend\node_modules\react-dom\cjs\react-dom.development.js:21675:16)
          at HTMLUnknownElement.callCallback (C:\EasyCart\frontend\node_modules\react-dom\cjs\react-dom.development.js:4164:14)
          at HTMLUnknownElement.callTheUserObjectsOperation (C:\EasyCart\frontend\node_modules\jest-environment-jsdom\node_modules\jsdom\lib\jsdom\living\generated\EventListener.js:26:30)
          at innerInvokeEventListeners (C:\EasyCart\frontend\node_modules\jest-environment-jsdom\node_modules\jsdom\lib\jsdom\living\events\EventTarget-impl.js:350:25)
          at invokeEventListeners (C:\EasyCart\frontend\node_modules\jest-environment-jsdom\node_modules\jsdom\lib\jsdom\living\events\EventTarget-impl.js:286:3)
          at HTMLUnknownElementImpl._dispatch (C:\EasyCart\frontend\node_modules\jest-environment-jsdom\node_modules\jsdom\lib\jsdom\living\events\EventTarget-impl.js:233:9)
          at HTMLUnknownElementImpl.dispatchEvent (C:\EasyCart\frontend\node_modules\jest-environment-jsdom\node_modules\jsdom\lib\jsdom\living\events\EventTarget-impl.js:104:17)
          at HTMLUnknownElement.dispatchEvent (C:\EasyCart\frontend\node_modules\jest-environment-jsdom\node_modules\jsdom\lib\jsdom\living\generated\EventTarget.js:241:34)
          at Object.invokeGuardedCallbackDev (C:\EasyCart\frontend\node_modules\react-dom\cjs\react-dom.development.js:4213:16)
          at invokeGuardedCallback (C:\EasyCart\frontend\node_modules\react-dom\cjs\react-dom.development.js:4277:31)
          at beginWork$1 (C:\EasyCart\frontend\node_modules\react-dom\cjs\react-dom.development.js:27490:7)
          at performUnitOfWork (C:\EasyCart\frontend\node_modules\react-dom\cjs\react-dom.development.js:26599:12)
          at workLoopSync (C:\EasyCart\frontend\node_modules\react-dom\cjs\react-dom.development.js:26505:5)
          at renderRootSync (C:\EasyCart\frontend\node_modules\react-dom\cjs\react-dom.development.js:26473:7)
          at performSyncWorkOnRoot (C:\EasyCart\frontend\node_modules\react-dom\cjs\react-dom.development.js:26124:20)
          at flushSyncCallbacks (C:\EasyCart\frontend\node_modules\react-dom\cjs\react-dom.development.js:12042:22)
          at C:\EasyCart\frontend\node_modules\react-dom\cjs\react-dom.development.js:25690:13
          at invokeTheCallbackFunction (C:\EasyCart\frontend\node_modules\jest-environment-jsdom\node_modules\jsdom\lib\jsdom\living\generated\Function.js:19:26)
          at C:\EasyCart\frontend\node_modules\jest-environment-jsdom\node_modules\jsdom\lib\jsdom\browser\Window.js:613:9
          at node:internal/process/task_queues:151:7
          at AsyncResource.runInAsyncScope (node:async_hooks:214:14)
          at AsyncResource.runMicrotask (node:internal/process/task_queues:148:8)
          at runNextTicks (node:internal/process/task_queues:65:5)
          at processTimers (node:internal/timers:520:9),
      type: 'unhandled exception'
    }

      at VirtualConsole.<anonymous> (node_modules/@jest/environment-jsdom-abstract/build/index.js:87:23)
      at Object.invokeGuardedCallbackDev (node_modules/react-dom/cjs/react-dom.development.js:4213:16)
      at invokeGuardedCallback (node_modules/react-dom/cjs/react-dom.development.js:4277:31)
      at beginWork$1 (node_modules/react-dom/cjs/react-dom.development.js:27490:7)
      at performUnitOfWork (node_modules/react-dom/cjs/react-dom.development.js:26599:12)
      at workLoopSync (node_modules/react-dom/cjs/react-dom.development.js:26505:5)
      at renderRootSync (node_modules/react-dom/cjs/react-dom.development.js:26473:7)
      at performSyncWorkOnRoot (node_modules/react-dom/cjs/react-dom.development.js:26124:20)
      at flushSyncCallbacks (node_modules/react-dom/cjs/react-dom.development.js:12042:22)
      at node_modules/react-dom/cjs/react-dom.development.js:25690:13

  console.error
    Error: Uncaught [TypeError: Cannot destructure property 'basename' of 'React__namespace.useContext(...)' as it is null.]
        at reportException (C:\EasyCart\frontend\node_modules\jest-environment-jsdom\node_modules\jsdom\lib\jsdom\living\helpers\runtime-script-errors.js:66:24)
        at innerInvokeEventListeners (C:\EasyCart\frontend\node_modules\jest-environment-jsdom\node_modules\jsdom\lib\jsdom\living\events\EventTarget-impl.js:353:9)
        at invokeEventListeners (C:\EasyCart\frontend\node_modules\jest-environment-jsdom\node_modules\jsdom\lib\jsdom\living\events\EventTarget-impl.js:286:3)
        at HTMLUnknownElementImpl._dispatch (C:\EasyCart\frontend\node_modules\jest-environment-jsdom\node_modules\jsdom\lib\jsdom\living\events\EventTarget-impl.js:233:9)
        at HTMLUnknownElementImpl.dispatchEvent (C:\EasyCart\frontend\node_modules\jest-environment-jsdom\node_modules\jsdom\lib\jsdom\living\events\EventTarget-impl.js:104:17)
        at HTMLUnknownElement.dispatchEvent (C:\EasyCart\frontend\node_modules\jest-environment-jsdom\node_modules\jsdom\lib\jsdom\living\generated\EventTarget.js:241:34)
        at Object.invokeGuardedCallbackDev (C:\EasyCart\frontend\node_modules\react-dom\cjs\react-dom.development.js:4213:16)
        at invokeGuardedCallback (C:\EasyCart\frontend\node_modules\react-dom\cjs\react-dom.development.js:4277:31)
        at beginWork$1 (C:\EasyCart\frontend\node_modules\react-dom\cjs\react-dom.development.js:27490:7)
        at performUnitOfWork (C:\EasyCart\frontend\node_modules\react-dom\cjs\react-dom.development.js:26599:12)
        at workLoopSync (C:\EasyCart\frontend\node_modules\react-dom\cjs\react-dom.development.js:26505:5)
        at renderRootSync (C:\EasyCart\frontend\node_modules\react-dom\cjs\react-dom.development.js:26473:7)
        at recoverFromConcurrentError (C:\EasyCart\frontend\node_modules\react-dom\cjs\react-dom.development.js:25889:20)
        at performSyncWorkOnRoot (C:\EasyCart\frontend\node_modules\react-dom\cjs\react-dom.development.js:26135:20)
        at flushSyncCallbacks (C:\EasyCart\frontend\node_modules\react-dom\cjs\react-dom.development.js:12042:22)
        at C:\EasyCart\frontend\node_modules\react-dom\cjs\react-dom.development.js:25690:13
        at invokeTheCallbackFunction (C:\EasyCart\frontend\node_modules\jest-environment-jsdom\node_modules\jsdom\lib\jsdom\living\generated\Function.js:19:26)
        at C:\EasyCart\frontend\node_modules\jest-environment-jsdom\node_modules\jsdom\lib\jsdom\browser\Window.js:613:9
        at node:internal/process/task_queues:151:7
        at AsyncResource.runInAsyncScope (node:async_hooks:214:14)
        at AsyncResource.runMicrotask (node:internal/process/task_queues:148:8)
        at runNextTicks (node:internal/process/task_queues:65:5)
        at processTimers (node:internal/timers:520:9) {
      detail: TypeError: Cannot destructure property 'basename' of 'React__namespace.useContext(...)' as it is null.
          at basename (C:\EasyCart\frontend\node_modules\react-router-dom\index.tsx:975:11)
          at renderWithHooks (C:\EasyCart\frontend\node_modules\react-dom\cjs\react-dom.development.js:15486:18)
          at updateForwardRef (C:\EasyCart\frontend\node_modules\react-dom\cjs\react-dom.development.js:19245:20)
          at beginWork (C:\EasyCart\frontend\node_modules\react-dom\cjs\react-dom.development.js:21675:16)
          at HTMLUnknownElement.callCallback (C:\EasyCart\frontend\node_modules\react-dom\cjs\react-dom.development.js:4164:14)
          at HTMLUnknownElement.callTheUserObjectsOperation (C:\EasyCart\frontend\node_modules\jest-environment-jsdom\node_modules\jsdom\lib\jsdom\living\generated\EventListener.js:26:30)
          at innerInvokeEventListeners (C:\EasyCart\frontend\node_modules\jest-environment-jsdom\node_modules\jsdom\lib\jsdom\living\events\EventTarget-impl.js:350:25)
          at invokeEventListeners (C:\EasyCart\frontend\node_modules\jest-environment-jsdom\node_modules\jsdom\lib\jsdom\living\events\EventTarget-impl.js:286:3)
          at HTMLUnknownElementImpl._dispatch (C:\EasyCart\frontend\node_modules\jest-environment-jsdom\node_modules\jsdom\lib\jsdom\living\events\EventTarget-impl.js:233:9)
          at HTMLUnknownElementImpl.dispatchEvent (C:\EasyCart\frontend\node_modules\jest-environment-jsdom\node_modules\jsdom\lib\jsdom\living\events\EventTarget-impl.js:104:17)
          at HTMLUnknownElement.dispatchEvent (C:\EasyCart\frontend\node_modules\jest-environment-jsdom\node_modules\jsdom\lib\jsdom\living\generated\EventTarget.js:241:34)
          at Object.invokeGuardedCallbackDev (C:\EasyCart\frontend\node_modules\react-dom\cjs\react-dom.development.js:4213:16)
          at invokeGuardedCallback (C:\EasyCart\frontend\node_modules\react-dom\cjs\react-dom.development.js:4277:31)
          at beginWork$1 (C:\EasyCart\frontend\node_modules\react-dom\cjs\react-dom.development.js:27490:7)
          at performUnitOfWork (C:\EasyCart\frontend\node_modules\react-dom\cjs\react-dom.development.js:26599:12)
          at workLoopSync (C:\EasyCart\frontend\node_modules\react-dom\cjs\react-dom.development.js:26505:5)
          at renderRootSync (C:\EasyCart\frontend\node_modules\react-dom\cjs\react-dom.development.js:26473:7)
          at recoverFromConcurrentError (C:\EasyCart\frontend\node_modules\react-dom\cjs\react-dom.development.js:25889:20)
          at performSyncWorkOnRoot (C:\EasyCart\frontend\node_modules\react-dom\cjs\react-dom.development.js:26135:20)
          at flushSyncCallbacks (C:\EasyCart\frontend\node_modules\react-dom\cjs\react-dom.development.js:12042:22)
          at C:\EasyCart\frontend\node_modules\react-dom\cjs\react-dom.development.js:25690:13
          at invokeTheCallbackFunction (C:\EasyCart\frontend\node_modules\jest-environment-jsdom\node_modules\jsdom\lib\jsdom\living\generated\Function.js:19:26)
          at C:\EasyCart\frontend\node_modules\jest-environment-jsdom\node_modules\jsdom\lib\jsdom\browser\Window.js:613:9
          at node:internal/process/task_queues:151:7
          at AsyncResource.runInAsyncScope (node:async_hooks:214:14)
          at AsyncResource.runMicrotask (node:internal/process/task_queues:148:8)
          at runNextTicks (node:internal/process/task_queues:65:5)
          at processTimers (node:internal/timers:520:9),
      type: 'unhandled exception'
    }

      at VirtualConsole.<anonymous> (node_modules/@jest/environment-jsdom-abstract/build/index.js:87:23)
      at Object.invokeGuardedCallbackDev (node_modules/react-dom/cjs/react-dom.development.js:4213:16)
      at invokeGuardedCallback (node_modules/react-dom/cjs/react-dom.development.js:4277:31)
      at beginWork$1 (node_modules/react-dom/cjs/react-dom.development.js:27490:7)
      at performUnitOfWork (node_modules/react-dom/cjs/react-dom.development.js:26599:12)
      at workLoopSync (node_modules/react-dom/cjs/react-dom.development.js:26505:5)
      at renderRootSync (node_modules/react-dom/cjs/react-dom.development.js:26473:7)
      at recoverFromConcurrentError (node_modules/react-dom/cjs/react-dom.development.js:25889:20)
      at performSyncWorkOnRoot (node_modules/react-dom/cjs/react-dom.development.js:26135:20)
      at flushSyncCallbacks (node_modules/react-dom/cjs/react-dom.development.js:12042:22)
      at node_modules/react-dom/cjs/react-dom.development.js:25690:13

  console.error
    Error: Uncaught [TypeError: Cannot destructure property 'basename' of 'React__namespace.useContext(...)' as it is null.]
        at reportException (C:\EasyCart\frontend\node_modules\jest-environment-jsdom\node_modules\jsdom\lib\jsdom\living\helpers\runtime-script-errors.js:66:24)
        at innerInvokeEventListeners (C:\EasyCart\frontend\node_modules\jest-environment-jsdom\node_modules\jsdom\lib\jsdom\living\events\EventTarget-impl.js:353:9)
        at invokeEventListeners (C:\EasyCart\frontend\node_modules\jest-environment-jsdom\node_modules\jsdom\lib\jsdom\living\events\EventTarget-impl.js:286:3)
        at HTMLUnknownElementImpl._dispatch (C:\EasyCart\frontend\node_modules\jest-environment-jsdom\node_modules\jsdom\lib\jsdom\living\events\EventTarget-impl.js:233:9)
        at HTMLUnknownElementImpl.dispatchEvent (C:\EasyCart\frontend\node_modules\jest-environment-jsdom\node_modules\jsdom\lib\jsdom\living\events\EventTarget-impl.js:104:17)
        at HTMLUnknownElement.dispatchEvent (C:\EasyCart\frontend\node_modules\jest-environment-jsdom\node_modules\jsdom\lib\jsdom\living\generated\EventTarget.js:241:34)
        at Object.invokeGuardedCallbackDev (C:\EasyCart\frontend\node_modules\react-dom\cjs\react-dom.development.js:4213:16)
        at invokeGuardedCallback (C:\EasyCart\frontend\node_modules\react-dom\cjs\react-dom.development.js:4277:31)
        at beginWork$1 (C:\EasyCart\frontend\node_modules\react-dom\cjs\react-dom.development.js:27490:7)
        at performUnitOfWork (C:\EasyCart\frontend\node_modules\react-dom\cjs\react-dom.development.js:26599:12)
        at workLoopSync (C:\EasyCart\frontend\node_modules\react-dom\cjs\react-dom.development.js:26505:5)
        at renderRootSync (C:\EasyCart\frontend\node_modules\react-dom\cjs\react-dom.development.js:26473:7)
        at recoverFromConcurrentError (C:\EasyCart\frontend\node_modules\react-dom\cjs\react-dom.development.js:25889:20)
        at performSyncWorkOnRoot (C:\EasyCart\frontend\node_modules\react-dom\cjs\react-dom.development.js:26135:20)
        at flushSyncCallbacks (C:\EasyCart\frontend\node_modules\react-dom\cjs\react-dom.development.js:12042:22)
        at C:\EasyCart\frontend\node_modules\react-dom\cjs\react-dom.development.js:25690:13
        at invokeTheCallbackFunction (C:\EasyCart\frontend\node_modules\jest-environment-jsdom\node_modules\jsdom\lib\jsdom\living\generated\Function.js:19:26)
        at C:\EasyCart\frontend\node_modules\jest-environment-jsdom\node_modules\jsdom\lib\jsdom\browser\Window.js:613:9
        at node:internal/process/task_queues:151:7
        at AsyncResource.runInAsyncScope (node:async_hooks:214:14)
        at AsyncResource.runMicrotask (node:internal/process/task_queues:148:8)
        at runNextTicks (node:internal/process/task_queues:65:5)
        at processTimers (node:internal/timers:520:9) {
      detail: TypeError: Cannot destructure property 'basename' of 'React__namespace.useContext(...)' as it is null.
          at basename (C:\EasyCart\frontend\node_modules\react-router-dom\index.tsx:975:11)
          at renderWithHooks (C:\EasyCart\frontend\node_modules\react-dom\cjs\react-dom.development.js:15486:18)
          at updateForwardRef (C:\EasyCart\frontend\node_modules\react-dom\cjs\react-dom.development.js:19245:20)
          at beginWork (C:\EasyCart\frontend\node_modules\react-dom\cjs\react-dom.development.js:21675:16)
          at HTMLUnknownElement.callCallback (C:\EasyCart\frontend\node_modules\react-dom\cjs\react-dom.development.js:4164:14)
          at HTMLUnknownElement.callTheUserObjectsOperation (C:\EasyCart\frontend\node_modules\jest-environment-jsdom\node_modules\jsdom\lib\jsdom\living\generated\EventListener.js:26:30)
          at innerInvokeEventListeners (C:\EasyCart\frontend\node_modules\jest-environment-jsdom\node_modules\jsdom\lib\jsdom\living\events\EventTarget-impl.js:350:25)
          at invokeEventListeners (C:\EasyCart\frontend\node_modules\jest-environment-jsdom\node_modules\jsdom\lib\jsdom\living\events\EventTarget-impl.js:286:3)
          at HTMLUnknownElementImpl._dispatch (C:\EasyCart\frontend\node_modules\jest-environment-jsdom\node_modules\jsdom\lib\jsdom\living\events\EventTarget-impl.js:233:9)
          at HTMLUnknownElementImpl.dispatchEvent (C:\EasyCart\frontend\node_modules\jest-environment-jsdom\node_modules\jsdom\lib\jsdom\living\events\EventTarget-impl.js:104:17)
          at HTMLUnknownElement.dispatchEvent (C:\EasyCart\frontend\node_modules\jest-environment-jsdom\node_modules\jsdom\lib\jsdom\living\generated\EventTarget.js:241:34)
          at Object.invokeGuardedCallbackDev (C:\EasyCart\frontend\node_modules\react-dom\cjs\react-dom.development.js:4213:16)
          at invokeGuardedCallback (C:\EasyCart\frontend\node_modules\react-dom\cjs\react-dom.development.js:4277:31)
          at beginWork$1 (C:\EasyCart\frontend\node_modules\react-dom\cjs\react-dom.development.js:27490:7)
          at performUnitOfWork (C:\EasyCart\frontend\node_modules\react-dom\cjs\react-dom.development.js:26599:12)
          at workLoopSync (C:\EasyCart\frontend\node_modules\react-dom\cjs\react-dom.development.js:26505:5)
          at renderRootSync (C:\EasyCart\frontend\node_modules\react-dom\cjs\react-dom.development.js:26473:7)
          at recoverFromConcurrentError (C:\EasyCart\frontend\node_modules\react-dom\cjs\react-dom.development.js:25889:20)
          at performSyncWorkOnRoot (C:\EasyCart\frontend\node_modules\react-dom\cjs\react-dom.development.js:26135:20)
          at flushSyncCallbacks (C:\EasyCart\frontend\node_modules\react-dom\cjs\react-dom.development.js:12042:22)
          at C:\EasyCart\frontend\node_modules\react-dom\cjs\react-dom.development.js:25690:13
          at invokeTheCallbackFunction (C:\EasyCart\frontend\node_modules\jest-environment-jsdom\node_modules\jsdom\lib\jsdom\living\generated\Function.js:19:26)
          at C:\EasyCart\frontend\node_modules\jest-environment-jsdom\node_modules\jsdom\lib\jsdom\browser\Window.js:613:9
          at node:internal/process/task_queues:151:7
          at AsyncResource.runInAsyncScope (node:async_hooks:214:14)
          at AsyncResource.runMicrotask (node:internal/process/task_queues:148:8)
          at runNextTicks (node:internal/process/task_queues:65:5)
          at processTimers (node:internal/timers:520:9),
      type: 'unhandled exception'
    }

      at VirtualConsole.<anonymous> (node_modules/@jest/environment-jsdom-abstract/build/index.js:87:23)
      at Object.invokeGuardedCallbackDev (node_modules/react-dom/cjs/react-dom.development.js:4213:16)
      at invokeGuardedCallback (node_modules/react-dom/cjs/react-dom.development.js:4277:31)
      at beginWork$1 (node_modules/react-dom/cjs/react-dom.development.js:27490:7)
      at performUnitOfWork (node_modules/react-dom/cjs/react-dom.development.js:26599:12)
      at workLoopSync (node_modules/react-dom/cjs/react-dom.development.js:26505:5)
      at renderRootSync (node_modules/react-dom/cjs/react-dom.development.js:26473:7)
      at recoverFromConcurrentError (node_modules/react-dom/cjs/react-dom.development.js:25889:20)
      at performSyncWorkOnRoot (node_modules/react-dom/cjs/react-dom.development.js:26135:20)
      at flushSyncCallbacks (node_modules/react-dom/cjs/react-dom.development.js:12042:22)
      at node_modules/react-dom/cjs/react-dom.development.js:25690:13

  console.error
    Error: Uncaught [TypeError: Cannot destructure property 'basename' of 'React__namespace.useContext(...)' as it is null.]
        at reportException (C:\EasyCart\frontend\node_modules\jest-environment-jsdom\node_modules\jsdom\lib\jsdom\living\helpers\runtime-script-errors.js:66:24)
        at innerInvokeEventListeners (C:\EasyCart\frontend\node_modules\jest-environment-jsdom\node_modules\jsdom\lib\jsdom\living\events\EventTarget-impl.js:353:9)
        at invokeEventListeners (C:\EasyCart\frontend\node_modules\jest-environment-jsdom\node_modules\jsdom\lib\jsdom\living\events\EventTarget-impl.js:286:3)
        at HTMLUnknownElementImpl._dispatch (C:\EasyCart\frontend\node_modules\jest-environment-jsdom\node_modules\jsdom\lib\jsdom\living\events\EventTarget-impl.js:233:9)
        at HTMLUnknownElementImpl.dispatchEvent (C:\EasyCart\frontend\node_modules\jest-environment-jsdom\node_modules\jsdom\lib\jsdom\living\events\EventTarget-impl.js:104:17)
        at HTMLUnknownElement.dispatchEvent (C:\EasyCart\frontend\node_modules\jest-environment-jsdom\node_modules\jsdom\lib\jsdom\living\generated\EventTarget.js:241:34)
        at Object.invokeGuardedCallbackDev (C:\EasyCart\frontend\node_modules\react-dom\cjs\react-dom.development.js:4213:16)
        at invokeGuardedCallback (C:\EasyCart\frontend\node_modules\react-dom\cjs\react-dom.development.js:4277:31)
        at beginWork$1 (C:\EasyCart\frontend\node_modules\react-dom\cjs\react-dom.development.js:27490:7)
        at performUnitOfWork (C:\EasyCart\frontend\node_modules\react-dom\cjs\react-dom.development.js:26599:12)
        at workLoopSync (C:\EasyCart\frontend\node_modules\react-dom\cjs\react-dom.development.js:26505:5)
        at renderRootSync (C:\EasyCart\frontend\node_modules\react-dom\cjs\react-dom.development.js:26473:7)
        at recoverFromConcurrentError (C:\EasyCart\frontend\node_modules\react-dom\cjs\react-dom.development.js:25889:20)
        at performSyncWorkOnRoot (C:\EasyCart\frontend\node_modules\react-dom\cjs\react-dom.development.js:26135:20)
        at flushSyncCallbacks (C:\EasyCart\frontend\node_modules\react-dom\cjs\react-dom.development.js:12042:22)
        at C:\EasyCart\frontend\node_modules\react-dom\cjs\react-dom.development.js:25690:13
        at invokeTheCallbackFunction (C:\EasyCart\frontend\node_modules\jest-environment-jsdom\node_modules\jsdom\lib\jsdom\living\generated\Function.js:19:26)
        at C:\EasyCart\frontend\node_modules\jest-environment-jsdom\node_modules\jsdom\lib\jsdom\browser\Window.js:613:9
        at node:internal/process/task_queues:151:7
        at AsyncResource.runInAsyncScope (node:async_hooks:214:14)
        at AsyncResource.runMicrotask (node:internal/process/task_queues:148:8)
        at runNextTicks (node:internal/process/task_queues:65:5)
        at processTimers (node:internal/timers:520:9) {
      detail: TypeError: Cannot destructure property 'basename' of 'React__namespace.useContext(...)' as it is null.
          at basename (C:\EasyCart\frontend\node_modules\react-router-dom\index.tsx:975:11)
          at renderWithHooks (C:\EasyCart\frontend\node_modules\react-dom\cjs\react-dom.development.js:15486:18)
          at updateForwardRef (C:\EasyCart\frontend\node_modules\react-dom\cjs\react-dom.development.js:19245:20)
          at beginWork (C:\EasyCart\frontend\node_modules\react-dom\cjs\react-dom.development.js:21675:16)
          at HTMLUnknownElement.callCallback (C:\EasyCart\frontend\node_modules\react-dom\cjs\react-dom.development.js:4164:14)
          at HTMLUnknownElement.callTheUserObjectsOperation (C:\EasyCart\frontend\node_modules\jest-environment-jsdom\node_modules\jsdom\lib\jsdom\living\generated\EventListener.js:26:30)
          at innerInvokeEventListeners (C:\EasyCart\frontend\node_modules\jest-environment-jsdom\node_modules\jsdom\lib\jsdom\living\events\EventTarget-impl.js:350:25)
          at invokeEventListeners (C:\EasyCart\frontend\node_modules\jest-environment-jsdom\node_modules\jsdom\lib\jsdom\living\events\EventTarget-impl.js:286:3)
          at HTMLUnknownElementImpl._dispatch (C:\EasyCart\frontend\node_modules\jest-environment-jsdom\node_modules\jsdom\lib\jsdom\living\events\EventTarget-impl.js:233:9)
          at HTMLUnknownElementImpl.dispatchEvent (C:\EasyCart\frontend\node_modules\jest-environment-jsdom\node_modules\jsdom\lib\jsdom\living\events\EventTarget-impl.js:104:17)
          at HTMLUnknownElement.dispatchEvent (C:\EasyCart\frontend\node_modules\jest-environment-jsdom\node_modules\jsdom\lib\jsdom\living\generated\EventTarget.js:241:34)
          at Object.invokeGuardedCallbackDev (C:\EasyCart\frontend\node_modules\react-dom\cjs\react-dom.development.js:4213:16)
          at invokeGuardedCallback (C:\EasyCart\frontend\node_modules\react-dom\cjs\react-dom.development.js:4277:31)
          at beginWork$1 (C:\EasyCart\frontend\node_modules\react-dom\cjs\react-dom.development.js:27490:7)
          at performUnitOfWork (C:\EasyCart\frontend\node_modules\react-dom\cjs\react-dom.development.js:26599:12)
          at workLoopSync (C:\EasyCart\frontend\node_modules\react-dom\cjs\react-dom.development.js:26505:5)
          at renderRootSync (C:\EasyCart\frontend\node_modules\react-dom\cjs\react-dom.development.js:26473:7)
          at recoverFromConcurrentError (C:\EasyCart\frontend\node_modules\react-dom\cjs\react-dom.development.js:25889:20)
          at performSyncWorkOnRoot (C:\EasyCart\frontend\node_modules\react-dom\cjs\react-dom.development.js:26135:20)
          at flushSyncCallbacks (C:\EasyCart\frontend\node_modules\react-dom\cjs\react-dom.development.js:12042:22)
          at C:\EasyCart\frontend\node_modules\react-dom\cjs\react-dom.development.js:25690:13
          at invokeTheCallbackFunction (C:\EasyCart\frontend\node_modules\jest-environment-jsdom\node_modules\jsdom\lib\jsdom\living\generated\Function.js:19:26)
          at C:\EasyCart\frontend\node_modules\jest-environment-jsdom\node_modules\jsdom\lib\jsdom\browser\Window.js:613:9
          at node:internal/process/task_queues:151:7
          at AsyncResource.runInAsyncScope (node:async_hooks:214:14)
          at AsyncResource.runMicrotask (node:internal/process/task_queues:148:8)
          at runNextTicks (node:internal/process/task_queues:65:5)
          at processTimers (node:internal/timers:520:9),
      type: 'unhandled exception'
    }

      at VirtualConsole.<anonymous> (node_modules/@jest/environment-jsdom-abstract/build/index.js:87:23)
      at Object.invokeGuardedCallbackDev (node_modules/react-dom/cjs/react-dom.development.js:4213:16)
      at invokeGuardedCallback (node_modules/react-dom/cjs/react-dom.development.js:4277:31)
      at beginWork$1 (node_modules/react-dom/cjs/react-dom.development.js:27490:7)
      at performUnitOfWork (node_modules/react-dom/cjs/react-dom.development.js:26599:12)
      at workLoopSync (node_modules/react-dom/cjs/react-dom.development.js:26505:5)
      at renderRootSync (node_modules/react-dom/cjs/react-dom.development.js:26473:7)
      at recoverFromConcurrentError (node_modules/react-dom/cjs/react-dom.development.js:25889:20)
      at performSyncWorkOnRoot (node_modules/react-dom/cjs/react-dom.development.js:26135:20)
      at flushSyncCallbacks (node_modules/react-dom/cjs/react-dom.development.js:12042:22)
      at node_modules/react-dom/cjs/react-dom.development.js:25690:13

  console.error
    Error: Uncaught [TypeError: Cannot destructure property 'basename' of 'React__namespace.useContext(...)' as it is null.]
        at reportException (C:\EasyCart\frontend\node_modules\jest-environment-jsdom\node_modules\jsdom\lib\jsdom\living\helpers\runtime-script-errors.js:66:24)
        at innerInvokeEventListeners (C:\EasyCart\frontend\node_modules\jest-environment-jsdom\node_modules\jsdom\lib\jsdom\living\events\EventTarget-impl.js:353:9)
        at invokeEventListeners (C:\EasyCart\frontend\node_modules\jest-environment-jsdom\node_modules\jsdom\lib\jsdom\living\events\EventTarget-impl.js:286:3)
        at HTMLUnknownElementImpl._dispatch (C:\EasyCart\frontend\node_modules\jest-environment-jsdom\node_modules\jsdom\lib\jsdom\living\events\EventTarget-impl.js:233:9)
        at HTMLUnknownElementImpl.dispatchEvent (C:\EasyCart\frontend\node_modules\jest-environment-jsdom\node_modules\jsdom\lib\jsdom\living\events\EventTarget-impl.js:104:17)
        at HTMLUnknownElement.dispatchEvent (C:\EasyCart\frontend\node_modules\jest-environment-jsdom\node_modules\jsdom\lib\jsdom\living\generated\EventTarget.js:241:34)
        at Object.invokeGuardedCallbackDev (C:\EasyCart\frontend\node_modules\react-dom\cjs\react-dom.development.js:4213:16)
        at invokeGuardedCallback (C:\EasyCart\frontend\node_modules\react-dom\cjs\react-dom.development.js:4277:31)
        at beginWork$1 (C:\EasyCart\frontend\node_modules\react-dom\cjs\react-dom.development.js:27490:7)
        at performUnitOfWork (C:\EasyCart\frontend\node_modules\react-dom\cjs\react-dom.development.js:26599:12)
        at workLoopSync (C:\EasyCart\frontend\node_modules\react-dom\cjs\react-dom.development.js:26505:5)
        at renderRootSync (C:\EasyCart\frontend\node_modules\react-dom\cjs\react-dom.development.js:26473:7)
        at recoverFromConcurrentError (C:\EasyCart\frontend\node_modules\react-dom\cjs\react-dom.development.js:25889:20)
        at performSyncWorkOnRoot (C:\EasyCart\frontend\node_modules\react-dom\cjs\react-dom.development.js:26135:20)
        at flushSyncCallbacks (C:\EasyCart\frontend\node_modules\react-dom\cjs\react-dom.development.js:12042:22)
        at C:\EasyCart\frontend\node_modules\react-dom\cjs\react-dom.development.js:25690:13
        at invokeTheCallbackFunction (C:\EasyCart\frontend\node_modules\jest-environment-jsdom\node_modules\jsdom\lib\jsdom\living\generated\Function.js:19:26)
        at C:\EasyCart\frontend\node_modules\jest-environment-jsdom\node_modules\jsdom\lib\jsdom\browser\Window.js:613:9
        at node:internal/process/task_queues:151:7
        at AsyncResource.runInAsyncScope (node:async_hooks:214:14)
        at AsyncResource.runMicrotask (node:internal/process/task_queues:148:8)
        at runNextTicks (node:internal/process/task_queues:65:5)
        at processTimers (node:internal/timers:520:9) {
      detail: TypeError: Cannot destructure property 'basename' of 'React__namespace.useContext(...)' as it is null.
          at basename (C:\EasyCart\frontend\node_modules\react-router-dom\index.tsx:975:11)
          at renderWithHooks (C:\EasyCart\frontend\node_modules\react-dom\cjs\react-dom.development.js:15486:18)
          at updateForwardRef (C:\EasyCart\frontend\node_modules\react-dom\cjs\react-dom.development.js:19245:20)
          at beginWork (C:\EasyCart\frontend\node_modules\react-dom\cjs\react-dom.development.js:21675:16)
          at HTMLUnknownElement.callCallback (C:\EasyCart\frontend\node_modules\react-dom\cjs\react-dom.development.js:4164:14)
          at HTMLUnknownElement.callTheUserObjectsOperation (C:\EasyCart\frontend\node_modules\jest-environment-jsdom\node_modules\jsdom\lib\jsdom\living\generated\EventListener.js:26:30)
          at innerInvokeEventListeners (C:\EasyCart\frontend\node_modules\jest-environment-jsdom\node_modules\jsdom\lib\jsdom\living\events\EventTarget-impl.js:350:25)
          at invokeEventListeners (C:\EasyCart\frontend\node_modules\jest-environment-jsdom\node_modules\jsdom\lib\jsdom\living\events\EventTarget-impl.js:286:3)
          at HTMLUnknownElementImpl._dispatch (C:\EasyCart\frontend\node_modules\jest-environment-jsdom\node_modules\jsdom\lib\jsdom\living\events\EventTarget-impl.js:233:9)
          at HTMLUnknownElementImpl.dispatchEvent (C:\EasyCart\frontend\node_modules\jest-environment-jsdom\node_modules\jsdom\lib\jsdom\living\events\EventTarget-impl.js:104:17)
          at HTMLUnknownElement.dispatchEvent (C:\EasyCart\frontend\node_modules\jest-environment-jsdom\node_modules\jsdom\lib\jsdom\living\generated\EventTarget.js:241:34)
          at Object.invokeGuardedCallbackDev (C:\EasyCart\frontend\node_modules\react-dom\cjs\react-dom.development.js:4213:16)
          at invokeGuardedCallback (C:\EasyCart\frontend\node_modules\react-dom\cjs\react-dom.development.js:4277:31)
          at beginWork$1 (C:\EasyCart\frontend\node_modules\react-dom\cjs\react-dom.development.js:27490:7)
          at performUnitOfWork (C:\EasyCart\frontend\node_modules\react-dom\cjs\react-dom.development.js:26599:12)
          at workLoopSync (C:\EasyCart\frontend\node_modules\react-dom\cjs\react-dom.development.js:26505:5)
          at renderRootSync (C:\EasyCart\frontend\node_modules\react-dom\cjs\react-dom.development.js:26473:7)
          at recoverFromConcurrentError (C:\EasyCart\frontend\node_modules\react-dom\cjs\react-dom.development.js:25889:20)
          at performSyncWorkOnRoot (C:\EasyCart\frontend\node_modules\react-dom\cjs\react-dom.development.js:26135:20)
          at flushSyncCallbacks (C:\EasyCart\frontend\node_modules\react-dom\cjs\react-dom.development.js:12042:22)
          at C:\EasyCart\frontend\node_modules\react-dom\cjs\react-dom.development.js:25690:13
          at invokeTheCallbackFunction (C:\EasyCart\frontend\node_modules\jest-environment-jsdom\node_modules\jsdom\lib\jsdom\living\generated\Function.js:19:26)
          at C:\EasyCart\frontend\node_modules\jest-environment-jsdom\node_modules\jsdom\lib\jsdom\browser\Window.js:613:9
          at node:internal/process/task_queues:151:7
          at AsyncResource.runInAsyncScope (node:async_hooks:214:14)
          at AsyncResource.runMicrotask (node:internal/process/task_queues:148:8)
          at runNextTicks (node:internal/process/task_queues:65:5)
          at processTimers (node:internal/timers:520:9),
      type: 'unhandled exception'
    }

      at VirtualConsole.<anonymous> (node_modules/@jest/environment-jsdom-abstract/build/index.js:87:23)
      at Object.invokeGuardedCallbackDev (node_modules/react-dom/cjs/react-dom.development.js:4213:16)
      at invokeGuardedCallback (node_modules/react-dom/cjs/react-dom.development.js:4277:31)
      at beginWork$1 (node_modules/react-dom/cjs/react-dom.development.js:27490:7)
      at performUnitOfWork (node_modules/react-dom/cjs/react-dom.development.js:26599:12)
      at workLoopSync (node_modules/react-dom/cjs/react-dom.development.js:26505:5)
      at renderRootSync (node_modules/react-dom/cjs/react-dom.development.js:26473:7)
      at recoverFromConcurrentError (node_modules/react-dom/cjs/react-dom.development.js:25889:20)
      at performSyncWorkOnRoot (node_modules/react-dom/cjs/react-dom.development.js:26135:20)
      at flushSyncCallbacks (node_modules/react-dom/cjs/react-dom.development.js:12042:22)
      at node_modules/react-dom/cjs/react-dom.development.js:25690:13

  console.error
    The above error occurred in the <Link> component:
    
        at onClick (C:\EasyCart\frontend\node_modules\react-router-dom\index.tsx:962:7)
        at div
        at div
        at children (C:\EasyCart\frontend\src\components\ui\Card.js:4:17)
        at product (C:\EasyCart\frontend\src\components\ProductCard.js:8:24)
        at div
        at ProductList (C:\EasyCart\frontend\src\components\ProductList.jsx:33:51)
        at QueryClientProvider (C:\EasyCart\frontend\node_modules\@tanstack\react-query\src\QueryClientProvider.tsx:30:3)
        at children (C:\EasyCart\frontend\src\__tests__\ProductList.test.js:15:13)
    
    Consider adding an error boundary to your tree to customize error handling behavior.
    Visit https://reactjs.org/link/error-boundaries to learn more about error boundaries.

      at logCapturedError (node_modules/react-dom/cjs/react-dom.development.js:18704:23)
      at update.callback (node_modules/react-dom/cjs/react-dom.development.js:18737:5)
      at callCallback (node_modules/react-dom/cjs/react-dom.development.js:15036:12)
      at commitUpdateQueue (node_modules/react-dom/cjs/react-dom.development.js:15057:9)
      at commitLayoutEffectOnFiber (node_modules/react-dom/cjs/react-dom.development.js:23430:13)
      at commitLayoutMountEffects_complete (node_modules/react-dom/cjs/react-dom.development.js:24727:9)
      at commitLayoutEffects_begin (node_modules/react-dom/cjs/react-dom.development.js:24713:7)
      at commitLayoutEffects (node_modules/react-dom/cjs/react-dom.development.js:24651:3)
      at commitRootImpl (node_modules/react-dom/cjs/react-dom.development.js:26862:5)
      at commitRoot (node_modules/react-dom/cjs/react-dom.development.js:26721:5)
      at performSyncWorkOnRoot (node_modules/react-dom/cjs/react-dom.development.js:26156:3)
      at flushSyncCallbacks (node_modules/react-dom/cjs/react-dom.development.js:12042:22)
      at node_modules/react-dom/cjs/react-dom.development.js:25690:13

  console.error
    The above error occurred in the <Link> component:
    
        at onClick (C:\EasyCart\frontend\node_modules\react-router-dom\index.tsx:962:7)
        at div
        at div
        at children (C:\EasyCart\frontend\src\components\ui\Card.js:4:17)
        at product (C:\EasyCart\frontend\src\components\ProductCard.js:8:24)
        at div
        at ProductList (C:\EasyCart\frontend\src\components\ProductList.jsx:33:51)
        at QueryClientProvider (C:\EasyCart\frontend\node_modules\@tanstack\react-query\src\QueryClientProvider.tsx:30:3)
        at children (C:\EasyCart\frontend\src\__tests__\ProductList.test.js:15:13)
    
    Consider adding an error boundary to your tree to customize error handling behavior.
    Visit https://reactjs.org/link/error-boundaries to learn more about error boundaries.

      at logCapturedError (node_modules/react-dom/cjs/react-dom.development.js:18704:23)
      at update.callback (node_modules/react-dom/cjs/react-dom.development.js:18737:5)
      at callCallback (node_modules/react-dom/cjs/react-dom.development.js:15036:12)
      at commitUpdateQueue (node_modules/react-dom/cjs/react-dom.development.js:15057:9)
      at commitLayoutEffectOnFiber (node_modules/react-dom/cjs/react-dom.development.js:23430:13)
      at commitLayoutMountEffects_complete (node_modules/react-dom/cjs/react-dom.development.js:24727:9)
      at commitLayoutEffects_begin (node_modules/react-dom/cjs/react-dom.development.js:24713:7)
      at commitLayoutEffects (node_modules/react-dom/cjs/react-dom.development.js:24651:3)
      at commitRootImpl (node_modules/react-dom/cjs/react-dom.development.js:26862:5)
      at commitRoot (node_modules/react-dom/cjs/react-dom.development.js:26721:5)
      at performSyncWorkOnRoot (node_modules/react-dom/cjs/react-dom.development.js:26156:3)
      at flushSyncCallbacks (node_modules/react-dom/cjs/react-dom.development.js:12042:22)
      at node_modules/react-dom/cjs/react-dom.development.js:25690:13

  console.error
    The above error occurred in the <Link> component:
    
        at onClick (C:\EasyCart\frontend\node_modules\react-router-dom\index.tsx:962:7)
        at div
        at div
        at children (C:\EasyCart\frontend\src\components\ui\Card.js:4:17)
        at product (C:\EasyCart\frontend\src\components\ProductCard.js:8:24)
        at div
        at ProductList (C:\EasyCart\frontend\src\components\ProductList.jsx:33:51)
        at QueryClientProvider (C:\EasyCart\frontend\node_modules\@tanstack\react-query\src\QueryClientProvider.tsx:30:3)
        at children (C:\EasyCart\frontend\src\__tests__\ProductList.test.js:15:13)
    
    Consider adding an error boundary to your tree to customize error handling behavior.
    Visit https://reactjs.org/link/error-boundaries to learn more about error boundaries.

      at logCapturedError (node_modules/react-dom/cjs/react-dom.development.js:18704:23)
      at update.callback (node_modules/react-dom/cjs/react-dom.development.js:18737:5)
      at callCallback (node_modules/react-dom/cjs/react-dom.development.js:15036:12)
      at commitUpdateQueue (node_modules/react-dom/cjs/react-dom.development.js:15057:9)
      at commitLayoutEffectOnFiber (node_modules/react-dom/cjs/react-dom.development.js:23430:13)
      at commitLayoutMountEffects_complete (node_modules/react-dom/cjs/react-dom.development.js:24727:9)
      at commitLayoutEffects_begin (node_modules/react-dom/cjs/react-dom.development.js:24713:7)
      at commitLayoutEffects (node_modules/react-dom/cjs/react-dom.development.js:24651:3)
      at commitRootImpl (node_modules/react-dom/cjs/react-dom.development.js:26862:5)
      at commitRoot (node_modules/react-dom/cjs/react-dom.development.js:26721:5)
      at performSyncWorkOnRoot (node_modules/react-dom/cjs/react-dom.development.js:26156:3)
      at flushSyncCallbacks (node_modules/react-dom/cjs/react-dom.development.js:12042:22)
      at node_modules/react-dom/cjs/react-dom.development.js:25690:13

  console.error
    The above error occurred in the <Link> component:
    
        at onClick (C:\EasyCart\frontend\node_modules\react-router-dom\index.tsx:962:7)
        at div
        at div
        at children (C:\EasyCart\frontend\src\components\ui\Card.js:4:17)
        at product (C:\EasyCart\frontend\src\components\ProductCard.js:8:24)
        at div
        at ProductList (C:\EasyCart\frontend\src\components\ProductList.jsx:33:51)
        at QueryClientProvider (C:\EasyCart\frontend\node_modules\@tanstack\react-query\src\QueryClientProvider.tsx:30:3)
        at children (C:\EasyCart\frontend\src\__tests__\ProductList.test.js:15:13)
    
    Consider adding an error boundary to your tree to customize error handling behavior.
    Visit https://reactjs.org/link/error-boundaries to learn more about error boundaries.

      at logCapturedError (node_modules/react-dom/cjs/react-dom.development.js:18704:23)
      at update.callback (node_modules/react-dom/cjs/react-dom.development.js:18737:5)
      at callCallback (node_modules/react-dom/cjs/react-dom.development.js:15036:12)
      at commitUpdateQueue (node_modules/react-dom/cjs/react-dom.development.js:15057:9)
      at commitLayoutEffectOnFiber (node_modules/react-dom/cjs/react-dom.development.js:23430:13)
      at commitLayoutMountEffects_complete (node_modules/react-dom/cjs/react-dom.development.js:24727:9)
      at commitLayoutEffects_begin (node_modules/react-dom/cjs/react-dom.development.js:24713:7)
      at commitLayoutEffects (node_modules/react-dom/cjs/react-dom.development.js:24651:3)
      at commitRootImpl (node_modules/react-dom/cjs/react-dom.development.js:26862:5)
      at commitRoot (node_modules/react-dom/cjs/react-dom.development.js:26721:5)
      at performSyncWorkOnRoot (node_modules/react-dom/cjs/react-dom.development.js:26156:3)
      at flushSyncCallbacks (node_modules/react-dom/cjs/react-dom.development.js:12042:22)
      at node_modules/react-dom/cjs/react-dom.development.js:25690:13

  console.error
    Error: Uncaught [TypeError: Cannot destructure property 'basename' of 'React__namespace.useContext(...)' as it is null.]
        at reportException (C:\EasyCart\frontend\node_modules\jest-environment-jsdom\node_modules\jsdom\lib\jsdom\living\helpers\runtime-script-errors.js:66:24)
        at C:\EasyCart\frontend\node_modules\jest-environment-jsdom\node_modules\jsdom\lib\jsdom\browser\Window.js:615:9
        at node:internal/process/task_queues:151:7
        at AsyncResource.runInAsyncScope (node:async_hooks:214:14)
        at AsyncResource.runMicrotask (node:internal/process/task_queues:148:8)
        at runNextTicks (node:internal/process/task_queues:65:5)
        at processTimers (node:internal/timers:520:9) {
      detail: TypeError: Cannot destructure property 'basename' of 'React__namespace.useContext(...)' as it is null.
          at basename (C:\EasyCart\frontend\node_modules\react-router-dom\index.tsx:975:11)
          at renderWithHooks (C:\EasyCart\frontend\node_modules\react-dom\cjs\react-dom.development.js:15486:18)
          at updateForwardRef (C:\EasyCart\frontend\node_modules\react-dom\cjs\react-dom.development.js:19245:20)
          at beginWork (C:\EasyCart\frontend\node_modules\react-dom\cjs\react-dom.development.js:21675:16)
          at beginWork$1 (C:\EasyCart\frontend\node_modules\react-dom\cjs\react-dom.development.js:27465:14)
          at performUnitOfWork (C:\EasyCart\frontend\node_modules\react-dom\cjs\react-dom.development.js:26599:12)
          at workLoopSync (C:\EasyCart\frontend\node_modules\react-dom\cjs\react-dom.development.js:26505:5)
          at renderRootSync (C:\EasyCart\frontend\node_modules\react-dom\cjs\react-dom.development.js:26473:7)
          at recoverFromConcurrentError (C:\EasyCart\frontend\node_modules\react-dom\cjs\react-dom.development.js:25889:20)
          at performSyncWorkOnRoot (C:\EasyCart\frontend\node_modules\react-dom\cjs\react-dom.development.js:26135:20)
          at flushSyncCallbacks (C:\EasyCart\frontend\node_modules\react-dom\cjs\react-dom.development.js:12042:22)
          at C:\EasyCart\frontend\node_modules\react-dom\cjs\react-dom.development.js:25690:13
          at invokeTheCallbackFunction (C:\EasyCart\frontend\node_modules\jest-environment-jsdom\node_modules\jsdom\lib\jsdom\living\generated\Function.js:19:26)
          at C:\EasyCart\frontend\node_modules\jest-environment-jsdom\node_modules\jsdom\lib\jsdom\browser\Window.js:613:9
          at node:internal/process/task_queues:151:7
          at AsyncResource.runInAsyncScope (node:async_hooks:214:14)
          at AsyncResource.runMicrotask (node:internal/process/task_queues:148:8)
          at runNextTicks (node:internal/process/task_queues:65:5)
          at processTimers (node:internal/timers:520:9),
      type: 'unhandled exception'
    }

      at VirtualConsole.<anonymous> (node_modules/@jest/environment-jsdom-abstract/build/index.js:87:23)

  console.error
    Warning: An update to ProductList inside a test was not wrapped in act(...).
    
    When testing, code that causes React state updates should be wrapped into act(...):
    
    act(() => {
      /* fire events that update state */
    });
    /* assert on the output */
    
    This ensures that you're testing the behavior the user would see in the browser. Learn more at https://reactjs.org/link/wrap-tests-with-act
        at ProductList (C:\EasyCart\frontend\src\components\ProductList.jsx:33:51)
        at QueryClientProvider (C:\EasyCart\frontend\node_modules\@tanstack\react-query\src\QueryClientProvider.tsx:30:3)
        at children (C:\EasyCart\frontend\src\__tests__\a11y.test.js:14:13)

      at printWarning (node_modules/react-dom/cjs/react-dom.development.js:86:30)
      at error (node_modules/react-dom/cjs/react-dom.development.js:60:7)
      at warnIfUpdatesNotWrappedWithActDEV (node_modules/react-dom/cjs/react-dom.development.js:27628:9)
      at scheduleUpdateOnFiber (node_modules/react-dom/cjs/react-dom.development.js:25547:5)
      at forceStoreRerender (node_modules/react-dom/cjs/react-dom.development.js:16158:5)
      at handleStoreChange (node_modules/react-dom/cjs/react-dom.development.js:16134:7)
      at node_modules/@tanstack/query-core/src/notifyManager.ts:73:11
      at notifyFn (node_modules/@tanstack/query-core/src/notifyManager.ts:21:5)
      at node_modules/@tanstack/query-core/src/notifyManager.ts:44:13
          at Array.forEach (<anonymous>)
      at node_modules/@tanstack/query-core/src/notifyManager.ts:43:25
      at batchNotifyFn (node_modules/@tanstack/query-core/src/notifyManager.ts:24:5)
      at node_modules/@tanstack/query-core/src/notifyManager.ts:42:9

  console.error
    Error: Uncaught [Error: useAuth must be used within an AuthProvider]
        at reportException (C:\EasyCart\frontend\node_modules\jest-environment-jsdom\node_modules\jsdom\lib\jsdom\living\helpers\runtime-script-errors.js:66:24)
        at innerInvokeEventListeners (C:\EasyCart\frontend\node_modules\jest-environment-jsdom\node_modules\jsdom\lib\jsdom\living\events\EventTarget-impl.js:353:9)
        at invokeEventListeners (C:\EasyCart\frontend\node_modules\jest-environment-jsdom\node_modules\jsdom\lib\jsdom\living\events\EventTarget-impl.js:286:3)
        at HTMLUnknownElementImpl._dispatch (C:\EasyCart\frontend\node_modules\jest-environment-jsdom\node_modules\jsdom\lib\jsdom\living\events\EventTarget-impl.js:233:9)
        at HTMLUnknownElementImpl.dispatchEvent (C:\EasyCart\frontend\node_modules\jest-environment-jsdom\node_modules\jsdom\lib\jsdom\living\events\EventTarget-impl.js:104:17)
        at HTMLUnknownElement.dispatchEvent (C:\EasyCart\frontend\node_modules\jest-environment-jsdom\node_modules\jsdom\lib\jsdom\living\generated\EventTarget.js:241:34)
        at Object.invokeGuardedCallbackDev (C:\EasyCart\frontend\node_modules\react-dom\cjs\react-dom.development.js:4213:16)
        at invokeGuardedCallback (C:\EasyCart\frontend\node_modules\react-dom\cjs\react-dom.development.js:4277:31)
        at beginWork$1 (C:\EasyCart\frontend\node_modules\react-dom\cjs\react-dom.development.js:27490:7)
        at performUnitOfWork (C:\EasyCart\frontend\node_modules\react-dom\cjs\react-dom.development.js:26599:12)
        at workLoopSync (C:\EasyCart\frontend\node_modules\react-dom\cjs\react-dom.development.js:26505:5)
        at renderRootSync (C:\EasyCart\frontend\node_modules\react-dom\cjs\react-dom.development.js:26473:7)
        at performConcurrentWorkOnRoot (C:\EasyCart\frontend\node_modules\react-dom\cjs\react-dom.development.js:25777:74)
        at flushActQueue (C:\EasyCart\frontend\node_modules\react\cjs\react.development.js:2667:24)
        at act (C:\EasyCart\frontend\node_modules\react\cjs\react.development.js:2582:11)
        at C:\EasyCart\frontend\node_modules\@testing-library\react\dist\act-compat.js:47:25
        at renderRoot (C:\EasyCart\frontend\node_modules\@testing-library\react\dist\pure.js:190:26)
        at render (C:\EasyCart\frontend\node_modules\@testing-library\react\dist\pure.js:292:10)
        at C:\EasyCart\frontend\src\__tests__\a11y.test.js:27:33
        at Generator.call (C:\EasyCart\frontend\src\__tests__\a11y.test.js:2:1)
        at Generator._invoke [as next] (C:\EasyCart\frontend\src\__tests__\a11y.test.js:2:1)
        at asyncGeneratorStep (C:\EasyCart\frontend\src\__tests__\a11y.test.js:2:1)
        at asyncGeneratorStep (C:\EasyCart\frontend\src\__tests__\a11y.test.js:2:1)
        at _next (C:\EasyCart\frontend\src\__tests__\a11y.test.js:2:1)
        at new Promise (<anonymous>)
        at Object.<anonymous> (C:\EasyCart\frontend\src\__tests__\a11y.test.js:2:1)
        at Promise.finally.completed (c:\EasyCart\frontend\node_modules\jest-circus\build\jestAdapterInit.js:1557:28)
        at new Promise (<anonymous>)
        at callAsyncCircusFn (c:\EasyCart\frontend\node_modules\jest-circus\build\jestAdapterInit.js:1497:10)
        at _callCircusTest (c:\EasyCart\frontend\node_modules\jest-circus\build\jestAdapterInit.js:1007:40)
        at runNextTicks (node:internal/process/task_queues:65:5)
        at listOnTimeout (node:internal/timers:549:9)
        at processTimers (node:internal/timers:523:7)
        at _runTest (c:\EasyCart\frontend\node_modules\jest-circus\build\jestAdapterInit.js:947:3)
        at c:\EasyCart\frontend\node_modules\jest-circus\build\jestAdapterInit.js:849:7
        at _runTestsForDescribeBlock (c:\EasyCart\frontend\node_modules\jest-circus\build\jestAdapterInit.js:862:11)
        at _runTestsForDescribeBlock (c:\EasyCart\frontend\node_modules\jest-circus\build\jestAdapterInit.js:857:11)
        at run (c:\EasyCart\frontend\node_modules\jest-circus\build\jestAdapterInit.js:761:3)
        at runAndTransformResultsToJestFormat (c:\EasyCart\frontend\node_modules\jest-circus\build\jestAdapterInit.js:1918:21)
        at jestAdapter (c:\EasyCart\frontend\node_modules\jest-circus\build\runner.js:101:19)
        at runTestInternal (c:\EasyCart\frontend\node_modules\jest-runner\build\testWorker.js:275:16)
        at runTest (c:\EasyCart\frontend\node_modules\jest-runner\build\testWorker.js:343:7)
        at Object.worker (c:\EasyCart\frontend\node_modules\jest-runner\build\testWorker.js:497:12) {
      detail: Error: useAuth must be used within an AuthProvider
          at useAuth (C:\EasyCart\frontend\src\context\AuthContext.js:9:11)
          at Homepage (C:\EasyCart\frontend\src\components\Homepage.js:28:38)
          at renderWithHooks (C:\EasyCart\frontend\node_modules\react-dom\cjs\react-dom.development.js:15486:18)
          at mountIndeterminateComponent (C:\EasyCart\frontend\node_modules\react-dom\cjs\react-dom.development.js:20103:13)
          at beginWork (C:\EasyCart\frontend\node_modules\react-dom\cjs\react-dom.development.js:21626:16)
          at HTMLUnknownElement.callCallback (C:\EasyCart\frontend\node_modules\react-dom\cjs\react-dom.development.js:4164:14)
          at HTMLUnknownElement.callTheUserObjectsOperation (C:\EasyCart\frontend\node_modules\jest-environment-jsdom\node_modules\jsdom\lib\jsdom\living\generated\EventListener.js:26:30)
          at innerInvokeEventListeners (C:\EasyCart\frontend\node_modules\jest-environment-jsdom\node_modules\jsdom\lib\jsdom\living\events\EventTarget-impl.js:350:25)
          at invokeEventListeners (C:\EasyCart\frontend\node_modules\jest-environment-jsdom\node_modules\jsdom\lib\jsdom\living\events\EventTarget-impl.js:286:3)
          at HTMLUnknownElementImpl._dispatch (C:\EasyCart\frontend\node_modules\jest-environment-jsdom\node_modules\jsdom\lib\jsdom\living\events\EventTarget-impl.js:233:9)
          at HTMLUnknownElementImpl.dispatchEvent (C:\EasyCart\frontend\node_modules\jest-environment-jsdom\node_modules\jsdom\lib\jsdom\living\events\EventTarget-impl.js:104:17)
          at HTMLUnknownElement.dispatchEvent (C:\EasyCart\frontend\node_modules\jest-environment-jsdom\node_modules\jsdom\lib\jsdom\living\generated\EventTarget.js:241:34)
          at Object.invokeGuardedCallbackDev (C:\EasyCart\frontend\node_modules\react-dom\cjs\react-dom.development.js:4213:16)
          at invokeGuardedCallback (C:\EasyCart\frontend\node_modules\react-dom\cjs\react-dom.development.js:4277:31)
          at beginWork$1 (C:\EasyCart\frontend\node_modules\react-dom\cjs\react-dom.development.js:27490:7)
          at performUnitOfWork (C:\EasyCart\frontend\node_modules\react-dom\cjs\react-dom.development.js:26599:12)
          at workLoopSync (C:\EasyCart\frontend\node_modules\react-dom\cjs\react-dom.development.js:26505:5)
          at renderRootSync (C:\EasyCart\frontend\node_modules\react-dom\cjs\react-dom.development.js:26473:7)
          at performConcurrentWorkOnRoot (C:\EasyCart\frontend\node_modules\react-dom\cjs\react-dom.development.js:25777:74)
          at flushActQueue (C:\EasyCart\frontend\node_modules\react\cjs\react.development.js:2667:24)
          at act (C:\EasyCart\frontend\node_modules\react\cjs\react.development.js:2582:11)
          at C:\EasyCart\frontend\node_modules\@testing-library\react\dist\act-compat.js:47:25
          at renderRoot (C:\EasyCart\frontend\node_modules\@testing-library\react\dist\pure.js:190:26)
          at render (C:\EasyCart\frontend\node_modules\@testing-library\react\dist\pure.js:292:10)
          at C:\EasyCart\frontend\src\__tests__\a11y.test.js:27:33
          at Generator.call (C:\EasyCart\frontend\src\__tests__\a11y.test.js:2:1)
          at Generator._invoke [as next] (C:\EasyCart\frontend\src\__tests__\a11y.test.js:2:1)
          at asyncGeneratorStep (C:\EasyCart\frontend\src\__tests__\a11y.test.js:2:1)
          at asyncGeneratorStep (C:\EasyCart\frontend\src\__tests__\a11y.test.js:2:1)
          at _next (C:\EasyCart\frontend\src\__tests__\a11y.test.js:2:1)
          at new Promise (<anonymous>)
          at Object.<anonymous> (C:\EasyCart\frontend\src\__tests__\a11y.test.js:2:1)
          at Promise.finally.completed (c:\EasyCart\frontend\node_modules\jest-circus\build\jestAdapterInit.js:1557:28)
          at new Promise (<anonymous>)
          at callAsyncCircusFn (c:\EasyCart\frontend\node_modules\jest-circus\build\jestAdapterInit.js:1497:10)
          at _callCircusTest (c:\EasyCart\frontend\node_modules\jest-circus\build\jestAdapterInit.js:1007:40)
          at runNextTicks (node:internal/process/task_queues:65:5)
          at listOnTimeout (node:internal/timers:549:9)
          at processTimers (node:internal/timers:523:7)
          at _runTest (c:\EasyCart\frontend\node_modules\jest-circus\build\jestAdapterInit.js:947:3)
          at c:\EasyCart\frontend\node_modules\jest-circus\build\jestAdapterInit.js:849:7
          at _runTestsForDescribeBlock (c:\EasyCart\frontend\node_modules\jest-circus\build\jestAdapterInit.js:862:11)
          at _runTestsForDescribeBlock (c:\EasyCart\frontend\node_modules\jest-circus\build\jestAdapterInit.js:857:11)
          at run (c:\EasyCart\frontend\node_modules\jest-circus\build\jestAdapterInit.js:761:3)
          at runAndTransformResultsToJestFormat (c:\EasyCart\frontend\node_modules\jest-circus\build\jestAdapterInit.js:1918:21)
          at jestAdapter (c:\EasyCart\frontend\node_modules\jest-circus\build\runner.js:101:19)
          at runTestInternal (c:\EasyCart\frontend\node_modules\jest-runner\build\testWorker.js:275:16)
          at runTest (c:\EasyCart\frontend\node_modules\jest-runner\build\testWorker.js:343:7)
          at Object.worker (c:\EasyCart\frontend\node_modules\jest-runner\build\testWorker.js:497:12),
      type: 'unhandled exception'
    }

    [0m [90m 25 |[39m
     [90m 26 |[39m   it([32m'Homepage should have no a11y violations'[39m[33m,[39m [36masync[39m () [33m=>[39m {
    [31m[1m>[22m[39m[90m 27 |[39m     [36mconst[39m { container } [33m=[39m render([33m<[39m[33mHomepage[39m [33m/[39m[33m>[39m)[33m;[39m
     [90m    |[39m                                 [31m[1m^[22m[39m
     [90m 28 |[39m     [36mconst[39m results [33m=[39m [36mawait[39m axe(container)[33m;[39m
     [90m 29 |[39m     expect(results)[33m.[39mtoHaveNoViolations()[33m;[39m
     [90m 30 |[39m   })[33m;[39m[0m

      at VirtualConsole.<anonymous> (node_modules/@jest/environment-jsdom-abstract/build/index.js:87:23)
      at Object.invokeGuardedCallbackDev (node_modules/react-dom/cjs/react-dom.development.js:4213:16)
      at invokeGuardedCallback (node_modules/react-dom/cjs/react-dom.development.js:4277:31)
      at beginWork$1 (node_modules/react-dom/cjs/react-dom.development.js:27490:7)
      at performUnitOfWork (node_modules/react-dom/cjs/react-dom.development.js:26599:12)
      at workLoopSync (node_modules/react-dom/cjs/react-dom.development.js:26505:5)
      at renderRootSync (node_modules/react-dom/cjs/react-dom.development.js:26473:7)
      at performConcurrentWorkOnRoot (node_modules/react-dom/cjs/react-dom.development.js:25777:74)
      at flushActQueue (node_modules/react/cjs/react.development.js:2667:24)
      at act (node_modules/react/cjs/react.development.js:2582:11)
      at node_modules/@testing-library/react/dist/act-compat.js:47:25
      at renderRoot (node_modules/@testing-library/react/dist/pure.js:190:26)
      at render (node_modules/@testing-library/react/dist/pure.js:292:10)
      at src/__tests__/a11y.test.js:27:33
      at Generator.call (src/__tests__/a11y.test.js:2:1)
      at Generator._invoke [as next] (src/__tests__/a11y.test.js:2:1)
      at asyncGeneratorStep (src/__tests__/a11y.test.js:2:1)
      at asyncGeneratorStep (src/__tests__/a11y.test.js:2:1)
      at _next (src/__tests__/a11y.test.js:2:1)
      at Object.<anonymous> (src/__tests__/a11y.test.js:2:1)

  console.error
    Error: Uncaught [Error: useAuth must be used within an AuthProvider]
        at reportException (C:\EasyCart\frontend\node_modules\jest-environment-jsdom\node_modules\jsdom\lib\jsdom\living\helpers\runtime-script-errors.js:66:24)
        at innerInvokeEventListeners (C:\EasyCart\frontend\node_modules\jest-environment-jsdom\node_modules\jsdom\lib\jsdom\living\events\EventTarget-impl.js:353:9)
        at invokeEventListeners (C:\EasyCart\frontend\node_modules\jest-environment-jsdom\node_modules\jsdom\lib\jsdom\living\events\EventTarget-impl.js:286:3)
        at HTMLUnknownElementImpl._dispatch (C:\EasyCart\frontend\node_modules\jest-environment-jsdom\node_modules\jsdom\lib\jsdom\living\events\EventTarget-impl.js:233:9)
        at HTMLUnknownElementImpl.dispatchEvent (C:\EasyCart\frontend\node_modules\jest-environment-jsdom\node_modules\jsdom\lib\jsdom\living\events\EventTarget-impl.js:104:17)
        at HTMLUnknownElement.dispatchEvent (C:\EasyCart\frontend\node_modules\jest-environment-jsdom\node_modules\jsdom\lib\jsdom\living\generated\EventTarget.js:241:34)
        at Object.invokeGuardedCallbackDev (C:\EasyCart\frontend\node_modules\react-dom\cjs\react-dom.development.js:4213:16)
        at invokeGuardedCallback (C:\EasyCart\frontend\node_modules\react-dom\cjs\react-dom.development.js:4277:31)
        at beginWork$1 (C:\EasyCart\frontend\node_modules\react-dom\cjs\react-dom.development.js:27490:7)
        at performUnitOfWork (C:\EasyCart\frontend\node_modules\react-dom\cjs\react-dom.development.js:26599:12)
        at workLoopSync (C:\EasyCart\frontend\node_modules\react-dom\cjs\react-dom.development.js:26505:5)
        at renderRootSync (C:\EasyCart\frontend\node_modules\react-dom\cjs\react-dom.development.js:26473:7)
        at recoverFromConcurrentError (C:\EasyCart\frontend\node_modules\react-dom\cjs\react-dom.development.js:25889:20)
        at performConcurrentWorkOnRoot (C:\EasyCart\frontend\node_modules\react-dom\cjs\react-dom.development.js:25789:22)
        at flushActQueue (C:\EasyCart\frontend\node_modules\react\cjs\react.development.js:2667:24)
        at act (C:\EasyCart\frontend\node_modules\react\cjs\react.development.js:2582:11)
        at C:\EasyCart\frontend\node_modules\@testing-library\react\dist\act-compat.js:47:25
        at renderRoot (C:\EasyCart\frontend\node_modules\@testing-library\react\dist\pure.js:190:26)
        at render (C:\EasyCart\frontend\node_modules\@testing-library\react\dist\pure.js:292:10)
        at C:\EasyCart\frontend\src\__tests__\a11y.test.js:27:33
        at Generator.call (C:\EasyCart\frontend\src\__tests__\a11y.test.js:2:1)
        at Generator._invoke [as next] (C:\EasyCart\frontend\src\__tests__\a11y.test.js:2:1)
        at asyncGeneratorStep (C:\EasyCart\frontend\src\__tests__\a11y.test.js:2:1)
        at asyncGeneratorStep (C:\EasyCart\frontend\src\__tests__\a11y.test.js:2:1)
        at _next (C:\EasyCart\frontend\src\__tests__\a11y.test.js:2:1)
        at new Promise (<anonymous>)
        at Object.<anonymous> (C:\EasyCart\frontend\src\__tests__\a11y.test.js:2:1)
        at Promise.finally.completed (c:\EasyCart\frontend\node_modules\jest-circus\build\jestAdapterInit.js:1557:28)
        at new Promise (<anonymous>)
        at callAsyncCircusFn (c:\EasyCart\frontend\node_modules\jest-circus\build\jestAdapterInit.js:1497:10)
        at _callCircusTest (c:\EasyCart\frontend\node_modules\jest-circus\build\jestAdapterInit.js:1007:40)
        at runNextTicks (node:internal/process/task_queues:65:5)
        at listOnTimeout (node:internal/timers:549:9)
        at processTimers (node:internal/timers:523:7)
        at _runTest (c:\EasyCart\frontend\node_modules\jest-circus\build\jestAdapterInit.js:947:3)
        at c:\EasyCart\frontend\node_modules\jest-circus\build\jestAdapterInit.js:849:7
        at _runTestsForDescribeBlock (c:\EasyCart\frontend\node_modules\jest-circus\build\jestAdapterInit.js:862:11)
        at _runTestsForDescribeBlock (c:\EasyCart\frontend\node_modules\jest-circus\build\jestAdapterInit.js:857:11)
        at run (c:\EasyCart\frontend\node_modules\jest-circus\build\jestAdapterInit.js:761:3)
        at runAndTransformResultsToJestFormat (c:\EasyCart\frontend\node_modules\jest-circus\build\jestAdapterInit.js:1918:21)
        at jestAdapter (c:\EasyCart\frontend\node_modules\jest-circus\build\runner.js:101:19)
        at runTestInternal (c:\EasyCart\frontend\node_modules\jest-runner\build\testWorker.js:275:16)
        at runTest (c:\EasyCart\frontend\node_modules\jest-runner\build\testWorker.js:343:7)
        at Object.worker (c:\EasyCart\frontend\node_modules\jest-runner\build\testWorker.js:497:12) {
      detail: Error: useAuth must be used within an AuthProvider
          at useAuth (C:\EasyCart\frontend\src\context\AuthContext.js:9:11)
          at Homepage (C:\EasyCart\frontend\src\components\Homepage.js:28:38)
          at renderWithHooks (C:\EasyCart\frontend\node_modules\react-dom\cjs\react-dom.development.js:15486:18)
          at mountIndeterminateComponent (C:\EasyCart\frontend\node_modules\react-dom\cjs\react-dom.development.js:20103:13)
          at beginWork (C:\EasyCart\frontend\node_modules\react-dom\cjs\react-dom.development.js:21626:16)
          at HTMLUnknownElement.callCallback (C:\EasyCart\frontend\node_modules\react-dom\cjs\react-dom.development.js:4164:14)
          at HTMLUnknownElement.callTheUserObjectsOperation (C:\EasyCart\frontend\node_modules\jest-environment-jsdom\node_modules\jsdom\lib\jsdom\living\generated\EventListener.js:26:30)
          at innerInvokeEventListeners (C:\EasyCart\frontend\node_modules\jest-environment-jsdom\node_modules\jsdom\lib\jsdom\living\events\EventTarget-impl.js:350:25)
          at invokeEventListeners (C:\EasyCart\frontend\node_modules\jest-environment-jsdom\node_modules\jsdom\lib\jsdom\living\events\EventTarget-impl.js:286:3)
          at HTMLUnknownElementImpl._dispatch (C:\EasyCart\frontend\node_modules\jest-environment-jsdom\node_modules\jsdom\lib\jsdom\living\events\EventTarget-impl.js:233:9)
          at HTMLUnknownElementImpl.dispatchEvent (C:\EasyCart\frontend\node_modules\jest-environment-jsdom\node_modules\jsdom\lib\jsdom\living\events\EventTarget-impl.js:104:17)
          at HTMLUnknownElement.dispatchEvent (C:\EasyCart\frontend\node_modules\jest-environment-jsdom\node_modules\jsdom\lib\jsdom\living\generated\EventTarget.js:241:34)
          at Object.invokeGuardedCallbackDev (C:\EasyCart\frontend\node_modules\react-dom\cjs\react-dom.development.js:4213:16)
          at invokeGuardedCallback (C:\EasyCart\frontend\node_modules\react-dom\cjs\react-dom.development.js:4277:31)
          at beginWork$1 (C:\EasyCart\frontend\node_modules\react-dom\cjs\react-dom.development.js:27490:7)
          at performUnitOfWork (C:\EasyCart\frontend\node_modules\react-dom\cjs\react-dom.development.js:26599:12)
          at workLoopSync (C:\EasyCart\frontend\node_modules\react-dom\cjs\react-dom.development.js:26505:5)
          at renderRootSync (C:\EasyCart\frontend\node_modules\react-dom\cjs\react-dom.development.js:26473:7)
          at recoverFromConcurrentError (C:\EasyCart\frontend\node_modules\react-dom\cjs\react-dom.development.js:25889:20)
          at performConcurrentWorkOnRoot (C:\EasyCart\frontend\node_modules\react-dom\cjs\react-dom.development.js:25789:22)
          at flushActQueue (C:\EasyCart\frontend\node_modules\react\cjs\react.development.js:2667:24)
          at act (C:\EasyCart\frontend\node_modules\react\cjs\react.development.js:2582:11)
          at C:\EasyCart\frontend\node_modules\@testing-library\react\dist\act-compat.js:47:25
          at renderRoot (C:\EasyCart\frontend\node_modules\@testing-library\react\dist\pure.js:190:26)
          at render (C:\EasyCart\frontend\node_modules\@testing-library\react\dist\pure.js:292:10)
          at C:\EasyCart\frontend\src\__tests__\a11y.test.js:27:33
          at Generator.call (C:\EasyCart\frontend\src\__tests__\a11y.test.js:2:1)
          at Generator._invoke [as next] (C:\EasyCart\frontend\src\__tests__\a11y.test.js:2:1)
          at asyncGeneratorStep (C:\EasyCart\frontend\src\__tests__\a11y.test.js:2:1)
          at asyncGeneratorStep (C:\EasyCart\frontend\src\__tests__\a11y.test.js:2:1)
          at _next (C:\EasyCart\frontend\src\__tests__\a11y.test.js:2:1)
          at new Promise (<anonymous>)
          at Object.<anonymous> (C:\EasyCart\frontend\src\__tests__\a11y.test.js:2:1)
          at Promise.finally.completed (c:\EasyCart\frontend\node_modules\jest-circus\build\jestAdapterInit.js:1557:28)
          at new Promise (<anonymous>)
          at callAsyncCircusFn (c:\EasyCart\frontend\node_modules\jest-circus\build\jestAdapterInit.js:1497:10)
          at _callCircusTest (c:\EasyCart\frontend\node_modules\jest-circus\build\jestAdapterInit.js:1007:40)
          at runNextTicks (node:internal/process/task_queues:65:5)
          at listOnTimeout (node:internal/timers:549:9)
          at processTimers (node:internal/timers:523:7)
          at _runTest (c:\EasyCart\frontend\node_modules\jest-circus\build\jestAdapterInit.js:947:3)
          at c:\EasyCart\frontend\node_modules\jest-circus\build\jestAdapterInit.js:849:7
          at _runTestsForDescribeBlock (c:\EasyCart\frontend\node_modules\jest-circus\build\jestAdapterInit.js:862:11)
          at _runTestsForDescribeBlock (c:\EasyCart\frontend\node_modules\jest-circus\build\jestAdapterInit.js:857:11)
          at run (c:\EasyCart\frontend\node_modules\jest-circus\build\jestAdapterInit.js:761:3)
          at runAndTransformResultsToJestFormat (c:\EasyCart\frontend\node_modules\jest-circus\build\jestAdapterInit.js:1918:21)
          at jestAdapter (c:\EasyCart\frontend\node_modules\jest-circus\build\runner.js:101:19)
          at runTestInternal (c:\EasyCart\frontend\node_modules\jest-runner\build\testWorker.js:275:16)
          at runTest (c:\EasyCart\frontend\node_modules\jest-runner\build\testWorker.js:343:7)
          at Object.worker (c:\EasyCart\frontend\node_modules\jest-runner\build\testWorker.js:497:12),
      type: 'unhandled exception'
    }

    [0m [90m 25 |[39m
     [90m 26 |[39m   it([32m'Homepage should have no a11y violations'[39m[33m,[39m [36masync[39m () [33m=>[39m {
    [31m[1m>[22m[39m[90m 27 |[39m     [36mconst[39m { container } [33m=[39m render([33m<[39m[33mHomepage[39m [33m/[39m[33m>[39m)[33m;[39m
     [90m    |[39m                                 [31m[1m^[22m[39m
     [90m 28 |[39m     [36mconst[39m results [33m=[39m [36mawait[39m axe(container)[33m;[39m
     [90m 29 |[39m     expect(results)[33m.[39mtoHaveNoViolations()[33m;[39m
     [90m 30 |[39m   })[33m;[39m[0m

      at VirtualConsole.<anonymous> (node_modules/@jest/environment-jsdom-abstract/build/index.js:87:23)
      at Object.invokeGuardedCallbackDev (node_modules/react-dom/cjs/react-dom.development.js:4213:16)
      at invokeGuardedCallback (node_modules/react-dom/cjs/react-dom.development.js:4277:31)
      at beginWork$1 (node_modules/react-dom/cjs/react-dom.development.js:27490:7)
      at performUnitOfWork (node_modules/react-dom/cjs/react-dom.development.js:26599:12)
      at workLoopSync (node_modules/react-dom/cjs/react-dom.development.js:26505:5)
      at renderRootSync (node_modules/react-dom/cjs/react-dom.development.js:26473:7)
      at recoverFromConcurrentError (node_modules/react-dom/cjs/react-dom.development.js:25889:20)
      at performConcurrentWorkOnRoot (node_modules/react-dom/cjs/react-dom.development.js:25789:22)
      at flushActQueue (node_modules/react/cjs/react.development.js:2667:24)
      at act (node_modules/react/cjs/react.development.js:2582:11)
      at node_modules/@testing-library/react/dist/act-compat.js:47:25
      at renderRoot (node_modules/@testing-library/react/dist/pure.js:190:26)
      at render (node_modules/@testing-library/react/dist/pure.js:292:10)
      at src/__tests__/a11y.test.js:27:33
      at Generator.call (src/__tests__/a11y.test.js:2:1)
      at Generator._invoke [as next] (src/__tests__/a11y.test.js:2:1)
      at asyncGeneratorStep (src/__tests__/a11y.test.js:2:1)
      at asyncGeneratorStep (src/__tests__/a11y.test.js:2:1)
      at _next (src/__tests__/a11y.test.js:2:1)
      at Object.<anonymous> (src/__tests__/a11y.test.js:2:1)

  console.error
    The above error occurred in the <Homepage> component:
    
        at Homepage (C:\EasyCart\frontend\src\components\Homepage.js:27:59)
    
    Consider adding an error boundary to your tree to customize error handling behavior.
    Visit https://reactjs.org/link/error-boundaries to learn more about error boundaries.

    [0m [90m 25 |[39m
     [90m 26 |[39m   it([32m'Homepage should have no a11y violations'[39m[33m,[39m [36masync[39m () [33m=>[39m {
    [31m[1m>[22m[39m[90m 27 |[39m     [36mconst[39m { container } [33m=[39m render([33m<[39m[33mHomepage[39m [33m/[39m[33m>[39m)[33m;[39m
     [90m    |[39m                                 [31m[1m^[22m[39m
     [90m 28 |[39m     [36mconst[39m results [33m=[39m [36mawait[39m axe(container)[33m;[39m
     [90m 29 |[39m     expect(results)[33m.[39mtoHaveNoViolations()[33m;[39m
     [90m 30 |[39m   })[33m;[39m[0m

      at logCapturedError (node_modules/react-dom/cjs/react-dom.development.js:18704:23)
      at update.callback (node_modules/react-dom/cjs/react-dom.development.js:18737:5)
      at callCallback (node_modules/react-dom/cjs/react-dom.development.js:15036:12)
      at commitUpdateQueue (node_modules/react-dom/cjs/react-dom.development.js:15057:9)
      at commitLayoutEffectOnFiber (node_modules/react-dom/cjs/react-dom.development.js:23430:13)
      at commitLayoutMountEffects_complete (node_modules/react-dom/cjs/react-dom.development.js:24727:9)
      at commitLayoutEffects_begin (node_modules/react-dom/cjs/react-dom.development.js:24713:7)
      at commitLayoutEffects (node_modules/react-dom/cjs/react-dom.development.js:24651:3)
      at commitRootImpl (node_modules/react-dom/cjs/react-dom.development.js:26862:5)
      at commitRoot (node_modules/react-dom/cjs/react-dom.development.js:26721:5)
      at finishConcurrentRender (node_modules/react-dom/cjs/react-dom.development.js:25931:9)
      at performConcurrentWorkOnRoot (node_modules/react-dom/cjs/react-dom.development.js:25848:7)
      at flushActQueue (node_modules/react/cjs/react.development.js:2667:24)
      at act (node_modules/react/cjs/react.development.js:2582:11)
      at node_modules/@testing-library/react/dist/act-compat.js:47:25
      at renderRoot (node_modules/@testing-library/react/dist/pure.js:190:26)
      at render (node_modules/@testing-library/react/dist/pure.js:292:10)
      at src/__tests__/a11y.test.js:27:33
      at Generator.call (src/__tests__/a11y.test.js:2:1)
      at Generator._invoke [as next] (src/__tests__/a11y.test.js:2:1)
      at asyncGeneratorStep (src/__tests__/a11y.test.js:2:1)
      at asyncGeneratorStep (src/__tests__/a11y.test.js:2:1)
      at _next (src/__tests__/a11y.test.js:2:1)
      at Object.<anonymous> (src/__tests__/a11y.test.js:2:1)

FAIL src/__tests__/a11y.test.js
  Accessibility (a11y) checks
    √ ProductList should have no a11y violations (1107 ms)
    × Homepage should have no a11y violations (129 ms)

  ● Accessibility (a11y) checks › Homepage should have no a11y violations

    useAuth must be used within an AuthProvider

    [0m [90m  7 |[39m   [36mconst[39m context [33m=[39m useContext([33mAuthContext[39m)[33m;[39m
     [90m  8 |[39m   [36mif[39m ([33m![39mcontext) {
    [31m[1m>[22m[39m[90m  9 |[39m     [36mthrow[39m [36mnew[39m [33mError[39m([32m'useAuth must be used within an AuthProvider'[39m)[33m;[39m
     [90m    |[39m           [31m[1m^[22m[39m
     [90m 10 |[39m   }
     [90m 11 |[39m   [36mreturn[39m context[33m;[39m
     [90m 12 |[39m }[33m;[39m[0m

      at useAuth (src/context/AuthContext.js:9:11)
      at Homepage (src/components/Homepage.js:28:38)
      at renderWithHooks (node_modules/react-dom/cjs/react-dom.development.js:15486:18)
      at mountIndeterminateComponent (node_modules/react-dom/cjs/react-dom.development.js:20103:13)
      at beginWork (node_modules/react-dom/cjs/react-dom.development.js:21626:16)
      at beginWork$1 (node_modules/react-dom/cjs/react-dom.development.js:27465:14)
      at performUnitOfWork (node_modules/react-dom/cjs/react-dom.development.js:26599:12)
      at workLoopSync (node_modules/react-dom/cjs/react-dom.development.js:26505:5)
      at renderRootSync (node_modules/react-dom/cjs/react-dom.development.js:26473:7)
      at recoverFromConcurrentError (node_modules/react-dom/cjs/react-dom.development.js:25889:20)
      at performConcurrentWorkOnRoot (node_modules/react-dom/cjs/react-dom.development.js:25789:22)
      at flushActQueue (node_modules/react/cjs/react.development.js:2667:24)
      at act (node_modules/react/cjs/react.development.js:2582:11)
      at node_modules/@testing-library/react/dist/act-compat.js:47:25
      at renderRoot (node_modules/@testing-library/react/dist/pure.js:190:26)
      at render (node_modules/@testing-library/react/dist/pure.js:292:10)
      at src/__tests__/a11y.test.js:27:33
      at Generator.call (src/__tests__/a11y.test.js:2:1)
      at Generator._invoke [as next] (src/__tests__/a11y.test.js:2:1)
      at asyncGeneratorStep (src/__tests__/a11y.test.js:2:1)
      at asyncGeneratorStep (src/__tests__/a11y.test.js:2:1)
      at _next (src/__tests__/a11y.test.js:2:1)
      at Object.<anonymous> (src/__tests__/a11y.test.js:2:1)

  console.error
    Error fetching products: Error: Network error
        at C:\EasyCart\frontend\src\hooks\__tests__\useProducts.test.js:98:23
        at Generator.call (C:\EasyCart\frontend\src\hooks\__tests__\useProducts.test.js:2:1)
        at Generator._invoke [as next] (C:\EasyCart\frontend\src\hooks\__tests__\useProducts.test.js:2:1)
        at asyncGeneratorStep (C:\EasyCart\frontend\src\hooks\__tests__\useProducts.test.js:2:1)
        at asyncGeneratorStep (C:\EasyCart\frontend\src\hooks\__tests__\useProducts.test.js:2:1)
        at _next (C:\EasyCart\frontend\src\hooks\__tests__\useProducts.test.js:2:1)
        at new Promise (<anonymous>)
        at Object.<anonymous> (C:\EasyCart\frontend\src\hooks\__tests__\useProducts.test.js:2:1)
        at Promise.finally.completed (c:\EasyCart\frontend\node_modules\jest-circus\build\jestAdapterInit.js:1557:28)
        at new Promise (<anonymous>)
        at callAsyncCircusFn (c:\EasyCart\frontend\node_modules\jest-circus\build\jestAdapterInit.js:1497:10)
        at _callCircusTest (c:\EasyCart\frontend\node_modules\jest-circus\build\jestAdapterInit.js:1007:40)
        at _runTest (c:\EasyCart\frontend\node_modules\jest-circus\build\jestAdapterInit.js:947:3)
        at c:\EasyCart\frontend\node_modules\jest-circus\build\jestAdapterInit.js:849:7
        at _runTestsForDescribeBlock (c:\EasyCart\frontend\node_modules\jest-circus\build\jestAdapterInit.js:862:11)
        at _runTestsForDescribeBlock (c:\EasyCart\frontend\node_modules\jest-circus\build\jestAdapterInit.js:857:11)
        at run (c:\EasyCart\frontend\node_modules\jest-circus\build\jestAdapterInit.js:761:3)
        at runAndTransformResultsToJestFormat (c:\EasyCart\frontend\node_modules\jest-circus\build\jestAdapterInit.js:1918:21)
        at jestAdapter (c:\EasyCart\frontend\node_modules\jest-circus\build\runner.js:101:19)
        at runTestInternal (c:\EasyCart\frontend\node_modules\jest-runner\build\testWorker.js:275:16)
        at runTest (c:\EasyCart\frontend\node_modules\jest-runner\build\testWorker.js:343:7)
        at Object.worker (c:\EasyCart\frontend\node_modules\jest-runner\build\testWorker.js:497:12)

    [0m [90m 83 |[39m
     [90m 84 |[39m     } [36mcatch[39m (err) {
    [31m[1m>[22m[39m[90m 85 |[39m       console[33m.[39merror([32m'Error fetching products:'[39m[33m,[39m err)[33m;[39m
     [90m    |[39m               [31m[1m^[22m[39m
     [90m 86 |[39m       setError(err)[33m;[39m
     [90m 87 |[39m       setProducts([])[33m;[39m
     [90m 88 |[39m       setPagination({[0m

      at error (src/hooks/useProducts.js:85:15)
      at Generator.call (src/hooks/useProducts.js:2:1)
      at Generator._invoke [as throw] (src/hooks/useProducts.js:2:1)
      at asyncGeneratorStep (src/hooks/useProducts.js:2:1)
      at asyncGeneratorStep (src/hooks/useProducts.js:2:1)

FAIL src/hooks/__tests__/useProducts.test.js
  useProducts hook
    × should fetch products successfully with DRF-compatible response (12 ms)
    √ should handle API errors gracefully (52 ms)

  ● useProducts hook › should fetch products successfully with DRF-compatible response

    expect(received).toBe(expected) // Object.is equality

    Expected: true
    Received: false

    [0m [90m 76 |[39m
     [90m 77 |[39m     [90m// Initially loading[39m
    [31m[1m>[22m[39m[90m 78 |[39m     expect(result[33m.[39mresult[33m.[39mcurrent[33m.[39mloading)[33m.[39mtoBe([36mtrue[39m)[33m;[39m
     [90m    |[39m                                           [31m[1m^[22m[39m
     [90m 79 |[39m     expect(result[33m.[39mresult[33m.[39mcurrent[33m.[39mproducts)[33m.[39mtoEqual([])[33m;[39m
     [90m 80 |[39m
     [90m 81 |[39m     [90m// Wait for data to load[39m[0m

      at toBe (src/hooks/__tests__/useProducts.test.js:78:43)
      at Generator.call (src/hooks/__tests__/useProducts.test.js:2:1)
      at Generator._invoke [as next] (src/hooks/__tests__/useProducts.test.js:2:1)
      at asyncGeneratorStep (src/hooks/__tests__/useProducts.test.js:2:1)
      at asyncGeneratorStep (src/hooks/__tests__/useProducts.test.js:2:1)

FAIL src/__tests__/Products.test.js (9.302 s)
  Products Page
    √ renders products list (700 ms)
    √ displays loading state initially (250 ms)
    √ handles API error gracefully (174 ms)
    √ filters products by search (555 ms)
    √ filters products by category (392 ms)
    √ displays out of stock badge for products with no stock (146 ms)
    × shows clear filters button when filters are active (525 ms)
    √ renders pagination controls when there are multiple pages (136 ms)
    √ navigates to next page when Next button is clicked (609 ms)
    √ disables Previous button on first page (357 ms)
    √ handles image load error with fallback (280 ms)
    √ resets to first page when search term changes (858 ms)

  ● Products Page › shows clear filters button when filters are active

    TestingLibraryElementError: Unable to find an element with the text: Clear All. This could be because the text is broken up by multiple elements. In this case, you can provide a function for your text matcher to make your matcher more flexible.

    Ignored nodes: comments, script, style
    [36m<body>[39m
      [36m<div>[39m
        [36m<div[39m
          [33mclass[39m=[32m"container mx-auto px-4 py-8"[39m
        [36m>[39m
          [36m<div[39m
            [33mclass[39m=[32m"mb-8"[39m
          [36m>[39m
            [36m<div[39m
              [33mclass[39m=[32m"h-8 bg-gray-200 dark:bg-gray-700 rounded w-64 mb-2 animate-pulse"[39m
            [36m/>[39m
            [36m<div[39m
              [33mclass[39m=[32m"h-4 bg-gray-200 dark:bg-gray-700 rounded w-96 animate-pulse"[39m
            [36m/>[39m
          [36m</div>[39m
          [36m<div[39m
            [33mclass[39m=[32m"grid grid-cols-1 sm:grid-cols-2 md:grid-cols-3 lg:grid-cols-4 gap-6"[39m
          [36m>[39m
            [36m<div[39m
              [33mclass[39m=[32m"bg-white dark:bg-gray-800 rounded-card shadow-card overflow-hidden animate-pulse"[39m
            [36m>[39m
              [36m<div[39m
                [33mclass[39m=[32m"h-48 bg-gray-200 dark:bg-gray-700"[39m
              [36m/>[39m
              [36m<div[39m
                [33mclass[39m=[32m"p-4 space-y-3"[39m
              [36m>[39m
                [36m<div[39m
                  [33mclass[39m=[32m"h-6 bg-gray-200 dark:bg-gray-700 rounded w-3/4"[39m
                [36m/>[39m
                [36m<div[39m
                  [33mclass[39m=[32m"h-4 bg-gray-200 dark:bg-gray-700 rounded w-full"[39m
                [36m/>[39m
                [36m<div[39m
                  [33mclass[39m=[32m"h-4 bg-gray-200 dark:bg-gray-700 rounded w-5/6"[39m
                [36m/>[39m
                [36m<div[39m
                  [33mclass[39m=[32m"flex items-center justify-between pt-2"[39m
                [36m>[39m
                  [36m<div[39m
                    [33mclass[39m=[32m"h-8 bg-gray-200 dark:bg-gray-700 rounded w-24"[39m
                  [36m/>[39m
                  [36m<div[39m
                    [33mclass[39m=[32m"h-10 bg-gray-200 dark:bg-gray-700 rounded w-28"[39m
                  [36m/>[39m
                [36m</div>[39m
              [36m</div>[39m
            [36m</div>[39m
            [36m<div[39m
              [33mclass[39m=[32m"bg-white dark:bg-gray-800 rounded-card shadow-card overflow-hidden animate-pulse"[39m
            [36m>[39m
              [36m<div[39m
                [33mclass[39m=[32m"h-48 bg-gray-200 dark:bg-gray-700"[39m
              [36m/>[39m
              [36m<div[39m
                [33mclass[39m=[32m"p-4 space-y-3"[39m
              [36m>[39m
                [36m<div[39m
                  [33mclass[39m=[32m"h-6 bg-gray-200 dark:bg-gray-700 rounded w-3/4"[39m
                [36m/>[39m
                [36m<div[39m
                  [33mclass[39m=[32m"h-4 bg-gray-200 dark:bg-gray-700 rounded w-full"[39m
                [36m/>[39m
                [36m<div[39m
                  [33mclass[39m=[32m"h-4 bg-gray-200 dark:bg-gray-700 rounded w-5/6"[39m
                [36m/>[39m
                [36m<div[39m
                  [33mclass[39m=[32m"flex items-center justify-between pt-2"[39m
                [36m>[39m
                  [36m<div[39m
                    [33mclass[39m=[32m"h-8 bg-gray-200 dark:bg-gray-700 rounded w-24"[39m
                  [36m/>[39m
                  [36m<div[39m
                    [33mclass[39m=[32m"h-10 bg-gray-200 dark:bg-gray-700 rounded w-28"[39m
                  [36m/>[39m
                [36m</div>[39m
              [36m</div>[39m
            [36m</div>[39m
            [36m<div[39m
              [33mclass[39m=[32m"bg-white dark:bg-gray-800 rounded-card shadow-card overflow-hidden animate-pulse"[39m
            [36m>[39m
              [36m<div[39m
                [33mclass[39m=[32m"h-48 bg-gray-200 dark:bg-gray-700"[39m
              [36m/>[39m
              [36m<div[39m
                [33mclass[39m=[32m"p-4 space-y-3"[39m
              [36m>[39m
                [36m<div[39m
                  [33mclass[39m=[32m"h-6 bg-gray-200 dark:bg-gray-700 rounded w-3/4"[39m
                [36m/>[39m
                [36m<div[39m
                  [33mclass[39m=[32m"h-4 bg-gray-200 dark:bg-gray-700 rounded w-full"[39m
                [36m/>[39m
                [36m<div[39m
                  [33mclass[39m=[32m"h-4 bg-gray-200 dark:bg-gray-700 rounded w-5/6"[39m
                [36m/>[39m
                [36m<div[39m
                  [33mclass[39m=[32m"flex items-center justify-between pt-2"[39m
                [36m>[39m
                  [36m<div[39m
                    [33mclass[39m=[32m"h-8 bg-gray-200 dark:bg-gray-700 rounded w-24"[39m
                  [36m/>[39m
                  [36m<div[39m
                    [33mclass[39m=[32m"h-10 bg-gray-200 dark:bg-gray-700 rounded w-28"[39m
                  [36m/>[39m
                [36m</div>[39m
              [36m</div>[39m
            [36m</div>[39m
            [36m<div[39m
              [33mclass[39m=[32m"bg-white dark:bg-gray-800 rounded-card shadow-card overflow-hidden animate-pulse"[39m
            [36m>[39m
              [36m<div[39m
                [33mclass[39m=[32m"h-48 bg-gray-200 dark:bg-gray-700"[39m
              [36m/>[39m
              [36m<div[39m
                [33mclass[39m=[32m"p-4 space-y-3"[39m
              [36m>[39m
                [36m<div[39m
                  [33mclass[39m=[32m"h-6 bg-gray-200 dark:bg-gray-700 rounded w-3/4"[39m
                [36m/>[39m
                [36m<div[39m
                  [33mclass[39m=[32m"h-4 bg-gray-200 dark:bg-gray-700 rounded w-full"[39m
                [36m/>[39m
                [36m<div[39m
                  [33mclass[39m=[32m"h-4 bg-gray-200 dark:bg-gray-700 rounded w-5/6"[39m
                [36m/>[39m
                [36m<div[39m
                  [33mclass[39m=[32m"flex items-center justify-between pt-2"[39m
                [36m>[39m
                  [36m<div[39m
                    [33mclass[39m=[32m"h-8 bg-gray-200 dark:bg-gray-700 rounded w-24"[39m
                  [36m/>[39m
                  [36m<div[39m
                    [33mclass[39m=[32m"h-10 bg-gray-200 dark:bg-gray-700 rounded w-28"[39m
                  [36m/>[39m
                [36m</div>[39m
              [36m</div>[39m
            [36m</div>[39m
            [36m<div[39m
              [33mclass[39m=[32m"bg-white dark:bg-gray-800 rounded-card shadow-card overflow-hidden animate-pulse"[39m
            [36m>[39m
              [36m<div[39m
                [33mclass[39m=[32m"h-48 bg-gray-200 dark:bg-gray-700"[39m
              [36m/>[39m
              [36m<div[39m
                [33mclass[39m=[32m"p-4 space-y-3"[39m
              [36m>[39m
                [36m<div[39m
                  [33mclass[39m=[32m"h-6 bg-gray-200 dark:bg-gray-700 rounded w-3/4"[39m
                [36m/>[39m
                [36m<div[39m
                  [33mclass[39m=[32m"h-4 bg-gray-200 dark:bg-gray-700 rounded w-full"[39m
                [36m/>[39m
                [36m<div[39m
                  [33mclass[39m=[32m"h-4 bg-gray-200 dark:bg-gray-700 rounded w-5/6"[39m
                [36m/>[39m
                [36m<div[39m
                  [33mclass[39m=[32m"flex items-center justify-between pt-2"[39m
                [36m>[39m
                  [36m<div[39m
                    [33mclass[39m=[32m"h-8 bg-gray-200 dark:bg-gray-700 rounded w-24"[39m
                  [36m/>[39m
                  [36m<div[39m
                    [33mclass[39m=[32m"h-10 bg-gray-200 dark:bg-gray-700 rounded w-28"[39m
                  [36m/>[39m
                [36m</div>[39m
              [36m</div>[39m
            [36m</div>[39m
            [36m<div[39m
              [33mclass[39m=[32m"bg-white dark:bg-gray-800 rounded-card shadow-card overflow-hidden animate-pulse"[39m
            [36m>[39m
              [36m<div[39m
                [33mclass[39m=[32m"h-48 bg-gray-200 dark:bg-gray-700"[39m
              [36m/>[39m
              [36m<div[39m
                [33mclass[39m=[32m"p-4 space-y-3"[39m
              [36m>[39m
                [36m<div[39m
                  [33mclass[39m=[32m"h-6 bg-gray-200 dark:bg-gray-700 rounded w-3/4"[39m
                [36m/>[39m
                [36m<div[39m
                  [33mclass[39m=[32m"h-4 bg-gray-200 dark:bg-gray-700 rounded w-full"[39m
                [36m/>[39m
                [36m<div[39m
                  [33mclass[39m=[32m"h-4 bg-gray-200 dark:bg-gray-700 rounded w-5/6"[39m
                [36m/>[39m
                [36m<div[39m
                  [33mclass[39m=[32m"flex items-center justify-between pt-2"[39m
                [36m>[39m
                  [36m<div[39m
                    [33mclass[39m=[32m"h-8 bg-gray-200 dark:bg-gray-700 rounded w-24"[39m
                  [36m/>[39m
                  [36m<div[39m
                    [33mclass[39m=[32m"h-10 bg-gray-200 dark:bg-gray-700 rounded w-28"[39m
                  [36m/>[39m
                [36m</div>[39m
              [36m</div>[39m
            [36m</div>[39m
            [36m<div[39m
              [33mclass[39m=[32m"bg-white dark:bg-gray-800 rounded-card shadow-card overflow-hidden animate-pulse"[39m
            [36m>[39m
              [36m<div[39m
                [33mclass[39m=[32m"h-48 bg-gray-200 dark:bg-gray-700"[39m
              [36m/>[39m
              [36m<div[39m
                [33mclass[39m=[32m"p-4 space-y-3"[39m
              [36m>[39m
                [36m<div[39m
                  [33mclass[39m=[32m"h-6 bg-gray-200 dark:bg-gray-700 rounded w-3/4"[39m
                [36m/>[39m
                [36m<div[39m
                  [33mclass[39m=[32m"h-4 bg-gray-200 dark:bg-gray-700 rounded w-full"[39m
                [36m/>[39m
                [36m<div[39m
                  [33mclass[39m=[32m"h-4 bg-gray-200 dark:bg-gray-700 rounded w-5/6"[39m
                [36m/>[39m
                [36m<div[39m
                  [33mclass[39m=[32m"flex items-center justify-between pt-2"[39m
                [36m>[39m
                  [36m<div[39m
                    [33mclass[39m=[32m"h-8 bg-gray-200 dark:bg-gray-700 rounded w-24"[39m
                  [36m/>[39m
                  [36m<div[39m
                    [33mclass[39m=[32m"h-10 bg-gray-200 dark:bg-gray-700 rounded w-28"[39m
                  [36m/>[39m
                [36m</div>[39m
              [36m</div>[39m
            [36m</div>[39m
            [36m<div[39m
              [33mclass[39m=[32m"bg-white dark:bg-gray-800 rounded-card shadow-card overflow-hidden animate-pulse"[39m
            [36m>[39m
              [36m<div[39m
                [33mclass[39m=[32m"h-48 bg-gray-200 dark:bg-gray-700"[39m
              [36m/>[39m
              [36m<div[39m
                [33mclass[39m=[32m"p-4 space-y-3"[39m
              [36m>[39m
                [36m<div[39m
                  [33mclass[39m=[32m"h-6 bg-gray-200 dark:bg-gray-700 rounded w-3/4"[39m
                [36m/>[39m
                [36m<div[39m
                  [33mclass[39m=[32m"h-4 bg-gray-200 dark:bg-gray-700 rounded w-full"[39m
                [36m/>[39m
                [36m<div[39m
                  [33mclass[39m=[32m"h-4 bg-gray-200 dark:bg-gray-700 rounded w-5/6"[39m
                [36m/>[39m
                [36m<div[39m
                  [33mclass[39m=[32m"flex items-center justify-between pt-2"[39m
                [36m>[39m
                  [36m<div[39m
                    [33mclass[39m=[32m"h-8 bg-gray-200 dark:bg-gray-700 rounded w-24"[39m
                  [36m/>[39m
                  [36m<div[39m
                    [33mclass[39m=[32m"h-10 bg-gray-200 dark:bg-gray-700 rounded w-28"[39m
                  [36m/>[39m
                [36m</div>[39m
              [36m</div>[39m
            [36m</div>[39m
          [36m</div>[39m
        [36m</div>[39m
      [36m</div>[39m
    [36m</body>[39m

    [0m [90m 214 |[39m     
     [90m 215 |[39m     [90m// Check that clear all button is present[39m
    [31m[1m>[22m[39m[90m 216 |[39m     expect(screen[33m.[39mgetByText([32m'Clear All'[39m))[33m.[39mtoBeInTheDocument()[33m;[39m
     [90m     |[39m                   [31m[1m^[22m[39m
     [90m 217 |[39m   })[33m;[39m
     [90m 218 |[39m
     [90m 219 |[39m   test([32m'renders pagination controls when there are multiple pages'[39m[33m,[39m [36masync[39m () [33m=>[39m {[0m

      at Object.getElementError (node_modules/@testing-library/dom/dist/config.js:37:19)
      at node_modules/@testing-library/dom/dist/query-helpers.js:76:38
      at node_modules/@testing-library/dom/dist/query-helpers.js:52:17
      at node_modules/@testing-library/dom/dist/query-helpers.js:95:19
      at getByText (src/__tests__/Products.test.js:216:19)
      at Generator.call (src/__tests__/Products.test.js:2:1)
      at Generator._invoke [as next] (src/__tests__/Products.test.js:2:1)
      at asyncGeneratorStep (src/__tests__/Products.test.js:2:1)
      at asyncGeneratorStep (src/__tests__/Products.test.js:2:1)

  console.warn
    ⚠️ React Router Future Flag Warning: React Router will begin wrapping state updates in `React.startTransition` in v7. You can use the `v7_startTransition` future flag to opt-in early. For more information, see https://reactrouter.com/v6/upgrading/future#v7_starttransition.

    [0m [90m 16 |[39m describe([32m'Register fade-out/auto-hide'[39m[33m,[39m () [33m=>[39m {
     [90m 17 |[39m   [36mfunction[39m setup() {
    [31m[1m>[22m[39m[90m 18 |[39m     [36mreturn[39m render(
     [90m    |[39m                  [31m[1m^[22m[39m
     [90m 19 |[39m       [33m<[39m[33mBrowserRouter[39m[33m>[39m
     [90m 20 |[39m         [33m<[39m[33mRegister[39m [33m/[39m[33m>[39m
     [90m 21 |[39m       [33m<[39m[33m/[39m[33mBrowserRouter[39m[33m>[39m[0m

      at warn (node_modules/react-router/lib/deprecations.ts:9:13)
      at warnOnce (node_modules/react-router/lib/deprecations.ts:14:3)
      at Object.logDeprecation [as UNSAFE_logV6DeprecationWarnings] (node_modules/react-router/lib/deprecations.ts:26:5)
      at logV6DeprecationWarnings (node_modules/react-router-dom/index.tsx:816:25)
      at commitHookEffectListMount (node_modules/react-dom/cjs/react-dom.development.js:23189:26)
      at commitPassiveMountOnFiber (node_modules/react-dom/cjs/react-dom.development.js:24970:11)
      at commitPassiveMountEffects_complete (node_modules/react-dom/cjs/react-dom.development.js:24930:9)
      at commitPassiveMountEffects_begin (node_modules/react-dom/cjs/react-dom.development.js:24917:7)
      at commitPassiveMountEffects (node_modules/react-dom/cjs/react-dom.development.js:24905:3)
      at flushPassiveEffectsImpl (node_modules/react-dom/cjs/react-dom.development.js:27078:3)
      at flushPassiveEffects (node_modules/react-dom/cjs/react-dom.development.js:27023:14)
      at node_modules/react-dom/cjs/react-dom.development.js:26808:9
      at flushActQueue (node_modules/react/cjs/react.development.js:2667:24)
      at act (node_modules/react/cjs/react.development.js:2582:11)
      at node_modules/@testing-library/react/dist/act-compat.js:47:25
      at renderRoot (node_modules/@testing-library/react/dist/pure.js:190:26)
      at render (node_modules/@testing-library/react/dist/pure.js:292:10)
      at setup (src/pages/__tests__/Register.test.js:18:18)
      at setup (src/pages/__tests__/Register.test.js:26:5)
      at Generator.call (src/pages/__tests__/Register.test.js:2:1)
      at Generator._invoke [as next] (src/pages/__tests__/Register.test.js:2:1)
      at asyncGeneratorStep (src/pages/__tests__/Register.test.js:2:1)
      at asyncGeneratorStep (src/pages/__tests__/Register.test.js:2:1)
      at _next (src/pages/__tests__/Register.test.js:2:1)
      at Object.<anonymous> (src/pages/__tests__/Register.test.js:2:1)

  console.warn
    ⚠️ React Router Future Flag Warning: Relative route resolution within Splat routes is changing in v7. You can use the `v7_relativeSplatPath` future flag to opt-in early. For more information, see https://reactrouter.com/v6/upgrading/future#v7_relativesplatpath.

    [0m [90m 16 |[39m describe([32m'Register fade-out/auto-hide'[39m[33m,[39m () [33m=>[39m {
     [90m 17 |[39m   [36mfunction[39m setup() {
    [31m[1m>[22m[39m[90m 18 |[39m     [36mreturn[39m render(
     [90m    |[39m                  [31m[1m^[22m[39m
     [90m 19 |[39m       [33m<[39m[33mBrowserRouter[39m[33m>[39m
     [90m 20 |[39m         [33m<[39m[33mRegister[39m [33m/[39m[33m>[39m
     [90m 21 |[39m       [33m<[39m[33m/[39m[33mBrowserRouter[39m[33m>[39m[0m

      at warn (node_modules/react-router/lib/deprecations.ts:9:13)
      at warnOnce (node_modules/react-router/lib/deprecations.ts:14:3)
      at Object.logDeprecation [as UNSAFE_logV6DeprecationWarnings] (node_modules/react-router/lib/deprecations.ts:37:5)
      at logV6DeprecationWarnings (node_modules/react-router-dom/index.tsx:816:25)
      at commitHookEffectListMount (node_modules/react-dom/cjs/react-dom.development.js:23189:26)
      at commitPassiveMountOnFiber (node_modules/react-dom/cjs/react-dom.development.js:24970:11)
      at commitPassiveMountEffects_complete (node_modules/react-dom/cjs/react-dom.development.js:24930:9)
      at commitPassiveMountEffects_begin (node_modules/react-dom/cjs/react-dom.development.js:24917:7)
      at commitPassiveMountEffects (node_modules/react-dom/cjs/react-dom.development.js:24905:3)
      at flushPassiveEffectsImpl (node_modules/react-dom/cjs/react-dom.development.js:27078:3)
      at flushPassiveEffects (node_modules/react-dom/cjs/react-dom.development.js:27023:14)
      at node_modules/react-dom/cjs/react-dom.development.js:26808:9
      at flushActQueue (node_modules/react/cjs/react.development.js:2667:24)
      at act (node_modules/react/cjs/react.development.js:2582:11)
      at node_modules/@testing-library/react/dist/act-compat.js:47:25
      at renderRoot (node_modules/@testing-library/react/dist/pure.js:190:26)
      at render (node_modules/@testing-library/react/dist/pure.js:292:10)
      at setup (src/pages/__tests__/Register.test.js:18:18)
      at setup (src/pages/__tests__/Register.test.js:26:5)
      at Generator.call (src/pages/__tests__/Register.test.js:2:1)
      at Generator._invoke [as next] (src/pages/__tests__/Register.test.js:2:1)
      at asyncGeneratorStep (src/pages/__tests__/Register.test.js:2:1)
      at asyncGeneratorStep (src/pages/__tests__/Register.test.js:2:1)
      at _next (src/pages/__tests__/Register.test.js:2:1)
      at Object.<anonymous> (src/pages/__tests__/Register.test.js:2:1)

  console.error
    Error fetching products: Error: API Error
        at C:\EasyCart\frontend\src\__tests__\useProducts.test.js:138:23
        at Generator.call (C:\EasyCart\frontend\src\__tests__\useProducts.test.js:2:1)
        at Generator._invoke [as next] (C:\EasyCart\frontend\src\__tests__\useProducts.test.js:2:1)
        at asyncGeneratorStep (C:\EasyCart\frontend\src\__tests__\useProducts.test.js:2:1)
        at asyncGeneratorStep (C:\EasyCart\frontend\src\__tests__\useProducts.test.js:2:1)
        at _next (C:\EasyCart\frontend\src\__tests__\useProducts.test.js:2:1)
        at new Promise (<anonymous>)
        at Object.<anonymous> (C:\EasyCart\frontend\src\__tests__\useProducts.test.js:2:1)
        at Promise.finally.completed (c:\EasyCart\frontend\node_modules\jest-circus\build\jestAdapterInit.js:1557:28)
        at new Promise (<anonymous>)
        at callAsyncCircusFn (c:\EasyCart\frontend\node_modules\jest-circus\build\jestAdapterInit.js:1497:10)
        at _callCircusTest (c:\EasyCart\frontend\node_modules\jest-circus\build\jestAdapterInit.js:1007:40)
        at _runTest (c:\EasyCart\frontend\node_modules\jest-circus\build\jestAdapterInit.js:947:3)
        at c:\EasyCart\frontend\node_modules\jest-circus\build\jestAdapterInit.js:849:7
        at _runTestsForDescribeBlock (c:\EasyCart\frontend\node_modules\jest-circus\build\jestAdapterInit.js:862:11)
        at _runTestsForDescribeBlock (c:\EasyCart\frontend\node_modules\jest-circus\build\jestAdapterInit.js:857:11)
        at run (c:\EasyCart\frontend\node_modules\jest-circus\build\jestAdapterInit.js:761:3)
        at runAndTransformResultsToJestFormat (c:\EasyCart\frontend\node_modules\jest-circus\build\jestAdapterInit.js:1918:21)
        at jestAdapter (c:\EasyCart\frontend\node_modules\jest-circus\build\runner.js:101:19)
        at runTestInternal (c:\EasyCart\frontend\node_modules\jest-runner\build\testWorker.js:275:16)
        at runTest (c:\EasyCart\frontend\node_modules\jest-runner\build\testWorker.js:343:7)
        at Object.worker (c:\EasyCart\frontend\node_modules\jest-runner\build\testWorker.js:497:12)

    [0m [90m 83 |[39m
     [90m 84 |[39m     } [36mcatch[39m (err) {
    [31m[1m>[22m[39m[90m 85 |[39m       console[33m.[39merror([32m'Error fetching products:'[39m[33m,[39m err)[33m;[39m
     [90m    |[39m               [31m[1m^[22m[39m
     [90m 86 |[39m       setError(err)[33m;[39m
     [90m 87 |[39m       setProducts([])[33m;[39m
     [90m 88 |[39m       setPagination({[0m

      at error (src/hooks/useProducts.js:85:15)
      at Generator.call (src/hooks/useProducts.js:2:1)
      at Generator._invoke [as throw] (src/hooks/useProducts.js:2:1)
      at asyncGeneratorStep (src/hooks/useProducts.js:2:1)
      at asyncGeneratorStep (src/hooks/useProducts.js:2:1)

  console.error
    Warning: An update to TestComponent inside a test was not wrapped in act(...).
    
    When testing, code that causes React state updates should be wrapped into act(...):
    
    act(() => {
      /* fire events that update state */
    });
    /* assert on the output */
    
    This ensures that you're testing the behavior the user would see in the browser. Learn more at https://reactjs.org/link/wrap-tests-with-act
        at TestComponent (C:\EasyCart\frontend\node_modules\@testing-library\react\dist\pure.js:329:5)

    [0m [90m 35 |[39m
     [90m 36 |[39m   [36mconst[39m fetchProducts [33m=[39m useCallback([36masync[39m () [33m=>[39m {
    [31m[1m>[22m[39m[90m 37 |[39m     setLoading([36mtrue[39m)[33m;[39m
     [90m    |[39m     [31m[1m^[22m[39m
     [90m 38 |[39m     setError([36mnull[39m)[33m;[39m
     [90m 39 |[39m
     [90m 40 |[39m     [36mtry[39m {[0m

      at printWarning (node_modules/react-dom/cjs/react-dom.development.js:86:30)
      at error (node_modules/react-dom/cjs/react-dom.development.js:60:7)
      at warnIfUpdatesNotWrappedWithActDEV (node_modules/react-dom/cjs/react-dom.development.js:27628:9)
      at scheduleUpdateOnFiber (node_modules/react-dom/cjs/react-dom.development.js:25547:5)
      at dispatchSetState (node_modules/react-dom/cjs/react-dom.development.js:16708:7)
      at setLoading (src/hooks/useProducts.js:37:5)
      at Generator.call (src/hooks/useProducts.js:2:1)
      at Generator._invoke [as next] (src/hooks/useProducts.js:2:1)
      at asyncGeneratorStep (src/hooks/useProducts.js:2:1)
      at asyncGeneratorStep (src/hooks/useProducts.js:2:1)
      at _next (src/hooks/useProducts.js:2:1)
      at src/hooks/useProducts.js:2:1
      at Object.fetchProducts [as refresh] (src/hooks/useProducts.js:107:5)
      at refresh (src/__tests__/useProducts.test.js:162:20)
      at Generator.call (src/__tests__/useProducts.test.js:2:1)
      at Generator._invoke [as next] (src/__tests__/useProducts.test.js:2:1)
      at asyncGeneratorStep (src/__tests__/useProducts.test.js:2:1)
      at asyncGeneratorStep (src/__tests__/useProducts.test.js:2:1)

  console.error
    Warning: An update to TestComponent inside a test was not wrapped in act(...).
    
    When testing, code that causes React state updates should be wrapped into act(...):
    
    act(() => {
      /* fire events that update state */
    });
    /* assert on the output */
    
    This ensures that you're testing the behavior the user would see in the browser. Learn more at https://reactjs.org/link/wrap-tests-with-act
        at TestComponent (C:\EasyCart\frontend\node_modules\@testing-library\react\dist\pure.js:329:5)

    [0m [90m 36 |[39m   [36mconst[39m fetchProducts [33m=[39m useCallback([36masync[39m () [33m=>[39m {
     [90m 37 |[39m     setLoading([36mtrue[39m)[33m;[39m
    [31m[1m>[22m[39m[90m 38 |[39m     setError([36mnull[39m)[33m;[39m
     [90m    |[39m     [31m[1m^[22m[39m
     [90m 39 |[39m
     [90m 40 |[39m     [36mtry[39m {
     [90m 41 |[39m       [36mconst[39m params [33m=[39m {[0m

      at printWarning (node_modules/react-dom/cjs/react-dom.development.js:86:30)
      at error (node_modules/react-dom/cjs/react-dom.development.js:60:7)
      at warnIfUpdatesNotWrappedWithActDEV (node_modules/react-dom/cjs/react-dom.development.js:27628:9)
      at scheduleUpdateOnFiber (node_modules/react-dom/cjs/react-dom.development.js:25547:5)
      at dispatchSetState (node_modules/react-dom/cjs/react-dom.development.js:16708:7)
      at setError (src/hooks/useProducts.js:38:5)
      at Generator.call (src/hooks/useProducts.js:2:1)
      at Generator._invoke [as next] (src/hooks/useProducts.js:2:1)
      at asyncGeneratorStep (src/hooks/useProducts.js:2:1)
      at asyncGeneratorStep (src/hooks/useProducts.js:2:1)
      at _next (src/hooks/useProducts.js:2:1)
      at src/hooks/useProducts.js:2:1
      at Object.fetchProducts [as refresh] (src/hooks/useProducts.js:107:5)
      at refresh (src/__tests__/useProducts.test.js:162:20)
      at Generator.call (src/__tests__/useProducts.test.js:2:1)
      at Generator._invoke [as next] (src/__tests__/useProducts.test.js:2:1)
      at asyncGeneratorStep (src/__tests__/useProducts.test.js:2:1)
      at asyncGeneratorStep (src/__tests__/useProducts.test.js:2:1)

  console.error
    Registration error: { response: { data: { error: 'Registration failed' } } }

    [0m [90m 57 |[39m       })[33m;[39m
     [90m 58 |[39m     } [36mcatch[39m (err) {
    [31m[1m>[22m[39m[90m 59 |[39m       console[33m.[39merror([32m'Registration error:'[39m[33m,[39m err)[33m;[39m
     [90m    |[39m               [31m[1m^[22m[39m
     [90m 60 |[39m       [36mconst[39m errorMessage [33m=[39m err[33m.[39mresponse[33m?[39m[33m.[39mdata[33m?[39m[33m.[39mmessage [33m||[39m 
     [90m 61 |[39m                           err[33m.[39mresponse[33m?[39m[33m.[39mdata[33m?[39m[33m.[39merror [33m||[39m 
     [90m 62 |[39m                           err[33m.[39mmessage [33m||[39m [0m

      at error (src/pages/Register.js:59:15)
      at Generator.call (src/pages/Register.js:2:1)
      at Generator._invoke [as throw] (src/pages/Register.js:2:1)
      at asyncGeneratorStep (src/pages/Register.js:2:1)
      at asyncGeneratorStep (src/pages/Register.js:2:1)

PASS src/pages/__tests__/Register.test.js
  Register fade-out/auto-hide
    √ fades out and hides button, shows success message on success (590 ms)
    √ does not hide button on error (110 ms)

PASS src/__tests__/useProducts.test.js
  useProducts hook
    √ fetches products on mount (80 ms)
    √ includes pagination information (75 ms)
    √ handles search parameter (16 ms)
    √ handles category filter (14 ms)
    √ handles ordering parameter (17 ms)
    √ handles price range filter (15 ms)
    √ normalizes image URLs (81 ms)
    √ handles API errors gracefully (77 ms)
    √ refresh function refetches data (133 ms)
    √ handles pagination parameters correctly (9 ms)
    √ handles non-paginated API response (78 ms)
    √ handles missing image gracefully (79 ms)
    √ calculates hasNext and hasPrevious correctly (239 ms)

  console.warn
    ⚠️ React Router Future Flag Warning: React Router will begin wrapping state updates in `React.startTransition` in v7. You can use the `v7_startTransition` future flag to opt-in early. For more information, see https://reactrouter.com/v6/upgrading/future#v7_starttransition.

    [0m [90m 16 |[39m describe([32m'Login fade-out/auto-hide'[39m[33m,[39m () [33m=>[39m {
     [90m 17 |[39m   [36mfunction[39m setup() {
    [31m[1m>[22m[39m[90m 18 |[39m     [36mreturn[39m render(
     [90m    |[39m                  [31m[1m^[22m[39m
     [90m 19 |[39m       [33m<[39m[33mBrowserRouter[39m[33m>[39m
     [90m 20 |[39m         [33m<[39m[33mLogin[39m [33m/[39m[33m>[39m
     [90m 21 |[39m       [33m<[39m[33m/[39m[33mBrowserRouter[39m[33m>[39m[0m

      at warn (node_modules/react-router/lib/deprecations.ts:9:13)
      at warnOnce (node_modules/react-router/lib/deprecations.ts:14:3)
      at Object.logDeprecation [as UNSAFE_logV6DeprecationWarnings] (node_modules/react-router/lib/deprecations.ts:26:5)
      at logV6DeprecationWarnings (node_modules/react-router-dom/index.tsx:816:25)
      at commitHookEffectListMount (node_modules/react-dom/cjs/react-dom.development.js:23189:26)
      at commitPassiveMountOnFiber (node_modules/react-dom/cjs/react-dom.development.js:24970:11)
      at commitPassiveMountEffects_complete (node_modules/react-dom/cjs/react-dom.development.js:24930:9)
      at commitPassiveMountEffects_begin (node_modules/react-dom/cjs/react-dom.development.js:24917:7)
      at commitPassiveMountEffects (node_modules/react-dom/cjs/react-dom.development.js:24905:3)
      at flushPassiveEffectsImpl (node_modules/react-dom/cjs/react-dom.development.js:27078:3)
      at flushPassiveEffects (node_modules/react-dom/cjs/react-dom.development.js:27023:14)
      at node_modules/react-dom/cjs/react-dom.development.js:26808:9
      at flushActQueue (node_modules/react/cjs/react.development.js:2667:24)
      at act (node_modules/react/cjs/react.development.js:2582:11)
      at node_modules/@testing-library/react/dist/act-compat.js:47:25
      at renderRoot (node_modules/@testing-library/react/dist/pure.js:190:26)
      at render (node_modules/@testing-library/react/dist/pure.js:292:10)
      at setup (src/pages/__tests__/Login.test.js:18:18)
      at setup (src/pages/__tests__/Login.test.js:26:5)
      at Generator.call (src/pages/__tests__/Login.test.js:2:1)
      at Generator._invoke [as next] (src/pages/__tests__/Login.test.js:2:1)
      at asyncGeneratorStep (src/pages/__tests__/Login.test.js:2:1)
      at asyncGeneratorStep (src/pages/__tests__/Login.test.js:2:1)
      at _next (src/pages/__tests__/Login.test.js:2:1)
      at Object.<anonymous> (src/pages/__tests__/Login.test.js:2:1)

  console.warn
    ⚠️ React Router Future Flag Warning: Relative route resolution within Splat routes is changing in v7. You can use the `v7_relativeSplatPath` future flag to opt-in early. For more information, see https://reactrouter.com/v6/upgrading/future#v7_relativesplatpath.

    [0m [90m 16 |[39m describe([32m'Login fade-out/auto-hide'[39m[33m,[39m () [33m=>[39m {
     [90m 17 |[39m   [36mfunction[39m setup() {
    [31m[1m>[22m[39m[90m 18 |[39m     [36mreturn[39m render(
     [90m    |[39m                  [31m[1m^[22m[39m
     [90m 19 |[39m       [33m<[39m[33mBrowserRouter[39m[33m>[39m
     [90m 20 |[39m         [33m<[39m[33mLogin[39m [33m/[39m[33m>[39m
     [90m 21 |[39m       [33m<[39m[33m/[39m[33mBrowserRouter[39m[33m>[39m[0m

      at warn (node_modules/react-router/lib/deprecations.ts:9:13)
      at warnOnce (node_modules/react-router/lib/deprecations.ts:14:3)
      at Object.logDeprecation [as UNSAFE_logV6DeprecationWarnings] (node_modules/react-router/lib/deprecations.ts:37:5)
      at logV6DeprecationWarnings (node_modules/react-router-dom/index.tsx:816:25)
      at commitHookEffectListMount (node_modules/react-dom/cjs/react-dom.development.js:23189:26)
      at commitPassiveMountOnFiber (node_modules/react-dom/cjs/react-dom.development.js:24970:11)
      at commitPassiveMountEffects_complete (node_modules/react-dom/cjs/react-dom.development.js:24930:9)
      at commitPassiveMountEffects_begin (node_modules/react-dom/cjs/react-dom.development.js:24917:7)
      at commitPassiveMountEffects (node_modules/react-dom/cjs/react-dom.development.js:24905:3)
      at flushPassiveEffectsImpl (node_modules/react-dom/cjs/react-dom.development.js:27078:3)
      at flushPassiveEffects (node_modules/react-dom/cjs/react-dom.development.js:27023:14)
      at node_modules/react-dom/cjs/react-dom.development.js:26808:9
      at flushActQueue (node_modules/react/cjs/react.development.js:2667:24)
      at act (node_modules/react/cjs/react.development.js:2582:11)
      at node_modules/@testing-library/react/dist/act-compat.js:47:25
      at renderRoot (node_modules/@testing-library/react/dist/pure.js:190:26)
      at render (node_modules/@testing-library/react/dist/pure.js:292:10)
      at setup (src/pages/__tests__/Login.test.js:18:18)
      at setup (src/pages/__tests__/Login.test.js:26:5)
      at Generator.call (src/pages/__tests__/Login.test.js:2:1)
      at Generator._invoke [as next] (src/pages/__tests__/Login.test.js:2:1)
      at asyncGeneratorStep (src/pages/__tests__/Login.test.js:2:1)
      at asyncGeneratorStep (src/pages/__tests__/Login.test.js:2:1)
      at _next (src/pages/__tests__/Login.test.js:2:1)
      at Object.<anonymous> (src/pages/__tests__/Login.test.js:2:1)

  console.error
    Error: Uncaught [TypeError: Cannot destructure property 'basename' of 'React__namespace.useContext(...)' as it is null.]
        at reportException (C:\EasyCart\frontend\node_modules\jest-environment-jsdom\node_modules\jsdom\lib\jsdom\living\helpers\runtime-script-errors.js:66:24)
        at innerInvokeEventListeners (C:\EasyCart\frontend\node_modules\jest-environment-jsdom\node_modules\jsdom\lib\jsdom\living\events\EventTarget-impl.js:353:9)
        at invokeEventListeners (C:\EasyCart\frontend\node_modules\jest-environment-jsdom\node_modules\jsdom\lib\jsdom\living\events\EventTarget-impl.js:286:3)
        at HTMLUnknownElementImpl._dispatch (C:\EasyCart\frontend\node_modules\jest-environment-jsdom\node_modules\jsdom\lib\jsdom\living\events\EventTarget-impl.js:233:9)
        at HTMLUnknownElementImpl.dispatchEvent (C:\EasyCart\frontend\node_modules\jest-environment-jsdom\node_modules\jsdom\lib\jsdom\living\events\EventTarget-impl.js:104:17)
        at HTMLUnknownElement.dispatchEvent (C:\EasyCart\frontend\node_modules\jest-environment-jsdom\node_modules\jsdom\lib\jsdom\living\generated\EventTarget.js:241:34)
        at Object.invokeGuardedCallbackDev (C:\EasyCart\frontend\node_modules\react-dom\cjs\react-dom.development.js:4213:16)
        at invokeGuardedCallback (C:\EasyCart\frontend\node_modules\react-dom\cjs\react-dom.development.js:4277:31)
        at beginWork$1 (C:\EasyCart\frontend\node_modules\react-dom\cjs\react-dom.development.js:27490:7)
        at performUnitOfWork (C:\EasyCart\frontend\node_modules\react-dom\cjs\react-dom.development.js:26599:12)
        at workLoopSync (C:\EasyCart\frontend\node_modules\react-dom\cjs\react-dom.development.js:26505:5)
        at renderRootSync (C:\EasyCart\frontend\node_modules\react-dom\cjs\react-dom.development.js:26473:7)
        at performSyncWorkOnRoot (C:\EasyCart\frontend\node_modules\react-dom\cjs\react-dom.development.js:26124:20)
        at flushSyncCallbacks (C:\EasyCart\frontend\node_modules\react-dom\cjs\react-dom.development.js:12042:22)
        at C:\EasyCart\frontend\node_modules\react-dom\cjs\react-dom.development.js:25690:13
        at invokeTheCallbackFunction (C:\EasyCart\frontend\node_modules\jest-environment-jsdom\node_modules\jsdom\lib\jsdom\living\generated\Function.js:19:26)
        at C:\EasyCart\frontend\node_modules\jest-environment-jsdom\node_modules\jsdom\lib\jsdom\browser\Window.js:613:9
        at node:internal/process/task_queues:151:7
        at AsyncResource.runInAsyncScope (node:async_hooks:214:14)
        at AsyncResource.runMicrotask (node:internal/process/task_queues:148:8) {
      detail: TypeError: Cannot destructure property 'basename' of 'React__namespace.useContext(...)' as it is null.
          at basename (C:\EasyCart\frontend\node_modules\react-router-dom\index.tsx:975:11)
          at renderWithHooks (C:\EasyCart\frontend\node_modules\react-dom\cjs\react-dom.development.js:15486:18)
          at updateForwardRef (C:\EasyCart\frontend\node_modules\react-dom\cjs\react-dom.development.js:19245:20)
          at beginWork (C:\EasyCart\frontend\node_modules\react-dom\cjs\react-dom.development.js:21675:16)
          at HTMLUnknownElement.callCallback (C:\EasyCart\frontend\node_modules\react-dom\cjs\react-dom.development.js:4164:14)
          at HTMLUnknownElement.callTheUserObjectsOperation (C:\EasyCart\frontend\node_modules\jest-environment-jsdom\node_modules\jsdom\lib\jsdom\living\generated\EventListener.js:26:30)
          at innerInvokeEventListeners (C:\EasyCart\frontend\node_modules\jest-environment-jsdom\node_modules\jsdom\lib\jsdom\living\events\EventTarget-impl.js:350:25)
          at invokeEventListeners (C:\EasyCart\frontend\node_modules\jest-environment-jsdom\node_modules\jsdom\lib\jsdom\living\events\EventTarget-impl.js:286:3)
          at HTMLUnknownElementImpl._dispatch (C:\EasyCart\frontend\node_modules\jest-environment-jsdom\node_modules\jsdom\lib\jsdom\living\events\EventTarget-impl.js:233:9)
          at HTMLUnknownElementImpl.dispatchEvent (C:\EasyCart\frontend\node_modules\jest-environment-jsdom\node_modules\jsdom\lib\jsdom\living\events\EventTarget-impl.js:104:17)
          at HTMLUnknownElement.dispatchEvent (C:\EasyCart\frontend\node_modules\jest-environment-jsdom\node_modules\jsdom\lib\jsdom\living\generated\EventTarget.js:241:34)
          at Object.invokeGuardedCallbackDev (C:\EasyCart\frontend\node_modules\react-dom\cjs\react-dom.development.js:4213:16)
          at invokeGuardedCallback (C:\EasyCart\frontend\node_modules\react-dom\cjs\react-dom.development.js:4277:31)
          at beginWork$1 (C:\EasyCart\frontend\node_modules\react-dom\cjs\react-dom.development.js:27490:7)
          at performUnitOfWork (C:\EasyCart\frontend\node_modules\react-dom\cjs\react-dom.development.js:26599:12)
          at workLoopSync (C:\EasyCart\frontend\node_modules\react-dom\cjs\react-dom.development.js:26505:5)
          at renderRootSync (C:\EasyCart\frontend\node_modules\react-dom\cjs\react-dom.development.js:26473:7)
          at performSyncWorkOnRoot (C:\EasyCart\frontend\node_modules\react-dom\cjs\react-dom.development.js:26124:20)
          at flushSyncCallbacks (C:\EasyCart\frontend\node_modules\react-dom\cjs\react-dom.development.js:12042:22)
          at C:\EasyCart\frontend\node_modules\react-dom\cjs\react-dom.development.js:25690:13
          at invokeTheCallbackFunction (C:\EasyCart\frontend\node_modules\jest-environment-jsdom\node_modules\jsdom\lib\jsdom\living\generated\Function.js:19:26)
          at C:\EasyCart\frontend\node_modules\jest-environment-jsdom\node_modules\jsdom\lib\jsdom\browser\Window.js:613:9
          at node:internal/process/task_queues:151:7
          at AsyncResource.runInAsyncScope (node:async_hooks:214:14)
          at AsyncResource.runMicrotask (node:internal/process/task_queues:148:8),
      type: 'unhandled exception'
    }

      at VirtualConsole.<anonymous> (node_modules/@jest/environment-jsdom-abstract/build/index.js:87:23)
      at Object.invokeGuardedCallbackDev (node_modules/react-dom/cjs/react-dom.development.js:4213:16)
      at invokeGuardedCallback (node_modules/react-dom/cjs/react-dom.development.js:4277:31)
      at beginWork$1 (node_modules/react-dom/cjs/react-dom.development.js:27490:7)
      at performUnitOfWork (node_modules/react-dom/cjs/react-dom.development.js:26599:12)
      at workLoopSync (node_modules/react-dom/cjs/react-dom.development.js:26505:5)
      at renderRootSync (node_modules/react-dom/cjs/react-dom.development.js:26473:7)
      at performSyncWorkOnRoot (node_modules/react-dom/cjs/react-dom.development.js:26124:20)
      at flushSyncCallbacks (node_modules/react-dom/cjs/react-dom.development.js:12042:22)
      at node_modules/react-dom/cjs/react-dom.development.js:25690:13

  console.error
    Error: Uncaught [TypeError: Cannot destructure property 'basename' of 'React__namespace.useContext(...)' as it is null.]
        at reportException (C:\EasyCart\frontend\node_modules\jest-environment-jsdom\node_modules\jsdom\lib\jsdom\living\helpers\runtime-script-errors.js:66:24)
        at innerInvokeEventListeners (C:\EasyCart\frontend\node_modules\jest-environment-jsdom\node_modules\jsdom\lib\jsdom\living\events\EventTarget-impl.js:353:9)
        at invokeEventListeners (C:\EasyCart\frontend\node_modules\jest-environment-jsdom\node_modules\jsdom\lib\jsdom\living\events\EventTarget-impl.js:286:3)
        at HTMLUnknownElementImpl._dispatch (C:\EasyCart\frontend\node_modules\jest-environment-jsdom\node_modules\jsdom\lib\jsdom\living\events\EventTarget-impl.js:233:9)
        at HTMLUnknownElementImpl.dispatchEvent (C:\EasyCart\frontend\node_modules\jest-environment-jsdom\node_modules\jsdom\lib\jsdom\living\events\EventTarget-impl.js:104:17)
        at HTMLUnknownElement.dispatchEvent (C:\EasyCart\frontend\node_modules\jest-environment-jsdom\node_modules\jsdom\lib\jsdom\living\generated\EventTarget.js:241:34)
        at Object.invokeGuardedCallbackDev (C:\EasyCart\frontend\node_modules\react-dom\cjs\react-dom.development.js:4213:16)
        at invokeGuardedCallback (C:\EasyCart\frontend\node_modules\react-dom\cjs\react-dom.development.js:4277:31)
        at beginWork$1 (C:\EasyCart\frontend\node_modules\react-dom\cjs\react-dom.development.js:27490:7)
        at performUnitOfWork (C:\EasyCart\frontend\node_modules\react-dom\cjs\react-dom.development.js:26599:12)
        at workLoopSync (C:\EasyCart\frontend\node_modules\react-dom\cjs\react-dom.development.js:26505:5)
        at renderRootSync (C:\EasyCart\frontend\node_modules\react-dom\cjs\react-dom.development.js:26473:7)
        at performSyncWorkOnRoot (C:\EasyCart\frontend\node_modules\react-dom\cjs\react-dom.development.js:26124:20)
        at flushSyncCallbacks (C:\EasyCart\frontend\node_modules\react-dom\cjs\react-dom.development.js:12042:22)
        at C:\EasyCart\frontend\node_modules\react-dom\cjs\react-dom.development.js:25690:13
        at invokeTheCallbackFunction (C:\EasyCart\frontend\node_modules\jest-environment-jsdom\node_modules\jsdom\lib\jsdom\living\generated\Function.js:19:26)
        at C:\EasyCart\frontend\node_modules\jest-environment-jsdom\node_modules\jsdom\lib\jsdom\browser\Window.js:613:9
        at node:internal/process/task_queues:151:7
        at AsyncResource.runInAsyncScope (node:async_hooks:214:14)
        at AsyncResource.runMicrotask (node:internal/process/task_queues:148:8) {
      detail: TypeError: Cannot destructure property 'basename' of 'React__namespace.useContext(...)' as it is null.
          at basename (C:\EasyCart\frontend\node_modules\react-router-dom\index.tsx:975:11)
          at renderWithHooks (C:\EasyCart\frontend\node_modules\react-dom\cjs\react-dom.development.js:15486:18)
          at updateForwardRef (C:\EasyCart\frontend\node_modules\react-dom\cjs\react-dom.development.js:19245:20)
          at beginWork (C:\EasyCart\frontend\node_modules\react-dom\cjs\react-dom.development.js:21675:16)
          at HTMLUnknownElement.callCallback (C:\EasyCart\frontend\node_modules\react-dom\cjs\react-dom.development.js:4164:14)
          at HTMLUnknownElement.callTheUserObjectsOperation (C:\EasyCart\frontend\node_modules\jest-environment-jsdom\node_modules\jsdom\lib\jsdom\living\generated\EventListener.js:26:30)
          at innerInvokeEventListeners (C:\EasyCart\frontend\node_modules\jest-environment-jsdom\node_modules\jsdom\lib\jsdom\living\events\EventTarget-impl.js:350:25)
          at invokeEventListeners (C:\EasyCart\frontend\node_modules\jest-environment-jsdom\node_modules\jsdom\lib\jsdom\living\events\EventTarget-impl.js:286:3)
          at HTMLUnknownElementImpl._dispatch (C:\EasyCart\frontend\node_modules\jest-environment-jsdom\node_modules\jsdom\lib\jsdom\living\events\EventTarget-impl.js:233:9)
          at HTMLUnknownElementImpl.dispatchEvent (C:\EasyCart\frontend\node_modules\jest-environment-jsdom\node_modules\jsdom\lib\jsdom\living\events\EventTarget-impl.js:104:17)
          at HTMLUnknownElement.dispatchEvent (C:\EasyCart\frontend\node_modules\jest-environment-jsdom\node_modules\jsdom\lib\jsdom\living\generated\EventTarget.js:241:34)
          at Object.invokeGuardedCallbackDev (C:\EasyCart\frontend\node_modules\react-dom\cjs\react-dom.development.js:4213:16)
          at invokeGuardedCallback (C:\EasyCart\frontend\node_modules\react-dom\cjs\react-dom.development.js:4277:31)
          at beginWork$1 (C:\EasyCart\frontend\node_modules\react-dom\cjs\react-dom.development.js:27490:7)
          at performUnitOfWork (C:\EasyCart\frontend\node_modules\react-dom\cjs\react-dom.development.js:26599:12)
          at workLoopSync (C:\EasyCart\frontend\node_modules\react-dom\cjs\react-dom.development.js:26505:5)
          at renderRootSync (C:\EasyCart\frontend\node_modules\react-dom\cjs\react-dom.development.js:26473:7)
          at performSyncWorkOnRoot (C:\EasyCart\frontend\node_modules\react-dom\cjs\react-dom.development.js:26124:20)
          at flushSyncCallbacks (C:\EasyCart\frontend\node_modules\react-dom\cjs\react-dom.development.js:12042:22)
          at C:\EasyCart\frontend\node_modules\react-dom\cjs\react-dom.development.js:25690:13
          at invokeTheCallbackFunction (C:\EasyCart\frontend\node_modules\jest-environment-jsdom\node_modules\jsdom\lib\jsdom\living\generated\Function.js:19:26)
          at C:\EasyCart\frontend\node_modules\jest-environment-jsdom\node_modules\jsdom\lib\jsdom\browser\Window.js:613:9
          at node:internal/process/task_queues:151:7
          at AsyncResource.runInAsyncScope (node:async_hooks:214:14)
          at AsyncResource.runMicrotask (node:internal/process/task_queues:148:8),
      type: 'unhandled exception'
    }

      at VirtualConsole.<anonymous> (node_modules/@jest/environment-jsdom-abstract/build/index.js:87:23)
      at Object.invokeGuardedCallbackDev (node_modules/react-dom/cjs/react-dom.development.js:4213:16)
      at invokeGuardedCallback (node_modules/react-dom/cjs/react-dom.development.js:4277:31)
      at beginWork$1 (node_modules/react-dom/cjs/react-dom.development.js:27490:7)
      at performUnitOfWork (node_modules/react-dom/cjs/react-dom.development.js:26599:12)
      at workLoopSync (node_modules/react-dom/cjs/react-dom.development.js:26505:5)
      at renderRootSync (node_modules/react-dom/cjs/react-dom.development.js:26473:7)
      at performSyncWorkOnRoot (node_modules/react-dom/cjs/react-dom.development.js:26124:20)
      at flushSyncCallbacks (node_modules/react-dom/cjs/react-dom.development.js:12042:22)
      at node_modules/react-dom/cjs/react-dom.development.js:25690:13

  console.error
    Error: Uncaught [TypeError: Cannot destructure property 'basename' of 'React__namespace.useContext(...)' as it is null.]
        at reportException (C:\EasyCart\frontend\node_modules\jest-environment-jsdom\node_modules\jsdom\lib\jsdom\living\helpers\runtime-script-errors.js:66:24)
        at innerInvokeEventListeners (C:\EasyCart\frontend\node_modules\jest-environment-jsdom\node_modules\jsdom\lib\jsdom\living\events\EventTarget-impl.js:353:9)
        at invokeEventListeners (C:\EasyCart\frontend\node_modules\jest-environment-jsdom\node_modules\jsdom\lib\jsdom\living\events\EventTarget-impl.js:286:3)
        at HTMLUnknownElementImpl._dispatch (C:\EasyCart\frontend\node_modules\jest-environment-jsdom\node_modules\jsdom\lib\jsdom\living\events\EventTarget-impl.js:233:9)
        at HTMLUnknownElementImpl.dispatchEvent (C:\EasyCart\frontend\node_modules\jest-environment-jsdom\node_modules\jsdom\lib\jsdom\living\events\EventTarget-impl.js:104:17)
        at HTMLUnknownElement.dispatchEvent (C:\EasyCart\frontend\node_modules\jest-environment-jsdom\node_modules\jsdom\lib\jsdom\living\generated\EventTarget.js:241:34)
        at Object.invokeGuardedCallbackDev (C:\EasyCart\frontend\node_modules\react-dom\cjs\react-dom.development.js:4213:16)
        at invokeGuardedCallback (C:\EasyCart\frontend\node_modules\react-dom\cjs\react-dom.development.js:4277:31)
        at beginWork$1 (C:\EasyCart\frontend\node_modules\react-dom\cjs\react-dom.development.js:27490:7)
        at performUnitOfWork (C:\EasyCart\frontend\node_modules\react-dom\cjs\react-dom.development.js:26599:12)
        at workLoopSync (C:\EasyCart\frontend\node_modules\react-dom\cjs\react-dom.development.js:26505:5)
        at renderRootSync (C:\EasyCart\frontend\node_modules\react-dom\cjs\react-dom.development.js:26473:7)
        at performSyncWorkOnRoot (C:\EasyCart\frontend\node_modules\react-dom\cjs\react-dom.development.js:26124:20)
        at flushSyncCallbacks (C:\EasyCart\frontend\node_modules\react-dom\cjs\react-dom.development.js:12042:22)
        at C:\EasyCart\frontend\node_modules\react-dom\cjs\react-dom.development.js:25690:13
        at invokeTheCallbackFunction (C:\EasyCart\frontend\node_modules\jest-environment-jsdom\node_modules\jsdom\lib\jsdom\living\generated\Function.js:19:26)
        at C:\EasyCart\frontend\node_modules\jest-environment-jsdom\node_modules\jsdom\lib\jsdom\browser\Window.js:613:9
        at node:internal/process/task_queues:151:7
        at AsyncResource.runInAsyncScope (node:async_hooks:214:14)
        at AsyncResource.runMicrotask (node:internal/process/task_queues:148:8) {
      detail: TypeError: Cannot destructure property 'basename' of 'React__namespace.useContext(...)' as it is null.
          at basename (C:\EasyCart\frontend\node_modules\react-router-dom\index.tsx:975:11)
          at renderWithHooks (C:\EasyCart\frontend\node_modules\react-dom\cjs\react-dom.development.js:15486:18)
          at updateForwardRef (C:\EasyCart\frontend\node_modules\react-dom\cjs\react-dom.development.js:19245:20)
          at beginWork (C:\EasyCart\frontend\node_modules\react-dom\cjs\react-dom.development.js:21675:16)
          at HTMLUnknownElement.callCallback (C:\EasyCart\frontend\node_modules\react-dom\cjs\react-dom.development.js:4164:14)
          at HTMLUnknownElement.callTheUserObjectsOperation (C:\EasyCart\frontend\node_modules\jest-environment-jsdom\node_modules\jsdom\lib\jsdom\living\generated\EventListener.js:26:30)
          at innerInvokeEventListeners (C:\EasyCart\frontend\node_modules\jest-environment-jsdom\node_modules\jsdom\lib\jsdom\living\events\EventTarget-impl.js:350:25)
          at invokeEventListeners (C:\EasyCart\frontend\node_modules\jest-environment-jsdom\node_modules\jsdom\lib\jsdom\living\events\EventTarget-impl.js:286:3)
          at HTMLUnknownElementImpl._dispatch (C:\EasyCart\frontend\node_modules\jest-environment-jsdom\node_modules\jsdom\lib\jsdom\living\events\EventTarget-impl.js:233:9)
          at HTMLUnknownElementImpl.dispatchEvent (C:\EasyCart\frontend\node_modules\jest-environment-jsdom\node_modules\jsdom\lib\jsdom\living\events\EventTarget-impl.js:104:17)
          at HTMLUnknownElement.dispatchEvent (C:\EasyCart\frontend\node_modules\jest-environment-jsdom\node_modules\jsdom\lib\jsdom\living\generated\EventTarget.js:241:34)
          at Object.invokeGuardedCallbackDev (C:\EasyCart\frontend\node_modules\react-dom\cjs\react-dom.development.js:4213:16)
          at invokeGuardedCallback (C:\EasyCart\frontend\node_modules\react-dom\cjs\react-dom.development.js:4277:31)
          at beginWork$1 (C:\EasyCart\frontend\node_modules\react-dom\cjs\react-dom.development.js:27490:7)
          at performUnitOfWork (C:\EasyCart\frontend\node_modules\react-dom\cjs\react-dom.development.js:26599:12)
          at workLoopSync (C:\EasyCart\frontend\node_modules\react-dom\cjs\react-dom.development.js:26505:5)
          at renderRootSync (C:\EasyCart\frontend\node_modules\react-dom\cjs\react-dom.development.js:26473:7)
          at performSyncWorkOnRoot (C:\EasyCart\frontend\node_modules\react-dom\cjs\react-dom.development.js:26124:20)
          at flushSyncCallbacks (C:\EasyCart\frontend\node_modules\react-dom\cjs\react-dom.development.js:12042:22)
          at C:\EasyCart\frontend\node_modules\react-dom\cjs\react-dom.development.js:25690:13
          at invokeTheCallbackFunction (C:\EasyCart\frontend\node_modules\jest-environment-jsdom\node_modules\jsdom\lib\jsdom\living\generated\Function.js:19:26)
          at C:\EasyCart\frontend\node_modules\jest-environment-jsdom\node_modules\jsdom\lib\jsdom\browser\Window.js:613:9
          at node:internal/process/task_queues:151:7
          at AsyncResource.runInAsyncScope (node:async_hooks:214:14)
          at AsyncResource.runMicrotask (node:internal/process/task_queues:148:8),
      type: 'unhandled exception'
    }

      at VirtualConsole.<anonymous> (node_modules/@jest/environment-jsdom-abstract/build/index.js:87:23)
      at Object.invokeGuardedCallbackDev (node_modules/react-dom/cjs/react-dom.development.js:4213:16)
      at invokeGuardedCallback (node_modules/react-dom/cjs/react-dom.development.js:4277:31)
      at beginWork$1 (node_modules/react-dom/cjs/react-dom.development.js:27490:7)
      at performUnitOfWork (node_modules/react-dom/cjs/react-dom.development.js:26599:12)
      at workLoopSync (node_modules/react-dom/cjs/react-dom.development.js:26505:5)
      at renderRootSync (node_modules/react-dom/cjs/react-dom.development.js:26473:7)
      at performSyncWorkOnRoot (node_modules/react-dom/cjs/react-dom.development.js:26124:20)
      at flushSyncCallbacks (node_modules/react-dom/cjs/react-dom.development.js:12042:22)
      at node_modules/react-dom/cjs/react-dom.development.js:25690:13

  console.error
    Error: Uncaught [TypeError: Cannot destructure property 'basename' of 'React__namespace.useContext(...)' as it is null.]
        at reportException (C:\EasyCart\frontend\node_modules\jest-environment-jsdom\node_modules\jsdom\lib\jsdom\living\helpers\runtime-script-errors.js:66:24)
        at innerInvokeEventListeners (C:\EasyCart\frontend\node_modules\jest-environment-jsdom\node_modules\jsdom\lib\jsdom\living\events\EventTarget-impl.js:353:9)
        at invokeEventListeners (C:\EasyCart\frontend\node_modules\jest-environment-jsdom\node_modules\jsdom\lib\jsdom\living\events\EventTarget-impl.js:286:3)
        at HTMLUnknownElementImpl._dispatch (C:\EasyCart\frontend\node_modules\jest-environment-jsdom\node_modules\jsdom\lib\jsdom\living\events\EventTarget-impl.js:233:9)
        at HTMLUnknownElementImpl.dispatchEvent (C:\EasyCart\frontend\node_modules\jest-environment-jsdom\node_modules\jsdom\lib\jsdom\living\events\EventTarget-impl.js:104:17)
        at HTMLUnknownElement.dispatchEvent (C:\EasyCart\frontend\node_modules\jest-environment-jsdom\node_modules\jsdom\lib\jsdom\living\generated\EventTarget.js:241:34)
        at Object.invokeGuardedCallbackDev (C:\EasyCart\frontend\node_modules\react-dom\cjs\react-dom.development.js:4213:16)
        at invokeGuardedCallback (C:\EasyCart\frontend\node_modules\react-dom\cjs\react-dom.development.js:4277:31)
        at beginWork$1 (C:\EasyCart\frontend\node_modules\react-dom\cjs\react-dom.development.js:27490:7)
        at performUnitOfWork (C:\EasyCart\frontend\node_modules\react-dom\cjs\react-dom.development.js:26599:12)
        at workLoopSync (C:\EasyCart\frontend\node_modules\react-dom\cjs\react-dom.development.js:26505:5)
        at renderRootSync (C:\EasyCart\frontend\node_modules\react-dom\cjs\react-dom.development.js:26473:7)
        at performSyncWorkOnRoot (C:\EasyCart\frontend\node_modules\react-dom\cjs\react-dom.development.js:26124:20)
        at flushSyncCallbacks (C:\EasyCart\frontend\node_modules\react-dom\cjs\react-dom.development.js:12042:22)
        at C:\EasyCart\frontend\node_modules\react-dom\cjs\react-dom.development.js:25690:13
        at invokeTheCallbackFunction (C:\EasyCart\frontend\node_modules\jest-environment-jsdom\node_modules\jsdom\lib\jsdom\living\generated\Function.js:19:26)
        at C:\EasyCart\frontend\node_modules\jest-environment-jsdom\node_modules\jsdom\lib\jsdom\browser\Window.js:613:9
        at node:internal/process/task_queues:151:7
        at AsyncResource.runInAsyncScope (node:async_hooks:214:14)
        at AsyncResource.runMicrotask (node:internal/process/task_queues:148:8) {
      detail: TypeError: Cannot destructure property 'basename' of 'React__namespace.useContext(...)' as it is null.
          at basename (C:\EasyCart\frontend\node_modules\react-router-dom\index.tsx:975:11)
          at renderWithHooks (C:\EasyCart\frontend\node_modules\react-dom\cjs\react-dom.development.js:15486:18)
          at updateForwardRef (C:\EasyCart\frontend\node_modules\react-dom\cjs\react-dom.development.js:19245:20)
          at beginWork (C:\EasyCart\frontend\node_modules\react-dom\cjs\react-dom.development.js:21675:16)
          at HTMLUnknownElement.callCallback (C:\EasyCart\frontend\node_modules\react-dom\cjs\react-dom.development.js:4164:14)
          at HTMLUnknownElement.callTheUserObjectsOperation (C:\EasyCart\frontend\node_modules\jest-environment-jsdom\node_modules\jsdom\lib\jsdom\living\generated\EventListener.js:26:30)
          at innerInvokeEventListeners (C:\EasyCart\frontend\node_modules\jest-environment-jsdom\node_modules\jsdom\lib\jsdom\living\events\EventTarget-impl.js:350:25)
          at invokeEventListeners (C:\EasyCart\frontend\node_modules\jest-environment-jsdom\node_modules\jsdom\lib\jsdom\living\events\EventTarget-impl.js:286:3)
          at HTMLUnknownElementImpl._dispatch (C:\EasyCart\frontend\node_modules\jest-environment-jsdom\node_modules\jsdom\lib\jsdom\living\events\EventTarget-impl.js:233:9)
          at HTMLUnknownElementImpl.dispatchEvent (C:\EasyCart\frontend\node_modules\jest-environment-jsdom\node_modules\jsdom\lib\jsdom\living\events\EventTarget-impl.js:104:17)
          at HTMLUnknownElement.dispatchEvent (C:\EasyCart\frontend\node_modules\jest-environment-jsdom\node_modules\jsdom\lib\jsdom\living\generated\EventTarget.js:241:34)
          at Object.invokeGuardedCallbackDev (C:\EasyCart\frontend\node_modules\react-dom\cjs\react-dom.development.js:4213:16)
          at invokeGuardedCallback (C:\EasyCart\frontend\node_modules\react-dom\cjs\react-dom.development.js:4277:31)
          at beginWork$1 (C:\EasyCart\frontend\node_modules\react-dom\cjs\react-dom.development.js:27490:7)
          at performUnitOfWork (C:\EasyCart\frontend\node_modules\react-dom\cjs\react-dom.development.js:26599:12)
          at workLoopSync (C:\EasyCart\frontend\node_modules\react-dom\cjs\react-dom.development.js:26505:5)
          at renderRootSync (C:\EasyCart\frontend\node_modules\react-dom\cjs\react-dom.development.js:26473:7)
          at performSyncWorkOnRoot (C:\EasyCart\frontend\node_modules\react-dom\cjs\react-dom.development.js:26124:20)
          at flushSyncCallbacks (C:\EasyCart\frontend\node_modules\react-dom\cjs\react-dom.development.js:12042:22)
          at C:\EasyCart\frontend\node_modules\react-dom\cjs\react-dom.development.js:25690:13
          at invokeTheCallbackFunction (C:\EasyCart\frontend\node_modules\jest-environment-jsdom\node_modules\jsdom\lib\jsdom\living\generated\Function.js:19:26)
          at C:\EasyCart\frontend\node_modules\jest-environment-jsdom\node_modules\jsdom\lib\jsdom\browser\Window.js:613:9
          at node:internal/process/task_queues:151:7
          at AsyncResource.runInAsyncScope (node:async_hooks:214:14)
          at AsyncResource.runMicrotask (node:internal/process/task_queues:148:8),
      type: 'unhandled exception'
    }

      at VirtualConsole.<anonymous> (node_modules/@jest/environment-jsdom-abstract/build/index.js:87:23)
      at Object.invokeGuardedCallbackDev (node_modules/react-dom/cjs/react-dom.development.js:4213:16)
      at invokeGuardedCallback (node_modules/react-dom/cjs/react-dom.development.js:4277:31)
      at beginWork$1 (node_modules/react-dom/cjs/react-dom.development.js:27490:7)
      at performUnitOfWork (node_modules/react-dom/cjs/react-dom.development.js:26599:12)
      at workLoopSync (node_modules/react-dom/cjs/react-dom.development.js:26505:5)
      at renderRootSync (node_modules/react-dom/cjs/react-dom.development.js:26473:7)
      at performSyncWorkOnRoot (node_modules/react-dom/cjs/react-dom.development.js:26124:20)
      at flushSyncCallbacks (node_modules/react-dom/cjs/react-dom.development.js:12042:22)
      at node_modules/react-dom/cjs/react-dom.development.js:25690:13

  console.error
    Error: Uncaught [TypeError: Cannot destructure property 'basename' of 'React__namespace.useContext(...)' as it is null.]
        at reportException (C:\EasyCart\frontend\node_modules\jest-environment-jsdom\node_modules\jsdom\lib\jsdom\living\helpers\runtime-script-errors.js:66:24)
        at innerInvokeEventListeners (C:\EasyCart\frontend\node_modules\jest-environment-jsdom\node_modules\jsdom\lib\jsdom\living\events\EventTarget-impl.js:353:9)
        at invokeEventListeners (C:\EasyCart\frontend\node_modules\jest-environment-jsdom\node_modules\jsdom\lib\jsdom\living\events\EventTarget-impl.js:286:3)
        at HTMLUnknownElementImpl._dispatch (C:\EasyCart\frontend\node_modules\jest-environment-jsdom\node_modules\jsdom\lib\jsdom\living\events\EventTarget-impl.js:233:9)
        at HTMLUnknownElementImpl.dispatchEvent (C:\EasyCart\frontend\node_modules\jest-environment-jsdom\node_modules\jsdom\lib\jsdom\living\events\EventTarget-impl.js:104:17)
        at HTMLUnknownElement.dispatchEvent (C:\EasyCart\frontend\node_modules\jest-environment-jsdom\node_modules\jsdom\lib\jsdom\living\generated\EventTarget.js:241:34)
        at Object.invokeGuardedCallbackDev (C:\EasyCart\frontend\node_modules\react-dom\cjs\react-dom.development.js:4213:16)
        at invokeGuardedCallback (C:\EasyCart\frontend\node_modules\react-dom\cjs\react-dom.development.js:4277:31)
        at beginWork$1 (C:\EasyCart\frontend\node_modules\react-dom\cjs\react-dom.development.js:27490:7)
        at performUnitOfWork (C:\EasyCart\frontend\node_modules\react-dom\cjs\react-dom.development.js:26599:12)
        at workLoopSync (C:\EasyCart\frontend\node_modules\react-dom\cjs\react-dom.development.js:26505:5)
        at renderRootSync (C:\EasyCart\frontend\node_modules\react-dom\cjs\react-dom.development.js:26473:7)
        at recoverFromConcurrentError (C:\EasyCart\frontend\node_modules\react-dom\cjs\react-dom.development.js:25889:20)
        at performSyncWorkOnRoot (C:\EasyCart\frontend\node_modules\react-dom\cjs\react-dom.development.js:26135:20)
        at flushSyncCallbacks (C:\EasyCart\frontend\node_modules\react-dom\cjs\react-dom.development.js:12042:22)
        at C:\EasyCart\frontend\node_modules\react-dom\cjs\react-dom.development.js:25690:13
        at invokeTheCallbackFunction (C:\EasyCart\frontend\node_modules\jest-environment-jsdom\node_modules\jsdom\lib\jsdom\living\generated\Function.js:19:26)
        at C:\EasyCart\frontend\node_modules\jest-environment-jsdom\node_modules\jsdom\lib\jsdom\browser\Window.js:613:9
        at node:internal/process/task_queues:151:7
        at AsyncResource.runInAsyncScope (node:async_hooks:214:14)
        at AsyncResource.runMicrotask (node:internal/process/task_queues:148:8) {
      detail: TypeError: Cannot destructure property 'basename' of 'React__namespace.useContext(...)' as it is null.
          at basename (C:\EasyCart\frontend\node_modules\react-router-dom\index.tsx:975:11)
          at renderWithHooks (C:\EasyCart\frontend\node_modules\react-dom\cjs\react-dom.development.js:15486:18)
          at updateForwardRef (C:\EasyCart\frontend\node_modules\react-dom\cjs\react-dom.development.js:19245:20)
          at beginWork (C:\EasyCart\frontend\node_modules\react-dom\cjs\react-dom.development.js:21675:16)
          at HTMLUnknownElement.callCallback (C:\EasyCart\frontend\node_modules\react-dom\cjs\react-dom.development.js:4164:14)
          at HTMLUnknownElement.callTheUserObjectsOperation (C:\EasyCart\frontend\node_modules\jest-environment-jsdom\node_modules\jsdom\lib\jsdom\living\generated\EventListener.js:26:30)
          at innerInvokeEventListeners (C:\EasyCart\frontend\node_modules\jest-environment-jsdom\node_modules\jsdom\lib\jsdom\living\events\EventTarget-impl.js:350:25)
          at invokeEventListeners (C:\EasyCart\frontend\node_modules\jest-environment-jsdom\node_modules\jsdom\lib\jsdom\living\events\EventTarget-impl.js:286:3)
          at HTMLUnknownElementImpl._dispatch (C:\EasyCart\frontend\node_modules\jest-environment-jsdom\node_modules\jsdom\lib\jsdom\living\events\EventTarget-impl.js:233:9)
          at HTMLUnknownElementImpl.dispatchEvent (C:\EasyCart\frontend\node_modules\jest-environment-jsdom\node_modules\jsdom\lib\jsdom\living\events\EventTarget-impl.js:104:17)
          at HTMLUnknownElement.dispatchEvent (C:\EasyCart\frontend\node_modules\jest-environment-jsdom\node_modules\jsdom\lib\jsdom\living\generated\EventTarget.js:241:34)
          at Object.invokeGuardedCallbackDev (C:\EasyCart\frontend\node_modules\react-dom\cjs\react-dom.development.js:4213:16)
          at invokeGuardedCallback (C:\EasyCart\frontend\node_modules\react-dom\cjs\react-dom.development.js:4277:31)
          at beginWork$1 (C:\EasyCart\frontend\node_modules\react-dom\cjs\react-dom.development.js:27490:7)
          at performUnitOfWork (C:\EasyCart\frontend\node_modules\react-dom\cjs\react-dom.development.js:26599:12)
          at workLoopSync (C:\EasyCart\frontend\node_modules\react-dom\cjs\react-dom.development.js:26505:5)
          at renderRootSync (C:\EasyCart\frontend\node_modules\react-dom\cjs\react-dom.development.js:26473:7)
          at recoverFromConcurrentError (C:\EasyCart\frontend\node_modules\react-dom\cjs\react-dom.development.js:25889:20)
          at performSyncWorkOnRoot (C:\EasyCart\frontend\node_modules\react-dom\cjs\react-dom.development.js:26135:20)
          at flushSyncCallbacks (C:\EasyCart\frontend\node_modules\react-dom\cjs\react-dom.development.js:12042:22)
          at C:\EasyCart\frontend\node_modules\react-dom\cjs\react-dom.development.js:25690:13
          at invokeTheCallbackFunction (C:\EasyCart\frontend\node_modules\jest-environment-jsdom\node_modules\jsdom\lib\jsdom\living\generated\Function.js:19:26)
          at C:\EasyCart\frontend\node_modules\jest-environment-jsdom\node_modules\jsdom\lib\jsdom\browser\Window.js:613:9
          at node:internal/process/task_queues:151:7
          at AsyncResource.runInAsyncScope (node:async_hooks:214:14)
          at AsyncResource.runMicrotask (node:internal/process/task_queues:148:8),
      type: 'unhandled exception'
    }

      at VirtualConsole.<anonymous> (node_modules/@jest/environment-jsdom-abstract/build/index.js:87:23)
      at Object.invokeGuardedCallbackDev (node_modules/react-dom/cjs/react-dom.development.js:4213:16)
      at invokeGuardedCallback (node_modules/react-dom/cjs/react-dom.development.js:4277:31)
      at beginWork$1 (node_modules/react-dom/cjs/react-dom.development.js:27490:7)
      at performUnitOfWork (node_modules/react-dom/cjs/react-dom.development.js:26599:12)
      at workLoopSync (node_modules/react-dom/cjs/react-dom.development.js:26505:5)
      at renderRootSync (node_modules/react-dom/cjs/react-dom.development.js:26473:7)
      at recoverFromConcurrentError (node_modules/react-dom/cjs/react-dom.development.js:25889:20)
      at performSyncWorkOnRoot (node_modules/react-dom/cjs/react-dom.development.js:26135:20)
      at flushSyncCallbacks (node_modules/react-dom/cjs/react-dom.development.js:12042:22)
      at node_modules/react-dom/cjs/react-dom.development.js:25690:13

  console.error
    Error: Uncaught [TypeError: Cannot destructure property 'basename' of 'React__namespace.useContext(...)' as it is null.]
        at reportException (C:\EasyCart\frontend\node_modules\jest-environment-jsdom\node_modules\jsdom\lib\jsdom\living\helpers\runtime-script-errors.js:66:24)
        at innerInvokeEventListeners (C:\EasyCart\frontend\node_modules\jest-environment-jsdom\node_modules\jsdom\lib\jsdom\living\events\EventTarget-impl.js:353:9)
        at invokeEventListeners (C:\EasyCart\frontend\node_modules\jest-environment-jsdom\node_modules\jsdom\lib\jsdom\living\events\EventTarget-impl.js:286:3)
        at HTMLUnknownElementImpl._dispatch (C:\EasyCart\frontend\node_modules\jest-environment-jsdom\node_modules\jsdom\lib\jsdom\living\events\EventTarget-impl.js:233:9)
        at HTMLUnknownElementImpl.dispatchEvent (C:\EasyCart\frontend\node_modules\jest-environment-jsdom\node_modules\jsdom\lib\jsdom\living\events\EventTarget-impl.js:104:17)
        at HTMLUnknownElement.dispatchEvent (C:\EasyCart\frontend\node_modules\jest-environment-jsdom\node_modules\jsdom\lib\jsdom\living\generated\EventTarget.js:241:34)
        at Object.invokeGuardedCallbackDev (C:\EasyCart\frontend\node_modules\react-dom\cjs\react-dom.development.js:4213:16)
        at invokeGuardedCallback (C:\EasyCart\frontend\node_modules\react-dom\cjs\react-dom.development.js:4277:31)
        at beginWork$1 (C:\EasyCart\frontend\node_modules\react-dom\cjs\react-dom.development.js:27490:7)
        at performUnitOfWork (C:\EasyCart\frontend\node_modules\react-dom\cjs\react-dom.development.js:26599:12)
        at workLoopSync (C:\EasyCart\frontend\node_modules\react-dom\cjs\react-dom.development.js:26505:5)
        at renderRootSync (C:\EasyCart\frontend\node_modules\react-dom\cjs\react-dom.development.js:26473:7)
        at recoverFromConcurrentError (C:\EasyCart\frontend\node_modules\react-dom\cjs\react-dom.development.js:25889:20)
        at performSyncWorkOnRoot (C:\EasyCart\frontend\node_modules\react-dom\cjs\react-dom.development.js:26135:20)
        at flushSyncCallbacks (C:\EasyCart\frontend\node_modules\react-dom\cjs\react-dom.development.js:12042:22)
        at C:\EasyCart\frontend\node_modules\react-dom\cjs\react-dom.development.js:25690:13
        at invokeTheCallbackFunction (C:\EasyCart\frontend\node_modules\jest-environment-jsdom\node_modules\jsdom\lib\jsdom\living\generated\Function.js:19:26)
        at C:\EasyCart\frontend\node_modules\jest-environment-jsdom\node_modules\jsdom\lib\jsdom\browser\Window.js:613:9
        at node:internal/process/task_queues:151:7
        at AsyncResource.runInAsyncScope (node:async_hooks:214:14)
        at AsyncResource.runMicrotask (node:internal/process/task_queues:148:8) {
      detail: TypeError: Cannot destructure property 'basename' of 'React__namespace.useContext(...)' as it is null.
          at basename (C:\EasyCart\frontend\node_modules\react-router-dom\index.tsx:975:11)
          at renderWithHooks (C:\EasyCart\frontend\node_modules\react-dom\cjs\react-dom.development.js:15486:18)
          at updateForwardRef (C:\EasyCart\frontend\node_modules\react-dom\cjs\react-dom.development.js:19245:20)
          at beginWork (C:\EasyCart\frontend\node_modules\react-dom\cjs\react-dom.development.js:21675:16)
          at HTMLUnknownElement.callCallback (C:\EasyCart\frontend\node_modules\react-dom\cjs\react-dom.development.js:4164:14)
          at HTMLUnknownElement.callTheUserObjectsOperation (C:\EasyCart\frontend\node_modules\jest-environment-jsdom\node_modules\jsdom\lib\jsdom\living\generated\EventListener.js:26:30)
          at innerInvokeEventListeners (C:\EasyCart\frontend\node_modules\jest-environment-jsdom\node_modules\jsdom\lib\jsdom\living\events\EventTarget-impl.js:350:25)
          at invokeEventListeners (C:\EasyCart\frontend\node_modules\jest-environment-jsdom\node_modules\jsdom\lib\jsdom\living\events\EventTarget-impl.js:286:3)
          at HTMLUnknownElementImpl._dispatch (C:\EasyCart\frontend\node_modules\jest-environment-jsdom\node_modules\jsdom\lib\jsdom\living\events\EventTarget-impl.js:233:9)
          at HTMLUnknownElementImpl.dispatchEvent (C:\EasyCart\frontend\node_modules\jest-environment-jsdom\node_modules\jsdom\lib\jsdom\living\events\EventTarget-impl.js:104:17)
          at HTMLUnknownElement.dispatchEvent (C:\EasyCart\frontend\node_modules\jest-environment-jsdom\node_modules\jsdom\lib\jsdom\living\generated\EventTarget.js:241:34)
          at Object.invokeGuardedCallbackDev (C:\EasyCart\frontend\node_modules\react-dom\cjs\react-dom.development.js:4213:16)
          at invokeGuardedCallback (C:\EasyCart\frontend\node_modules\react-dom\cjs\react-dom.development.js:4277:31)
          at beginWork$1 (C:\EasyCart\frontend\node_modules\react-dom\cjs\react-dom.development.js:27490:7)
          at performUnitOfWork (C:\EasyCart\frontend\node_modules\react-dom\cjs\react-dom.development.js:26599:12)
          at workLoopSync (C:\EasyCart\frontend\node_modules\react-dom\cjs\react-dom.development.js:26505:5)
          at renderRootSync (C:\EasyCart\frontend\node_modules\react-dom\cjs\react-dom.development.js:26473:7)
          at recoverFromConcurrentError (C:\EasyCart\frontend\node_modules\react-dom\cjs\react-dom.development.js:25889:20)
          at performSyncWorkOnRoot (C:\EasyCart\frontend\node_modules\react-dom\cjs\react-dom.development.js:26135:20)
          at flushSyncCallbacks (C:\EasyCart\frontend\node_modules\react-dom\cjs\react-dom.development.js:12042:22)
          at C:\EasyCart\frontend\node_modules\react-dom\cjs\react-dom.development.js:25690:13
          at invokeTheCallbackFunction (C:\EasyCart\frontend\node_modules\jest-environment-jsdom\node_modules\jsdom\lib\jsdom\living\generated\Function.js:19:26)
          at C:\EasyCart\frontend\node_modules\jest-environment-jsdom\node_modules\jsdom\lib\jsdom\browser\Window.js:613:9
          at node:internal/process/task_queues:151:7
          at AsyncResource.runInAsyncScope (node:async_hooks:214:14)
          at AsyncResource.runMicrotask (node:internal/process/task_queues:148:8),
      type: 'unhandled exception'
    }

      at VirtualConsole.<anonymous> (node_modules/@jest/environment-jsdom-abstract/build/index.js:87:23)
      at Object.invokeGuardedCallbackDev (node_modules/react-dom/cjs/react-dom.development.js:4213:16)
      at invokeGuardedCallback (node_modules/react-dom/cjs/react-dom.development.js:4277:31)
      at beginWork$1 (node_modules/react-dom/cjs/react-dom.development.js:27490:7)
      at performUnitOfWork (node_modules/react-dom/cjs/react-dom.development.js:26599:12)
      at workLoopSync (node_modules/react-dom/cjs/react-dom.development.js:26505:5)
      at renderRootSync (node_modules/react-dom/cjs/react-dom.development.js:26473:7)
      at recoverFromConcurrentError (node_modules/react-dom/cjs/react-dom.development.js:25889:20)
      at performSyncWorkOnRoot (node_modules/react-dom/cjs/react-dom.development.js:26135:20)
      at flushSyncCallbacks (node_modules/react-dom/cjs/react-dom.development.js:12042:22)
      at node_modules/react-dom/cjs/react-dom.development.js:25690:13

  console.error
    Error: Uncaught [TypeError: Cannot destructure property 'basename' of 'React__namespace.useContext(...)' as it is null.]
        at reportException (C:\EasyCart\frontend\node_modules\jest-environment-jsdom\node_modules\jsdom\lib\jsdom\living\helpers\runtime-script-errors.js:66:24)
        at innerInvokeEventListeners (C:\EasyCart\frontend\node_modules\jest-environment-jsdom\node_modules\jsdom\lib\jsdom\living\events\EventTarget-impl.js:353:9)
        at invokeEventListeners (C:\EasyCart\frontend\node_modules\jest-environment-jsdom\node_modules\jsdom\lib\jsdom\living\events\EventTarget-impl.js:286:3)
        at HTMLUnknownElementImpl._dispatch (C:\EasyCart\frontend\node_modules\jest-environment-jsdom\node_modules\jsdom\lib\jsdom\living\events\EventTarget-impl.js:233:9)
        at HTMLUnknownElementImpl.dispatchEvent (C:\EasyCart\frontend\node_modules\jest-environment-jsdom\node_modules\jsdom\lib\jsdom\living\events\EventTarget-impl.js:104:17)
        at HTMLUnknownElement.dispatchEvent (C:\EasyCart\frontend\node_modules\jest-environment-jsdom\node_modules\jsdom\lib\jsdom\living\generated\EventTarget.js:241:34)
        at Object.invokeGuardedCallbackDev (C:\EasyCart\frontend\node_modules\react-dom\cjs\react-dom.development.js:4213:16)
        at invokeGuardedCallback (C:\EasyCart\frontend\node_modules\react-dom\cjs\react-dom.development.js:4277:31)
        at beginWork$1 (C:\EasyCart\frontend\node_modules\react-dom\cjs\react-dom.development.js:27490:7)
        at performUnitOfWork (C:\EasyCart\frontend\node_modules\react-dom\cjs\react-dom.development.js:26599:12)
        at workLoopSync (C:\EasyCart\frontend\node_modules\react-dom\cjs\react-dom.development.js:26505:5)
        at renderRootSync (C:\EasyCart\frontend\node_modules\react-dom\cjs\react-dom.development.js:26473:7)
        at recoverFromConcurrentError (C:\EasyCart\frontend\node_modules\react-dom\cjs\react-dom.development.js:25889:20)
        at performSyncWorkOnRoot (C:\EasyCart\frontend\node_modules\react-dom\cjs\react-dom.development.js:26135:20)
        at flushSyncCallbacks (C:\EasyCart\frontend\node_modules\react-dom\cjs\react-dom.development.js:12042:22)
        at C:\EasyCart\frontend\node_modules\react-dom\cjs\react-dom.development.js:25690:13
        at invokeTheCallbackFunction (C:\EasyCart\frontend\node_modules\jest-environment-jsdom\node_modules\jsdom\lib\jsdom\living\generated\Function.js:19:26)
        at C:\EasyCart\frontend\node_modules\jest-environment-jsdom\node_modules\jsdom\lib\jsdom\browser\Window.js:613:9
        at node:internal/process/task_queues:151:7
        at AsyncResource.runInAsyncScope (node:async_hooks:214:14)
        at AsyncResource.runMicrotask (node:internal/process/task_queues:148:8) {
      detail: TypeError: Cannot destructure property 'basename' of 'React__namespace.useContext(...)' as it is null.
          at basename (C:\EasyCart\frontend\node_modules\react-router-dom\index.tsx:975:11)
          at renderWithHooks (C:\EasyCart\frontend\node_modules\react-dom\cjs\react-dom.development.js:15486:18)
          at updateForwardRef (C:\EasyCart\frontend\node_modules\react-dom\cjs\react-dom.development.js:19245:20)
          at beginWork (C:\EasyCart\frontend\node_modules\react-dom\cjs\react-dom.development.js:21675:16)
          at HTMLUnknownElement.callCallback (C:\EasyCart\frontend\node_modules\react-dom\cjs\react-dom.development.js:4164:14)
          at HTMLUnknownElement.callTheUserObjectsOperation (C:\EasyCart\frontend\node_modules\jest-environment-jsdom\node_modules\jsdom\lib\jsdom\living\generated\EventListener.js:26:30)
          at innerInvokeEventListeners (C:\EasyCart\frontend\node_modules\jest-environment-jsdom\node_modules\jsdom\lib\jsdom\living\events\EventTarget-impl.js:350:25)
          at invokeEventListeners (C:\EasyCart\frontend\node_modules\jest-environment-jsdom\node_modules\jsdom\lib\jsdom\living\events\EventTarget-impl.js:286:3)
          at HTMLUnknownElementImpl._dispatch (C:\EasyCart\frontend\node_modules\jest-environment-jsdom\node_modules\jsdom\lib\jsdom\living\events\EventTarget-impl.js:233:9)
          at HTMLUnknownElementImpl.dispatchEvent (C:\EasyCart\frontend\node_modules\jest-environment-jsdom\node_modules\jsdom\lib\jsdom\living\events\EventTarget-impl.js:104:17)
          at HTMLUnknownElement.dispatchEvent (C:\EasyCart\frontend\node_modules\jest-environment-jsdom\node_modules\jsdom\lib\jsdom\living\generated\EventTarget.js:241:34)
          at Object.invokeGuardedCallbackDev (C:\EasyCart\frontend\node_modules\react-dom\cjs\react-dom.development.js:4213:16)
          at invokeGuardedCallback (C:\EasyCart\frontend\node_modules\react-dom\cjs\react-dom.development.js:4277:31)
          at beginWork$1 (C:\EasyCart\frontend\node_modules\react-dom\cjs\react-dom.development.js:27490:7)
          at performUnitOfWork (C:\EasyCart\frontend\node_modules\react-dom\cjs\react-dom.development.js:26599:12)
          at workLoopSync (C:\EasyCart\frontend\node_modules\react-dom\cjs\react-dom.development.js:26505:5)
          at renderRootSync (C:\EasyCart\frontend\node_modules\react-dom\cjs\react-dom.development.js:26473:7)
          at recoverFromConcurrentError (C:\EasyCart\frontend\node_modules\react-dom\cjs\react-dom.development.js:25889:20)
          at performSyncWorkOnRoot (C:\EasyCart\frontend\node_modules\react-dom\cjs\react-dom.development.js:26135:20)
          at flushSyncCallbacks (C:\EasyCart\frontend\node_modules\react-dom\cjs\react-dom.development.js:12042:22)
          at C:\EasyCart\frontend\node_modules\react-dom\cjs\react-dom.development.js:25690:13
          at invokeTheCallbackFunction (C:\EasyCart\frontend\node_modules\jest-environment-jsdom\node_modules\jsdom\lib\jsdom\living\generated\Function.js:19:26)
          at C:\EasyCart\frontend\node_modules\jest-environment-jsdom\node_modules\jsdom\lib\jsdom\browser\Window.js:613:9
          at node:internal/process/task_queues:151:7
          at AsyncResource.runInAsyncScope (node:async_hooks:214:14)
          at AsyncResource.runMicrotask (node:internal/process/task_queues:148:8),
      type: 'unhandled exception'
    }

      at VirtualConsole.<anonymous> (node_modules/@jest/environment-jsdom-abstract/build/index.js:87:23)
      at Object.invokeGuardedCallbackDev (node_modules/react-dom/cjs/react-dom.development.js:4213:16)
      at invokeGuardedCallback (node_modules/react-dom/cjs/react-dom.development.js:4277:31)
      at beginWork$1 (node_modules/react-dom/cjs/react-dom.development.js:27490:7)
      at performUnitOfWork (node_modules/react-dom/cjs/react-dom.development.js:26599:12)
      at workLoopSync (node_modules/react-dom/cjs/react-dom.development.js:26505:5)
      at renderRootSync (node_modules/react-dom/cjs/react-dom.development.js:26473:7)
      at recoverFromConcurrentError (node_modules/react-dom/cjs/react-dom.development.js:25889:20)
      at performSyncWorkOnRoot (node_modules/react-dom/cjs/react-dom.development.js:26135:20)
      at flushSyncCallbacks (node_modules/react-dom/cjs/react-dom.development.js:12042:22)
      at node_modules/react-dom/cjs/react-dom.development.js:25690:13

  console.error
    Error: Uncaught [TypeError: Cannot destructure property 'basename' of 'React__namespace.useContext(...)' as it is null.]
        at reportException (C:\EasyCart\frontend\node_modules\jest-environment-jsdom\node_modules\jsdom\lib\jsdom\living\helpers\runtime-script-errors.js:66:24)
        at innerInvokeEventListeners (C:\EasyCart\frontend\node_modules\jest-environment-jsdom\node_modules\jsdom\lib\jsdom\living\events\EventTarget-impl.js:353:9)
        at invokeEventListeners (C:\EasyCart\frontend\node_modules\jest-environment-jsdom\node_modules\jsdom\lib\jsdom\living\events\EventTarget-impl.js:286:3)
        at HTMLUnknownElementImpl._dispatch (C:\EasyCart\frontend\node_modules\jest-environment-jsdom\node_modules\jsdom\lib\jsdom\living\events\EventTarget-impl.js:233:9)
        at HTMLUnknownElementImpl.dispatchEvent (C:\EasyCart\frontend\node_modules\jest-environment-jsdom\node_modules\jsdom\lib\jsdom\living\events\EventTarget-impl.js:104:17)
        at HTMLUnknownElement.dispatchEvent (C:\EasyCart\frontend\node_modules\jest-environment-jsdom\node_modules\jsdom\lib\jsdom\living\generated\EventTarget.js:241:34)
        at Object.invokeGuardedCallbackDev (C:\EasyCart\frontend\node_modules\react-dom\cjs\react-dom.development.js:4213:16)
        at invokeGuardedCallback (C:\EasyCart\frontend\node_modules\react-dom\cjs\react-dom.development.js:4277:31)
        at beginWork$1 (C:\EasyCart\frontend\node_modules\react-dom\cjs\react-dom.development.js:27490:7)
        at performUnitOfWork (C:\EasyCart\frontend\node_modules\react-dom\cjs\react-dom.development.js:26599:12)
        at workLoopSync (C:\EasyCart\frontend\node_modules\react-dom\cjs\react-dom.development.js:26505:5)
        at renderRootSync (C:\EasyCart\frontend\node_modules\react-dom\cjs\react-dom.development.js:26473:7)
        at recoverFromConcurrentError (C:\EasyCart\frontend\node_modules\react-dom\cjs\react-dom.development.js:25889:20)
        at performSyncWorkOnRoot (C:\EasyCart\frontend\node_modules\react-dom\cjs\react-dom.development.js:26135:20)
        at flushSyncCallbacks (C:\EasyCart\frontend\node_modules\react-dom\cjs\react-dom.development.js:12042:22)
        at C:\EasyCart\frontend\node_modules\react-dom\cjs\react-dom.development.js:25690:13
        at invokeTheCallbackFunction (C:\EasyCart\frontend\node_modules\jest-environment-jsdom\node_modules\jsdom\lib\jsdom\living\generated\Function.js:19:26)
        at C:\EasyCart\frontend\node_modules\jest-environment-jsdom\node_modules\jsdom\lib\jsdom\browser\Window.js:613:9
        at node:internal/process/task_queues:151:7
        at AsyncResource.runInAsyncScope (node:async_hooks:214:14)
        at AsyncResource.runMicrotask (node:internal/process/task_queues:148:8) {
      detail: TypeError: Cannot destructure property 'basename' of 'React__namespace.useContext(...)' as it is null.
          at basename (C:\EasyCart\frontend\node_modules\react-router-dom\index.tsx:975:11)
          at renderWithHooks (C:\EasyCart\frontend\node_modules\react-dom\cjs\react-dom.development.js:15486:18)
          at updateForwardRef (C:\EasyCart\frontend\node_modules\react-dom\cjs\react-dom.development.js:19245:20)
          at beginWork (C:\EasyCart\frontend\node_modules\react-dom\cjs\react-dom.development.js:21675:16)
          at HTMLUnknownElement.callCallback (C:\EasyCart\frontend\node_modules\react-dom\cjs\react-dom.development.js:4164:14)
          at HTMLUnknownElement.callTheUserObjectsOperation (C:\EasyCart\frontend\node_modules\jest-environment-jsdom\node_modules\jsdom\lib\jsdom\living\generated\EventListener.js:26:30)
          at innerInvokeEventListeners (C:\EasyCart\frontend\node_modules\jest-environment-jsdom\node_modules\jsdom\lib\jsdom\living\events\EventTarget-impl.js:350:25)
          at invokeEventListeners (C:\EasyCart\frontend\node_modules\jest-environment-jsdom\node_modules\jsdom\lib\jsdom\living\events\EventTarget-impl.js:286:3)
          at HTMLUnknownElementImpl._dispatch (C:\EasyCart\frontend\node_modules\jest-environment-jsdom\node_modules\jsdom\lib\jsdom\living\events\EventTarget-impl.js:233:9)
          at HTMLUnknownElementImpl.dispatchEvent (C:\EasyCart\frontend\node_modules\jest-environment-jsdom\node_modules\jsdom\lib\jsdom\living\events\EventTarget-impl.js:104:17)
          at HTMLUnknownElement.dispatchEvent (C:\EasyCart\frontend\node_modules\jest-environment-jsdom\node_modules\jsdom\lib\jsdom\living\generated\EventTarget.js:241:34)
          at Object.invokeGuardedCallbackDev (C:\EasyCart\frontend\node_modules\react-dom\cjs\react-dom.development.js:4213:16)
          at invokeGuardedCallback (C:\EasyCart\frontend\node_modules\react-dom\cjs\react-dom.development.js:4277:31)
          at beginWork$1 (C:\EasyCart\frontend\node_modules\react-dom\cjs\react-dom.development.js:27490:7)
          at performUnitOfWork (C:\EasyCart\frontend\node_modules\react-dom\cjs\react-dom.development.js:26599:12)
          at workLoopSync (C:\EasyCart\frontend\node_modules\react-dom\cjs\react-dom.development.js:26505:5)
          at renderRootSync (C:\EasyCart\frontend\node_modules\react-dom\cjs\react-dom.development.js:26473:7)
          at recoverFromConcurrentError (C:\EasyCart\frontend\node_modules\react-dom\cjs\react-dom.development.js:25889:20)
          at performSyncWorkOnRoot (C:\EasyCart\frontend\node_modules\react-dom\cjs\react-dom.development.js:26135:20)
          at flushSyncCallbacks (C:\EasyCart\frontend\node_modules\react-dom\cjs\react-dom.development.js:12042:22)
          at C:\EasyCart\frontend\node_modules\react-dom\cjs\react-dom.development.js:25690:13
          at invokeTheCallbackFunction (C:\EasyCart\frontend\node_modules\jest-environment-jsdom\node_modules\jsdom\lib\jsdom\living\generated\Function.js:19:26)
          at C:\EasyCart\frontend\node_modules\jest-environment-jsdom\node_modules\jsdom\lib\jsdom\browser\Window.js:613:9
          at node:internal/process/task_queues:151:7
          at AsyncResource.runInAsyncScope (node:async_hooks:214:14)
          at AsyncResource.runMicrotask (node:internal/process/task_queues:148:8),
      type: 'unhandled exception'
    }

      at VirtualConsole.<anonymous> (node_modules/@jest/environment-jsdom-abstract/build/index.js:87:23)
      at Object.invokeGuardedCallbackDev (node_modules/react-dom/cjs/react-dom.development.js:4213:16)
      at invokeGuardedCallback (node_modules/react-dom/cjs/react-dom.development.js:4277:31)
      at beginWork$1 (node_modules/react-dom/cjs/react-dom.development.js:27490:7)
      at performUnitOfWork (node_modules/react-dom/cjs/react-dom.development.js:26599:12)
      at workLoopSync (node_modules/react-dom/cjs/react-dom.development.js:26505:5)
      at renderRootSync (node_modules/react-dom/cjs/react-dom.development.js:26473:7)
      at recoverFromConcurrentError (node_modules/react-dom/cjs/react-dom.development.js:25889:20)
      at performSyncWorkOnRoot (node_modules/react-dom/cjs/react-dom.development.js:26135:20)
      at flushSyncCallbacks (node_modules/react-dom/cjs/react-dom.development.js:12042:22)
      at node_modules/react-dom/cjs/react-dom.development.js:25690:13

  console.error
    The above error occurred in the <Link> component:
    
        at onClick (C:\EasyCart\frontend\node_modules\react-router-dom\index.tsx:962:7)
        at div
        at div
        at children (C:\EasyCart\frontend\src\components\ui\Card.js:4:17)
        at product (C:\EasyCart\frontend\src\components\ProductCard.js:8:24)
        at div
        at ProductList (C:\EasyCart\frontend\src\components\ProductList.jsx:33:51)
        at QueryClientProvider (C:\EasyCart\frontend\node_modules\@tanstack\react-query\src\QueryClientProvider.tsx:30:3)
        at children (C:\EasyCart\frontend\src\__tests__\ProductList.test.js:15:13)
    
    Consider adding an error boundary to your tree to customize error handling behavior.
    Visit https://reactjs.org/link/error-boundaries to learn more about error boundaries.

      at logCapturedError (node_modules/react-dom/cjs/react-dom.development.js:18704:23)
      at update.callback (node_modules/react-dom/cjs/react-dom.development.js:18737:5)
      at callCallback (node_modules/react-dom/cjs/react-dom.development.js:15036:12)
      at commitUpdateQueue (node_modules/react-dom/cjs/react-dom.development.js:15057:9)
      at commitLayoutEffectOnFiber (node_modules/react-dom/cjs/react-dom.development.js:23430:13)
      at commitLayoutMountEffects_complete (node_modules/react-dom/cjs/react-dom.development.js:24727:9)
      at commitLayoutEffects_begin (node_modules/react-dom/cjs/react-dom.development.js:24713:7)
      at commitLayoutEffects (node_modules/react-dom/cjs/react-dom.development.js:24651:3)
      at commitRootImpl (node_modules/react-dom/cjs/react-dom.development.js:26862:5)
      at commitRoot (node_modules/react-dom/cjs/react-dom.development.js:26721:5)
      at performSyncWorkOnRoot (node_modules/react-dom/cjs/react-dom.development.js:26156:3)
      at flushSyncCallbacks (node_modules/react-dom/cjs/react-dom.development.js:12042:22)
      at node_modules/react-dom/cjs/react-dom.development.js:25690:13

  console.error
    The above error occurred in the <Link> component:
    
        at onClick (C:\EasyCart\frontend\node_modules\react-router-dom\index.tsx:962:7)
        at div
        at div
        at children (C:\EasyCart\frontend\src\components\ui\Card.js:4:17)
        at product (C:\EasyCart\frontend\src\components\ProductCard.js:8:24)
        at div
        at ProductList (C:\EasyCart\frontend\src\components\ProductList.jsx:33:51)
        at QueryClientProvider (C:\EasyCart\frontend\node_modules\@tanstack\react-query\src\QueryClientProvider.tsx:30:3)
        at children (C:\EasyCart\frontend\src\__tests__\ProductList.test.js:15:13)
    
    Consider adding an error boundary to your tree to customize error handling behavior.
    Visit https://reactjs.org/link/error-boundaries to learn more about error boundaries.

      at logCapturedError (node_modules/react-dom/cjs/react-dom.development.js:18704:23)
      at update.callback (node_modules/react-dom/cjs/react-dom.development.js:18737:5)
      at callCallback (node_modules/react-dom/cjs/react-dom.development.js:15036:12)
      at commitUpdateQueue (node_modules/react-dom/cjs/react-dom.development.js:15057:9)
      at commitLayoutEffectOnFiber (node_modules/react-dom/cjs/react-dom.development.js:23430:13)
      at commitLayoutMountEffects_complete (node_modules/react-dom/cjs/react-dom.development.js:24727:9)
      at commitLayoutEffects_begin (node_modules/react-dom/cjs/react-dom.development.js:24713:7)
      at commitLayoutEffects (node_modules/react-dom/cjs/react-dom.development.js:24651:3)
      at commitRootImpl (node_modules/react-dom/cjs/react-dom.development.js:26862:5)
      at commitRoot (node_modules/react-dom/cjs/react-dom.development.js:26721:5)
      at performSyncWorkOnRoot (node_modules/react-dom/cjs/react-dom.development.js:26156:3)
      at flushSyncCallbacks (node_modules/react-dom/cjs/react-dom.development.js:12042:22)
      at node_modules/react-dom/cjs/react-dom.development.js:25690:13

  console.error
    The above error occurred in the <Link> component:
    
        at onClick (C:\EasyCart\frontend\node_modules\react-router-dom\index.tsx:962:7)
        at div
        at div
        at children (C:\EasyCart\frontend\src\components\ui\Card.js:4:17)
        at product (C:\EasyCart\frontend\src\components\ProductCard.js:8:24)
        at div
        at ProductList (C:\EasyCart\frontend\src\components\ProductList.jsx:33:51)
        at QueryClientProvider (C:\EasyCart\frontend\node_modules\@tanstack\react-query\src\QueryClientProvider.tsx:30:3)
        at children (C:\EasyCart\frontend\src\__tests__\ProductList.test.js:15:13)
    
    Consider adding an error boundary to your tree to customize error handling behavior.
    Visit https://reactjs.org/link/error-boundaries to learn more about error boundaries.

      at logCapturedError (node_modules/react-dom/cjs/react-dom.development.js:18704:23)
      at update.callback (node_modules/react-dom/cjs/react-dom.development.js:18737:5)
      at callCallback (node_modules/react-dom/cjs/react-dom.development.js:15036:12)
      at commitUpdateQueue (node_modules/react-dom/cjs/react-dom.development.js:15057:9)
      at commitLayoutEffectOnFiber (node_modules/react-dom/cjs/react-dom.development.js:23430:13)
      at commitLayoutMountEffects_complete (node_modules/react-dom/cjs/react-dom.development.js:24727:9)
      at commitLayoutEffects_begin (node_modules/react-dom/cjs/react-dom.development.js:24713:7)
      at commitLayoutEffects (node_modules/react-dom/cjs/react-dom.development.js:24651:3)
      at commitRootImpl (node_modules/react-dom/cjs/react-dom.development.js:26862:5)
      at commitRoot (node_modules/react-dom/cjs/react-dom.development.js:26721:5)
      at performSyncWorkOnRoot (node_modules/react-dom/cjs/react-dom.development.js:26156:3)
      at flushSyncCallbacks (node_modules/react-dom/cjs/react-dom.development.js:12042:22)
      at node_modules/react-dom/cjs/react-dom.development.js:25690:13

  console.error
    The above error occurred in the <Link> component:
    
        at onClick (C:\EasyCart\frontend\node_modules\react-router-dom\index.tsx:962:7)
        at div
        at div
        at children (C:\EasyCart\frontend\src\components\ui\Card.js:4:17)
        at product (C:\EasyCart\frontend\src\components\ProductCard.js:8:24)
        at div
        at ProductList (C:\EasyCart\frontend\src\components\ProductList.jsx:33:51)
        at QueryClientProvider (C:\EasyCart\frontend\node_modules\@tanstack\react-query\src\QueryClientProvider.tsx:30:3)
        at children (C:\EasyCart\frontend\src\__tests__\ProductList.test.js:15:13)
    
    Consider adding an error boundary to your tree to customize error handling behavior.
    Visit https://reactjs.org/link/error-boundaries to learn more about error boundaries.

      at logCapturedError (node_modules/react-dom/cjs/react-dom.development.js:18704:23)
      at update.callback (node_modules/react-dom/cjs/react-dom.development.js:18737:5)
      at callCallback (node_modules/react-dom/cjs/react-dom.development.js:15036:12)
      at commitUpdateQueue (node_modules/react-dom/cjs/react-dom.development.js:15057:9)
      at commitLayoutEffectOnFiber (node_modules/react-dom/cjs/react-dom.development.js:23430:13)
      at commitLayoutMountEffects_complete (node_modules/react-dom/cjs/react-dom.development.js:24727:9)
      at commitLayoutEffects_begin (node_modules/react-dom/cjs/react-dom.development.js:24713:7)
      at commitLayoutEffects (node_modules/react-dom/cjs/react-dom.development.js:24651:3)
      at commitRootImpl (node_modules/react-dom/cjs/react-dom.development.js:26862:5)
      at commitRoot (node_modules/react-dom/cjs/react-dom.development.js:26721:5)
      at performSyncWorkOnRoot (node_modules/react-dom/cjs/react-dom.development.js:26156:3)
      at flushSyncCallbacks (node_modules/react-dom/cjs/react-dom.development.js:12042:22)
      at node_modules/react-dom/cjs/react-dom.development.js:25690:13

  console.error
    Error: Uncaught [TypeError: Cannot destructure property 'basename' of 'React__namespace.useContext(...)' as it is null.]
        at reportException (C:\EasyCart\frontend\node_modules\jest-environment-jsdom\node_modules\jsdom\lib\jsdom\living\helpers\runtime-script-errors.js:66:24)
        at C:\EasyCart\frontend\node_modules\jest-environment-jsdom\node_modules\jsdom\lib\jsdom\browser\Window.js:615:9
        at node:internal/process/task_queues:151:7
        at AsyncResource.runInAsyncScope (node:async_hooks:214:14)
        at AsyncResource.runMicrotask (node:internal/process/task_queues:148:8) {
      detail: TypeError: Cannot destructure property 'basename' of 'React__namespace.useContext(...)' as it is null.
          at basename (C:\EasyCart\frontend\node_modules\react-router-dom\index.tsx:975:11)
          at renderWithHooks (C:\EasyCart\frontend\node_modules\react-dom\cjs\react-dom.development.js:15486:18)
          at updateForwardRef (C:\EasyCart\frontend\node_modules\react-dom\cjs\react-dom.development.js:19245:20)
          at beginWork (C:\EasyCart\frontend\node_modules\react-dom\cjs\react-dom.development.js:21675:16)
          at beginWork$1 (C:\EasyCart\frontend\node_modules\react-dom\cjs\react-dom.development.js:27465:14)
          at performUnitOfWork (C:\EasyCart\frontend\node_modules\react-dom\cjs\react-dom.development.js:26599:12)
          at workLoopSync (C:\EasyCart\frontend\node_modules\react-dom\cjs\react-dom.development.js:26505:5)
          at renderRootSync (C:\EasyCart\frontend\node_modules\react-dom\cjs\react-dom.development.js:26473:7)
          at recoverFromConcurrentError (C:\EasyCart\frontend\node_modules\react-dom\cjs\react-dom.development.js:25889:20)
          at performSyncWorkOnRoot (C:\EasyCart\frontend\node_modules\react-dom\cjs\react-dom.development.js:26135:20)
          at flushSyncCallbacks (C:\EasyCart\frontend\node_modules\react-dom\cjs\react-dom.development.js:12042:22)
          at C:\EasyCart\frontend\node_modules\react-dom\cjs\react-dom.development.js:25690:13
          at invokeTheCallbackFunction (C:\EasyCart\frontend\node_modules\jest-environment-jsdom\node_modules\jsdom\lib\jsdom\living\generated\Function.js:19:26)
          at C:\EasyCart\frontend\node_modules\jest-environment-jsdom\node_modules\jsdom\lib\jsdom\browser\Window.js:613:9
          at node:internal/process/task_queues:151:7
          at AsyncResource.runInAsyncScope (node:async_hooks:214:14)
          at AsyncResource.runMicrotask (node:internal/process/task_queues:148:8),
      type: 'unhandled exception'
    }

      at VirtualConsole.<anonymous> (node_modules/@jest/environment-jsdom-abstract/build/index.js:87:23)

PASS src/__tests__/ProductEditModal.test.js
  test-utils
    √ should export withQueryClientProvider (2 ms)
  ProductEditModal
    √ renders and allows image URL input (84 ms)
    √ shows error for non-image file upload (52 ms)
    √ shows preview for valid image file (63 ms)
    √ clears file when URL is entered (37 ms)

PASS src/pages/__tests__/Login.test.js
  Login fade-out/auto-hide
    √ fades out and hides button, shows success message on success (514 ms)
    √ does not hide button on error (95 ms)

  console.warn
    ⚠️ React Router Future Flag Warning: React Router will begin wrapping state updates in `React.startTransition` in v7. You can use the `v7_startTransition` future flag to opt-in early. For more information, see https://reactrouter.com/v6/upgrading/future#v7_starttransition.

    [0m [90m  6 |[39m describe([32m'NotFound Component'[39m[33m,[39m () [33m=>[39m {
     [90m  7 |[39m   it([32m'renders 404 heading'[39m[33m,[39m () [33m=>[39m {
    [31m[1m>[22m[39m[90m  8 |[39m     render(
     [90m    |[39m           [31m[1m^[22m[39m
     [90m  9 |[39m       [33m<[39m[33mBrowserRouter[39m[33m>[39m
     [90m 10 |[39m         [33m<[39m[33mNotFound[39m [33m/[39m[33m>[39m
     [90m 11 |[39m       [33m<[39m[33m/[39m[33mBrowserRouter[39m[33m>[39m[0m

      at warn (node_modules/react-router/lib/deprecations.ts:9:13)
      at warnOnce (node_modules/react-router/lib/deprecations.ts:14:3)
      at Object.logDeprecation [as UNSAFE_logV6DeprecationWarnings] (node_modules/react-router/lib/deprecations.ts:26:5)
      at logV6DeprecationWarnings (node_modules/react-router-dom/index.tsx:816:25)
      at commitHookEffectListMount (node_modules/react-dom/cjs/react-dom.development.js:23189:26)
      at commitPassiveMountOnFiber (node_modules/react-dom/cjs/react-dom.development.js:24970:11)
      at commitPassiveMountEffects_complete (node_modules/react-dom/cjs/react-dom.development.js:24930:9)
      at commitPassiveMountEffects_begin (node_modules/react-dom/cjs/react-dom.development.js:24917:7)
      at commitPassiveMountEffects (node_modules/react-dom/cjs/react-dom.development.js:24905:3)
      at flushPassiveEffectsImpl (node_modules/react-dom/cjs/react-dom.development.js:27078:3)
      at flushPassiveEffects (node_modules/react-dom/cjs/react-dom.development.js:27023:14)
      at node_modules/react-dom/cjs/react-dom.development.js:26808:9
      at flushActQueue (node_modules/react/cjs/react.development.js:2667:24)
      at act (node_modules/react/cjs/react.development.js:2582:11)
      at node_modules/@testing-library/react/dist/act-compat.js:47:25
      at renderRoot (node_modules/@testing-library/react/dist/pure.js:190:26)
      at render (node_modules/@testing-library/react/dist/pure.js:292:10)
      at Object.<anonymous> (src/__tests__/NotFound.test.js:8:11)

  console.warn
    ⚠️ React Router Future Flag Warning: Relative route resolution within Splat routes is changing in v7. You can use the `v7_relativeSplatPath` future flag to opt-in early. For more information, see https://reactrouter.com/v6/upgrading/future#v7_relativesplatpath.

    [0m [90m  6 |[39m describe([32m'NotFound Component'[39m[33m,[39m () [33m=>[39m {
     [90m  7 |[39m   it([32m'renders 404 heading'[39m[33m,[39m () [33m=>[39m {
    [31m[1m>[22m[39m[90m  8 |[39m     render(
     [90m    |[39m           [31m[1m^[22m[39m
     [90m  9 |[39m       [33m<[39m[33mBrowserRouter[39m[33m>[39m
     [90m 10 |[39m         [33m<[39m[33mNotFound[39m [33m/[39m[33m>[39m
     [90m 11 |[39m       [33m<[39m[33m/[39m[33mBrowserRouter[39m[33m>[39m[0m

      at warn (node_modules/react-router/lib/deprecations.ts:9:13)
      at warnOnce (node_modules/react-router/lib/deprecations.ts:14:3)
      at Object.logDeprecation [as UNSAFE_logV6DeprecationWarnings] (node_modules/react-router/lib/deprecations.ts:37:5)
      at logV6DeprecationWarnings (node_modules/react-router-dom/index.tsx:816:25)
      at commitHookEffectListMount (node_modules/react-dom/cjs/react-dom.development.js:23189:26)
      at commitPassiveMountOnFiber (node_modules/react-dom/cjs/react-dom.development.js:24970:11)
      at commitPassiveMountEffects_complete (node_modules/react-dom/cjs/react-dom.development.js:24930:9)
      at commitPassiveMountEffects_begin (node_modules/react-dom/cjs/react-dom.development.js:24917:7)
      at commitPassiveMountEffects (node_modules/react-dom/cjs/react-dom.development.js:24905:3)
      at flushPassiveEffectsImpl (node_modules/react-dom/cjs/react-dom.development.js:27078:3)
      at flushPassiveEffects (node_modules/react-dom/cjs/react-dom.development.js:27023:14)
      at node_modules/react-dom/cjs/react-dom.development.js:26808:9
      at flushActQueue (node_modules/react/cjs/react.development.js:2667:24)
      at act (node_modules/react/cjs/react.development.js:2582:11)
      at node_modules/@testing-library/react/dist/act-compat.js:47:25
      at renderRoot (node_modules/@testing-library/react/dist/pure.js:190:26)
      at render (node_modules/@testing-library/react/dist/pure.js:292:10)
      at Object.<anonymous> (src/__tests__/NotFound.test.js:8:11)

PASS src/__tests__/NotFound.test.js
  NotFound Component
    √ renders 404 heading (68 ms)
    √ renders "Page Not Found" message (7 ms)
    √ renders home link (8 ms)
    √ renders products link (7 ms)

  console.error
    Error: Not implemented: navigation (except hash changes)
        at module.exports (C:\EasyCart\frontend\node_modules\jest-environment-jsdom\node_modules\jsdom\lib\jsdom\browser\not-implemented.js:9:17)
        at navigateFetch (C:\EasyCart\frontend\node_modules\jest-environment-jsdom\node_modules\jsdom\lib\jsdom\living\window\navigation.js:77:3)
        at exports.navigate (C:\EasyCart\frontend\node_modules\jest-environment-jsdom\node_modules\jsdom\lib\jsdom\living\window\navigation.js:55:3)
        at LocationImpl._locationObjectNavigate (C:\EasyCart\frontend\node_modules\jest-environment-jsdom\node_modules\jsdom\lib\jsdom\living\window\Location-impl.js:30:5)
        at LocationImpl._locationObjectSetterNavigate (C:\EasyCart\frontend\node_modules\jest-environment-jsdom\node_modules\jsdom\lib\jsdom\living\window\Location-impl.js:24:17)
        at LocationImpl.set href [as href] (C:\EasyCart\frontend\node_modules\jest-environment-jsdom\node_modules\jsdom\lib\jsdom\living\window\Location-impl.js:46:10)
        at Location.set href [as href] (C:\EasyCart\frontend\node_modules\jest-environment-jsdom\node_modules\jsdom\lib\jsdom\living\generated\Location.js:125:37)
        at Reflect.set (<anonymous>)
        at Window.set location [as location] (C:\EasyCart\frontend\node_modules\jest-environment-jsdom\node_modules\jsdom\lib\jsdom\browser\Window.js:424:15)
        at Object.<anonymous> (C:\EasyCart\frontend\src\__tests__\serviceWorkerRegistration.test.js:29:22)
        at Promise.finally.completed (c:\EasyCart\frontend\node_modules\jest-circus\build\jestAdapterInit.js:1557:28)
        at new Promise (<anonymous>)
        at callAsyncCircusFn (c:\EasyCart\frontend\node_modules\jest-circus\build\jestAdapterInit.js:1497:10)
        at _callCircusTest (c:\EasyCart\frontend\node_modules\jest-circus\build\jestAdapterInit.js:1007:40)
        at processTicksAndRejections (node:internal/process/task_queues:105:5)
        at _runTest (c:\EasyCart\frontend\node_modules\jest-circus\build\jestAdapterInit.js:947:3)
        at c:\EasyCart\frontend\node_modules\jest-circus\build\jestAdapterInit.js:849:7
        at _runTestsForDescribeBlock (c:\EasyCart\frontend\node_modules\jest-circus\build\jestAdapterInit.js:862:11)
        at _runTestsForDescribeBlock (c:\EasyCart\frontend\node_modules\jest-circus\build\jestAdapterInit.js:857:11)
        at _runTestsForDescribeBlock (c:\EasyCart\frontend\node_modules\jest-circus\build\jestAdapterInit.js:857:11)
        at run (c:\EasyCart\frontend\node_modules\jest-circus\build\jestAdapterInit.js:761:3)
        at runAndTransformResultsToJestFormat (c:\EasyCart\frontend\node_modules\jest-circus\build\jestAdapterInit.js:1918:21)
        at jestAdapter (c:\EasyCart\frontend\node_modules\jest-circus\build\runner.js:101:19)
        at runTestInternal (c:\EasyCart\frontend\node_modules\jest-runner\build\testWorker.js:275:16)
        at runTest (c:\EasyCart\frontend\node_modules\jest-runner\build\testWorker.js:343:7)
        at Object.worker (c:\EasyCart\frontend\node_modules\jest-runner\build\testWorker.js:497:12) {
      type: 'not implemented'
    }

    [0m [90m 27 |[39m       [90m// Mock window.location[39m
     [90m 28 |[39m       [36mdelete[39m window[33m.[39mlocation[33m;[39m
    [31m[1m>[22m[39m[90m 29 |[39m       window[33m.[39mlocation [33m=[39m { 
     [90m    |[39m                      [31m[1m^[22m[39m
     [90m 30 |[39m         href[33m:[39m [32m'http://localhost:3000'[39m[33m,[39m
     [90m 31 |[39m         origin[33m:[39m [32m'http://localhost:3000'[39m
     [90m 32 |[39m       }[33m;[39m[0m

      at VirtualConsole.<anonymous> (node_modules/@jest/environment-jsdom-abstract/build/index.js:87:23)
          at Reflect.set (<anonymous>)
      at Object.<anonymous> (src/__tests__/serviceWorkerRegistration.test.js:29:22)

PASS src/__tests__/serviceWorkerRegistration.test.js
  Service Worker Registration
    register
      √ should register service worker when available (26 ms)
      √ should not register if service worker is not supported (3 ms)
    unregister
      √ should unregister service worker (6 ms)
    addNetworkListener
      √ should add online/offline event listeners (5 ms)
      √ should return current online status (6 ms)
    isInstalled
      √ should detect if app is installed as PWA (8 ms)
  PWA Manifest
    √ should have valid manifest.json (5 ms)
    √ should have required icon sizes (1 ms)
    √ should have app shortcuts (2 ms)

PASS src/app/__tests__/products.test.js
  Next.js Products Page
    √ should unwrap DRF paginated response (3 ms)
    √ should handle direct array response (1 ms)
    √ should use NEXT_PUBLIC_API_URL when available (1 ms)
    √ should handle fetch errors gracefully (22 ms)

  console.error
    Error: Uncaught [TypeError: Cannot destructure property 'basename' of 'React__namespace.useContext(...)' as it is null.]
        at reportException (C:\EasyCart\frontend\node_modules\jest-environment-jsdom\node_modules\jsdom\lib\jsdom\living\helpers\runtime-script-errors.js:66:24)
        at innerInvokeEventListeners (C:\EasyCart\frontend\node_modules\jest-environment-jsdom\node_modules\jsdom\lib\jsdom\living\events\EventTarget-impl.js:353:9)
        at invokeEventListeners (C:\EasyCart\frontend\node_modules\jest-environment-jsdom\node_modules\jsdom\lib\jsdom\living\events\EventTarget-impl.js:286:3)
        at HTMLUnknownElementImpl._dispatch (C:\EasyCart\frontend\node_modules\jest-environment-jsdom\node_modules\jsdom\lib\jsdom\living\events\EventTarget-impl.js:233:9)
        at HTMLUnknownElementImpl.dispatchEvent (C:\EasyCart\frontend\node_modules\jest-environment-jsdom\node_modules\jsdom\lib\jsdom\living\events\EventTarget-impl.js:104:17)
        at HTMLUnknownElement.dispatchEvent (C:\EasyCart\frontend\node_modules\jest-environment-jsdom\node_modules\jsdom\lib\jsdom\living\generated\EventTarget.js:241:34)
        at Object.invokeGuardedCallbackDev (C:\EasyCart\frontend\node_modules\react-dom\cjs\react-dom.development.js:4213:16)
        at invokeGuardedCallback (C:\EasyCart\frontend\node_modules\react-dom\cjs\react-dom.development.js:4277:31)
        at beginWork$1 (C:\EasyCart\frontend\node_modules\react-dom\cjs\react-dom.development.js:27490:7)
        at performUnitOfWork (C:\EasyCart\frontend\node_modules\react-dom\cjs\react-dom.development.js:26599:12)
        at workLoopSync (C:\EasyCart\frontend\node_modules\react-dom\cjs\react-dom.development.js:26505:5)
        at renderRootSync (C:\EasyCart\frontend\node_modules\react-dom\cjs\react-dom.development.js:26473:7)
        at performSyncWorkOnRoot (C:\EasyCart\frontend\node_modules\react-dom\cjs\react-dom.development.js:26124:20)
        at flushSyncCallbacks (C:\EasyCart\frontend\node_modules\react-dom\cjs\react-dom.development.js:12042:22)
        at C:\EasyCart\frontend\node_modules\react-dom\cjs\react-dom.development.js:25690:13
        at invokeTheCallbackFunction (C:\EasyCart\frontend\node_modules\jest-environment-jsdom\node_modules\jsdom\lib\jsdom\living\generated\Function.js:19:26)
        at C:\EasyCart\frontend\node_modules\jest-environment-jsdom\node_modules\jsdom\lib\jsdom\browser\Window.js:613:9
        at node:internal/process/task_queues:151:7
        at AsyncResource.runInAsyncScope (node:async_hooks:214:14)
        at AsyncResource.runMicrotask (node:internal/process/task_queues:148:8) {
      detail: TypeError: Cannot destructure property 'basename' of 'React__namespace.useContext(...)' as it is null.
          at basename (C:\EasyCart\frontend\node_modules\react-router-dom\index.tsx:975:11)
          at renderWithHooks (C:\EasyCart\frontend\node_modules\react-dom\cjs\react-dom.development.js:15486:18)
          at updateForwardRef (C:\EasyCart\frontend\node_modules\react-dom\cjs\react-dom.development.js:19245:20)
          at beginWork (C:\EasyCart\frontend\node_modules\react-dom\cjs\react-dom.development.js:21675:16)
          at HTMLUnknownElement.callCallback (C:\EasyCart\frontend\node_modules\react-dom\cjs\react-dom.development.js:4164:14)
          at HTMLUnknownElement.callTheUserObjectsOperation (C:\EasyCart\frontend\node_modules\jest-environment-jsdom\node_modules\jsdom\lib\jsdom\living\generated\EventListener.js:26:30)
          at innerInvokeEventListeners (C:\EasyCart\frontend\node_modules\jest-environment-jsdom\node_modules\jsdom\lib\jsdom\living\events\EventTarget-impl.js:350:25)
          at invokeEventListeners (C:\EasyCart\frontend\node_modules\jest-environment-jsdom\node_modules\jsdom\lib\jsdom\living\events\EventTarget-impl.js:286:3)
          at HTMLUnknownElementImpl._dispatch (C:\EasyCart\frontend\node_modules\jest-environment-jsdom\node_modules\jsdom\lib\jsdom\living\events\EventTarget-impl.js:233:9)
          at HTMLUnknownElementImpl.dispatchEvent (C:\EasyCart\frontend\node_modules\jest-environment-jsdom\node_modules\jsdom\lib\jsdom\living\events\EventTarget-impl.js:104:17)
          at HTMLUnknownElement.dispatchEvent (C:\EasyCart\frontend\node_modules\jest-environment-jsdom\node_modules\jsdom\lib\jsdom\living\generated\EventTarget.js:241:34)
          at Object.invokeGuardedCallbackDev (C:\EasyCart\frontend\node_modules\react-dom\cjs\react-dom.development.js:4213:16)
          at invokeGuardedCallback (C:\EasyCart\frontend\node_modules\react-dom\cjs\react-dom.development.js:4277:31)
          at beginWork$1 (C:\EasyCart\frontend\node_modules\react-dom\cjs\react-dom.development.js:27490:7)
          at performUnitOfWork (C:\EasyCart\frontend\node_modules\react-dom\cjs\react-dom.development.js:26599:12)
          at workLoopSync (C:\EasyCart\frontend\node_modules\react-dom\cjs\react-dom.development.js:26505:5)
          at renderRootSync (C:\EasyCart\frontend\node_modules\react-dom\cjs\react-dom.development.js:26473:7)
          at performSyncWorkOnRoot (C:\EasyCart\frontend\node_modules\react-dom\cjs\react-dom.development.js:26124:20)
          at flushSyncCallbacks (C:\EasyCart\frontend\node_modules\react-dom\cjs\react-dom.development.js:12042:22)
          at C:\EasyCart\frontend\node_modules\react-dom\cjs\react-dom.development.js:25690:13
          at invokeTheCallbackFunction (C:\EasyCart\frontend\node_modules\jest-environment-jsdom\node_modules\jsdom\lib\jsdom\living\generated\Function.js:19:26)
          at C:\EasyCart\frontend\node_modules\jest-environment-jsdom\node_modules\jsdom\lib\jsdom\browser\Window.js:613:9
          at node:internal/process/task_queues:151:7
          at AsyncResource.runInAsyncScope (node:async_hooks:214:14)
          at AsyncResource.runMicrotask (node:internal/process/task_queues:148:8),
      type: 'unhandled exception'
    }

      at VirtualConsole.<anonymous> (node_modules/@jest/environment-jsdom-abstract/build/index.js:87:23)
      at Object.invokeGuardedCallbackDev (node_modules/react-dom/cjs/react-dom.development.js:4213:16)
      at invokeGuardedCallback (node_modules/react-dom/cjs/react-dom.development.js:4277:31)
      at beginWork$1 (node_modules/react-dom/cjs/react-dom.development.js:27490:7)
      at performUnitOfWork (node_modules/react-dom/cjs/react-dom.development.js:26599:12)
      at workLoopSync (node_modules/react-dom/cjs/react-dom.development.js:26505:5)
      at renderRootSync (node_modules/react-dom/cjs/react-dom.development.js:26473:7)
      at performSyncWorkOnRoot (node_modules/react-dom/cjs/react-dom.development.js:26124:20)
      at flushSyncCallbacks (node_modules/react-dom/cjs/react-dom.development.js:12042:22)
      at node_modules/react-dom/cjs/react-dom.development.js:25690:13

  console.error
    Error: Uncaught [TypeError: Cannot destructure property 'basename' of 'React__namespace.useContext(...)' as it is null.]
        at reportException (C:\EasyCart\frontend\node_modules\jest-environment-jsdom\node_modules\jsdom\lib\jsdom\living\helpers\runtime-script-errors.js:66:24)
        at innerInvokeEventListeners (C:\EasyCart\frontend\node_modules\jest-environment-jsdom\node_modules\jsdom\lib\jsdom\living\events\EventTarget-impl.js:353:9)
        at invokeEventListeners (C:\EasyCart\frontend\node_modules\jest-environment-jsdom\node_modules\jsdom\lib\jsdom\living\events\EventTarget-impl.js:286:3)
        at HTMLUnknownElementImpl._dispatch (C:\EasyCart\frontend\node_modules\jest-environment-jsdom\node_modules\jsdom\lib\jsdom\living\events\EventTarget-impl.js:233:9)
        at HTMLUnknownElementImpl.dispatchEvent (C:\EasyCart\frontend\node_modules\jest-environment-jsdom\node_modules\jsdom\lib\jsdom\living\events\EventTarget-impl.js:104:17)
        at HTMLUnknownElement.dispatchEvent (C:\EasyCart\frontend\node_modules\jest-environment-jsdom\node_modules\jsdom\lib\jsdom\living\generated\EventTarget.js:241:34)
        at Object.invokeGuardedCallbackDev (C:\EasyCart\frontend\node_modules\react-dom\cjs\react-dom.development.js:4213:16)
        at invokeGuardedCallback (C:\EasyCart\frontend\node_modules\react-dom\cjs\react-dom.development.js:4277:31)
        at beginWork$1 (C:\EasyCart\frontend\node_modules\react-dom\cjs\react-dom.development.js:27490:7)
        at performUnitOfWork (C:\EasyCart\frontend\node_modules\react-dom\cjs\react-dom.development.js:26599:12)
        at workLoopSync (C:\EasyCart\frontend\node_modules\react-dom\cjs\react-dom.development.js:26505:5)
        at renderRootSync (C:\EasyCart\frontend\node_modules\react-dom\cjs\react-dom.development.js:26473:7)
        at performSyncWorkOnRoot (C:\EasyCart\frontend\node_modules\react-dom\cjs\react-dom.development.js:26124:20)
        at flushSyncCallbacks (C:\EasyCart\frontend\node_modules\react-dom\cjs\react-dom.development.js:12042:22)
        at C:\EasyCart\frontend\node_modules\react-dom\cjs\react-dom.development.js:25690:13
        at invokeTheCallbackFunction (C:\EasyCart\frontend\node_modules\jest-environment-jsdom\node_modules\jsdom\lib\jsdom\living\generated\Function.js:19:26)
        at C:\EasyCart\frontend\node_modules\jest-environment-jsdom\node_modules\jsdom\lib\jsdom\browser\Window.js:613:9
        at node:internal/process/task_queues:151:7
        at AsyncResource.runInAsyncScope (node:async_hooks:214:14)
        at AsyncResource.runMicrotask (node:internal/process/task_queues:148:8) {
      detail: TypeError: Cannot destructure property 'basename' of 'React__namespace.useContext(...)' as it is null.
          at basename (C:\EasyCart\frontend\node_modules\react-router-dom\index.tsx:975:11)
          at renderWithHooks (C:\EasyCart\frontend\node_modules\react-dom\cjs\react-dom.development.js:15486:18)
          at updateForwardRef (C:\EasyCart\frontend\node_modules\react-dom\cjs\react-dom.development.js:19245:20)
          at beginWork (C:\EasyCart\frontend\node_modules\react-dom\cjs\react-dom.development.js:21675:16)
          at HTMLUnknownElement.callCallback (C:\EasyCart\frontend\node_modules\react-dom\cjs\react-dom.development.js:4164:14)
          at HTMLUnknownElement.callTheUserObjectsOperation (C:\EasyCart\frontend\node_modules\jest-environment-jsdom\node_modules\jsdom\lib\jsdom\living\generated\EventListener.js:26:30)
          at innerInvokeEventListeners (C:\EasyCart\frontend\node_modules\jest-environment-jsdom\node_modules\jsdom\lib\jsdom\living\events\EventTarget-impl.js:350:25)
          at invokeEventListeners (C:\EasyCart\frontend\node_modules\jest-environment-jsdom\node_modules\jsdom\lib\jsdom\living\events\EventTarget-impl.js:286:3)
          at HTMLUnknownElementImpl._dispatch (C:\EasyCart\frontend\node_modules\jest-environment-jsdom\node_modules\jsdom\lib\jsdom\living\events\EventTarget-impl.js:233:9)
          at HTMLUnknownElementImpl.dispatchEvent (C:\EasyCart\frontend\node_modules\jest-environment-jsdom\node_modules\jsdom\lib\jsdom\living\events\EventTarget-impl.js:104:17)
          at HTMLUnknownElement.dispatchEvent (C:\EasyCart\frontend\node_modules\jest-environment-jsdom\node_modules\jsdom\lib\jsdom\living\generated\EventTarget.js:241:34)
          at Object.invokeGuardedCallbackDev (C:\EasyCart\frontend\node_modules\react-dom\cjs\react-dom.development.js:4213:16)
          at invokeGuardedCallback (C:\EasyCart\frontend\node_modules\react-dom\cjs\react-dom.development.js:4277:31)
          at beginWork$1 (C:\EasyCart\frontend\node_modules\react-dom\cjs\react-dom.development.js:27490:7)
          at performUnitOfWork (C:\EasyCart\frontend\node_modules\react-dom\cjs\react-dom.development.js:26599:12)
          at workLoopSync (C:\EasyCart\frontend\node_modules\react-dom\cjs\react-dom.development.js:26505:5)
          at renderRootSync (C:\EasyCart\frontend\node_modules\react-dom\cjs\react-dom.development.js:26473:7)
          at performSyncWorkOnRoot (C:\EasyCart\frontend\node_modules\react-dom\cjs\react-dom.development.js:26124:20)
          at flushSyncCallbacks (C:\EasyCart\frontend\node_modules\react-dom\cjs\react-dom.development.js:12042:22)
          at C:\EasyCart\frontend\node_modules\react-dom\cjs\react-dom.development.js:25690:13
          at invokeTheCallbackFunction (C:\EasyCart\frontend\node_modules\jest-environment-jsdom\node_modules\jsdom\lib\jsdom\living\generated\Function.js:19:26)
          at C:\EasyCart\frontend\node_modules\jest-environment-jsdom\node_modules\jsdom\lib\jsdom\browser\Window.js:613:9
          at node:internal/process/task_queues:151:7
          at AsyncResource.runInAsyncScope (node:async_hooks:214:14)
          at AsyncResource.runMicrotask (node:internal/process/task_queues:148:8),
      type: 'unhandled exception'
    }

      at VirtualConsole.<anonymous> (node_modules/@jest/environment-jsdom-abstract/build/index.js:87:23)
      at Object.invokeGuardedCallbackDev (node_modules/react-dom/cjs/react-dom.development.js:4213:16)
      at invokeGuardedCallback (node_modules/react-dom/cjs/react-dom.development.js:4277:31)
      at beginWork$1 (node_modules/react-dom/cjs/react-dom.development.js:27490:7)
      at performUnitOfWork (node_modules/react-dom/cjs/react-dom.development.js:26599:12)
      at workLoopSync (node_modules/react-dom/cjs/react-dom.development.js:26505:5)
      at renderRootSync (node_modules/react-dom/cjs/react-dom.development.js:26473:7)
      at performSyncWorkOnRoot (node_modules/react-dom/cjs/react-dom.development.js:26124:20)
      at flushSyncCallbacks (node_modules/react-dom/cjs/react-dom.development.js:12042:22)
      at node_modules/react-dom/cjs/react-dom.development.js:25690:13

  console.error
    Error: Uncaught [TypeError: Cannot destructure property 'basename' of 'React__namespace.useContext(...)' as it is null.]
        at reportException (C:\EasyCart\frontend\node_modules\jest-environment-jsdom\node_modules\jsdom\lib\jsdom\living\helpers\runtime-script-errors.js:66:24)
        at innerInvokeEventListeners (C:\EasyCart\frontend\node_modules\jest-environment-jsdom\node_modules\jsdom\lib\jsdom\living\events\EventTarget-impl.js:353:9)
        at invokeEventListeners (C:\EasyCart\frontend\node_modules\jest-environment-jsdom\node_modules\jsdom\lib\jsdom\living\events\EventTarget-impl.js:286:3)
        at HTMLUnknownElementImpl._dispatch (C:\EasyCart\frontend\node_modules\jest-environment-jsdom\node_modules\jsdom\lib\jsdom\living\events\EventTarget-impl.js:233:9)
        at HTMLUnknownElementImpl.dispatchEvent (C:\EasyCart\frontend\node_modules\jest-environment-jsdom\node_modules\jsdom\lib\jsdom\living\events\EventTarget-impl.js:104:17)
        at HTMLUnknownElement.dispatchEvent (C:\EasyCart\frontend\node_modules\jest-environment-jsdom\node_modules\jsdom\lib\jsdom\living\generated\EventTarget.js:241:34)
        at Object.invokeGuardedCallbackDev (C:\EasyCart\frontend\node_modules\react-dom\cjs\react-dom.development.js:4213:16)
        at invokeGuardedCallback (C:\EasyCart\frontend\node_modules\react-dom\cjs\react-dom.development.js:4277:31)
        at beginWork$1 (C:\EasyCart\frontend\node_modules\react-dom\cjs\react-dom.development.js:27490:7)
        at performUnitOfWork (C:\EasyCart\frontend\node_modules\react-dom\cjs\react-dom.development.js:26599:12)
        at workLoopSync (C:\EasyCart\frontend\node_modules\react-dom\cjs\react-dom.development.js:26505:5)
        at renderRootSync (C:\EasyCart\frontend\node_modules\react-dom\cjs\react-dom.development.js:26473:7)
        at recoverFromConcurrentError (C:\EasyCart\frontend\node_modules\react-dom\cjs\react-dom.development.js:25889:20)
        at performSyncWorkOnRoot (C:\EasyCart\frontend\node_modules\react-dom\cjs\react-dom.development.js:26135:20)
        at flushSyncCallbacks (C:\EasyCart\frontend\node_modules\react-dom\cjs\react-dom.development.js:12042:22)
        at C:\EasyCart\frontend\node_modules\react-dom\cjs\react-dom.development.js:25690:13
        at invokeTheCallbackFunction (C:\EasyCart\frontend\node_modules\jest-environment-jsdom\node_modules\jsdom\lib\jsdom\living\generated\Function.js:19:26)
        at C:\EasyCart\frontend\node_modules\jest-environment-jsdom\node_modules\jsdom\lib\jsdom\browser\Window.js:613:9
        at node:internal/process/task_queues:151:7
        at AsyncResource.runInAsyncScope (node:async_hooks:214:14)
        at AsyncResource.runMicrotask (node:internal/process/task_queues:148:8) {
      detail: TypeError: Cannot destructure property 'basename' of 'React__namespace.useContext(...)' as it is null.
          at basename (C:\EasyCart\frontend\node_modules\react-router-dom\index.tsx:975:11)
          at renderWithHooks (C:\EasyCart\frontend\node_modules\react-dom\cjs\react-dom.development.js:15486:18)
          at updateForwardRef (C:\EasyCart\frontend\node_modules\react-dom\cjs\react-dom.development.js:19245:20)
          at beginWork (C:\EasyCart\frontend\node_modules\react-dom\cjs\react-dom.development.js:21675:16)
          at HTMLUnknownElement.callCallback (C:\EasyCart\frontend\node_modules\react-dom\cjs\react-dom.development.js:4164:14)
          at HTMLUnknownElement.callTheUserObjectsOperation (C:\EasyCart\frontend\node_modules\jest-environment-jsdom\node_modules\jsdom\lib\jsdom\living\generated\EventListener.js:26:30)
          at innerInvokeEventListeners (C:\EasyCart\frontend\node_modules\jest-environment-jsdom\node_modules\jsdom\lib\jsdom\living\events\EventTarget-impl.js:350:25)
          at invokeEventListeners (C:\EasyCart\frontend\node_modules\jest-environment-jsdom\node_modules\jsdom\lib\jsdom\living\events\EventTarget-impl.js:286:3)
          at HTMLUnknownElementImpl._dispatch (C:\EasyCart\frontend\node_modules\jest-environment-jsdom\node_modules\jsdom\lib\jsdom\living\events\EventTarget-impl.js:233:9)
          at HTMLUnknownElementImpl.dispatchEvent (C:\EasyCart\frontend\node_modules\jest-environment-jsdom\node_modules\jsdom\lib\jsdom\living\events\EventTarget-impl.js:104:17)
          at HTMLUnknownElement.dispatchEvent (C:\EasyCart\frontend\node_modules\jest-environment-jsdom\node_modules\jsdom\lib\jsdom\living\generated\EventTarget.js:241:34)
          at Object.invokeGuardedCallbackDev (C:\EasyCart\frontend\node_modules\react-dom\cjs\react-dom.development.js:4213:16)
          at invokeGuardedCallback (C:\EasyCart\frontend\node_modules\react-dom\cjs\react-dom.development.js:4277:31)
          at beginWork$1 (C:\EasyCart\frontend\node_modules\react-dom\cjs\react-dom.development.js:27490:7)
          at performUnitOfWork (C:\EasyCart\frontend\node_modules\react-dom\cjs\react-dom.development.js:26599:12)
          at workLoopSync (C:\EasyCart\frontend\node_modules\react-dom\cjs\react-dom.development.js:26505:5)
          at renderRootSync (C:\EasyCart\frontend\node_modules\react-dom\cjs\react-dom.development.js:26473:7)
          at recoverFromConcurrentError (C:\EasyCart\frontend\node_modules\react-dom\cjs\react-dom.development.js:25889:20)
          at performSyncWorkOnRoot (C:\EasyCart\frontend\node_modules\react-dom\cjs\react-dom.development.js:26135:20)
          at flushSyncCallbacks (C:\EasyCart\frontend\node_modules\react-dom\cjs\react-dom.development.js:12042:22)
          at C:\EasyCart\frontend\node_modules\react-dom\cjs\react-dom.development.js:25690:13
          at invokeTheCallbackFunction (C:\EasyCart\frontend\node_modules\jest-environment-jsdom\node_modules\jsdom\lib\jsdom\living\generated\Function.js:19:26)
          at C:\EasyCart\frontend\node_modules\jest-environment-jsdom\node_modules\jsdom\lib\jsdom\browser\Window.js:613:9
          at node:internal/process/task_queues:151:7
          at AsyncResource.runInAsyncScope (node:async_hooks:214:14)
          at AsyncResource.runMicrotask (node:internal/process/task_queues:148:8),
      type: 'unhandled exception'
    }

      at VirtualConsole.<anonymous> (node_modules/@jest/environment-jsdom-abstract/build/index.js:87:23)
      at Object.invokeGuardedCallbackDev (node_modules/react-dom/cjs/react-dom.development.js:4213:16)
      at invokeGuardedCallback (node_modules/react-dom/cjs/react-dom.development.js:4277:31)
      at beginWork$1 (node_modules/react-dom/cjs/react-dom.development.js:27490:7)
      at performUnitOfWork (node_modules/react-dom/cjs/react-dom.development.js:26599:12)
      at workLoopSync (node_modules/react-dom/cjs/react-dom.development.js:26505:5)
      at renderRootSync (node_modules/react-dom/cjs/react-dom.development.js:26473:7)
      at recoverFromConcurrentError (node_modules/react-dom/cjs/react-dom.development.js:25889:20)
      at performSyncWorkOnRoot (node_modules/react-dom/cjs/react-dom.development.js:26135:20)
      at flushSyncCallbacks (node_modules/react-dom/cjs/react-dom.development.js:12042:22)
      at node_modules/react-dom/cjs/react-dom.development.js:25690:13

  console.error
    Error: Uncaught [TypeError: Cannot destructure property 'basename' of 'React__namespace.useContext(...)' as it is null.]
        at reportException (C:\EasyCart\frontend\node_modules\jest-environment-jsdom\node_modules\jsdom\lib\jsdom\living\helpers\runtime-script-errors.js:66:24)
        at innerInvokeEventListeners (C:\EasyCart\frontend\node_modules\jest-environment-jsdom\node_modules\jsdom\lib\jsdom\living\events\EventTarget-impl.js:353:9)
        at invokeEventListeners (C:\EasyCart\frontend\node_modules\jest-environment-jsdom\node_modules\jsdom\lib\jsdom\living\events\EventTarget-impl.js:286:3)
        at HTMLUnknownElementImpl._dispatch (C:\EasyCart\frontend\node_modules\jest-environment-jsdom\node_modules\jsdom\lib\jsdom\living\events\EventTarget-impl.js:233:9)
        at HTMLUnknownElementImpl.dispatchEvent (C:\EasyCart\frontend\node_modules\jest-environment-jsdom\node_modules\jsdom\lib\jsdom\living\events\EventTarget-impl.js:104:17)
        at HTMLUnknownElement.dispatchEvent (C:\EasyCart\frontend\node_modules\jest-environment-jsdom\node_modules\jsdom\lib\jsdom\living\generated\EventTarget.js:241:34)
        at Object.invokeGuardedCallbackDev (C:\EasyCart\frontend\node_modules\react-dom\cjs\react-dom.development.js:4213:16)
        at invokeGuardedCallback (C:\EasyCart\frontend\node_modules\react-dom\cjs\react-dom.development.js:4277:31)
        at beginWork$1 (C:\EasyCart\frontend\node_modules\react-dom\cjs\react-dom.development.js:27490:7)
        at performUnitOfWork (C:\EasyCart\frontend\node_modules\react-dom\cjs\react-dom.development.js:26599:12)
        at workLoopSync (C:\EasyCart\frontend\node_modules\react-dom\cjs\react-dom.development.js:26505:5)
        at renderRootSync (C:\EasyCart\frontend\node_modules\react-dom\cjs\react-dom.development.js:26473:7)
        at recoverFromConcurrentError (C:\EasyCart\frontend\node_modules\react-dom\cjs\react-dom.development.js:25889:20)
        at performSyncWorkOnRoot (C:\EasyCart\frontend\node_modules\react-dom\cjs\react-dom.development.js:26135:20)
        at flushSyncCallbacks (C:\EasyCart\frontend\node_modules\react-dom\cjs\react-dom.development.js:12042:22)
        at C:\EasyCart\frontend\node_modules\react-dom\cjs\react-dom.development.js:25690:13
        at invokeTheCallbackFunction (C:\EasyCart\frontend\node_modules\jest-environment-jsdom\node_modules\jsdom\lib\jsdom\living\generated\Function.js:19:26)
        at C:\EasyCart\frontend\node_modules\jest-environment-jsdom\node_modules\jsdom\lib\jsdom\browser\Window.js:613:9
        at node:internal/process/task_queues:151:7
        at AsyncResource.runInAsyncScope (node:async_hooks:214:14)
        at AsyncResource.runMicrotask (node:internal/process/task_queues:148:8) {
      detail: TypeError: Cannot destructure property 'basename' of 'React__namespace.useContext(...)' as it is null.
          at basename (C:\EasyCart\frontend\node_modules\react-router-dom\index.tsx:975:11)
          at renderWithHooks (C:\EasyCart\frontend\node_modules\react-dom\cjs\react-dom.development.js:15486:18)
          at updateForwardRef (C:\EasyCart\frontend\node_modules\react-dom\cjs\react-dom.development.js:19245:20)
          at beginWork (C:\EasyCart\frontend\node_modules\react-dom\cjs\react-dom.development.js:21675:16)
          at HTMLUnknownElement.callCallback (C:\EasyCart\frontend\node_modules\react-dom\cjs\react-dom.development.js:4164:14)
          at HTMLUnknownElement.callTheUserObjectsOperation (C:\EasyCart\frontend\node_modules\jest-environment-jsdom\node_modules\jsdom\lib\jsdom\living\generated\EventListener.js:26:30)
          at innerInvokeEventListeners (C:\EasyCart\frontend\node_modules\jest-environment-jsdom\node_modules\jsdom\lib\jsdom\living\events\EventTarget-impl.js:350:25)
          at invokeEventListeners (C:\EasyCart\frontend\node_modules\jest-environment-jsdom\node_modules\jsdom\lib\jsdom\living\events\EventTarget-impl.js:286:3)
          at HTMLUnknownElementImpl._dispatch (C:\EasyCart\frontend\node_modules\jest-environment-jsdom\node_modules\jsdom\lib\jsdom\living\events\EventTarget-impl.js:233:9)
          at HTMLUnknownElementImpl.dispatchEvent (C:\EasyCart\frontend\node_modules\jest-environment-jsdom\node_modules\jsdom\lib\jsdom\living\events\EventTarget-impl.js:104:17)
          at HTMLUnknownElement.dispatchEvent (C:\EasyCart\frontend\node_modules\jest-environment-jsdom\node_modules\jsdom\lib\jsdom\living\generated\EventTarget.js:241:34)
          at Object.invokeGuardedCallbackDev (C:\EasyCart\frontend\node_modules\react-dom\cjs\react-dom.development.js:4213:16)
          at invokeGuardedCallback (C:\EasyCart\frontend\node_modules\react-dom\cjs\react-dom.development.js:4277:31)
          at beginWork$1 (C:\EasyCart\frontend\node_modules\react-dom\cjs\react-dom.development.js:27490:7)
          at performUnitOfWork (C:\EasyCart\frontend\node_modules\react-dom\cjs\react-dom.development.js:26599:12)
          at workLoopSync (C:\EasyCart\frontend\node_modules\react-dom\cjs\react-dom.development.js:26505:5)
          at renderRootSync (C:\EasyCart\frontend\node_modules\react-dom\cjs\react-dom.development.js:26473:7)
          at recoverFromConcurrentError (C:\EasyCart\frontend\node_modules\react-dom\cjs\react-dom.development.js:25889:20)
          at performSyncWorkOnRoot (C:\EasyCart\frontend\node_modules\react-dom\cjs\react-dom.development.js:26135:20)
          at flushSyncCallbacks (C:\EasyCart\frontend\node_modules\react-dom\cjs\react-dom.development.js:12042:22)
          at C:\EasyCart\frontend\node_modules\react-dom\cjs\react-dom.development.js:25690:13
          at invokeTheCallbackFunction (C:\EasyCart\frontend\node_modules\jest-environment-jsdom\node_modules\jsdom\lib\jsdom\living\generated\Function.js:19:26)
          at C:\EasyCart\frontend\node_modules\jest-environment-jsdom\node_modules\jsdom\lib\jsdom\browser\Window.js:613:9
          at node:internal/process/task_queues:151:7
          at AsyncResource.runInAsyncScope (node:async_hooks:214:14)
          at AsyncResource.runMicrotask (node:internal/process/task_queues:148:8),
      type: 'unhandled exception'
    }

      at VirtualConsole.<anonymous> (node_modules/@jest/environment-jsdom-abstract/build/index.js:87:23)
      at Object.invokeGuardedCallbackDev (node_modules/react-dom/cjs/react-dom.development.js:4213:16)
      at invokeGuardedCallback (node_modules/react-dom/cjs/react-dom.development.js:4277:31)
      at beginWork$1 (node_modules/react-dom/cjs/react-dom.development.js:27490:7)
      at performUnitOfWork (node_modules/react-dom/cjs/react-dom.development.js:26599:12)
      at workLoopSync (node_modules/react-dom/cjs/react-dom.development.js:26505:5)
      at renderRootSync (node_modules/react-dom/cjs/react-dom.development.js:26473:7)
      at recoverFromConcurrentError (node_modules/react-dom/cjs/react-dom.development.js:25889:20)
      at performSyncWorkOnRoot (node_modules/react-dom/cjs/react-dom.development.js:26135:20)
      at flushSyncCallbacks (node_modules/react-dom/cjs/react-dom.development.js:12042:22)
      at node_modules/react-dom/cjs/react-dom.development.js:25690:13

  console.error
    The above error occurred in the <Link> component:
    
        at onClick (C:\EasyCart\frontend\node_modules\react-router-dom\index.tsx:962:7)
        at div
        at div
        at children (C:\EasyCart\frontend\src\components\ui\Card.js:4:17)
        at product (C:\EasyCart\frontend\src\components\ProductCard.js:8:24)
        at div
        at ProductList (C:\EasyCart\frontend\src\components\ProductList.jsx:33:51)
        at QueryClientProvider (C:\EasyCart\frontend\node_modules\@tanstack\react-query\src\QueryClientProvider.tsx:30:3)
        at children (C:\EasyCart\frontend\src\__tests__\ProductList.test.js:15:13)
    
    Consider adding an error boundary to your tree to customize error handling behavior.
    Visit https://reactjs.org/link/error-boundaries to learn more about error boundaries.

      at logCapturedError (node_modules/react-dom/cjs/react-dom.development.js:18704:23)
      at update.callback (node_modules/react-dom/cjs/react-dom.development.js:18737:5)
      at callCallback (node_modules/react-dom/cjs/react-dom.development.js:15036:12)
      at commitUpdateQueue (node_modules/react-dom/cjs/react-dom.development.js:15057:9)
      at commitLayoutEffectOnFiber (node_modules/react-dom/cjs/react-dom.development.js:23430:13)
      at commitLayoutMountEffects_complete (node_modules/react-dom/cjs/react-dom.development.js:24727:9)
      at commitLayoutEffects_begin (node_modules/react-dom/cjs/react-dom.development.js:24713:7)
      at commitLayoutEffects (node_modules/react-dom/cjs/react-dom.development.js:24651:3)
      at commitRootImpl (node_modules/react-dom/cjs/react-dom.development.js:26862:5)
      at commitRoot (node_modules/react-dom/cjs/react-dom.development.js:26721:5)
      at performSyncWorkOnRoot (node_modules/react-dom/cjs/react-dom.development.js:26156:3)
      at flushSyncCallbacks (node_modules/react-dom/cjs/react-dom.development.js:12042:22)
      at node_modules/react-dom/cjs/react-dom.development.js:25690:13

  console.error
    The above error occurred in the <Link> component:
    
        at onClick (C:\EasyCart\frontend\node_modules\react-router-dom\index.tsx:962:7)
        at div
        at div
        at children (C:\EasyCart\frontend\src\components\ui\Card.js:4:17)
        at product (C:\EasyCart\frontend\src\components\ProductCard.js:8:24)
        at div
        at ProductList (C:\EasyCart\frontend\src\components\ProductList.jsx:33:51)
        at QueryClientProvider (C:\EasyCart\frontend\node_modules\@tanstack\react-query\src\QueryClientProvider.tsx:30:3)
        at children (C:\EasyCart\frontend\src\__tests__\ProductList.test.js:15:13)
    
    Consider adding an error boundary to your tree to customize error handling behavior.
    Visit https://reactjs.org/link/error-boundaries to learn more about error boundaries.

      at logCapturedError (node_modules/react-dom/cjs/react-dom.development.js:18704:23)
      at update.callback (node_modules/react-dom/cjs/react-dom.development.js:18737:5)
      at callCallback (node_modules/react-dom/cjs/react-dom.development.js:15036:12)
      at commitUpdateQueue (node_modules/react-dom/cjs/react-dom.development.js:15057:9)
      at commitLayoutEffectOnFiber (node_modules/react-dom/cjs/react-dom.development.js:23430:13)
      at commitLayoutMountEffects_complete (node_modules/react-dom/cjs/react-dom.development.js:24727:9)
      at commitLayoutEffects_begin (node_modules/react-dom/cjs/react-dom.development.js:24713:7)
      at commitLayoutEffects (node_modules/react-dom/cjs/react-dom.development.js:24651:3)
      at commitRootImpl (node_modules/react-dom/cjs/react-dom.development.js:26862:5)
      at commitRoot (node_modules/react-dom/cjs/react-dom.development.js:26721:5)
      at performSyncWorkOnRoot (node_modules/react-dom/cjs/react-dom.development.js:26156:3)
      at flushSyncCallbacks (node_modules/react-dom/cjs/react-dom.development.js:12042:22)
      at node_modules/react-dom/cjs/react-dom.development.js:25690:13

  console.error
    Error: Uncaught [TypeError: Cannot destructure property 'basename' of 'React__namespace.useContext(...)' as it is null.]
        at reportException (C:\EasyCart\frontend\node_modules\jest-environment-jsdom\node_modules\jsdom\lib\jsdom\living\helpers\runtime-script-errors.js:66:24)
        at C:\EasyCart\frontend\node_modules\jest-environment-jsdom\node_modules\jsdom\lib\jsdom\browser\Window.js:615:9
        at node:internal/process/task_queues:151:7
        at AsyncResource.runInAsyncScope (node:async_hooks:214:14)
        at AsyncResource.runMicrotask (node:internal/process/task_queues:148:8) {
      detail: TypeError: Cannot destructure property 'basename' of 'React__namespace.useContext(...)' as it is null.
          at basename (C:\EasyCart\frontend\node_modules\react-router-dom\index.tsx:975:11)
          at renderWithHooks (C:\EasyCart\frontend\node_modules\react-dom\cjs\react-dom.development.js:15486:18)
          at updateForwardRef (C:\EasyCart\frontend\node_modules\react-dom\cjs\react-dom.development.js:19245:20)
          at beginWork (C:\EasyCart\frontend\node_modules\react-dom\cjs\react-dom.development.js:21675:16)
          at beginWork$1 (C:\EasyCart\frontend\node_modules\react-dom\cjs\react-dom.development.js:27465:14)
          at performUnitOfWork (C:\EasyCart\frontend\node_modules\react-dom\cjs\react-dom.development.js:26599:12)
          at workLoopSync (C:\EasyCart\frontend\node_modules\react-dom\cjs\react-dom.development.js:26505:5)
          at renderRootSync (C:\EasyCart\frontend\node_modules\react-dom\cjs\react-dom.development.js:26473:7)
          at recoverFromConcurrentError (C:\EasyCart\frontend\node_modules\react-dom\cjs\react-dom.development.js:25889:20)
          at performSyncWorkOnRoot (C:\EasyCart\frontend\node_modules\react-dom\cjs\react-dom.development.js:26135:20)
          at flushSyncCallbacks (C:\EasyCart\frontend\node_modules\react-dom\cjs\react-dom.development.js:12042:22)
          at C:\EasyCart\frontend\node_modules\react-dom\cjs\react-dom.development.js:25690:13
          at invokeTheCallbackFunction (C:\EasyCart\frontend\node_modules\jest-environment-jsdom\node_modules\jsdom\lib\jsdom\living\generated\Function.js:19:26)
          at C:\EasyCart\frontend\node_modules\jest-environment-jsdom\node_modules\jsdom\lib\jsdom\browser\Window.js:613:9
          at node:internal/process/task_queues:151:7
          at AsyncResource.runInAsyncScope (node:async_hooks:214:14)
          at AsyncResource.runMicrotask (node:internal/process/task_queues:148:8),
      type: 'unhandled exception'
    }

      at VirtualConsole.<anonymous> (node_modules/@jest/environment-jsdom-abstract/build/index.js:87:23)

PASS src/__tests__/test-utils.js
  test-utils
    √ should export withQueryClientProvider (6 ms)

PASS src/__tests__/CartContext.test.js
  CartContext
    √ provides cart count when authenticated (25 ms)
    √ cart count is 0 when not authenticated (15 ms)
    √ addToCart calls API and refreshes cart (10 ms)
    √ updateCartItem calls API and refreshes cart (22 ms)
    √ removeFromCart calls API and refreshes cart (16 ms)
    √ moveToWishlist calls API and refreshes cart (14 ms)

  console.error
    Error: Uncaught [TypeError: Cannot destructure property 'basename' of 'React__namespace.useContext(...)' as it is null.]
        at reportException (C:\EasyCart\frontend\node_modules\jest-environment-jsdom\node_modules\jsdom\lib\jsdom\living\helpers\runtime-script-errors.js:66:24)
        at innerInvokeEventListeners (C:\EasyCart\frontend\node_modules\jest-environment-jsdom\node_modules\jsdom\lib\jsdom\living\events\EventTarget-impl.js:353:9)
        at invokeEventListeners (C:\EasyCart\frontend\node_modules\jest-environment-jsdom\node_modules\jsdom\lib\jsdom\living\events\EventTarget-impl.js:286:3)
        at HTMLUnknownElementImpl._dispatch (C:\EasyCart\frontend\node_modules\jest-environment-jsdom\node_modules\jsdom\lib\jsdom\living\events\EventTarget-impl.js:233:9)
        at HTMLUnknownElementImpl.dispatchEvent (C:\EasyCart\frontend\node_modules\jest-environment-jsdom\node_modules\jsdom\lib\jsdom\living\events\EventTarget-impl.js:104:17)
        at HTMLUnknownElement.dispatchEvent (C:\EasyCart\frontend\node_modules\jest-environment-jsdom\node_modules\jsdom\lib\jsdom\living\generated\EventTarget.js:241:34)
        at Object.invokeGuardedCallbackDev (C:\EasyCart\frontend\node_modules\react-dom\cjs\react-dom.development.js:4213:16)
        at invokeGuardedCallback (C:\EasyCart\frontend\node_modules\react-dom\cjs\react-dom.development.js:4277:31)
        at beginWork$1 (C:\EasyCart\frontend\node_modules\react-dom\cjs\react-dom.development.js:27490:7)
        at performUnitOfWork (C:\EasyCart\frontend\node_modules\react-dom\cjs\react-dom.development.js:26599:12)
        at workLoopSync (C:\EasyCart\frontend\node_modules\react-dom\cjs\react-dom.development.js:26505:5)
        at renderRootSync (C:\EasyCart\frontend\node_modules\react-dom\cjs\react-dom.development.js:26473:7)
        at performSyncWorkOnRoot (C:\EasyCart\frontend\node_modules\react-dom\cjs\react-dom.development.js:26124:20)
        at flushSyncCallbacks (C:\EasyCart\frontend\node_modules\react-dom\cjs\react-dom.development.js:12042:22)
        at C:\EasyCart\frontend\node_modules\react-dom\cjs\react-dom.development.js:25690:13
        at invokeTheCallbackFunction (C:\EasyCart\frontend\node_modules\jest-environment-jsdom\node_modules\jsdom\lib\jsdom\living\generated\Function.js:19:26)
        at C:\EasyCart\frontend\node_modules\jest-environment-jsdom\node_modules\jsdom\lib\jsdom\browser\Window.js:613:9
        at node:internal/process/task_queues:151:7
        at AsyncResource.runInAsyncScope (node:async_hooks:214:14)
        at AsyncResource.runMicrotask (node:internal/process/task_queues:148:8) {
      detail: TypeError: Cannot destructure property 'basename' of 'React__namespace.useContext(...)' as it is null.
          at basename (C:\EasyCart\frontend\node_modules\react-router-dom\index.tsx:975:11)
          at renderWithHooks (C:\EasyCart\frontend\node_modules\react-dom\cjs\react-dom.development.js:15486:18)
          at updateForwardRef (C:\EasyCart\frontend\node_modules\react-dom\cjs\react-dom.development.js:19245:20)
          at beginWork (C:\EasyCart\frontend\node_modules\react-dom\cjs\react-dom.development.js:21675:16)
          at HTMLUnknownElement.callCallback (C:\EasyCart\frontend\node_modules\react-dom\cjs\react-dom.development.js:4164:14)
          at HTMLUnknownElement.callTheUserObjectsOperation (C:\EasyCart\frontend\node_modules\jest-environment-jsdom\node_modules\jsdom\lib\jsdom\living\generated\EventListener.js:26:30)
          at innerInvokeEventListeners (C:\EasyCart\frontend\node_modules\jest-environment-jsdom\node_modules\jsdom\lib\jsdom\living\events\EventTarget-impl.js:350:25)
          at invokeEventListeners (C:\EasyCart\frontend\node_modules\jest-environment-jsdom\node_modules\jsdom\lib\jsdom\living\events\EventTarget-impl.js:286:3)
          at HTMLUnknownElementImpl._dispatch (C:\EasyCart\frontend\node_modules\jest-environment-jsdom\node_modules\jsdom\lib\jsdom\living\events\EventTarget-impl.js:233:9)
          at HTMLUnknownElementImpl.dispatchEvent (C:\EasyCart\frontend\node_modules\jest-environment-jsdom\node_modules\jsdom\lib\jsdom\living\events\EventTarget-impl.js:104:17)
          at HTMLUnknownElement.dispatchEvent (C:\EasyCart\frontend\node_modules\jest-environment-jsdom\node_modules\jsdom\lib\jsdom\living\generated\EventTarget.js:241:34)
          at Object.invokeGuardedCallbackDev (C:\EasyCart\frontend\node_modules\react-dom\cjs\react-dom.development.js:4213:16)
          at invokeGuardedCallback (C:\EasyCart\frontend\node_modules\react-dom\cjs\react-dom.development.js:4277:31)
          at beginWork$1 (C:\EasyCart\frontend\node_modules\react-dom\cjs\react-dom.development.js:27490:7)
          at performUnitOfWork (C:\EasyCart\frontend\node_modules\react-dom\cjs\react-dom.development.js:26599:12)
          at workLoopSync (C:\EasyCart\frontend\node_modules\react-dom\cjs\react-dom.development.js:26505:5)
          at renderRootSync (C:\EasyCart\frontend\node_modules\react-dom\cjs\react-dom.development.js:26473:7)
          at performSyncWorkOnRoot (C:\EasyCart\frontend\node_modules\react-dom\cjs\react-dom.development.js:26124:20)
          at flushSyncCallbacks (C:\EasyCart\frontend\node_modules\react-dom\cjs\react-dom.development.js:12042:22)
          at C:\EasyCart\frontend\node_modules\react-dom\cjs\react-dom.development.js:25690:13
          at invokeTheCallbackFunction (C:\EasyCart\frontend\node_modules\jest-environment-jsdom\node_modules\jsdom\lib\jsdom\living\generated\Function.js:19:26)
          at C:\EasyCart\frontend\node_modules\jest-environment-jsdom\node_modules\jsdom\lib\jsdom\browser\Window.js:613:9
          at node:internal/process/task_queues:151:7
          at AsyncResource.runInAsyncScope (node:async_hooks:214:14)
          at AsyncResource.runMicrotask (node:internal/process/task_queues:148:8),
      type: 'unhandled exception'
    }

      at VirtualConsole.<anonymous> (node_modules/@jest/environment-jsdom-abstract/build/index.js:87:23)
      at Object.invokeGuardedCallbackDev (node_modules/react-dom/cjs/react-dom.development.js:4213:16)
      at invokeGuardedCallback (node_modules/react-dom/cjs/react-dom.development.js:4277:31)
      at beginWork$1 (node_modules/react-dom/cjs/react-dom.development.js:27490:7)
      at performUnitOfWork (node_modules/react-dom/cjs/react-dom.development.js:26599:12)
      at workLoopSync (node_modules/react-dom/cjs/react-dom.development.js:26505:5)
      at renderRootSync (node_modules/react-dom/cjs/react-dom.development.js:26473:7)
      at performSyncWorkOnRoot (node_modules/react-dom/cjs/react-dom.development.js:26124:20)
      at flushSyncCallbacks (node_modules/react-dom/cjs/react-dom.development.js:12042:22)
      at node_modules/react-dom/cjs/react-dom.development.js:25690:13

  console.error
    Error: Uncaught [TypeError: Cannot destructure property 'basename' of 'React__namespace.useContext(...)' as it is null.]
        at reportException (C:\EasyCart\frontend\node_modules\jest-environment-jsdom\node_modules\jsdom\lib\jsdom\living\helpers\runtime-script-errors.js:66:24)
        at innerInvokeEventListeners (C:\EasyCart\frontend\node_modules\jest-environment-jsdom\node_modules\jsdom\lib\jsdom\living\events\EventTarget-impl.js:353:9)
        at invokeEventListeners (C:\EasyCart\frontend\node_modules\jest-environment-jsdom\node_modules\jsdom\lib\jsdom\living\events\EventTarget-impl.js:286:3)
        at HTMLUnknownElementImpl._dispatch (C:\EasyCart\frontend\node_modules\jest-environment-jsdom\node_modules\jsdom\lib\jsdom\living\events\EventTarget-impl.js:233:9)
        at HTMLUnknownElementImpl.dispatchEvent (C:\EasyCart\frontend\node_modules\jest-environment-jsdom\node_modules\jsdom\lib\jsdom\living\events\EventTarget-impl.js:104:17)
        at HTMLUnknownElement.dispatchEvent (C:\EasyCart\frontend\node_modules\jest-environment-jsdom\node_modules\jsdom\lib\jsdom\living\generated\EventTarget.js:241:34)
        at Object.invokeGuardedCallbackDev (C:\EasyCart\frontend\node_modules\react-dom\cjs\react-dom.development.js:4213:16)
        at invokeGuardedCallback (C:\EasyCart\frontend\node_modules\react-dom\cjs\react-dom.development.js:4277:31)
        at beginWork$1 (C:\EasyCart\frontend\node_modules\react-dom\cjs\react-dom.development.js:27490:7)
        at performUnitOfWork (C:\EasyCart\frontend\node_modules\react-dom\cjs\react-dom.development.js:26599:12)
        at workLoopSync (C:\EasyCart\frontend\node_modules\react-dom\cjs\react-dom.development.js:26505:5)
        at renderRootSync (C:\EasyCart\frontend\node_modules\react-dom\cjs\react-dom.development.js:26473:7)
        at performSyncWorkOnRoot (C:\EasyCart\frontend\node_modules\react-dom\cjs\react-dom.development.js:26124:20)
        at flushSyncCallbacks (C:\EasyCart\frontend\node_modules\react-dom\cjs\react-dom.development.js:12042:22)
        at C:\EasyCart\frontend\node_modules\react-dom\cjs\react-dom.development.js:25690:13
        at invokeTheCallbackFunction (C:\EasyCart\frontend\node_modules\jest-environment-jsdom\node_modules\jsdom\lib\jsdom\living\generated\Function.js:19:26)
        at C:\EasyCart\frontend\node_modules\jest-environment-jsdom\node_modules\jsdom\lib\jsdom\browser\Window.js:613:9
        at node:internal/process/task_queues:151:7
        at AsyncResource.runInAsyncScope (node:async_hooks:214:14)
        at AsyncResource.runMicrotask (node:internal/process/task_queues:148:8) {
      detail: TypeError: Cannot destructure property 'basename' of 'React__namespace.useContext(...)' as it is null.
          at basename (C:\EasyCart\frontend\node_modules\react-router-dom\index.tsx:975:11)
          at renderWithHooks (C:\EasyCart\frontend\node_modules\react-dom\cjs\react-dom.development.js:15486:18)
          at updateForwardRef (C:\EasyCart\frontend\node_modules\react-dom\cjs\react-dom.development.js:19245:20)
          at beginWork (C:\EasyCart\frontend\node_modules\react-dom\cjs\react-dom.development.js:21675:16)
          at HTMLUnknownElement.callCallback (C:\EasyCart\frontend\node_modules\react-dom\cjs\react-dom.development.js:4164:14)
          at HTMLUnknownElement.callTheUserObjectsOperation (C:\EasyCart\frontend\node_modules\jest-environment-jsdom\node_modules\jsdom\lib\jsdom\living\generated\EventListener.js:26:30)
          at innerInvokeEventListeners (C:\EasyCart\frontend\node_modules\jest-environment-jsdom\node_modules\jsdom\lib\jsdom\living\events\EventTarget-impl.js:350:25)
          at invokeEventListeners (C:\EasyCart\frontend\node_modules\jest-environment-jsdom\node_modules\jsdom\lib\jsdom\living\events\EventTarget-impl.js:286:3)
          at HTMLUnknownElementImpl._dispatch (C:\EasyCart\frontend\node_modules\jest-environment-jsdom\node_modules\jsdom\lib\jsdom\living\events\EventTarget-impl.js:233:9)
          at HTMLUnknownElementImpl.dispatchEvent (C:\EasyCart\frontend\node_modules\jest-environment-jsdom\node_modules\jsdom\lib\jsdom\living\events\EventTarget-impl.js:104:17)
          at HTMLUnknownElement.dispatchEvent (C:\EasyCart\frontend\node_modules\jest-environment-jsdom\node_modules\jsdom\lib\jsdom\living\generated\EventTarget.js:241:34)
          at Object.invokeGuardedCallbackDev (C:\EasyCart\frontend\node_modules\react-dom\cjs\react-dom.development.js:4213:16)
          at invokeGuardedCallback (C:\EasyCart\frontend\node_modules\react-dom\cjs\react-dom.development.js:4277:31)
          at beginWork$1 (C:\EasyCart\frontend\node_modules\react-dom\cjs\react-dom.development.js:27490:7)
          at performUnitOfWork (C:\EasyCart\frontend\node_modules\react-dom\cjs\react-dom.development.js:26599:12)
          at workLoopSync (C:\EasyCart\frontend\node_modules\react-dom\cjs\react-dom.development.js:26505:5)
          at renderRootSync (C:\EasyCart\frontend\node_modules\react-dom\cjs\react-dom.development.js:26473:7)
          at performSyncWorkOnRoot (C:\EasyCart\frontend\node_modules\react-dom\cjs\react-dom.development.js:26124:20)
          at flushSyncCallbacks (C:\EasyCart\frontend\node_modules\react-dom\cjs\react-dom.development.js:12042:22)
          at C:\EasyCart\frontend\node_modules\react-dom\cjs\react-dom.development.js:25690:13
          at invokeTheCallbackFunction (C:\EasyCart\frontend\node_modules\jest-environment-jsdom\node_modules\jsdom\lib\jsdom\living\generated\Function.js:19:26)
          at C:\EasyCart\frontend\node_modules\jest-environment-jsdom\node_modules\jsdom\lib\jsdom\browser\Window.js:613:9
          at node:internal/process/task_queues:151:7
          at AsyncResource.runInAsyncScope (node:async_hooks:214:14)
          at AsyncResource.runMicrotask (node:internal/process/task_queues:148:8),
      type: 'unhandled exception'
    }

      at VirtualConsole.<anonymous> (node_modules/@jest/environment-jsdom-abstract/build/index.js:87:23)
      at Object.invokeGuardedCallbackDev (node_modules/react-dom/cjs/react-dom.development.js:4213:16)
      at invokeGuardedCallback (node_modules/react-dom/cjs/react-dom.development.js:4277:31)
      at beginWork$1 (node_modules/react-dom/cjs/react-dom.development.js:27490:7)
      at performUnitOfWork (node_modules/react-dom/cjs/react-dom.development.js:26599:12)
      at workLoopSync (node_modules/react-dom/cjs/react-dom.development.js:26505:5)
      at renderRootSync (node_modules/react-dom/cjs/react-dom.development.js:26473:7)
      at performSyncWorkOnRoot (node_modules/react-dom/cjs/react-dom.development.js:26124:20)
      at flushSyncCallbacks (node_modules/react-dom/cjs/react-dom.development.js:12042:22)
      at node_modules/react-dom/cjs/react-dom.development.js:25690:13

  console.error
    Error: Uncaught [TypeError: Cannot destructure property 'basename' of 'React__namespace.useContext(...)' as it is null.]
        at reportException (C:\EasyCart\frontend\node_modules\jest-environment-jsdom\node_modules\jsdom\lib\jsdom\living\helpers\runtime-script-errors.js:66:24)
        at innerInvokeEventListeners (C:\EasyCart\frontend\node_modules\jest-environment-jsdom\node_modules\jsdom\lib\jsdom\living\events\EventTarget-impl.js:353:9)
        at invokeEventListeners (C:\EasyCart\frontend\node_modules\jest-environment-jsdom\node_modules\jsdom\lib\jsdom\living\events\EventTarget-impl.js:286:3)
        at HTMLUnknownElementImpl._dispatch (C:\EasyCart\frontend\node_modules\jest-environment-jsdom\node_modules\jsdom\lib\jsdom\living\events\EventTarget-impl.js:233:9)
        at HTMLUnknownElementImpl.dispatchEvent (C:\EasyCart\frontend\node_modules\jest-environment-jsdom\node_modules\jsdom\lib\jsdom\living\events\EventTarget-impl.js:104:17)
        at HTMLUnknownElement.dispatchEvent (C:\EasyCart\frontend\node_modules\jest-environment-jsdom\node_modules\jsdom\lib\jsdom\living\generated\EventTarget.js:241:34)
        at Object.invokeGuardedCallbackDev (C:\EasyCart\frontend\node_modules\react-dom\cjs\react-dom.development.js:4213:16)
        at invokeGuardedCallback (C:\EasyCart\frontend\node_modules\react-dom\cjs\react-dom.development.js:4277:31)
        at beginWork$1 (C:\EasyCart\frontend\node_modules\react-dom\cjs\react-dom.development.js:27490:7)
        at performUnitOfWork (C:\EasyCart\frontend\node_modules\react-dom\cjs\react-dom.development.js:26599:12)
        at workLoopSync (C:\EasyCart\frontend\node_modules\react-dom\cjs\react-dom.development.js:26505:5)
        at renderRootSync (C:\EasyCart\frontend\node_modules\react-dom\cjs\react-dom.development.js:26473:7)
        at performSyncWorkOnRoot (C:\EasyCart\frontend\node_modules\react-dom\cjs\react-dom.development.js:26124:20)
        at flushSyncCallbacks (C:\EasyCart\frontend\node_modules\react-dom\cjs\react-dom.development.js:12042:22)
        at C:\EasyCart\frontend\node_modules\react-dom\cjs\react-dom.development.js:25690:13
        at invokeTheCallbackFunction (C:\EasyCart\frontend\node_modules\jest-environment-jsdom\node_modules\jsdom\lib\jsdom\living\generated\Function.js:19:26)
        at C:\EasyCart\frontend\node_modules\jest-environment-jsdom\node_modules\jsdom\lib\jsdom\browser\Window.js:613:9
        at node:internal/process/task_queues:151:7
        at AsyncResource.runInAsyncScope (node:async_hooks:214:14)
        at AsyncResource.runMicrotask (node:internal/process/task_queues:148:8) {
      detail: TypeError: Cannot destructure property 'basename' of 'React__namespace.useContext(...)' as it is null.
          at basename (C:\EasyCart\frontend\node_modules\react-router-dom\index.tsx:975:11)
          at renderWithHooks (C:\EasyCart\frontend\node_modules\react-dom\cjs\react-dom.development.js:15486:18)
          at updateForwardRef (C:\EasyCart\frontend\node_modules\react-dom\cjs\react-dom.development.js:19245:20)
          at beginWork (C:\EasyCart\frontend\node_modules\react-dom\cjs\react-dom.development.js:21675:16)
          at HTMLUnknownElement.callCallback (C:\EasyCart\frontend\node_modules\react-dom\cjs\react-dom.development.js:4164:14)
          at HTMLUnknownElement.callTheUserObjectsOperation (C:\EasyCart\frontend\node_modules\jest-environment-jsdom\node_modules\jsdom\lib\jsdom\living\generated\EventListener.js:26:30)
          at innerInvokeEventListeners (C:\EasyCart\frontend\node_modules\jest-environment-jsdom\node_modules\jsdom\lib\jsdom\living\events\EventTarget-impl.js:350:25)
          at invokeEventListeners (C:\EasyCart\frontend\node_modules\jest-environment-jsdom\node_modules\jsdom\lib\jsdom\living\events\EventTarget-impl.js:286:3)
          at HTMLUnknownElementImpl._dispatch (C:\EasyCart\frontend\node_modules\jest-environment-jsdom\node_modules\jsdom\lib\jsdom\living\events\EventTarget-impl.js:233:9)
          at HTMLUnknownElementImpl.dispatchEvent (C:\EasyCart\frontend\node_modules\jest-environment-jsdom\node_modules\jsdom\lib\jsdom\living\events\EventTarget-impl.js:104:17)
          at HTMLUnknownElement.dispatchEvent (C:\EasyCart\frontend\node_modules\jest-environment-jsdom\node_modules\jsdom\lib\jsdom\living\generated\EventTarget.js:241:34)
          at Object.invokeGuardedCallbackDev (C:\EasyCart\frontend\node_modules\react-dom\cjs\react-dom.development.js:4213:16)
          at invokeGuardedCallback (C:\EasyCart\frontend\node_modules\react-dom\cjs\react-dom.development.js:4277:31)
          at beginWork$1 (C:\EasyCart\frontend\node_modules\react-dom\cjs\react-dom.development.js:27490:7)
          at performUnitOfWork (C:\EasyCart\frontend\node_modules\react-dom\cjs\react-dom.development.js:26599:12)
          at workLoopSync (C:\EasyCart\frontend\node_modules\react-dom\cjs\react-dom.development.js:26505:5)
          at renderRootSync (C:\EasyCart\frontend\node_modules\react-dom\cjs\react-dom.development.js:26473:7)
          at performSyncWorkOnRoot (C:\EasyCart\frontend\node_modules\react-dom\cjs\react-dom.development.js:26124:20)
          at flushSyncCallbacks (C:\EasyCart\frontend\node_modules\react-dom\cjs\react-dom.development.js:12042:22)
          at C:\EasyCart\frontend\node_modules\react-dom\cjs\react-dom.development.js:25690:13
          at invokeTheCallbackFunction (C:\EasyCart\frontend\node_modules\jest-environment-jsdom\node_modules\jsdom\lib\jsdom\living\generated\Function.js:19:26)
          at C:\EasyCart\frontend\node_modules\jest-environment-jsdom\node_modules\jsdom\lib\jsdom\browser\Window.js:613:9
          at node:internal/process/task_queues:151:7
          at AsyncResource.runInAsyncScope (node:async_hooks:214:14)
          at AsyncResource.runMicrotask (node:internal/process/task_queues:148:8),
      type: 'unhandled exception'
    }

      at VirtualConsole.<anonymous> (node_modules/@jest/environment-jsdom-abstract/build/index.js:87:23)
      at Object.invokeGuardedCallbackDev (node_modules/react-dom/cjs/react-dom.development.js:4213:16)
      at invokeGuardedCallback (node_modules/react-dom/cjs/react-dom.development.js:4277:31)
      at beginWork$1 (node_modules/react-dom/cjs/react-dom.development.js:27490:7)
      at performUnitOfWork (node_modules/react-dom/cjs/react-dom.development.js:26599:12)
      at workLoopSync (node_modules/react-dom/cjs/react-dom.development.js:26505:5)
      at renderRootSync (node_modules/react-dom/cjs/react-dom.development.js:26473:7)
      at performSyncWorkOnRoot (node_modules/react-dom/cjs/react-dom.development.js:26124:20)
      at flushSyncCallbacks (node_modules/react-dom/cjs/react-dom.development.js:12042:22)
      at node_modules/react-dom/cjs/react-dom.development.js:25690:13

  console.error
    Error: Uncaught [TypeError: Cannot destructure property 'basename' of 'React__namespace.useContext(...)' as it is null.]
        at reportException (C:\EasyCart\frontend\node_modules\jest-environment-jsdom\node_modules\jsdom\lib\jsdom\living\helpers\runtime-script-errors.js:66:24)
        at innerInvokeEventListeners (C:\EasyCart\frontend\node_modules\jest-environment-jsdom\node_modules\jsdom\lib\jsdom\living\events\EventTarget-impl.js:353:9)
        at invokeEventListeners (C:\EasyCart\frontend\node_modules\jest-environment-jsdom\node_modules\jsdom\lib\jsdom\living\events\EventTarget-impl.js:286:3)
        at HTMLUnknownElementImpl._dispatch (C:\EasyCart\frontend\node_modules\jest-environment-jsdom\node_modules\jsdom\lib\jsdom\living\events\EventTarget-impl.js:233:9)
        at HTMLUnknownElementImpl.dispatchEvent (C:\EasyCart\frontend\node_modules\jest-environment-jsdom\node_modules\jsdom\lib\jsdom\living\events\EventTarget-impl.js:104:17)
        at HTMLUnknownElement.dispatchEvent (C:\EasyCart\frontend\node_modules\jest-environment-jsdom\node_modules\jsdom\lib\jsdom\living\generated\EventTarget.js:241:34)
        at Object.invokeGuardedCallbackDev (C:\EasyCart\frontend\node_modules\react-dom\cjs\react-dom.development.js:4213:16)
        at invokeGuardedCallback (C:\EasyCart\frontend\node_modules\react-dom\cjs\react-dom.development.js:4277:31)
        at beginWork$1 (C:\EasyCart\frontend\node_modules\react-dom\cjs\react-dom.development.js:27490:7)
        at performUnitOfWork (C:\EasyCart\frontend\node_modules\react-dom\cjs\react-dom.development.js:26599:12)
        at workLoopSync (C:\EasyCart\frontend\node_modules\react-dom\cjs\react-dom.development.js:26505:5)
        at renderRootSync (C:\EasyCart\frontend\node_modules\react-dom\cjs\react-dom.development.js:26473:7)
        at performSyncWorkOnRoot (C:\EasyCart\frontend\node_modules\react-dom\cjs\react-dom.development.js:26124:20)
        at flushSyncCallbacks (C:\EasyCart\frontend\node_modules\react-dom\cjs\react-dom.development.js:12042:22)
        at C:\EasyCart\frontend\node_modules\react-dom\cjs\react-dom.development.js:25690:13
        at invokeTheCallbackFunction (C:\EasyCart\frontend\node_modules\jest-environment-jsdom\node_modules\jsdom\lib\jsdom\living\generated\Function.js:19:26)
        at C:\EasyCart\frontend\node_modules\jest-environment-jsdom\node_modules\jsdom\lib\jsdom\browser\Window.js:613:9
        at node:internal/process/task_queues:151:7
        at AsyncResource.runInAsyncScope (node:async_hooks:214:14)
        at AsyncResource.runMicrotask (node:internal/process/task_queues:148:8) {
      detail: TypeError: Cannot destructure property 'basename' of 'React__namespace.useContext(...)' as it is null.
          at basename (C:\EasyCart\frontend\node_modules\react-router-dom\index.tsx:975:11)
          at renderWithHooks (C:\EasyCart\frontend\node_modules\react-dom\cjs\react-dom.development.js:15486:18)
          at updateForwardRef (C:\EasyCart\frontend\node_modules\react-dom\cjs\react-dom.development.js:19245:20)
          at beginWork (C:\EasyCart\frontend\node_modules\react-dom\cjs\react-dom.development.js:21675:16)
          at HTMLUnknownElement.callCallback (C:\EasyCart\frontend\node_modules\react-dom\cjs\react-dom.development.js:4164:14)
          at HTMLUnknownElement.callTheUserObjectsOperation (C:\EasyCart\frontend\node_modules\jest-environment-jsdom\node_modules\jsdom\lib\jsdom\living\generated\EventListener.js:26:30)
          at innerInvokeEventListeners (C:\EasyCart\frontend\node_modules\jest-environment-jsdom\node_modules\jsdom\lib\jsdom\living\events\EventTarget-impl.js:350:25)
          at invokeEventListeners (C:\EasyCart\frontend\node_modules\jest-environment-jsdom\node_modules\jsdom\lib\jsdom\living\events\EventTarget-impl.js:286:3)
          at HTMLUnknownElementImpl._dispatch (C:\EasyCart\frontend\node_modules\jest-environment-jsdom\node_modules\jsdom\lib\jsdom\living\events\EventTarget-impl.js:233:9)
          at HTMLUnknownElementImpl.dispatchEvent (C:\EasyCart\frontend\node_modules\jest-environment-jsdom\node_modules\jsdom\lib\jsdom\living\events\EventTarget-impl.js:104:17)
          at HTMLUnknownElement.dispatchEvent (C:\EasyCart\frontend\node_modules\jest-environment-jsdom\node_modules\jsdom\lib\jsdom\living\generated\EventTarget.js:241:34)
          at Object.invokeGuardedCallbackDev (C:\EasyCart\frontend\node_modules\react-dom\cjs\react-dom.development.js:4213:16)
          at invokeGuardedCallback (C:\EasyCart\frontend\node_modules\react-dom\cjs\react-dom.development.js:4277:31)
          at beginWork$1 (C:\EasyCart\frontend\node_modules\react-dom\cjs\react-dom.development.js:27490:7)
          at performUnitOfWork (C:\EasyCart\frontend\node_modules\react-dom\cjs\react-dom.development.js:26599:12)
          at workLoopSync (C:\EasyCart\frontend\node_modules\react-dom\cjs\react-dom.development.js:26505:5)
          at renderRootSync (C:\EasyCart\frontend\node_modules\react-dom\cjs\react-dom.development.js:26473:7)
          at performSyncWorkOnRoot (C:\EasyCart\frontend\node_modules\react-dom\cjs\react-dom.development.js:26124:20)
          at flushSyncCallbacks (C:\EasyCart\frontend\node_modules\react-dom\cjs\react-dom.development.js:12042:22)
          at C:\EasyCart\frontend\node_modules\react-dom\cjs\react-dom.development.js:25690:13
          at invokeTheCallbackFunction (C:\EasyCart\frontend\node_modules\jest-environment-jsdom\node_modules\jsdom\lib\jsdom\living\generated\Function.js:19:26)
          at C:\EasyCart\frontend\node_modules\jest-environment-jsdom\node_modules\jsdom\lib\jsdom\browser\Window.js:613:9
          at node:internal/process/task_queues:151:7
          at AsyncResource.runInAsyncScope (node:async_hooks:214:14)
          at AsyncResource.runMicrotask (node:internal/process/task_queues:148:8),
      type: 'unhandled exception'
    }

      at VirtualConsole.<anonymous> (node_modules/@jest/environment-jsdom-abstract/build/index.js:87:23)
      at Object.invokeGuardedCallbackDev (node_modules/react-dom/cjs/react-dom.development.js:4213:16)
      at invokeGuardedCallback (node_modules/react-dom/cjs/react-dom.development.js:4277:31)
      at beginWork$1 (node_modules/react-dom/cjs/react-dom.development.js:27490:7)
      at performUnitOfWork (node_modules/react-dom/cjs/react-dom.development.js:26599:12)
      at workLoopSync (node_modules/react-dom/cjs/react-dom.development.js:26505:5)
      at renderRootSync (node_modules/react-dom/cjs/react-dom.development.js:26473:7)
      at performSyncWorkOnRoot (node_modules/react-dom/cjs/react-dom.development.js:26124:20)
      at flushSyncCallbacks (node_modules/react-dom/cjs/react-dom.development.js:12042:22)
      at node_modules/react-dom/cjs/react-dom.development.js:25690:13

  console.error
    Error: Uncaught [TypeError: Cannot destructure property 'basename' of 'React__namespace.useContext(...)' as it is null.]
        at reportException (C:\EasyCart\frontend\node_modules\jest-environment-jsdom\node_modules\jsdom\lib\jsdom\living\helpers\runtime-script-errors.js:66:24)
        at innerInvokeEventListeners (C:\EasyCart\frontend\node_modules\jest-environment-jsdom\node_modules\jsdom\lib\jsdom\living\events\EventTarget-impl.js:353:9)
        at invokeEventListeners (C:\EasyCart\frontend\node_modules\jest-environment-jsdom\node_modules\jsdom\lib\jsdom\living\events\EventTarget-impl.js:286:3)
        at HTMLUnknownElementImpl._dispatch (C:\EasyCart\frontend\node_modules\jest-environment-jsdom\node_modules\jsdom\lib\jsdom\living\events\EventTarget-impl.js:233:9)
        at HTMLUnknownElementImpl.dispatchEvent (C:\EasyCart\frontend\node_modules\jest-environment-jsdom\node_modules\jsdom\lib\jsdom\living\events\EventTarget-impl.js:104:17)
        at HTMLUnknownElement.dispatchEvent (C:\EasyCart\frontend\node_modules\jest-environment-jsdom\node_modules\jsdom\lib\jsdom\living\generated\EventTarget.js:241:34)
        at Object.invokeGuardedCallbackDev (C:\EasyCart\frontend\node_modules\react-dom\cjs\react-dom.development.js:4213:16)
        at invokeGuardedCallback (C:\EasyCart\frontend\node_modules\react-dom\cjs\react-dom.development.js:4277:31)
        at beginWork$1 (C:\EasyCart\frontend\node_modules\react-dom\cjs\react-dom.development.js:27490:7)
        at performUnitOfWork (C:\EasyCart\frontend\node_modules\react-dom\cjs\react-dom.development.js:26599:12)
        at workLoopSync (C:\EasyCart\frontend\node_modules\react-dom\cjs\react-dom.development.js:26505:5)
        at renderRootSync (C:\EasyCart\frontend\node_modules\react-dom\cjs\react-dom.development.js:26473:7)
        at recoverFromConcurrentError (C:\EasyCart\frontend\node_modules\react-dom\cjs\react-dom.development.js:25889:20)
        at performSyncWorkOnRoot (C:\EasyCart\frontend\node_modules\react-dom\cjs\react-dom.development.js:26135:20)
        at flushSyncCallbacks (C:\EasyCart\frontend\node_modules\react-dom\cjs\react-dom.development.js:12042:22)
        at C:\EasyCart\frontend\node_modules\react-dom\cjs\react-dom.development.js:25690:13
        at invokeTheCallbackFunction (C:\EasyCart\frontend\node_modules\jest-environment-jsdom\node_modules\jsdom\lib\jsdom\living\generated\Function.js:19:26)
        at C:\EasyCart\frontend\node_modules\jest-environment-jsdom\node_modules\jsdom\lib\jsdom\browser\Window.js:613:9
        at node:internal/process/task_queues:151:7
        at AsyncResource.runInAsyncScope (node:async_hooks:214:14)
        at AsyncResource.runMicrotask (node:internal/process/task_queues:148:8) {
      detail: TypeError: Cannot destructure property 'basename' of 'React__namespace.useContext(...)' as it is null.
          at basename (C:\EasyCart\frontend\node_modules\react-router-dom\index.tsx:975:11)
          at renderWithHooks (C:\EasyCart\frontend\node_modules\react-dom\cjs\react-dom.development.js:15486:18)
          at updateForwardRef (C:\EasyCart\frontend\node_modules\react-dom\cjs\react-dom.development.js:19245:20)
          at beginWork (C:\EasyCart\frontend\node_modules\react-dom\cjs\react-dom.development.js:21675:16)
          at HTMLUnknownElement.callCallback (C:\EasyCart\frontend\node_modules\react-dom\cjs\react-dom.development.js:4164:14)
          at HTMLUnknownElement.callTheUserObjectsOperation (C:\EasyCart\frontend\node_modules\jest-environment-jsdom\node_modules\jsdom\lib\jsdom\living\generated\EventListener.js:26:30)
          at innerInvokeEventListeners (C:\EasyCart\frontend\node_modules\jest-environment-jsdom\node_modules\jsdom\lib\jsdom\living\events\EventTarget-impl.js:350:25)
          at invokeEventListeners (C:\EasyCart\frontend\node_modules\jest-environment-jsdom\node_modules\jsdom\lib\jsdom\living\events\EventTarget-impl.js:286:3)
          at HTMLUnknownElementImpl._dispatch (C:\EasyCart\frontend\node_modules\jest-environment-jsdom\node_modules\jsdom\lib\jsdom\living\events\EventTarget-impl.js:233:9)
          at HTMLUnknownElementImpl.dispatchEvent (C:\EasyCart\frontend\node_modules\jest-environment-jsdom\node_modules\jsdom\lib\jsdom\living\events\EventTarget-impl.js:104:17)
          at HTMLUnknownElement.dispatchEvent (C:\EasyCart\frontend\node_modules\jest-environment-jsdom\node_modules\jsdom\lib\jsdom\living\generated\EventTarget.js:241:34)
          at Object.invokeGuardedCallbackDev (C:\EasyCart\frontend\node_modules\react-dom\cjs\react-dom.development.js:4213:16)
          at invokeGuardedCallback (C:\EasyCart\frontend\node_modules\react-dom\cjs\react-dom.development.js:4277:31)
          at beginWork$1 (C:\EasyCart\frontend\node_modules\react-dom\cjs\react-dom.development.js:27490:7)
          at performUnitOfWork (C:\EasyCart\frontend\node_modules\react-dom\cjs\react-dom.development.js:26599:12)
          at workLoopSync (C:\EasyCart\frontend\node_modules\react-dom\cjs\react-dom.development.js:26505:5)
          at renderRootSync (C:\EasyCart\frontend\node_modules\react-dom\cjs\react-dom.development.js:26473:7)
          at recoverFromConcurrentError (C:\EasyCart\frontend\node_modules\react-dom\cjs\react-dom.development.js:25889:20)
          at performSyncWorkOnRoot (C:\EasyCart\frontend\node_modules\react-dom\cjs\react-dom.development.js:26135:20)
          at flushSyncCallbacks (C:\EasyCart\frontend\node_modules\react-dom\cjs\react-dom.development.js:12042:22)
          at C:\EasyCart\frontend\node_modules\react-dom\cjs\react-dom.development.js:25690:13
          at invokeTheCallbackFunction (C:\EasyCart\frontend\node_modules\jest-environment-jsdom\node_modules\jsdom\lib\jsdom\living\generated\Function.js:19:26)
          at C:\EasyCart\frontend\node_modules\jest-environment-jsdom\node_modules\jsdom\lib\jsdom\browser\Window.js:613:9
          at node:internal/process/task_queues:151:7
          at AsyncResource.runInAsyncScope (node:async_hooks:214:14)
          at AsyncResource.runMicrotask (node:internal/process/task_queues:148:8),
      type: 'unhandled exception'
    }

      at VirtualConsole.<anonymous> (node_modules/@jest/environment-jsdom-abstract/build/index.js:87:23)
      at Object.invokeGuardedCallbackDev (node_modules/react-dom/cjs/react-dom.development.js:4213:16)
      at invokeGuardedCallback (node_modules/react-dom/cjs/react-dom.development.js:4277:31)
      at beginWork$1 (node_modules/react-dom/cjs/react-dom.development.js:27490:7)
      at performUnitOfWork (node_modules/react-dom/cjs/react-dom.development.js:26599:12)
      at workLoopSync (node_modules/react-dom/cjs/react-dom.development.js:26505:5)
      at renderRootSync (node_modules/react-dom/cjs/react-dom.development.js:26473:7)
      at recoverFromConcurrentError (node_modules/react-dom/cjs/react-dom.development.js:25889:20)
      at performSyncWorkOnRoot (node_modules/react-dom/cjs/react-dom.development.js:26135:20)
      at flushSyncCallbacks (node_modules/react-dom/cjs/react-dom.development.js:12042:22)
      at node_modules/react-dom/cjs/react-dom.development.js:25690:13

  console.error
    Error: Uncaught [TypeError: Cannot destructure property 'basename' of 'React__namespace.useContext(...)' as it is null.]
        at reportException (C:\EasyCart\frontend\node_modules\jest-environment-jsdom\node_modules\jsdom\lib\jsdom\living\helpers\runtime-script-errors.js:66:24)
        at innerInvokeEventListeners (C:\EasyCart\frontend\node_modules\jest-environment-jsdom\node_modules\jsdom\lib\jsdom\living\events\EventTarget-impl.js:353:9)
        at invokeEventListeners (C:\EasyCart\frontend\node_modules\jest-environment-jsdom\node_modules\jsdom\lib\jsdom\living\events\EventTarget-impl.js:286:3)
        at HTMLUnknownElementImpl._dispatch (C:\EasyCart\frontend\node_modules\jest-environment-jsdom\node_modules\jsdom\lib\jsdom\living\events\EventTarget-impl.js:233:9)
        at HTMLUnknownElementImpl.dispatchEvent (C:\EasyCart\frontend\node_modules\jest-environment-jsdom\node_modules\jsdom\lib\jsdom\living\events\EventTarget-impl.js:104:17)
        at HTMLUnknownElement.dispatchEvent (C:\EasyCart\frontend\node_modules\jest-environment-jsdom\node_modules\jsdom\lib\jsdom\living\generated\EventTarget.js:241:34)
        at Object.invokeGuardedCallbackDev (C:\EasyCart\frontend\node_modules\react-dom\cjs\react-dom.development.js:4213:16)
        at invokeGuardedCallback (C:\EasyCart\frontend\node_modules\react-dom\cjs\react-dom.development.js:4277:31)
        at beginWork$1 (C:\EasyCart\frontend\node_modules\react-dom\cjs\react-dom.development.js:27490:7)
        at performUnitOfWork (C:\EasyCart\frontend\node_modules\react-dom\cjs\react-dom.development.js:26599:12)
        at workLoopSync (C:\EasyCart\frontend\node_modules\react-dom\cjs\react-dom.development.js:26505:5)
        at renderRootSync (C:\EasyCart\frontend\node_modules\react-dom\cjs\react-dom.development.js:26473:7)
        at recoverFromConcurrentError (C:\EasyCart\frontend\node_modules\react-dom\cjs\react-dom.development.js:25889:20)
        at performSyncWorkOnRoot (C:\EasyCart\frontend\node_modules\react-dom\cjs\react-dom.development.js:26135:20)
        at flushSyncCallbacks (C:\EasyCart\frontend\node_modules\react-dom\cjs\react-dom.development.js:12042:22)
        at C:\EasyCart\frontend\node_modules\react-dom\cjs\react-dom.development.js:25690:13
        at invokeTheCallbackFunction (C:\EasyCart\frontend\node_modules\jest-environment-jsdom\node_modules\jsdom\lib\jsdom\living\generated\Function.js:19:26)
        at C:\EasyCart\frontend\node_modules\jest-environment-jsdom\node_modules\jsdom\lib\jsdom\browser\Window.js:613:9
        at node:internal/process/task_queues:151:7
        at AsyncResource.runInAsyncScope (node:async_hooks:214:14)
        at AsyncResource.runMicrotask (node:internal/process/task_queues:148:8) {
      detail: TypeError: Cannot destructure property 'basename' of 'React__namespace.useContext(...)' as it is null.
          at basename (C:\EasyCart\frontend\node_modules\react-router-dom\index.tsx:975:11)
          at renderWithHooks (C:\EasyCart\frontend\node_modules\react-dom\cjs\react-dom.development.js:15486:18)
          at updateForwardRef (C:\EasyCart\frontend\node_modules\react-dom\cjs\react-dom.development.js:19245:20)
          at beginWork (C:\EasyCart\frontend\node_modules\react-dom\cjs\react-dom.development.js:21675:16)
          at HTMLUnknownElement.callCallback (C:\EasyCart\frontend\node_modules\react-dom\cjs\react-dom.development.js:4164:14)
          at HTMLUnknownElement.callTheUserObjectsOperation (C:\EasyCart\frontend\node_modules\jest-environment-jsdom\node_modules\jsdom\lib\jsdom\living\generated\EventListener.js:26:30)
          at innerInvokeEventListeners (C:\EasyCart\frontend\node_modules\jest-environment-jsdom\node_modules\jsdom\lib\jsdom\living\events\EventTarget-impl.js:350:25)
          at invokeEventListeners (C:\EasyCart\frontend\node_modules\jest-environment-jsdom\node_modules\jsdom\lib\jsdom\living\events\EventTarget-impl.js:286:3)
          at HTMLUnknownElementImpl._dispatch (C:\EasyCart\frontend\node_modules\jest-environment-jsdom\node_modules\jsdom\lib\jsdom\living\events\EventTarget-impl.js:233:9)
          at HTMLUnknownElementImpl.dispatchEvent (C:\EasyCart\frontend\node_modules\jest-environment-jsdom\node_modules\jsdom\lib\jsdom\living\events\EventTarget-impl.js:104:17)
          at HTMLUnknownElement.dispatchEvent (C:\EasyCart\frontend\node_modules\jest-environment-jsdom\node_modules\jsdom\lib\jsdom\living\generated\EventTarget.js:241:34)
          at Object.invokeGuardedCallbackDev (C:\EasyCart\frontend\node_modules\react-dom\cjs\react-dom.development.js:4213:16)
          at invokeGuardedCallback (C:\EasyCart\frontend\node_modules\react-dom\cjs\react-dom.development.js:4277:31)
          at beginWork$1 (C:\EasyCart\frontend\node_modules\react-dom\cjs\react-dom.development.js:27490:7)
          at performUnitOfWork (C:\EasyCart\frontend\node_modules\react-dom\cjs\react-dom.development.js:26599:12)
          at workLoopSync (C:\EasyCart\frontend\node_modules\react-dom\cjs\react-dom.development.js:26505:5)
          at renderRootSync (C:\EasyCart\frontend\node_modules\react-dom\cjs\react-dom.development.js:26473:7)
          at recoverFromConcurrentError (C:\EasyCart\frontend\node_modules\react-dom\cjs\react-dom.development.js:25889:20)
          at performSyncWorkOnRoot (C:\EasyCart\frontend\node_modules\react-dom\cjs\react-dom.development.js:26135:20)
          at flushSyncCallbacks (C:\EasyCart\frontend\node_modules\react-dom\cjs\react-dom.development.js:12042:22)
          at C:\EasyCart\frontend\node_modules\react-dom\cjs\react-dom.development.js:25690:13
          at invokeTheCallbackFunction (C:\EasyCart\frontend\node_modules\jest-environment-jsdom\node_modules\jsdom\lib\jsdom\living\generated\Function.js:19:26)
          at C:\EasyCart\frontend\node_modules\jest-environment-jsdom\node_modules\jsdom\lib\jsdom\browser\Window.js:613:9
          at node:internal/process/task_queues:151:7
          at AsyncResource.runInAsyncScope (node:async_hooks:214:14)
          at AsyncResource.runMicrotask (node:internal/process/task_queues:148:8),
      type: 'unhandled exception'
    }

      at VirtualConsole.<anonymous> (node_modules/@jest/environment-jsdom-abstract/build/index.js:87:23)
      at Object.invokeGuardedCallbackDev (node_modules/react-dom/cjs/react-dom.development.js:4213:16)
      at invokeGuardedCallback (node_modules/react-dom/cjs/react-dom.development.js:4277:31)
      at beginWork$1 (node_modules/react-dom/cjs/react-dom.development.js:27490:7)
      at performUnitOfWork (node_modules/react-dom/cjs/react-dom.development.js:26599:12)
      at workLoopSync (node_modules/react-dom/cjs/react-dom.development.js:26505:5)
      at renderRootSync (node_modules/react-dom/cjs/react-dom.development.js:26473:7)
      at recoverFromConcurrentError (node_modules/react-dom/cjs/react-dom.development.js:25889:20)
      at performSyncWorkOnRoot (node_modules/react-dom/cjs/react-dom.development.js:26135:20)
      at flushSyncCallbacks (node_modules/react-dom/cjs/react-dom.development.js:12042:22)
      at node_modules/react-dom/cjs/react-dom.development.js:25690:13

  console.error
    Error: Uncaught [TypeError: Cannot destructure property 'basename' of 'React__namespace.useContext(...)' as it is null.]
        at reportException (C:\EasyCart\frontend\node_modules\jest-environment-jsdom\node_modules\jsdom\lib\jsdom\living\helpers\runtime-script-errors.js:66:24)
        at innerInvokeEventListeners (C:\EasyCart\frontend\node_modules\jest-environment-jsdom\node_modules\jsdom\lib\jsdom\living\events\EventTarget-impl.js:353:9)
        at invokeEventListeners (C:\EasyCart\frontend\node_modules\jest-environment-jsdom\node_modules\jsdom\lib\jsdom\living\events\EventTarget-impl.js:286:3)
        at HTMLUnknownElementImpl._dispatch (C:\EasyCart\frontend\node_modules\jest-environment-jsdom\node_modules\jsdom\lib\jsdom\living\events\EventTarget-impl.js:233:9)
        at HTMLUnknownElementImpl.dispatchEvent (C:\EasyCart\frontend\node_modules\jest-environment-jsdom\node_modules\jsdom\lib\jsdom\living\events\EventTarget-impl.js:104:17)
        at HTMLUnknownElement.dispatchEvent (C:\EasyCart\frontend\node_modules\jest-environment-jsdom\node_modules\jsdom\lib\jsdom\living\generated\EventTarget.js:241:34)
        at Object.invokeGuardedCallbackDev (C:\EasyCart\frontend\node_modules\react-dom\cjs\react-dom.development.js:4213:16)
        at invokeGuardedCallback (C:\EasyCart\frontend\node_modules\react-dom\cjs\react-dom.development.js:4277:31)
        at beginWork$1 (C:\EasyCart\frontend\node_modules\react-dom\cjs\react-dom.development.js:27490:7)
        at performUnitOfWork (C:\EasyCart\frontend\node_modules\react-dom\cjs\react-dom.development.js:26599:12)
        at workLoopSync (C:\EasyCart\frontend\node_modules\react-dom\cjs\react-dom.development.js:26505:5)
        at renderRootSync (C:\EasyCart\frontend\node_modules\react-dom\cjs\react-dom.development.js:26473:7)
        at recoverFromConcurrentError (C:\EasyCart\frontend\node_modules\react-dom\cjs\react-dom.development.js:25889:20)
        at performSyncWorkOnRoot (C:\EasyCart\frontend\node_modules\react-dom\cjs\react-dom.development.js:26135:20)
        at flushSyncCallbacks (C:\EasyCart\frontend\node_modules\react-dom\cjs\react-dom.development.js:12042:22)
        at C:\EasyCart\frontend\node_modules\react-dom\cjs\react-dom.development.js:25690:13
        at invokeTheCallbackFunction (C:\EasyCart\frontend\node_modules\jest-environment-jsdom\node_modules\jsdom\lib\jsdom\living\generated\Function.js:19:26)
        at C:\EasyCart\frontend\node_modules\jest-environment-jsdom\node_modules\jsdom\lib\jsdom\browser\Window.js:613:9
        at node:internal/process/task_queues:151:7
        at AsyncResource.runInAsyncScope (node:async_hooks:214:14)
        at AsyncResource.runMicrotask (node:internal/process/task_queues:148:8) {
      detail: TypeError: Cannot destructure property 'basename' of 'React__namespace.useContext(...)' as it is null.
          at basename (C:\EasyCart\frontend\node_modules\react-router-dom\index.tsx:975:11)
          at renderWithHooks (C:\EasyCart\frontend\node_modules\react-dom\cjs\react-dom.development.js:15486:18)
          at updateForwardRef (C:\EasyCart\frontend\node_modules\react-dom\cjs\react-dom.development.js:19245:20)
          at beginWork (C:\EasyCart\frontend\node_modules\react-dom\cjs\react-dom.development.js:21675:16)
          at HTMLUnknownElement.callCallback (C:\EasyCart\frontend\node_modules\react-dom\cjs\react-dom.development.js:4164:14)
          at HTMLUnknownElement.callTheUserObjectsOperation (C:\EasyCart\frontend\node_modules\jest-environment-jsdom\node_modules\jsdom\lib\jsdom\living\generated\EventListener.js:26:30)
          at innerInvokeEventListeners (C:\EasyCart\frontend\node_modules\jest-environment-jsdom\node_modules\jsdom\lib\jsdom\living\events\EventTarget-impl.js:350:25)
          at invokeEventListeners (C:\EasyCart\frontend\node_modules\jest-environment-jsdom\node_modules\jsdom\lib\jsdom\living\events\EventTarget-impl.js:286:3)
          at HTMLUnknownElementImpl._dispatch (C:\EasyCart\frontend\node_modules\jest-environment-jsdom\node_modules\jsdom\lib\jsdom\living\events\EventTarget-impl.js:233:9)
          at HTMLUnknownElementImpl.dispatchEvent (C:\EasyCart\frontend\node_modules\jest-environment-jsdom\node_modules\jsdom\lib\jsdom\living\events\EventTarget-impl.js:104:17)
          at HTMLUnknownElement.dispatchEvent (C:\EasyCart\frontend\node_modules\jest-environment-jsdom\node_modules\jsdom\lib\jsdom\living\generated\EventTarget.js:241:34)
          at Object.invokeGuardedCallbackDev (C:\EasyCart\frontend\node_modules\react-dom\cjs\react-dom.development.js:4213:16)
          at invokeGuardedCallback (C:\EasyCart\frontend\node_modules\react-dom\cjs\react-dom.development.js:4277:31)
          at beginWork$1 (C:\EasyCart\frontend\node_modules\react-dom\cjs\react-dom.development.js:27490:7)
          at performUnitOfWork (C:\EasyCart\frontend\node_modules\react-dom\cjs\react-dom.development.js:26599:12)
          at workLoopSync (C:\EasyCart\frontend\node_modules\react-dom\cjs\react-dom.development.js:26505:5)
          at renderRootSync (C:\EasyCart\frontend\node_modules\react-dom\cjs\react-dom.development.js:26473:7)
          at recoverFromConcurrentError (C:\EasyCart\frontend\node_modules\react-dom\cjs\react-dom.development.js:25889:20)
          at performSyncWorkOnRoot (C:\EasyCart\frontend\node_modules\react-dom\cjs\react-dom.development.js:26135:20)
          at flushSyncCallbacks (C:\EasyCart\frontend\node_modules\react-dom\cjs\react-dom.development.js:12042:22)
          at C:\EasyCart\frontend\node_modules\react-dom\cjs\react-dom.development.js:25690:13
          at invokeTheCallbackFunction (C:\EasyCart\frontend\node_modules\jest-environment-jsdom\node_modules\jsdom\lib\jsdom\living\generated\Function.js:19:26)
          at C:\EasyCart\frontend\node_modules\jest-environment-jsdom\node_modules\jsdom\lib\jsdom\browser\Window.js:613:9
          at node:internal/process/task_queues:151:7
          at AsyncResource.runInAsyncScope (node:async_hooks:214:14)
          at AsyncResource.runMicrotask (node:internal/process/task_queues:148:8),
      type: 'unhandled exception'
    }

      at VirtualConsole.<anonymous> (node_modules/@jest/environment-jsdom-abstract/build/index.js:87:23)
      at Object.invokeGuardedCallbackDev (node_modules/react-dom/cjs/react-dom.development.js:4213:16)
      at invokeGuardedCallback (node_modules/react-dom/cjs/react-dom.development.js:4277:31)
      at beginWork$1 (node_modules/react-dom/cjs/react-dom.development.js:27490:7)
      at performUnitOfWork (node_modules/react-dom/cjs/react-dom.development.js:26599:12)
      at workLoopSync (node_modules/react-dom/cjs/react-dom.development.js:26505:5)
      at renderRootSync (node_modules/react-dom/cjs/react-dom.development.js:26473:7)
      at recoverFromConcurrentError (node_modules/react-dom/cjs/react-dom.development.js:25889:20)
      at performSyncWorkOnRoot (node_modules/react-dom/cjs/react-dom.development.js:26135:20)
      at flushSyncCallbacks (node_modules/react-dom/cjs/react-dom.development.js:12042:22)
      at node_modules/react-dom/cjs/react-dom.development.js:25690:13

  console.error
    Error: Uncaught [TypeError: Cannot destructure property 'basename' of 'React__namespace.useContext(...)' as it is null.]
        at reportException (C:\EasyCart\frontend\node_modules\jest-environment-jsdom\node_modules\jsdom\lib\jsdom\living\helpers\runtime-script-errors.js:66:24)
        at innerInvokeEventListeners (C:\EasyCart\frontend\node_modules\jest-environment-jsdom\node_modules\jsdom\lib\jsdom\living\events\EventTarget-impl.js:353:9)
        at invokeEventListeners (C:\EasyCart\frontend\node_modules\jest-environment-jsdom\node_modules\jsdom\lib\jsdom\living\events\EventTarget-impl.js:286:3)
        at HTMLUnknownElementImpl._dispatch (C:\EasyCart\frontend\node_modules\jest-environment-jsdom\node_modules\jsdom\lib\jsdom\living\events\EventTarget-impl.js:233:9)
        at HTMLUnknownElementImpl.dispatchEvent (C:\EasyCart\frontend\node_modules\jest-environment-jsdom\node_modules\jsdom\lib\jsdom\living\events\EventTarget-impl.js:104:17)
        at HTMLUnknownElement.dispatchEvent (C:\EasyCart\frontend\node_modules\jest-environment-jsdom\node_modules\jsdom\lib\jsdom\living\generated\EventTarget.js:241:34)
        at Object.invokeGuardedCallbackDev (C:\EasyCart\frontend\node_modules\react-dom\cjs\react-dom.development.js:4213:16)
        at invokeGuardedCallback (C:\EasyCart\frontend\node_modules\react-dom\cjs\react-dom.development.js:4277:31)
        at beginWork$1 (C:\EasyCart\frontend\node_modules\react-dom\cjs\react-dom.development.js:27490:7)
        at performUnitOfWork (C:\EasyCart\frontend\node_modules\react-dom\cjs\react-dom.development.js:26599:12)
        at workLoopSync (C:\EasyCart\frontend\node_modules\react-dom\cjs\react-dom.development.js:26505:5)
        at renderRootSync (C:\EasyCart\frontend\node_modules\react-dom\cjs\react-dom.development.js:26473:7)
        at recoverFromConcurrentError (C:\EasyCart\frontend\node_modules\react-dom\cjs\react-dom.development.js:25889:20)
        at performSyncWorkOnRoot (C:\EasyCart\frontend\node_modules\react-dom\cjs\react-dom.development.js:26135:20)
        at flushSyncCallbacks (C:\EasyCart\frontend\node_modules\react-dom\cjs\react-dom.development.js:12042:22)
        at C:\EasyCart\frontend\node_modules\react-dom\cjs\react-dom.development.js:25690:13
        at invokeTheCallbackFunction (C:\EasyCart\frontend\node_modules\jest-environment-jsdom\node_modules\jsdom\lib\jsdom\living\generated\Function.js:19:26)
        at C:\EasyCart\frontend\node_modules\jest-environment-jsdom\node_modules\jsdom\lib\jsdom\browser\Window.js:613:9
        at node:internal/process/task_queues:151:7
        at AsyncResource.runInAsyncScope (node:async_hooks:214:14)
        at AsyncResource.runMicrotask (node:internal/process/task_queues:148:8) {
      detail: TypeError: Cannot destructure property 'basename' of 'React__namespace.useContext(...)' as it is null.
          at basename (C:\EasyCart\frontend\node_modules\react-router-dom\index.tsx:975:11)
          at renderWithHooks (C:\EasyCart\frontend\node_modules\react-dom\cjs\react-dom.development.js:15486:18)
          at updateForwardRef (C:\EasyCart\frontend\node_modules\react-dom\cjs\react-dom.development.js:19245:20)
          at beginWork (C:\EasyCart\frontend\node_modules\react-dom\cjs\react-dom.development.js:21675:16)
          at HTMLUnknownElement.callCallback (C:\EasyCart\frontend\node_modules\react-dom\cjs\react-dom.development.js:4164:14)
          at HTMLUnknownElement.callTheUserObjectsOperation (C:\EasyCart\frontend\node_modules\jest-environment-jsdom\node_modules\jsdom\lib\jsdom\living\generated\EventListener.js:26:30)
          at innerInvokeEventListeners (C:\EasyCart\frontend\node_modules\jest-environment-jsdom\node_modules\jsdom\lib\jsdom\living\events\EventTarget-impl.js:350:25)
          at invokeEventListeners (C:\EasyCart\frontend\node_modules\jest-environment-jsdom\node_modules\jsdom\lib\jsdom\living\events\EventTarget-impl.js:286:3)
          at HTMLUnknownElementImpl._dispatch (C:\EasyCart\frontend\node_modules\jest-environment-jsdom\node_modules\jsdom\lib\jsdom\living\events\EventTarget-impl.js:233:9)
          at HTMLUnknownElementImpl.dispatchEvent (C:\EasyCart\frontend\node_modules\jest-environment-jsdom\node_modules\jsdom\lib\jsdom\living\events\EventTarget-impl.js:104:17)
          at HTMLUnknownElement.dispatchEvent (C:\EasyCart\frontend\node_modules\jest-environment-jsdom\node_modules\jsdom\lib\jsdom\living\generated\EventTarget.js:241:34)
          at Object.invokeGuardedCallbackDev (C:\EasyCart\frontend\node_modules\react-dom\cjs\react-dom.development.js:4213:16)
          at invokeGuardedCallback (C:\EasyCart\frontend\node_modules\react-dom\cjs\react-dom.development.js:4277:31)
          at beginWork$1 (C:\EasyCart\frontend\node_modules\react-dom\cjs\react-dom.development.js:27490:7)
          at performUnitOfWork (C:\EasyCart\frontend\node_modules\react-dom\cjs\react-dom.development.js:26599:12)
          at workLoopSync (C:\EasyCart\frontend\node_modules\react-dom\cjs\react-dom.development.js:26505:5)
          at renderRootSync (C:\EasyCart\frontend\node_modules\react-dom\cjs\react-dom.development.js:26473:7)
          at recoverFromConcurrentError (C:\EasyCart\frontend\node_modules\react-dom\cjs\react-dom.development.js:25889:20)
          at performSyncWorkOnRoot (C:\EasyCart\frontend\node_modules\react-dom\cjs\react-dom.development.js:26135:20)
          at flushSyncCallbacks (C:\EasyCart\frontend\node_modules\react-dom\cjs\react-dom.development.js:12042:22)
          at C:\EasyCart\frontend\node_modules\react-dom\cjs\react-dom.development.js:25690:13
          at invokeTheCallbackFunction (C:\EasyCart\frontend\node_modules\jest-environment-jsdom\node_modules\jsdom\lib\jsdom\living\generated\Function.js:19:26)
          at C:\EasyCart\frontend\node_modules\jest-environment-jsdom\node_modules\jsdom\lib\jsdom\browser\Window.js:613:9
          at node:internal/process/task_queues:151:7
          at AsyncResource.runInAsyncScope (node:async_hooks:214:14)
          at AsyncResource.runMicrotask (node:internal/process/task_queues:148:8),
      type: 'unhandled exception'
    }

      at VirtualConsole.<anonymous> (node_modules/@jest/environment-jsdom-abstract/build/index.js:87:23)
      at Object.invokeGuardedCallbackDev (node_modules/react-dom/cjs/react-dom.development.js:4213:16)
      at invokeGuardedCallback (node_modules/react-dom/cjs/react-dom.development.js:4277:31)
      at beginWork$1 (node_modules/react-dom/cjs/react-dom.development.js:27490:7)
      at performUnitOfWork (node_modules/react-dom/cjs/react-dom.development.js:26599:12)
      at workLoopSync (node_modules/react-dom/cjs/react-dom.development.js:26505:5)
      at renderRootSync (node_modules/react-dom/cjs/react-dom.development.js:26473:7)
      at recoverFromConcurrentError (node_modules/react-dom/cjs/react-dom.development.js:25889:20)
      at performSyncWorkOnRoot (node_modules/react-dom/cjs/react-dom.development.js:26135:20)
      at flushSyncCallbacks (node_modules/react-dom/cjs/react-dom.development.js:12042:22)
      at node_modules/react-dom/cjs/react-dom.development.js:25690:13

  console.error
    The above error occurred in the <Link> component:
    
        at onClick (C:\EasyCart\frontend\node_modules\react-router-dom\index.tsx:962:7)
        at div
        at div
        at children (C:\EasyCart\frontend\src\components\ui\Card.js:4:17)
        at product (C:\EasyCart\frontend\src\components\ProductCard.js:8:24)
        at div
        at ProductList (C:\EasyCart\frontend\src\components\ProductList.jsx:33:51)
        at QueryClientProvider (C:\EasyCart\frontend\node_modules\@tanstack\react-query\src\QueryClientProvider.tsx:30:3)
        at children (C:\EasyCart\frontend\src\__tests__\ProductList.test.js:15:13)
    
    Consider adding an error boundary to your tree to customize error handling behavior.
    Visit https://reactjs.org/link/error-boundaries to learn more about error boundaries.

      at logCapturedError (node_modules/react-dom/cjs/react-dom.development.js:18704:23)
      at update.callback (node_modules/react-dom/cjs/react-dom.development.js:18737:5)
      at callCallback (node_modules/react-dom/cjs/react-dom.development.js:15036:12)
      at commitUpdateQueue (node_modules/react-dom/cjs/react-dom.development.js:15057:9)
      at commitLayoutEffectOnFiber (node_modules/react-dom/cjs/react-dom.development.js:23430:13)
      at commitLayoutMountEffects_complete (node_modules/react-dom/cjs/react-dom.development.js:24727:9)
      at commitLayoutEffects_begin (node_modules/react-dom/cjs/react-dom.development.js:24713:7)
      at commitLayoutEffects (node_modules/react-dom/cjs/react-dom.development.js:24651:3)
      at commitRootImpl (node_modules/react-dom/cjs/react-dom.development.js:26862:5)
      at commitRoot (node_modules/react-dom/cjs/react-dom.development.js:26721:5)
      at performSyncWorkOnRoot (node_modules/react-dom/cjs/react-dom.development.js:26156:3)
      at flushSyncCallbacks (node_modules/react-dom/cjs/react-dom.development.js:12042:22)
      at node_modules/react-dom/cjs/react-dom.development.js:25690:13

  console.error
    The above error occurred in the <Link> component:
    
        at onClick (C:\EasyCart\frontend\node_modules\react-router-dom\index.tsx:962:7)
        at div
        at div
        at children (C:\EasyCart\frontend\src\components\ui\Card.js:4:17)
        at product (C:\EasyCart\frontend\src\components\ProductCard.js:8:24)
        at div
        at ProductList (C:\EasyCart\frontend\src\components\ProductList.jsx:33:51)
        at QueryClientProvider (C:\EasyCart\frontend\node_modules\@tanstack\react-query\src\QueryClientProvider.tsx:30:3)
        at children (C:\EasyCart\frontend\src\__tests__\ProductList.test.js:15:13)
    
    Consider adding an error boundary to your tree to customize error handling behavior.
    Visit https://reactjs.org/link/error-boundaries to learn more about error boundaries.

      at logCapturedError (node_modules/react-dom/cjs/react-dom.development.js:18704:23)
      at update.callback (node_modules/react-dom/cjs/react-dom.development.js:18737:5)
      at callCallback (node_modules/react-dom/cjs/react-dom.development.js:15036:12)
      at commitUpdateQueue (node_modules/react-dom/cjs/react-dom.development.js:15057:9)
      at commitLayoutEffectOnFiber (node_modules/react-dom/cjs/react-dom.development.js:23430:13)
      at commitLayoutMountEffects_complete (node_modules/react-dom/cjs/react-dom.development.js:24727:9)
      at commitLayoutEffects_begin (node_modules/react-dom/cjs/react-dom.development.js:24713:7)
      at commitLayoutEffects (node_modules/react-dom/cjs/react-dom.development.js:24651:3)
      at commitRootImpl (node_modules/react-dom/cjs/react-dom.development.js:26862:5)
      at commitRoot (node_modules/react-dom/cjs/react-dom.development.js:26721:5)
      at performSyncWorkOnRoot (node_modules/react-dom/cjs/react-dom.development.js:26156:3)
      at flushSyncCallbacks (node_modules/react-dom/cjs/react-dom.development.js:12042:22)
      at node_modules/react-dom/cjs/react-dom.development.js:25690:13

  console.error
    The above error occurred in the <Link> component:
    
        at onClick (C:\EasyCart\frontend\node_modules\react-router-dom\index.tsx:962:7)
        at div
        at div
        at children (C:\EasyCart\frontend\src\components\ui\Card.js:4:17)
        at product (C:\EasyCart\frontend\src\components\ProductCard.js:8:24)
        at div
        at ProductList (C:\EasyCart\frontend\src\components\ProductList.jsx:33:51)
        at QueryClientProvider (C:\EasyCart\frontend\node_modules\@tanstack\react-query\src\QueryClientProvider.tsx:30:3)
        at children (C:\EasyCart\frontend\src\__tests__\ProductList.test.js:15:13)
    
    Consider adding an error boundary to your tree to customize error handling behavior.
    Visit https://reactjs.org/link/error-boundaries to learn more about error boundaries.

      at logCapturedError (node_modules/react-dom/cjs/react-dom.development.js:18704:23)
      at update.callback (node_modules/react-dom/cjs/react-dom.development.js:18737:5)
      at callCallback (node_modules/react-dom/cjs/react-dom.development.js:15036:12)
      at commitUpdateQueue (node_modules/react-dom/cjs/react-dom.development.js:15057:9)
      at commitLayoutEffectOnFiber (node_modules/react-dom/cjs/react-dom.development.js:23430:13)
      at commitLayoutMountEffects_complete (node_modules/react-dom/cjs/react-dom.development.js:24727:9)
      at commitLayoutEffects_begin (node_modules/react-dom/cjs/react-dom.development.js:24713:7)
      at commitLayoutEffects (node_modules/react-dom/cjs/react-dom.development.js:24651:3)
      at commitRootImpl (node_modules/react-dom/cjs/react-dom.development.js:26862:5)
      at commitRoot (node_modules/react-dom/cjs/react-dom.development.js:26721:5)
      at performSyncWorkOnRoot (node_modules/react-dom/cjs/react-dom.development.js:26156:3)
      at flushSyncCallbacks (node_modules/react-dom/cjs/react-dom.development.js:12042:22)
      at node_modules/react-dom/cjs/react-dom.development.js:25690:13

  console.error
    The above error occurred in the <Link> component:
    
        at onClick (C:\EasyCart\frontend\node_modules\react-router-dom\index.tsx:962:7)
        at div
        at div
        at children (C:\EasyCart\frontend\src\components\ui\Card.js:4:17)
        at product (C:\EasyCart\frontend\src\components\ProductCard.js:8:24)
        at div
        at ProductList (C:\EasyCart\frontend\src\components\ProductList.jsx:33:51)
        at QueryClientProvider (C:\EasyCart\frontend\node_modules\@tanstack\react-query\src\QueryClientProvider.tsx:30:3)
        at children (C:\EasyCart\frontend\src\__tests__\ProductList.test.js:15:13)
    
    Consider adding an error boundary to your tree to customize error handling behavior.
    Visit https://reactjs.org/link/error-boundaries to learn more about error boundaries.

      at logCapturedError (node_modules/react-dom/cjs/react-dom.development.js:18704:23)
      at update.callback (node_modules/react-dom/cjs/react-dom.development.js:18737:5)
      at callCallback (node_modules/react-dom/cjs/react-dom.development.js:15036:12)
      at commitUpdateQueue (node_modules/react-dom/cjs/react-dom.development.js:15057:9)
      at commitLayoutEffectOnFiber (node_modules/react-dom/cjs/react-dom.development.js:23430:13)
      at commitLayoutMountEffects_complete (node_modules/react-dom/cjs/react-dom.development.js:24727:9)
      at commitLayoutEffects_begin (node_modules/react-dom/cjs/react-dom.development.js:24713:7)
      at commitLayoutEffects (node_modules/react-dom/cjs/react-dom.development.js:24651:3)
      at commitRootImpl (node_modules/react-dom/cjs/react-dom.development.js:26862:5)
      at commitRoot (node_modules/react-dom/cjs/react-dom.development.js:26721:5)
      at performSyncWorkOnRoot (node_modules/react-dom/cjs/react-dom.development.js:26156:3)
      at flushSyncCallbacks (node_modules/react-dom/cjs/react-dom.development.js:12042:22)
      at node_modules/react-dom/cjs/react-dom.development.js:25690:13

  console.error
    Error: Uncaught [TypeError: Cannot destructure property 'basename' of 'React__namespace.useContext(...)' as it is null.]
        at reportException (C:\EasyCart\frontend\node_modules\jest-environment-jsdom\node_modules\jsdom\lib\jsdom\living\helpers\runtime-script-errors.js:66:24)
        at C:\EasyCart\frontend\node_modules\jest-environment-jsdom\node_modules\jsdom\lib\jsdom\browser\Window.js:615:9
        at node:internal/process/task_queues:151:7
        at AsyncResource.runInAsyncScope (node:async_hooks:214:14)
        at AsyncResource.runMicrotask (node:internal/process/task_queues:148:8) {
      detail: TypeError: Cannot destructure property 'basename' of 'React__namespace.useContext(...)' as it is null.
          at basename (C:\EasyCart\frontend\node_modules\react-router-dom\index.tsx:975:11)
          at renderWithHooks (C:\EasyCart\frontend\node_modules\react-dom\cjs\react-dom.development.js:15486:18)
          at updateForwardRef (C:\EasyCart\frontend\node_modules\react-dom\cjs\react-dom.development.js:19245:20)
          at beginWork (C:\EasyCart\frontend\node_modules\react-dom\cjs\react-dom.development.js:21675:16)
          at beginWork$1 (C:\EasyCart\frontend\node_modules\react-dom\cjs\react-dom.development.js:27465:14)
          at performUnitOfWork (C:\EasyCart\frontend\node_modules\react-dom\cjs\react-dom.development.js:26599:12)
          at workLoopSync (C:\EasyCart\frontend\node_modules\react-dom\cjs\react-dom.development.js:26505:5)
          at renderRootSync (C:\EasyCart\frontend\node_modules\react-dom\cjs\react-dom.development.js:26473:7)
          at recoverFromConcurrentError (C:\EasyCart\frontend\node_modules\react-dom\cjs\react-dom.development.js:25889:20)
          at performSyncWorkOnRoot (C:\EasyCart\frontend\node_modules\react-dom\cjs\react-dom.development.js:26135:20)
          at flushSyncCallbacks (C:\EasyCart\frontend\node_modules\react-dom\cjs\react-dom.development.js:12042:22)
          at C:\EasyCart\frontend\node_modules\react-dom\cjs\react-dom.development.js:25690:13
          at invokeTheCallbackFunction (C:\EasyCart\frontend\node_modules\jest-environment-jsdom\node_modules\jsdom\lib\jsdom\living\generated\Function.js:19:26)
          at C:\EasyCart\frontend\node_modules\jest-environment-jsdom\node_modules\jsdom\lib\jsdom\browser\Window.js:613:9
          at node:internal/process/task_queues:151:7
          at AsyncResource.runInAsyncScope (node:async_hooks:214:14)
          at AsyncResource.runMicrotask (node:internal/process/task_queues:148:8),
      type: 'unhandled exception'
    }

      at VirtualConsole.<anonymous> (node_modules/@jest/environment-jsdom-abstract/build/index.js:87:23)

FAIL src/__tests__/ProductList.test.js (14.204 s)
  ProductList Component
    × renders loading state initially (203 ms)
    × fetches and displays products from API (1081 ms)
    × displays prices in KSh format (1037 ms)
    × displays product images (1045 ms)
    × displays "Add to Cart" buttons (1062 ms)
    × displays "No products available" when API returns empty array (1034 ms)
    × handles API errors gracefully (1037 ms)
    × displays product categories (1026 ms)
    × truncates long product names with title attribute (1039 ms)
    × uses responsive grid layout (1026 ms)

  ● ProductList Component › renders loading state initially

    TestingLibraryElementError: Unable to find an element with the text: Loading products.... This could be because the text is broken up by multiple elements. In this case, you can provide a function for your text matcher to make your matcher more flexible.

    Ignored nodes: comments, script, style
    [36m<body>[39m
      [36m<div>[39m
        [36m<div[39m
          [33mclass[39m=[32m"grid grid-cols-1 sm:grid-cols-2 md:grid-cols-3 lg:grid-cols-4 gap-6"[39m
        [36m>[39m
          [36m<div[39m
            [33mclass[39m=[32m"bg-white dark:bg-gray-800 rounded-card shadow-card overflow-hidden animate-pulse"[39m
          [36m>[39m
            [36m<div[39m
              [33mclass[39m=[32m"h-48 bg-gray-200 dark:bg-gray-700"[39m
            [36m/>[39m
            [36m<div[39m
              [33mclass[39m=[32m"p-4 space-y-3"[39m
            [36m>[39m
              [36m<div[39m
                [33mclass[39m=[32m"h-6 bg-gray-200 dark:bg-gray-700 rounded w-3/4"[39m
              [36m/>[39m
              [36m<div[39m
                [33mclass[39m=[32m"h-4 bg-gray-200 dark:bg-gray-700 rounded w-full"[39m
              [36m/>[39m
              [36m<div[39m
                [33mclass[39m=[32m"h-4 bg-gray-200 dark:bg-gray-700 rounded w-5/6"[39m
              [36m/>[39m
              [36m<div[39m
                [33mclass[39m=[32m"flex items-center justify-between pt-2"[39m
              [36m>[39m
                [36m<div[39m
                  [33mclass[39m=[32m"h-8 bg-gray-200 dark:bg-gray-700 rounded w-24"[39m
                [36m/>[39m
                [36m<div[39m
                  [33mclass[39m=[32m"h-10 bg-gray-200 dark:bg-gray-700 rounded w-28"[39m
                [36m/>[39m
              [36m</div>[39m
            [36m</div>[39m
          [36m</div>[39m
          [36m<div[39m
            [33mclass[39m=[32m"bg-white dark:bg-gray-800 rounded-card shadow-card overflow-hidden animate-pulse"[39m
          [36m>[39m
            [36m<div[39m
              [33mclass[39m=[32m"h-48 bg-gray-200 dark:bg-gray-700"[39m
            [36m/>[39m
            [36m<div[39m
              [33mclass[39m=[32m"p-4 space-y-3"[39m
            [36m>[39m
              [36m<div[39m
                [33mclass[39m=[32m"h-6 bg-gray-200 dark:bg-gray-700 rounded w-3/4"[39m
              [36m/>[39m
              [36m<div[39m
                [33mclass[39m=[32m"h-4 bg-gray-200 dark:bg-gray-700 rounded w-full"[39m
              [36m/>[39m
              [36m<div[39m
                [33mclass[39m=[32m"h-4 bg-gray-200 dark:bg-gray-700 rounded w-5/6"[39m
              [36m/>[39m
              [36m<div[39m
                [33mclass[39m=[32m"flex items-center justify-between pt-2"[39m
              [36m>[39m
                [36m<div[39m
                  [33mclass[39m=[32m"h-8 bg-gray-200 dark:bg-gray-700 rounded w-24"[39m
                [36m/>[39m
                [36m<div[39m
                  [33mclass[39m=[32m"h-10 bg-gray-200 dark:bg-gray-700 rounded w-28"[39m
                [36m/>[39m
              [36m</div>[39m
            [36m</div>[39m
          [36m</div>[39m
          [36m<div[39m
            [33mclass[39m=[32m"bg-white dark:bg-gray-800 rounded-card shadow-card overflow-hidden animate-pulse"[39m
          [36m>[39m
            [36m<div[39m
              [33mclass[39m=[32m"h-48 bg-gray-200 dark:bg-gray-700"[39m
            [36m/>[39m
            [36m<div[39m
              [33mclass[39m=[32m"p-4 space-y-3"[39m
            [36m>[39m
              [36m<div[39m
                [33mclass[39m=[32m"h-6 bg-gray-200 dark:bg-gray-700 rounded w-3/4"[39m
              [36m/>[39m
              [36m<div[39m
                [33mclass[39m=[32m"h-4 bg-gray-200 dark:bg-gray-700 rounded w-full"[39m
              [36m/>[39m
              [36m<div[39m
                [33mclass[39m=[32m"h-4 bg-gray-200 dark:bg-gray-700 rounded w-5/6"[39m
              [36m/>[39m
              [36m<div[39m
                [33mclass[39m=[32m"flex items-center justify-between pt-2"[39m
              [36m>[39m
                [36m<div[39m
                  [33mclass[39m=[32m"h-8 bg-gray-200 dark:bg-gray-700 rounded w-24"[39m
                [36m/>[39m
                [36m<div[39m
                  [33mclass[39m=[32m"h-10 bg-gray-200 dark:bg-gray-700 rounded w-28"[39m
                [36m/>[39m
              [36m</div>[39m
            [36m</div>[39m
          [36m</div>[39m
          [36m<div[39m
            [33mclass[39m=[32m"bg-white dark:bg-gray-800 rounded-card shadow-card overflow-hidden animate-pulse"[39m
          [36m>[39m
            [36m<div[39m
              [33mclass[39m=[32m"h-48 bg-gray-200 dark:bg-gray-700"[39m
            [36m/>[39m
            [36m<div[39m
              [33mclass[39m=[32m"p-4 space-y-3"[39m
            [36m>[39m
              [36m<div[39m
                [33mclass[39m=[32m"h-6 bg-gray-200 dark:bg-gray-700 rounded w-3/4"[39m
              [36m/>[39m
              [36m<div[39m
                [33mclass[39m=[32m"h-4 bg-gray-200 dark:bg-gray-700 rounded w-full"[39m
              [36m/>[39m
              [36m<div[39m
                [33mclass[39m=[32m"h-4 bg-gray-200 dark:bg-gray-700 rounded w-5/6"[39m
              [36m/>[39m
              [36m<div[39m
                [33mclass[39m=[32m"flex items-center justify-between pt-2"[39m
              [36m>[39m
                [36m<div[39m
                  [33mclass[39m=[32m"h-8 bg-gray-200 dark:bg-gray-700 rounded w-24"[39m
                [36m/>[39m
                [36m<div[39m
                  [33mclass[39m=[32m"h-10 bg-gray-200 dark:bg-gray-700 rounded w-28"[39m
                [36m/>[39m
              [36m</div>[39m
            [36m</div>[39m
          [36m</div>[39m
          [36m<div[39m
            [33mclass[39m=[32m"bg-white dark:bg-gray-800 rounded-card shadow-card overflow-hidden animate-pulse"[39m
          [36m>[39m
            [36m<div[39m
              [33mclass[39m=[32m"h-48 bg-gray-200 dark:bg-gray-700"[39m
            [36m/>[39m
            [36m<div[39m
              [33mclass[39m=[32m"p-4 space-y-3"[39m
            [36m>[39m
              [36m<div[39m
                [33mclass[39m=[32m"h-6 bg-gray-200 dark:bg-gray-700 rounded w-3/4"[39m
              [36m/>[39m
              [36m<div[39m
                [33mclass[39m=[32m"h-4 bg-gray-200 dark:bg-gray-700 rounded w-full"[39m
              [36m/>[39m
              [36m<div[39m
                [33mclass[39m=[32m"h-4 bg-gray-200 dark:bg-gray-700 rounded w-5/6"[39m
              [36m/>[39m
              [36m<div[39m
                [33mclass[39m=[32m"flex items-center justify-between pt-2"[39m
              [36m>[39m
                [36m<div[39m
                  [33mclass[39m=[32m"h-8 bg-gray-200 dark:bg-gray-700 rounded w-24"[39m
                [36m/>[39m
                [36m<div[39m
                  [33mclass[39m=[32m"h-10 bg-gray-200 dark:bg-gray-700 rounded w-28"[39m
                [36m/>[39m
              [36m</div>[39m
            [36m</div>[39m
          [36m</div>[39m
          [36m<div[39m
            [33mclass[39m=[32m"bg-white dark:bg-gray-800 rounded-card shadow-card overflow-hidden animate-pulse"[39m
          [36m>[39m
            [36m<div[39m
              [33mclass[39m=[32m"h-48 bg-gray-200 dark:bg-gray-700"[39m
            [36m/>[39m
            [36m<div[39m
              [33mclass[39m=[32m"p-4 space-y-3"[39m
            [36m>[39m
              [36m<div[39m
                [33mclass[39m=[32m"h-6 bg-gray-200 dark:bg-gray-700 rounded w-3/4"[39m
              [36m/>[39m
              [36m<div[39m
                [33mclass[39m=[32m"h-4 bg-gray-200 dark:bg-gray-700 rounded w-full"[39m
              [36m/>[39m
              [36m<div[39m
                [33mclass[39m=[32m"h-4 bg-gray-200 dark:bg-gray-700 rounded w-5/6"[39m
              [36m/>[39m
              [36m<div[39m
                [33mclass[39m=[32m"flex items-center justify-between pt-2"[39m
              [36m>[39m
                [36m<div[39m
                  [33mclass[39m=[32m"h-8 bg-gray-200 dark:bg-gray-700 rounded w-24"[39m
                [36m/>[39m
                [36m<div[39m
                  [33mclass[39m=[32m"h-10 bg-gray-200 dark:bg-gray-700 rounded w-28"[39m
                [36m/>[39m
              [36m</div>[39m
            [36m</div>[39m
          [36m</div>[39m
          [36m<div[39m
            [33mclass[39m=[32m"bg-white dark:bg-gray-800 rounded-card shadow-card overflow-hidden animate-pulse"[39m
          [36m>[39m
            [36m<div[39m
              [33mclass[39m=[32m"h-48 bg-gray-200 dark:bg-gray-700"[39m
            [36m/>[39m
            [36m<div[39m
              [33mclass[39m=[32m"p-4 space-y-3"[39m
            [36m>[39m
              [36m<div[39m
                [33mclass[39m=[32m"h-6 bg-gray-200 dark:bg-gray-700 rounded w-3/4"[39m
              [36m/>[39m
              [36m<div[39m
                [33mclass[39m=[32m"h-4 bg-gray-200 dark:bg-gray-700 rounded w-full"[39m
              [36m/>[39m
              [36m<div[39m
                [33mclass[39m=[32m"h-4 bg-gray-200 dark:bg-gray-700 rounded w-5/6"[39m
              [36m/>[39m
              [36m<div[39m
                [33mclass[39m=[32m"flex items-center justify-between pt-2"[39m
              [36m>[39m
                [36m<div[39m
                  [33mclass[39m=[32m"h-8 bg-gray-200 dark:bg-gray-700 rounded w-24"[39m
                [36m/>[39m
                [36m<div[39m
                  [33mclass[39m=[32m"h-10 bg-gray-200 dark:bg-gray-700 rounded w-28"[39m
                [36m/>[39m
              [36m</div>[39m
            [36m</div>[39m
          [36m</div>[39m
          [36m<div[39m
            [33mclass[39m=[32m"bg-white dark:bg-gray-800 rounded-card shadow-card overflow-hidden animate-pulse"[39m
          [36m>[39m
            [36m<div[39m
              [33mclass[39m=[32m"h-48 bg-gray-200 dark:bg-gray-700"[39m
            [36m/>[39m
            [36m<div[39m
              [33mclass[39m=[32m"p-4 space-y-3"[39m
            [36m>[39m
              [36m<div[39m
                [33mclass[39m=[32m"h-6 bg-gray-200 dark:bg-gray-700 rounded w-3/4"[39m
              [36m/>[39m
              [36m<div[39m
                [33mclass[39m=[32m"h-4 bg-gray-200 dark:bg-gray-700 rounded w-full"[39m
              [36m/>[39m
              [36m<div[39m
                [33mclass[39m=[32m"h-4 bg-gray-200 dark:bg-gray-700 rounded w-5/6"[39m
              [36m/>[39m
              [36m<div[39m
                [33mclass[39m=[32m"flex items-center justify-between pt-2"[39m
              [36m>[39m
                [36m<div[39m
                  [33mclass[39m=[32m"h-8 bg-gray-200 dark:bg-gray-700 rounded w-24"[39m
                [36m/>[39m
                [36m<div[39m
                  [33mclass[39m=[32m"h-10 bg-gray-200 dark:bg-gray-700 rounded w-28"[39m
                [36m/>[39m
              [36m</div>[39m
            [36m</div>[39m
          [36m</div>[39m
        [36m</div>[39m
      [36m</div>[39m
    [36m</body>[39m

    [0m [90m 68 |[39m     render([33m<[39m[33mProductList[39m [33m/[39m[33m>[39m[33m,[39m { wrapper[33m:[39m createWrapper() })[33m;[39m
     [90m 69 |[39m     
    [31m[1m>[22m[39m[90m 70 |[39m     expect(screen[33m.[39mgetByText([32m'Loading products...'[39m))[33m.[39mtoBeInTheDocument()[33m;[39m
     [90m    |[39m                   [31m[1m^[22m[39m
     [90m 71 |[39m   })[33m;[39m
     [90m 72 |[39m
     [90m 73 |[39m   test([32m'fetches and displays products from API'[39m[33m,[39m [36masync[39m () [33m=>[39m {[0m

      at Object.getElementError (node_modules/@testing-library/dom/dist/config.js:37:19)
      at node_modules/@testing-library/dom/dist/query-helpers.js:76:38
      at node_modules/@testing-library/dom/dist/query-helpers.js:52:17
      at node_modules/@testing-library/dom/dist/query-helpers.js:95:19
      at Object.getByText (src/__tests__/ProductList.test.js:70:19)

  ● ProductList Component › fetches and displays products from API

    TypeError: Cannot destructure property 'basename' of 'React__namespace.useContext(...)' as it is null.

      at basename (node_modules/react-router-dom/index.tsx:975:11)
      at renderWithHooks (node_modules/react-dom/cjs/react-dom.development.js:15486:18)
      at updateForwardRef (node_modules/react-dom/cjs/react-dom.development.js:19245:20)
      at beginWork (node_modules/react-dom/cjs/react-dom.development.js:21675:16)
      at beginWork$1 (node_modules/react-dom/cjs/react-dom.development.js:27465:14)
      at performUnitOfWork (node_modules/react-dom/cjs/react-dom.development.js:26599:12)
      at workLoopSync (node_modules/react-dom/cjs/react-dom.development.js:26505:5)
      at renderRootSync (node_modules/react-dom/cjs/react-dom.development.js:26473:7)
      at recoverFromConcurrentError (node_modules/react-dom/cjs/react-dom.development.js:25889:20)
      at performSyncWorkOnRoot (node_modules/react-dom/cjs/react-dom.development.js:26135:20)
      at flushSyncCallbacks (node_modules/react-dom/cjs/react-dom.development.js:12042:22)
      at node_modules/react-dom/cjs/react-dom.development.js:25690:13

  ● ProductList Component › fetches and displays products from API

    Unable to find an element with the text: Samsung Galaxy S21. This could be because the text is broken up by multiple elements. In this case, you can provide a function for your text matcher to make your matcher more flexible.

    Ignored nodes: comments, script, style
    [36m<body>[39m
      [36m<div />[39m
    [36m</body>[39m

    [0m [90m 75 |[39m     render([33m<[39m[33mProductList[39m [33m/[39m[33m>[39m[33m,[39m { wrapper[33m:[39m createWrapper() })[33m;[39m
     [90m 76 |[39m     
    [31m[1m>[22m[39m[90m 77 |[39m     [36mawait[39m waitFor(() [33m=>[39m {
     [90m    |[39m                  [31m[1m^[22m[39m
     [90m 78 |[39m       expect(screen[33m.[39mgetByText([32m'Samsung Galaxy S21'[39m))[33m.[39mtoBeInTheDocument()[33m;[39m
     [90m 79 |[39m     })[33m;[39m
     [90m 80 |[39m     [0m

      at waitForWrapper (node_modules/@testing-library/dom/dist/wait-for.js:163:27)
      at src/__tests__/ProductList.test.js:77:18
      at Generator.call (src/__tests__/ProductList.test.js:2:1)
      at Generator._invoke [as next] (src/__tests__/ProductList.test.js:2:1)
      at asyncGeneratorStep (src/__tests__/ProductList.test.js:2:1)
      at asyncGeneratorStep (src/__tests__/ProductList.test.js:2:1)
      at _next (src/__tests__/ProductList.test.js:2:1)
      at Object.<anonymous> (src/__tests__/ProductList.test.js:2:1)

  ● ProductList Component › displays prices in KSh format

    TypeError: Cannot destructure property 'basename' of 'React__namespace.useContext(...)' as it is null.

      at basename (node_modules/react-router-dom/index.tsx:975:11)
      at renderWithHooks (node_modules/react-dom/cjs/react-dom.development.js:15486:18)
      at updateForwardRef (node_modules/react-dom/cjs/react-dom.development.js:19245:20)
      at beginWork (node_modules/react-dom/cjs/react-dom.development.js:21675:16)
      at beginWork$1 (node_modules/react-dom/cjs/react-dom.development.js:27465:14)
      at performUnitOfWork (node_modules/react-dom/cjs/react-dom.development.js:26599:12)
      at workLoopSync (node_modules/react-dom/cjs/react-dom.development.js:26505:5)
      at renderRootSync (node_modules/react-dom/cjs/react-dom.development.js:26473:7)
      at recoverFromConcurrentError (node_modules/react-dom/cjs/react-dom.development.js:25889:20)
      at performSyncWorkOnRoot (node_modules/react-dom/cjs/react-dom.development.js:26135:20)
      at flushSyncCallbacks (node_modules/react-dom/cjs/react-dom.development.js:12042:22)
      at node_modules/react-dom/cjs/react-dom.development.js:25690:13

  ● ProductList Component › displays prices in KSh format

    Unable to find an element with the text: /KSh 45,000/. This could be because the text is broken up by multiple elements. In this case, you can provide a function for your text matcher to make your matcher more flexible.

    Ignored nodes: comments, script, style
    [36m<body>[39m
      [36m<div />[39m
    [36m</body>[39m

    [0m [90m 87 |[39m     render([33m<[39m[33mProductList[39m [33m/[39m[33m>[39m[33m,[39m { wrapper[33m:[39m createWrapper() })[33m;[39m
     [90m 88 |[39m     
    [31m[1m>[22m[39m[90m 89 |[39m     [36mawait[39m waitFor(() [33m=>[39m {
     [90m    |[39m                  [31m[1m^[22m[39m
     [90m 90 |[39m       expect(screen[33m.[39mgetByText([35m/KSh 45,000/[39m))[33m.[39mtoBeInTheDocument()[33m;[39m
     [90m 91 |[39m     })[33m;[39m
     [90m 92 |[39m     [0m

      at waitForWrapper (node_modules/@testing-library/dom/dist/wait-for.js:163:27)
      at src/__tests__/ProductList.test.js:89:18
      at Generator.call (src/__tests__/ProductList.test.js:2:1)
      at Generator._invoke [as next] (src/__tests__/ProductList.test.js:2:1)
      at asyncGeneratorStep (src/__tests__/ProductList.test.js:2:1)
      at asyncGeneratorStep (src/__tests__/ProductList.test.js:2:1)
      at _next (src/__tests__/ProductList.test.js:2:1)
      at Object.<anonymous> (src/__tests__/ProductList.test.js:2:1)

  ● ProductList Component › displays product images

    TypeError: Cannot destructure property 'basename' of 'React__namespace.useContext(...)' as it is null.

      at basename (node_modules/react-router-dom/index.tsx:975:11)
      at renderWithHooks (node_modules/react-dom/cjs/react-dom.development.js:15486:18)
      at updateForwardRef (node_modules/react-dom/cjs/react-dom.development.js:19245:20)
      at beginWork (node_modules/react-dom/cjs/react-dom.development.js:21675:16)
      at beginWork$1 (node_modules/react-dom/cjs/react-dom.development.js:27465:14)
      at performUnitOfWork (node_modules/react-dom/cjs/react-dom.development.js:26599:12)
      at workLoopSync (node_modules/react-dom/cjs/react-dom.development.js:26505:5)
      at renderRootSync (node_modules/react-dom/cjs/react-dom.development.js:26473:7)
      at recoverFromConcurrentError (node_modules/react-dom/cjs/react-dom.development.js:25889:20)
      at performSyncWorkOnRoot (node_modules/react-dom/cjs/react-dom.development.js:26135:20)
      at flushSyncCallbacks (node_modules/react-dom/cjs/react-dom.development.js:12042:22)
      at node_modules/react-dom/cjs/react-dom.development.js:25690:13

  ● ProductList Component › displays product images

    Unable to find role="img"

    Ignored nodes: comments, script, style
    [36m<body>[39m
      [36m<div />[39m
    [36m</body>[39m

    [0m [90m  98 |[39m     render([33m<[39m[33mProductList[39m [33m/[39m[33m>[39m[33m,[39m { wrapper[33m:[39m createWrapper() })[33m;[39m
     [90m  99 |[39m     
    [31m[1m>[22m[39m[90m 100 |[39m     [36mawait[39m waitFor(() [33m=>[39m {
     [90m     |[39m                  [31m[1m^[22m[39m
     [90m 101 |[39m       [36mconst[39m images [33m=[39m screen[33m.[39mgetAllByRole([32m'img'[39m)[33m;[39m
     [90m 102 |[39m       expect(images[33m.[39mlength)[33m.[39mtoBeGreaterThan([35m0[39m)[33m;[39m
     [90m 103 |[39m     })[33m;[39m[0m

      at waitForWrapper (node_modules/@testing-library/dom/dist/wait-for.js:163:27)
      at src/__tests__/ProductList.test.js:100:18
      at Generator.call (src/__tests__/ProductList.test.js:2:1)
      at Generator._invoke [as next] (src/__tests__/ProductList.test.js:2:1)
      at asyncGeneratorStep (src/__tests__/ProductList.test.js:2:1)
      at asyncGeneratorStep (src/__tests__/ProductList.test.js:2:1)
      at _next (src/__tests__/ProductList.test.js:2:1)
      at Object.<anonymous> (src/__tests__/ProductList.test.js:2:1)

  ● ProductList Component › displays "Add to Cart" buttons

    TypeError: Cannot destructure property 'basename' of 'React__namespace.useContext(...)' as it is null.

      at basename (node_modules/react-router-dom/index.tsx:975:11)
      at renderWithHooks (node_modules/react-dom/cjs/react-dom.development.js:15486:18)
      at updateForwardRef (node_modules/react-dom/cjs/react-dom.development.js:19245:20)
      at beginWork (node_modules/react-dom/cjs/react-dom.development.js:21675:16)
      at beginWork$1 (node_modules/react-dom/cjs/react-dom.development.js:27465:14)
      at performUnitOfWork (node_modules/react-dom/cjs/react-dom.development.js:26599:12)
      at workLoopSync (node_modules/react-dom/cjs/react-dom.development.js:26505:5)
      at renderRootSync (node_modules/react-dom/cjs/react-dom.development.js:26473:7)
      at recoverFromConcurrentError (node_modules/react-dom/cjs/react-dom.development.js:25889:20)
      at performSyncWorkOnRoot (node_modules/react-dom/cjs/react-dom.development.js:26135:20)
      at flushSyncCallbacks (node_modules/react-dom/cjs/react-dom.development.js:12042:22)
      at node_modules/react-dom/cjs/react-dom.development.js:25690:13

  ● ProductList Component › displays "Add to Cart" buttons

    Unable to find an element with the text: Add to Cart. This could be because the text is broken up by multiple elements. In this case, you can provide a function for your text matcher to make your matcher more flexible.

    Ignored nodes: comments, script, style
    [36m<body>[39m
      [36m<div />[39m
    [36m</body>[39m

    [0m [90m 108 |[39m     render([33m<[39m[33mProductList[39m [33m/[39m[33m>[39m[33m,[39m { wrapper[33m:[39m createWrapper() })[33m;[39m
     [90m 109 |[39m     
    [31m[1m>[22m[39m[90m 110 |[39m     [36mawait[39m waitFor(() [33m=>[39m {
     [90m     |[39m                  [31m[1m^[22m[39m
     [90m 111 |[39m       [36mconst[39m buttons [33m=[39m screen[33m.[39mgetAllByText([32m'Add to Cart'[39m)[33m;[39m
     [90m 112 |[39m       expect(buttons)[33m.[39mtoHaveLength([35m2[39m)[33m;[39m
     [90m 113 |[39m     })[33m;[39m[0m

      at waitForWrapper (node_modules/@testing-library/dom/dist/wait-for.js:163:27)
      at src/__tests__/ProductList.test.js:110:18
      at Generator.call (src/__tests__/ProductList.test.js:2:1)
      at Generator._invoke [as next] (src/__tests__/ProductList.test.js:2:1)
      at asyncGeneratorStep (src/__tests__/ProductList.test.js:2:1)
      at asyncGeneratorStep (src/__tests__/ProductList.test.js:2:1)
      at _next (src/__tests__/ProductList.test.js:2:1)
      at Object.<anonymous> (src/__tests__/ProductList.test.js:2:1)

  ● ProductList Component › displays "No products available" when API returns empty array

    Unable to find an element with the text: No products available. This could be because the text is broken up by multiple elements. In this case, you can provide a function for your text matcher to make your matcher more flexible.

    Ignored nodes: comments, script, style
    [36m<body>[39m
      [36m<div>[39m
        [36m<div[39m
          [33mclass[39m=[32m"text-center py-8"[39m
        [36m>[39m
          [36m<div[39m
            [33mclass[39m=[32m"text-gray-400 text-5xl mb-4"[39m
          [36m>[39m
            [0m📦[0m
          [36m</div>[39m
          [36m<h3[39m
            [33mclass[39m=[32m"text-xl font-semibold text-gray-700 mb-2"[39m
          [36m>[39m
            [0mnoProductsAvailable[0m
          [36m</h3>[39m
          [36m<p[39m
            [33mclass[39m=[32m"text-gray-600"[39m
          [36m>[39m
            [0mcheckBackLater[0m
          [36m</p>[39m
        [36m</div>[39m
      [36m</div>[39m
    [36m</body>[39m

    [0m [90m 118 |[39m     render([33m<[39m[33mProductList[39m [33m/[39m[33m>[39m[33m,[39m { wrapper[33m:[39m createWrapper() })[33m;[39m
     [90m 119 |[39m     
    [31m[1m>[22m[39m[90m 120 |[39m     [36mawait[39m waitFor(() [33m=>[39m {
     [90m     |[39m                  [31m[1m^[22m[39m
     [90m 121 |[39m       expect(screen[33m.[39mgetByText([32m'No products available'[39m))[33m.[39mtoBeInTheDocument()[33m;[39m
     [90m 122 |[39m     })[33m;[39m
     [90m 123 |[39m   })[33m;[39m[0m

      at waitForWrapper (node_modules/@testing-library/dom/dist/wait-for.js:163:27)
      at src/__tests__/ProductList.test.js:120:18
      at Generator.call (src/__tests__/ProductList.test.js:2:1)
      at Generator._invoke [as next] (src/__tests__/ProductList.test.js:2:1)
      at asyncGeneratorStep (src/__tests__/ProductList.test.js:2:1)
      at asyncGeneratorStep (src/__tests__/ProductList.test.js:2:1)
      at _next (src/__tests__/ProductList.test.js:2:1)
      at Object.<anonymous> (src/__tests__/ProductList.test.js:2:1)

  ● ProductList Component › handles API errors gracefully

    Unable to find an element with the text: Error Loading Products. This could be because the text is broken up by multiple elements. In this case, you can provide a function for your text matcher to make your matcher more flexible.

    Ignored nodes: comments, script, style
    [36m<body>[39m
      [36m<div>[39m
        [36m<div[39m
          [33mclass[39m=[32m"grid grid-cols-1 sm:grid-cols-2 md:grid-cols-3 lg:grid-cols-4 gap-6"[39m
        [36m>[39m
          [36m<div[39m
            [33mclass[39m=[32m"bg-white dark:bg-gray-800 rounded-card shadow-card overflow-hidden animate-pulse"[39m
          [36m>[39m
            [36m<div[39m
              [33mclass[39m=[32m"h-48 bg-gray-200 dark:bg-gray-700"[39m
            [36m/>[39m
            [36m<div[39m
              [33mclass[39m=[32m"p-4 space-y-3"[39m
            [36m>[39m
              [36m<div[39m
                [33mclass[39m=[32m"h-6 bg-gray-200 dark:bg-gray-700 rounded w-3/4"[39m
              [36m/>[39m
              [36m<div[39m
                [33mclass[39m=[32m"h-4 bg-gray-200 dark:bg-gray-700 rounded w-full"[39m
              [36m/>[39m
              [36m<div[39m
                [33mclass[39m=[32m"h-4 bg-gray-200 dark:bg-gray-700 rounded w-5/6"[39m
              [36m/>[39m
              [36m<div[39m
                [33mclass[39m=[32m"flex items-center justify-between pt-2"[39m
              [36m>[39m
                [36m<div[39m
                  [33mclass[39m=[32m"h-8 bg-gray-200 dark:bg-gray-700 rounded w-24"[39m
                [36m/>[39m
                [36m<div[39m
                  [33mclass[39m=[32m"h-10 bg-gray-200 dark:bg-gray-700 rounded w-28"[39m
                [36m/>[39m
              [36m</div>[39m
            [36m</div>[39m
          [36m</div>[39m
          [36m<div[39m
            [33mclass[39m=[32m"bg-white dark:bg-gray-800 rounded-card shadow-card overflow-hidden animate-pulse"[39m
          [36m>[39m
            [36m<div[39m
              [33mclass[39m=[32m"h-48 bg-gray-200 dark:bg-gray-700"[39m
            [36m/>[39m
            [36m<div[39m
              [33mclass[39m=[32m"p-4 space-y-3"[39m
            [36m>[39m
              [36m<div[39m
                [33mclass[39m=[32m"h-6 bg-gray-200 dark:bg-gray-700 rounded w-3/4"[39m
              [36m/>[39m
              [36m<div[39m
                [33mclass[39m=[32m"h-4 bg-gray-200 dark:bg-gray-700 rounded w-full"[39m
              [36m/>[39m
              [36m<div[39m
                [33mclass[39m=[32m"h-4 bg-gray-200 dark:bg-gray-700 rounded w-5/6"[39m
              [36m/>[39m
              [36m<div[39m
                [33mclass[39m=[32m"flex items-center justify-between pt-2"[39m
              [36m>[39m
                [36m<div[39m
                  [33mclass[39m=[32m"h-8 bg-gray-200 dark:bg-gray-700 rounded w-24"[39m
                [36m/>[39m
                [36m<div[39m
                  [33mclass[39m=[32m"h-10 bg-gray-200 dark:bg-gray-700 rounded w-28"[39m
                [36m/>[39m
              [36m</div>[39m
            [36m</div>[39m
          [36m</div>[39m
          [36m<div[39m
            [33mclass[39m=[32m"bg-white dark:bg-gray-800 rounded-card shadow-card overflow-hidden animate-pulse"[39m
          [36m>[39m
            [36m<div[39m
              [33mclass[39m=[32m"h-48 bg-gray-200 dark:bg-gray-700"[39m
            [36m/>[39m
            [36m<div[39m
              [33mclass[39m=[32m"p-4 space-y-3"[39m
            [36m>[39m
              [36m<div[39m
                [33mclass[39m=[32m"h-6 bg-gray-200 dark:bg-gray-700 rounded w-3/4"[39m
              [36m/>[39m
              [36m<div[39m
                [33mclass[39m=[32m"h-4 bg-gray-200 dark:bg-gray-700 rounded w-full"[39m
              [36m/>[39m
              [36m<div[39m
                [33mclass[39m=[32m"h-4 bg-gray-200 dark:bg-gray-700 rounded w-5/6"[39m
              [36m/>[39m
              [36m<div[39m
                [33mclass[39m=[32m"flex items-center justify-between pt-2"[39m
              [36m>[39m
                [36m<div[39m
                  [33mclass[39m=[32m"h-8 bg-gray-200 dark:bg-gray-700 rounded w-24"[39m
                [36m/>[39m
                [36m<div[39m
                  [33mclass[39m=[32m"h-10 bg-gray-200 dark:bg-gray-700 rounded w-28"[39m
                [36m/>[39m
              [36m</div>[39m
            [36m</div>[39m
          [36m</div>[39m
          [36m<div[39m
            [33mclass[39m=[32m"bg-white dark:bg-gray-800 rounded-card shadow-card overflow-hidden animate-pulse"[39m
          [36m>[39m
            [36m<div[39m
              [33mclass[39m=[32m"h-48 bg-gray-200 dark:bg-gray-700"[39m
            [36m/>[39m
            [36m<div[39m
              [33mclass[39m=[32m"p-4 space-y-3"[39m
            [36m>[39m
              [36m<div[39m
                [33mclass[39m=[32m"h-6 bg-gray-200 dark:bg-gray-700 rounded w-3/4"[39m
              [36m/>[39m
              [36m<div[39m
                [33mclass[39m=[32m"h-4 bg-gray-200 dark:bg-gray-700 rounded w-full"[39m
              [36m/>[39m
              [36m<div[39m
                [33mclass[39m=[32m"h-4 bg-gray-200 dark:bg-gray-700 rounded w-5/6"[39m
              [36m/>[39m
              [36m<div[39m
                [33mclass[39m=[32m"flex items-center justify-between pt-2"[39m
              [36m>[39m
                [36m<div[39m
                  [33mclass[39m=[32m"h-8 bg-gray-200 dark:bg-gray-700 rounded w-24"[39m
                [36m/>[39m
                [36m<div[39m
                  [33mclass[39m=[32m"h-10 bg-gray-200 dark:bg-gray-700 rounded w-28"[39m
                [36m/>[39m
              [36m</div>[39m
            [36m</div>[39m
          [36m</div>[39m
          [36m<div[39m
            [33mclass[39m=[32m"bg-white dark:bg-gray-800 rounded-card shadow-card overflow-hidden animate-pulse"[39m
          [36m>[39m
            [36m<div[39m
              [33mclass[39m=[32m"h-48 bg-gray-200 dark:bg-gray-700"[39m
            [36m/>[39m
            [36m<div[39m
              [33mclass[39m=[32m"p-4 space-y-3"[39m
            [36m>[39m
              [36m<div[39m
                [33mclass[39m=[32m"h-6 bg-gray-200 dark:bg-gray-700 rounded w-3/4"[39m
              [36m/>[39m
              [36m<div[39m
                [33mclass[39m=[32m"h-4 bg-gray-200 dark:bg-gray-700 rounded w-full"[39m
              [36m/>[39m
              [36m<div[39m
                [33mclass[39m=[32m"h-4 bg-gray-200 dark:bg-gray-700 rounded w-5/6"[39m
              [36m/>[39m
              [36m<div[39m
                [33mclass[39m=[32m"flex items-center justify-between pt-2"[39m
              [36m>[39m
                [36m<div[39m
                  [33mclass[39m=[32m"h-8 bg-gray-200 dark:bg-gray-700 rounded w-24"[39m
                [36m/>[39m
                [36m<div[39m
                  [33mclass[39m=[32m"h-10 bg-gray-200 dark:bg-gray-700 rounded w-28"[39m
                [36m/>[39m
              [36m</div>[39m
            [36m</div>[39m
          [36m</div>[39m
          [36m<div[39m
            [33mclass[39m=[32m"bg-white dark:bg-gray-800 rounded-card shadow-card overflow-hidden animate-pulse"[39m
          [36m>[39m
            [36m<div[39m
              [33mclass[39m=[32m"h-48 bg-gray-200 dark:bg-gray-700"[39m
            [36m/>[39m
            [36m<div[39m
              [33mclass[39m=[32m"p-4 space-y-3"[39m
            [36m>[39m
              [36m<div[39m
                [33mclass[39m=[32m"h-6 bg-gray-200 dark:bg-gray-700 rounded w-3/4"[39m
              [36m/>[39m
              [36m<div[39m
                [33mclass[39m=[32m"h-4 bg-gray-200 dark:bg-gray-700 rounded w-full"[39m
              [36m/>[39m
              [36m<div[39m
                [33mclass[39m=[32m"h-4 bg-gray-200 dark:bg-gray-700 rounded w-5/6"[39m
              [36m/>[39m
              [36m<div[39m
                [33mclass[39m=[32m"flex items-center justify-between pt-2"[39m
              [36m>[39m
                [36m<div[39m
                  [33mclass[39m=[32m"h-8 bg-gray-200 dark:bg-gray-700 rounded w-24"[39m
                [36m/>[39m
                [36m<div[39m
                  [33mclass[39m=[32m"h-10 bg-gray-200 dark:bg-gray-700 rounded w-28"[39m
                [36m/>[39m
              [36m</div>[39m
            [36m</div>[39m
          [36m</div>[39m
          [36m<div[39m
            [33mclass[39m=[32m"bg-white dark:bg-gray-800 rounded-card shadow-card overflow-hidden animate-pulse"[39m
          [36m>[39m
            [36m<div[39m
              [33mclass[39m=[32m"h-48 bg-gray-200 dark:bg-gray-700"[39m
            [36m/>[39m
            [36m<div[39m
              [33mclass[39m=[32m"p-4 space-y-3"[39m
            [36m>[39m
              [36m<div[39m
                [33mclass[39m=[32m"h-6 bg-gray-200 dark:bg-gray-700 rounded w-3/4"[39m
              [36m/>[39m
              [36m<div[39m
                [33mclass[39m=[32m"h-4 bg-gray-200 dark:bg-gray-700 rounded w-full"[39m
              [36m/>[39m
              [36m<div[39m
                [33mclass[39m=[32m"h-4 bg-gray-200 dark:bg-gray-700 rounded w-5/6"[39m
              [36m/>[39m
              [36m<div[39m
                [33mclass[39m=[32m"flex items-center justify-between pt-2"[39m
              [36m>[39m
                [36m<div[39m
                  [33mclass[39m=[32m"h-8 bg-gray-200 dark:bg-gray-700 rounded w-24"[39m
                [36m/>[39m
                [36m<div[39m
                  [33mclass[39m=[32m"h-10 bg-gray-200 dark:bg-gray-700 rounded w-28"[39m
                [36m/>[39m
              [36m</div>[39m
            [36m</div>[39m
          [36m</div>[39m
          [36m<div[39m
            [33mclass[39m=[32m"bg-white dark:bg-gray-800 rounded-card shadow-card overflow-hidden animate-pulse"[39m
          [36m>[39m
            [36m<div[39m
              [33mclass[39m=[32m"h-48 bg-gray-200 dark:bg-gray-700"[39m
            [36m/>[39m
            [36m<div[39m
              [33mclass[39m=[32m"p-4 space-y-3"[39m
            [36m>[39m
              [36m<div[39m
                [33mclass[39m=[32m"h-6 bg-gray-200 dark:bg-gray-700 rounded w-3/4"[39m
              [36m/>[39m
              [36m<div[39m
                [33mclass[39m=[32m"h-4 bg-gray-200 dark:bg-gray-700 rounded w-full"[39m
              [36m/>[39m
              [36m<div[39m
                [33mclass[39m=[32m"h-4 bg-gray-200 dark:bg-gray-700 rounded w-5/6"[39m
              [36m/>[39m
              [36m<div[39m
                [33mclass[39m=[32m"flex items-center justify-between pt-2"[39m
              [36m>[39m
                [36m<div[39m
                  [33mclass[39m=[32m"h-8 bg-gray-200 dark:bg-gray-700 rounded w-24"[39m
                [36m/>[39m
                [36m<div[39m
                  [33mclass[39m=[32m"h-10 bg-gray-200 dark:bg-gray-700 rounded w-28"[39m
                [36m/>[39m
              [36m</div>[39m
            [36m</div>[39m
          [36m</div>[39m
        [36m</div>[39m
      [36m</div>[39m
    [36m</body>[39m

    [0m [90m 127 |[39m     render([33m<[39m[33mProductList[39m [33m/[39m[33m>[39m[33m,[39m { wrapper[33m:[39m createWrapper() })[33m;[39m
     [90m 128 |[39m     
    [31m[1m>[22m[39m[90m 129 |[39m     [36mawait[39m waitFor(() [33m=>[39m {
     [90m     |[39m                  [31m[1m^[22m[39m
     [90m 130 |[39m       expect(screen[33m.[39mgetByText([32m'Error Loading Products'[39m))[33m.[39mtoBeInTheDocument()[33m;[39m
     [90m 131 |[39m     })[33m;[39m
     [90m 132 |[39m     [0m

      at waitForWrapper (node_modules/@testing-library/dom/dist/wait-for.js:163:27)
      at src/__tests__/ProductList.test.js:129:18
      at Generator.call (src/__tests__/ProductList.test.js:2:1)
      at Generator._invoke [as next] (src/__tests__/ProductList.test.js:2:1)
      at asyncGeneratorStep (src/__tests__/ProductList.test.js:2:1)
      at asyncGeneratorStep (src/__tests__/ProductList.test.js:2:1)
      at _next (src/__tests__/ProductList.test.js:2:1)
      at Object.<anonymous> (src/__tests__/ProductList.test.js:2:1)

  ● ProductList Component › displays product categories

    TypeError: Cannot destructure property 'basename' of 'React__namespace.useContext(...)' as it is null.

      at basename (node_modules/react-router-dom/index.tsx:975:11)
      at renderWithHooks (node_modules/react-dom/cjs/react-dom.development.js:15486:18)
      at updateForwardRef (node_modules/react-dom/cjs/react-dom.development.js:19245:20)
      at beginWork (node_modules/react-dom/cjs/react-dom.development.js:21675:16)
      at beginWork$1 (node_modules/react-dom/cjs/react-dom.development.js:27465:14)
      at performUnitOfWork (node_modules/react-dom/cjs/react-dom.development.js:26599:12)
      at workLoopSync (node_modules/react-dom/cjs/react-dom.development.js:26505:5)
      at renderRootSync (node_modules/react-dom/cjs/react-dom.development.js:26473:7)
      at recoverFromConcurrentError (node_modules/react-dom/cjs/react-dom.development.js:25889:20)
      at performSyncWorkOnRoot (node_modules/react-dom/cjs/react-dom.development.js:26135:20)
      at flushSyncCallbacks (node_modules/react-dom/cjs/react-dom.development.js:12042:22)
      at node_modules/react-dom/cjs/react-dom.development.js:25690:13

  ● ProductList Component › displays product categories

    Unable to find an element with the text: Electronics. This could be because the text is broken up by multiple elements. In this case, you can provide a function for your text matcher to make your matcher more flexible.

    Ignored nodes: comments, script, style
    [36m<body>[39m
      [36m<div />[39m
    [36m</body>[39m

    [0m [90m 138 |[39m     render([33m<[39m[33mProductList[39m [33m/[39m[33m>[39m[33m,[39m { wrapper[33m:[39m createWrapper() })[33m;[39m
     [90m 139 |[39m     
    [31m[1m>[22m[39m[90m 140 |[39m     [36mawait[39m waitFor(() [33m=>[39m {
     [90m     |[39m                  [31m[1m^[22m[39m
     [90m 141 |[39m       expect(screen[33m.[39mgetByText([32m'Electronics'[39m))[33m.[39mtoBeInTheDocument()[33m;[39m
     [90m 142 |[39m     })[33m;[39m
     [90m 143 |[39m     [0m

      at waitForWrapper (node_modules/@testing-library/dom/dist/wait-for.js:163:27)
      at src/__tests__/ProductList.test.js:140:18
      at Generator.call (src/__tests__/ProductList.test.js:2:1)
      at Generator._invoke [as next] (src/__tests__/ProductList.test.js:2:1)
      at asyncGeneratorStep (src/__tests__/ProductList.test.js:2:1)
      at asyncGeneratorStep (src/__tests__/ProductList.test.js:2:1)
      at _next (src/__tests__/ProductList.test.js:2:1)
      at Object.<anonymous> (src/__tests__/ProductList.test.js:2:1)

  ● ProductList Component › truncates long product names with title attribute

    TypeError: Cannot destructure property 'basename' of 'React__namespace.useContext(...)' as it is null.

      at basename (node_modules/react-router-dom/index.tsx:975:11)
      at renderWithHooks (node_modules/react-dom/cjs/react-dom.development.js:15486:18)
      at updateForwardRef (node_modules/react-dom/cjs/react-dom.development.js:19245:20)
      at beginWork (node_modules/react-dom/cjs/react-dom.development.js:21675:16)
      at beginWork$1 (node_modules/react-dom/cjs/react-dom.development.js:27465:14)
      at performUnitOfWork (node_modules/react-dom/cjs/react-dom.development.js:26599:12)
      at workLoopSync (node_modules/react-dom/cjs/react-dom.development.js:26505:5)
      at renderRootSync (node_modules/react-dom/cjs/react-dom.development.js:26473:7)
      at recoverFromConcurrentError (node_modules/react-dom/cjs/react-dom.development.js:25889:20)
      at performSyncWorkOnRoot (node_modules/react-dom/cjs/react-dom.development.js:26135:20)
      at flushSyncCallbacks (node_modules/react-dom/cjs/react-dom.development.js:12042:22)
      at node_modules/react-dom/cjs/react-dom.development.js:25690:13

  ● ProductList Component › truncates long product names with title attribute

    Unable to find an element with the text: This is a very long product name that should be truncated in the display. This could be because the text is broken up by multiple elements. In this case, you can provide a function for your text matcher to make your matcher more flexible.

    Ignored nodes: comments, script, style
    [36m<body>[39m
      [36m<div />[39m
    [36m</body>[39m

    [0m [90m 165 |[39m     render([33m<[39m[33mProductList[39m [33m/[39m[33m>[39m[33m,[39m { wrapper[33m:[39m createWrapper() })[33m;[39m
     [90m 166 |[39m     
    [31m[1m>[22m[39m[90m 167 |[39m     [36mawait[39m waitFor(() [33m=>[39m {
     [90m     |[39m                  [31m[1m^[22m[39m
     [90m 168 |[39m       [36mconst[39m heading [33m=[39m screen[33m.[39mgetByText([32m'This is a very long product name that should be truncated in the display'[39m)[33m;[39m
     [90m 169 |[39m       expect(heading)[33m.[39mtoHaveAttribute([32m'title'[39m[33m,[39m [32m'This is a very long product name that should be truncated in the display'[39m)[33m;[39m
     [90m 170 |[39m     })[33m;[39m[0m

      at waitForWrapper (node_modules/@testing-library/dom/dist/wait-for.js:163:27)
      at src/__tests__/ProductList.test.js:167:18
      at Generator.call (src/__tests__/ProductList.test.js:2:1)
      at Generator._invoke [as next] (src/__tests__/ProductList.test.js:2:1)
      at asyncGeneratorStep (src/__tests__/ProductList.test.js:2:1)
      at asyncGeneratorStep (src/__tests__/ProductList.test.js:2:1)
      at _next (src/__tests__/ProductList.test.js:2:1)
      at Object.<anonymous> (src/__tests__/ProductList.test.js:2:1)

  ● ProductList Component › uses responsive grid layout

    TypeError: Cannot destructure property 'basename' of 'React__namespace.useContext(...)' as it is null.

      at basename (node_modules/react-router-dom/index.tsx:975:11)
      at renderWithHooks (node_modules/react-dom/cjs/react-dom.development.js:15486:18)
      at updateForwardRef (node_modules/react-dom/cjs/react-dom.development.js:19245:20)
      at beginWork (node_modules/react-dom/cjs/react-dom.development.js:21675:16)
      at beginWork$1 (node_modules/react-dom/cjs/react-dom.development.js:27465:14)
      at performUnitOfWork (node_modules/react-dom/cjs/react-dom.development.js:26599:12)
      at workLoopSync (node_modules/react-dom/cjs/react-dom.development.js:26505:5)
      at renderRootSync (node_modules/react-dom/cjs/react-dom.development.js:26473:7)
      at recoverFromConcurrentError (node_modules/react-dom/cjs/react-dom.development.js:25889:20)
      at performSyncWorkOnRoot (node_modules/react-dom/cjs/react-dom.development.js:26135:20)
      at flushSyncCallbacks (node_modules/react-dom/cjs/react-dom.development.js:12042:22)
      at node_modules/react-dom/cjs/react-dom.development.js:25690:13

  ● ProductList Component › uses responsive grid layout

    Unable to find an element with the text: Samsung Galaxy S21. This could be because the text is broken up by multiple elements. In this case, you can provide a function for your text matcher to make your matcher more flexible.

    Ignored nodes: comments, script, style
    [36m<body>[39m
      [36m<div />[39m
    [36m</body>[39m

    [0m [90m 175 |[39m     [36mconst[39m { container } [33m=[39m render([33m<[39m[33mProductList[39m [33m/[39m[33m>[39m[33m,[39m { wrapper[33m:[39m createWrapper() })[33m;[39m
     [90m 176 |[39m     
    [31m[1m>[22m[39m[90m 177 |[39m     [36mawait[39m waitFor(() [33m=>[39m {
     [90m     |[39m                  [31m[1m^[22m[39m
     [90m 178 |[39m       expect(screen[33m.[39mgetByText([32m'Samsung Galaxy S21'[39m))[33m.[39mtoBeInTheDocument()[33m;[39m
     [90m 179 |[39m     })[33m;[39m
     [90m 180 |[39m     [0m

      at waitForWrapper (node_modules/@testing-library/dom/dist/wait-for.js:163:27)
      at src/__tests__/ProductList.test.js:177:18
      at Generator.call (src/__tests__/ProductList.test.js:2:1)
      at Generator._invoke [as next] (src/__tests__/ProductList.test.js:2:1)
      at asyncGeneratorStep (src/__tests__/ProductList.test.js:2:1)
      at asyncGeneratorStep (src/__tests__/ProductList.test.js:2:1)
      at _next (src/__tests__/ProductList.test.js:2:1)
      at Object.<anonymous> (src/__tests__/ProductList.test.js:2:1)

Test Suites: 5 failed, 9 passed, 14 total
Tests:       14 failed, 60 passed, 74 total
Snapshots:   0 total
Time:        20.916 s
Ran all test suites.
